Game step:      [10000it                    742.8it/s   ]
Max score:      [12.7it                     1.1s/it     ]
Done score:     [-infit                                 ]
Compute steps:  [10000it                    742.8it/s   ]
Iterations:     [ 0%   1it/200              13.5s/it    ]
Cells:          [3896it                     289.4it/s   ]
Time (seconds): [ 0%    14it/43200          1.0it/s     ]
Cells at score: {1: 1, 10: 1, 100: 1, 11: 1, 12: 1, 13: 1, 14: 1, 15: 1, 16: 1, 17: 1, 18: 1, 19: 1, 2: 1, 20: 1, 21: 1, 22: 1, 23: 1, 24: 1, 25: 1, 26: 1, 27: 1, 28: 1, 29: 1, 3: 1, 30: 1, 31: 1, 32: 1, 33: 1, 34: 1, 35: 1, 36: 1, 37: 1, 38: 1, 39: 1, 4: 1, 40: 1, 41: 1, 42: 1, 43: 1, 44: 1, 45: 1, 46: 1, 47: 1, 48: 1, 49: 1, 5: 1, 50: 1, 51: 1, 52: 1, 53: 1, 54: 1, 55: 1, 56: 1, 57: 1, 58: 1, 59: 1, 6: 1, 60: 1, 61: 1, 62: 1, 63: 1, 64: 1, 65: 1, 66: 1, 67: 1, 68: 1, 69: 1, 7: 1, 70: 1, 71: 1, 72: 1, 73: 1, 74: 1, 75: 1, 76: 1, 77: 1, 78: 1, 79: 1, 8: 1, 80: 1, 81: 1, 82: 1, 83: 1, 84: 1, 85: 1, 86: 1, 87: 1, 88: 1, 89: 1, 9: 1, 90: 1, 91: 1, 92: 1, 93: 1, 94: 1, 95: 1, 96: 1, 97: 1, 98: 1, 99: 1}
Max score: 12.694678635982354
Compute cells: 3896
Game step:      [66879it                    2816.3it/s  ]
Max score:      [24.0it                     1.0it/s     ]
Done score:     [-infit                                 ]
Compute steps:  [40000it                    1684.4it/s  ]
Iterations:     [ 2%   4it/200              5.9s/it     ]
Cells:          [18660it                    785.8it/s   ]
Time (seconds): [ 0%    24it/43200          1.0it/s     ]
Game step:      [138566it                   4011.8it/s  ]
Max score:      [30.2it                     1.1s/it     ]
Done score:     [-infit                                 ]
Compute steps:  [70000it                    2026.5it/s  ]
Iterations:     [ 4%   7it/200              4.9s/it     ]
Cells:          [33105it                    958.4it/s   ]
Time (seconds): [ 0%    35it/43200          1.0it/s     ]
Game step:      [218639it                   4518.9it/s  ]
Max score:      [31.0it                     1.6s/it     ]
Done score:     [-infit                                 ]
Compute steps:  [100000it                   2066.7it/s  ]
Iterations:     [ 5%  10it/200              4.8s/it     ]
Cells:          [45949it                    949.6it/s   ]
Time (seconds): [ 0%    49it/43200          1.0it/s     ]
Game step:      [276006it                   4562.3it/s  ]
Max score:      [45.9it                     1.3s/it     ]
Done score:     [-infit                                 ]
Compute steps:  [120000it                   1983.5it/s  ]
Iterations:     [ 6%  12it/200              5.0s/it     ]
Cells:          [55608it                    919.2it/s   ]
Time (seconds): [ 0%    61it/43200          1.0it/s     ]
Game step:      [335062it                   4519.9it/s  ]
Done score:     [-infit                                 ]
Compute steps:  [140000it                   1888.5it/s  ]
Iterations:     [ 7%  14it/200              5.3s/it     ]
Cells:          [65188it                    879.4it/s   ]
Time (seconds): [ 0%    75it/43200          1.0it/s     ]
Game step:      [365232it                   4301.9it/s  ]
Done score:     [-infit                                 ]
Compute steps:  [150000it                   1766.7it/s  ]
Iterations:     [ 8%  15it/200              5.7s/it     ]
Cells:          [69955it                    823.9it/s   ]
Time (seconds): [ 0%    85it/43200          1.0it/s     ]
Game step:      [458408it                   4258.3it/s  ]
Done score:     [-infit                                 ]
Compute steps:  [180000it                   1672.0it/s  ]
Iterations:     [ 9%  18it/200              6.0s/it     ]
Cells:          [83251it                    773.3it/s   ]
Time (seconds): [ 0%   108it/43200          1.0it/s     ]
Max score:      [50.9it                     2.2s/it     ]
Game step:      [522785it                   4063.6it/s  ]
Done score:     [-infit                                 ]
Compute steps:  [200000it                   1554.6it/s  ]
Iterations:     [10%  20it/200              6.4s/it     ]
Cells:          [92201it                    716.7it/s   ]
Time (seconds): [ 0%   129it/43200          1.0it/s     ]
Game step:      [588848it                   4238.8it/s  ]
Done score:     [-infit                                 ]
Compute steps:  [220000it                   1583.6it/s  ]
Iterations:     [11%  22it/200              6.3s/it     ]
Cells:          [100537it                   723.7it/s   ]
Time (seconds): [ 0%   139it/43200          1.0it/s     ]
Game step:      [623497it                   3977.1it/s  ]
Done score:     [-infit                                 ]
Compute steps:  [230000it                   1467.1it/s  ]
Iterations:     [12%  23it/200              6.8s/it     ]
Cells:          [104969it                   669.6it/s   ]
Time (seconds): [ 0%   157it/43200          1.0it/s     ]
Game step:      [690661it                   4077.7it/s  ]
Done score:     [-infit                                 ]
Compute steps:  [250000it                   1476.0it/s  ]
Iterations:     [12%  25it/200              6.8s/it     ]
Cells:          [114196it                   674.2it/s   ]
Time (seconds): [ 0%   170it/43200          1.0it/s     ]
Game step:      [722769it                   3791.7it/s  ]
Done score:     [-infit                                 ]
Compute steps:  [260000it                   1364.0it/s  ]
Iterations:     [13%  26it/200              7.3s/it     ]
Cells:          [118804it                   623.2it/s   ]
Time (seconds): [ 0%   191it/43200          1.0it/s     ]
Game step:      [791101it                   3880.0it/s  ]
Done score:     [-infit                                 ]
Compute steps:  [280000it                   1373.3it/s  ]
Iterations:     [14%  28it/200              7.3s/it     ]
Cells:          [127536it                   625.5it/s   ]
Time (seconds): [ 0%   204it/43200          1.0it/s     ]
Max score:      [56.5it                     3.7s/it     ]
Game step:      [858168it                   3644.2it/s  ]
Done score:     [-infit                                 ]
Compute steps:  [300000it                   1273.9it/s  ]
Iterations:     [15%  30it/200              7.8s/it     ]
Cells:          [136219it                   578.4it/s   ]
Time (seconds): [ 1%   236it/43200          1.0it/s     ]
Game step:      [925624it                   3712.4it/s  ]
Max score:      [66.4it                     3.8s/it     ]
Done score:     [-infit                                 ]
Compute steps:  [320000it                   1283.4it/s  ]
Iterations:     [16%  32it/200              7.8s/it     ]
Cells:          [145002it                   581.6it/s   ]
Time (seconds): [ 1%   250it/43200          1.0it/s     ]
Game step:      [997437it                   3503.4it/s  ]
Done score:     [-infit                                 ]
Compute steps:  [340000it                   1194.2it/s  ]
Iterations:     [17%  34it/200              8.4s/it     ]
Cells:          [154250it                   541.8it/s   ]
Time (seconds): [ 1%   285it/43200          1.0it/s     ]
Game step:      [1069052it                  3557.0it/s  ]
Done score:     [-infit                                 ]
Compute steps:  [360000it                   1197.8it/s  ]
Iterations:     [18%  36it/200              8.3s/it     ]
Cells:          [163448it                   543.8it/s   ]
Time (seconds): [ 1%   301it/43200          1.0it/s     ]
Game step:      [1143449it                  3622.9it/s  ]
Done score:     [-infit                                 ]
Compute steps:  [380000it                   1204.0it/s  ]
Iterations:     [19%  38it/200              8.3s/it     ]
Cells:          [171608it                   543.7it/s   ]
Time (seconds): [ 1%   316it/43200          1.0it/s     ]
Game step:      [1177878it                  3405.3it/s  ]
Done score:     [-infit                                 ]
Compute steps:  [390000it                   1127.5it/s  ]
Iterations:     [20%  39it/200              8.9s/it     ]
Cells:          [175750it                   508.1it/s   ]
Time (seconds): [ 1%   346it/43200          1.0it/s     ]
Game step:      [1249996it                  3427.0it/s  ]
Done score:     [-infit                                 ]
Compute steps:  [410000it                   1124.1it/s  ]
Iterations:     [20%  41it/200              8.9s/it     ]
Cells:          [184762it                   506.5it/s   ]
Time (seconds): [ 1%   365it/43200          1.0it/s     ]
Game step:      [1320897it                  3442.1it/s  ]
Done score:     [-infit                                 ]
Compute steps:  [430000it                   1120.5it/s  ]
Iterations:     [22%  43it/200              8.9s/it     ]
Cells:          [193569it                   504.4it/s   ]
Time (seconds): [ 1%   384it/43200          1.0it/s     ]
Game step:      [1356270it                  3055.6it/s  ]
Done score:     [-infit                                 ]
Compute steps:  [440000it                   991.3it/s   ]
Iterations:     [22%  44it/200              10.1s/it    ]
Cells:          [197570it                   445.1it/s   ]
Time (seconds): [ 1%   444it/43200          1.0it/s     ]
Game step:      [1430017it                  3090.4it/s  ]
Done score:     [-infit                                 ]
Compute steps:  [460000it                   994.1it/s   ]
Iterations:     [23%  46it/200              10.1s/it    ]
Cells:          [206275it                   445.8it/s   ]
Time (seconds): [ 1%   463it/43200          1.0it/s     ]
Max score:      [67.1it                     7.0s/it     ]
Game step:      [1503557it                  3103.8it/s  ]
Done score:     [-infit                                 ]
Compute steps:  [480000it                   990.9it/s   ]
Iterations:     [24%  48it/200              10.1s/it    ]
Cells:          [214793it                   443.4it/s   ]
Time (seconds): [ 1%   485it/43200          1.0it/s     ]
Game step:      [1543534it                  3114.2it/s  ]
Done score:     [-infit                                 ]
Compute steps:  [490000it                   988.6it/s   ]
Iterations:     [24%  49it/200              10.1s/it    ]
Cells:          [219103it                   442.1it/s   ]
Time (seconds): [ 1%   496it/43200          1.0it/s     ]
Game step:      [1580148it                  2710.4it/s  ]
Done score:     [-infit                                 ]
Compute steps:  [500000it                   857.7it/s   ]
Iterations:     [25%  50it/200              11.7s/it    ]
Cells:          [223777it                   383.8it/s   ]
Time (seconds): [ 1%   583it/43200          1.0it/s     ]
Game step:      [1620558it                  2721.5it/s  ]
Done score:     [-infit                                 ]
Compute steps:  [510000it                   856.5it/s   ]
Iterations:     [26%  51it/200              11.7s/it    ]
Cells:          [228671it                   384.0it/s   ]
Time (seconds): [ 1%   596it/43200          1.0it/s     ]
Game step:      [1658943it                  2723.5it/s  ]
Max score:      [74.4it                     8.2s/it     ]
Done score:     [-infit                                 ]
Compute steps:  [520000it                   853.7it/s   ]
Iterations:     [26%  52it/200              11.7s/it    ]
Cells:          [233190it                   382.8it/s   ]
Time (seconds): [ 1%   610it/43200          1.0it/s     ]
Game step:      [1696707it                  2725.4it/s  ]
Done score:     [-infit                                 ]
Compute steps:  [530000it                   851.3it/s   ]
Iterations:     [26%  53it/200              11.7s/it    ]
Cells:          [237981it                   382.3it/s   ]
Time (seconds): [ 1%   623it/43200          1.0it/s     ]
Game step:      [1733723it                  2728.2it/s  ]
Done score:     [-infit                                 ]
Compute steps:  [540000it                   849.8it/s   ]
Iterations:     [27%  54it/200              11.8s/it    ]
Cells:          [242632it                   381.8it/s   ]
Time (seconds): [ 1%   636it/43200          1.0it/s     ]
Game step:      [1773858it                  2733.3it/s  ]
Done score:     [-infit                                 ]
Compute steps:  [550000it                   847.5it/s   ]
Iterations:     [28%  55it/200              11.8s/it    ]
Cells:          [246862it                   380.4it/s   ]
Time (seconds): [ 2%   649it/43200          1.0it/s     ]
Game step:      [1811428it                  2251.8it/s  ]
Done score:     [-infit                                 ]
Compute steps:  [560000it                   696.2it/s   ]
Iterations:     [28%  56it/200              14.4s/it    ]
Cells:          [251193it                   312.3it/s   ]
Time (seconds): [ 2%   805it/43200          1.0it/s     ]
Game step:      [1848750it                  2255.7it/s  ]
Done score:     [-infit                                 ]
Compute steps:  [570000it                   695.5it/s   ]
Iterations:     [28%  57it/200              14.4s/it    ]
Cells:          [255688it                   312.0it/s   ]
Time (seconds): [ 2%   820it/43200          1.0it/s     ]
Game step:      [1886762it                  2261.0it/s  ]
Done score:     [-infit                                 ]
Compute steps:  [580000it                   695.0it/s   ]
Iterations:     [29%  58it/200              14.4s/it    ]
Cells:          [260115it                   311.7it/s   ]
Time (seconds): [ 2%   835it/43200          1.0it/s     ]
Game step:      [1923720it                  2264.3it/s  ]
Done score:     [-infit                                 ]
Compute steps:  [590000it                   694.5it/s   ]
Iterations:     [30%  59it/200              14.4s/it    ]
Cells:          [263890it                   310.6it/s   ]
Time (seconds): [ 2%   850it/43200          1.0it/s     ]
Game step:      [1962036it                  2272.0it/s  ]
Done score:     [-infit                                 ]
Compute steps:  [600000it                   694.8it/s   ]
Iterations:     [30%  60it/200              14.4s/it    ]
Cells:          [268077it                   310.4it/s   ]
Time (seconds): [ 2%   864it/43200          1.0it/s     ]
Game step:      [2002643it                  2273.5it/s  ]
Done score:     [-infit                                 ]
Compute steps:  [610000it                   692.5it/s   ]
Iterations:     [30%  61it/200              14.4s/it    ]
Cells:          [273011it                   309.9it/s   ]
Time (seconds): [ 2%   881it/43200          1.0it/s     ]
Game step:      [2041383it                  2268.6it/s  ]
Done score:     [-infit                                 ]
Compute steps:  [620000it                   689.0it/s   ]
Iterations:     [31%  62it/200              14.5s/it    ]
Cells:          [277222it                   308.1it/s   ]
Time (seconds): [ 2%   900it/43200          1.0it/s     ]
Game step:      [2078999it                  2205.8it/s  ]
Done score:     [-infit                                 ]
Compute steps:  [630000it                   668.4it/s   ]
Iterations:     [32%  63it/200              15.0s/it    ]
Cells:          [281491it                   298.7it/s   ]
Time (seconds): [ 2%   943it/43200          1.0it/s     ]
/opt/homebrew/anaconda3/envs/goexplore/lib/python3.10/site-packages/loky/process_executor.py:782: UserWarning: A worker stopped while some jobs were given to the executor. This can be caused by a too short worker timeout or by a memory leak.
  warnings.warn(
Game step:      [2119876it                  1305.6it/s  ]
Done score:     [-infit                                 ]
Compute steps:  [640000it                   394.2it/s   ]
Iterations:     [32%  64it/200              25.4s/it    ]
Cells:          [285895it                   176.1it/s   ]
Time (seconds): [ 4%  1624it/43200          1.0it/s     ]
Game step:      [2160224it                  1308.3it/s  ]
Done score:     [-infit                                 ]
Compute steps:  [650000it                   393.6it/s   ]
Iterations:     [32%  65it/200              25.4s/it    ]
Cells:          [290027it                   175.6it/s   ]
Time (seconds): [ 4%  1652it/43200          1.0it/s     ]
Game step:      [2200680it                  1309.2it/s  ]
Done score:     [-infit                                 ]
Compute steps:  [660000it                   392.6it/s   ]
Iterations:     [33%  66it/200              25.5s/it    ]
Cells:          [294016it                   174.9it/s   ]
Time (seconds): [ 4%  1681it/43200          1.0it/s     ]
Game step:      [2240503it                  1301.4it/s  ]
Done score:     [-infit                                 ]
Compute steps:  [670000it                   389.2it/s   ]
Iterations:     [34%  67it/200              25.7s/it    ]
Cells:          [298033it                   173.1it/s   ]
Time (seconds): [ 4%  1722it/43200          1.0it/s     ]
Game step:      [2280006it                  1296.4it/s  ]
Done score:     [-infit                                 ]
Compute steps:  [680000it                   386.7it/s   ]
Iterations:     [34%  68it/200              25.9s/it    ]
Cells:          [301943it                   171.7it/s   ]
Time (seconds): [ 4%  1759it/43200          1.0it/s     ]
Game step:      [2318677it                  1295.9it/s  ]
Done score:     [-infit                                 ]
Compute steps:  [690000it                   385.6it/s   ]
Iterations:     [34%  69it/200              25.9s/it    ]
Cells:          [306382it                   171.2it/s   ]
Time (seconds): [ 4%  1790it/43200          1.0it/s     ]
Game step:      [2360444it                  1294.1it/s  ]
Done score:     [-infit                                 ]
Compute steps:  [700000it                   383.8it/s   ]
Iterations:     [35%  70it/200              26.1s/it    ]
Cells:          [310728it                   170.3it/s   ]
Time (seconds): [ 4%  1825it/43200          1.0it/s     ]
Game step:      [2399795it                  1291.6it/s  ]
Done score:     [-infit                                 ]
Compute steps:  [710000it                   382.1it/s   ]
Iterations:     [36%  71it/200              26.2s/it    ]
Cells:          [314761it                   169.4it/s   ]
Time (seconds): [ 4%  1858it/43200          1.0it/s     ]
Game step:      [2438673it                  824.8it/s   ]
Done score:     [-infit                                 ]
Compute steps:  [720000it                   243.5it/s   ]
Iterations:     [36%  72it/200              41.1s/it    ]
Cells:          [318692it                   107.8it/s   ]
Time (seconds): [ 7%  2957it/43200          1.0it/s     ]
Game step:      [2477527it                  827.0it/s   ]
Done score:     [-infit                                 ]
Compute steps:  [730000it                   243.7it/s   ]
Iterations:     [36%  73it/200              41.0s/it    ]
Cells:          [322630it                   107.7it/s   ]
Time (seconds): [ 7%  2996it/43200          1.0it/s     ]
Game step:      [2519549it                  831.5it/s   ]
Done score:     [-infit                                 ]
Compute steps:  [740000it                   244.2it/s   ]
Iterations:     [37%  74it/200              40.9s/it    ]
Cells:          [326731it                   107.8it/s   ]
Time (seconds): [ 7%  3031it/43200          1.0it/s     ]
Game step:      [2558624it                  833.3it/s   ]
Done score:     [-infit                                 ]
Compute steps:  [750000it                   244.3it/s   ]
Iterations:     [38%  75it/200              40.9s/it    ]
Cells:          [331167it                   107.9it/s   ]
Time (seconds): [ 7%  3071it/43200          1.0it/s     ]
Game step:      [2597892it                  835.4it/s   ]
Done score:     [-infit                                 ]
Compute steps:  [760000it                   244.4it/s   ]
Iterations:     [38%  76it/200              40.9s/it    ]
Cells:          [335167it                   107.8it/s   ]
Time (seconds): [ 7%  3110it/43200          1.0it/s     ]
Game step:      [2638485it                  837.7it/s   ]
Done score:     [-infit                                 ]
Compute steps:  [770000it                   244.5it/s   ]
Iterations:     [38%  77it/200              40.9s/it    ]
Cells:          [339471it                   107.8it/s   ]
Time (seconds): [ 7%  3150it/43200          1.0it/s     ]
Game step:      [2679347it                  839.6it/s   ]
Done score:     [-infit                                 ]
Compute steps:  [780000it                   244.4it/s   ]
Iterations:     [39%  78it/200              40.9s/it    ]
Cells:          [343700it                   107.7it/s   ]
Time (seconds): [ 7%  3192it/43200          1.0it/s     ]
Game step:      [2719582it                  840.6it/s   ]
Done score:     [-infit                                 ]
Compute steps:  [790000it                   244.2it/s   ]
Iterations:     [40%  79it/200              41.0s/it    ]
Cells:          [347938it                   107.5it/s   ]
Time (seconds): [ 7%  3236it/43200          1.0it/s     ]
Game step:      [2759920it                  841.7it/s   ]
Done score:     [-infit                                 ]
Compute steps:  [800000it                   244.0it/s   ]
Iterations:     [40%  80it/200              41.0s/it    ]
Cells:          [351788it                   107.3it/s   ]
Time (seconds): [ 8%  3279it/43200          1.0it/s     ]
