/opt/homebrew/anaconda3/envs/goexplore/lib/python3.10/site-packages/gym/core.py:317: DeprecationWarning: [33mWARN: Initializing wrapper in old step API which returns one bool instead of two. It is recommended to set `new_step_api=True` to use new step API. This will be the default behaviour in future.[0m
  deprecation(
/opt/homebrew/anaconda3/envs/goexplore/lib/python3.10/site-packages/gym/wrappers/step_api_compatibility.py:39: DeprecationWarning: [33mWARN: Initializing environment in old step API which returns one bool instead of two. It is recommended to set `new_step_api=True` to use new step API. This will be the default behaviour in future.[0m
  deprecation(
/opt/homebrew/anaconda3/envs/goexplore/lib/python3.10/site-packages/gym/utils/passive_env_checker.py:227: DeprecationWarning: [33mWARN: Core environment is written in old step API which returns one bool instead of two. It is recommended to rewrite the environment with new step API. [0m
  logger.deprecation(
/opt/homebrew/anaconda3/envs/goexplore/lib/python3.10/site-packages/gym/utils/passive_env_checker.py:233: DeprecationWarning: `np.bool8` is a deprecated alias for `np.bool_`.  (Deprecated NumPy 1.24)
  if not isinstance(done, (bool, np.bool8)):
Game step:      [10000it                    3919.8it/s  ]
Done score:     [-infit                                 ]
Compute steps:  [1000% 10000it/1000         3919.6it/s  ]
Iterations:     [1it                        2.6s/it     ]
Cells:          [92it                       36.1it/s    ]
Time (seconds): [ 0%      2it/921600        1.3s/it     ]
Cells at score: {((0,),): 90}
Max score: 0
Compute cells: 92
Cells:          [92it                       35.7it/s    ] DONE
Done score:     [-infit                                 ] DONE
Max score:      [0it                                    ] DONE
Game step:      [10000it                    3878.8it/s  ] DONE
Compute steps:  [1000% 10000it/1000         3878.8it/s  ] DONE
Iterations:     [1it                        2.6s/it     ] DONE
Time (seconds): [ 0%      2it/921600        1.3s/it     ] DONE
