Game step:      [10000it                    854.2it/s   ]
Max score:      [1.7it                      7.0s/it     ]
Done score:     [-infit                                 ]
Compute steps:  [10000it                    854.2it/s   ]
Iterations:     [ 0%   1it/500              11.7s/it    ]
Cells:          [7it                        1.7s/it     ]
Time (seconds): [ 0%    11it/43200          1.1s/it     ]
Cells at score: {1: 1, 10: 1, 100: 1, 11: 1, 12: 1, 13: 1, 14: 1, 15: 1, 16: 1, 17: 1, 18: 1, 19: 1, 2: 1, 20: 1, 21: 1, 22: 1, 23: 1, 24: 1, 25: 1, 26: 1, 27: 1, 28: 1, 29: 1, 3: 1, 30: 1, 31: 1, 32: 1, 33: 1, 34: 1, 35: 1, 36: 1, 37: 1, 38: 1, 39: 1, 4: 1, 40: 1, 41: 1, 42: 1, 43: 1, 44: 1, 45: 1, 46: 1, 47: 1, 48: 1, 49: 1, 5: 1, 50: 1, 51: 1, 52: 1, 53: 1, 54: 1, 55: 1, 56: 1, 57: 1, 58: 1, 59: 1, 6: 1, 60: 1, 61: 1, 62: 1, 63: 1, 64: 1, 65: 1, 66: 1, 67: 1, 68: 1, 69: 1, 7: 1, 70: 1, 71: 1, 72: 1, 73: 1, 74: 1, 75: 1, 76: 1, 77: 1, 78: 1, 79: 1, 8: 1, 80: 1, 81: 1, 82: 1, 83: 1, 84: 1, 85: 1, 86: 1, 87: 1, 88: 1, 89: 1, 9: 1, 90: 1, 91: 1, 92: 1, 93: 1, 94: 1, 95: 1, 96: 1, 97: 1, 98: 1, 99: 1}
Max score: 1.6842564192962368
Compute cells: 7
Game step:      [316184it                   13494.9it/s ]
Max score:      [95.6it                     4.1it/s     ]
Done score:     [-infit                                 ]
Compute steps:  [80000it                    3414.4it/s  ]
Iterations:     [ 2%   8it/500              2.9s/it     ]
Cells:          [1756it                     74.9it/s    ]
Time (seconds): [ 0%    23it/43200          1.0s/it     ]
Game step:      [643793it                   18147.0it/s ]
Done score:     [-infit                                 ]
Compute steps:  [130000it                   3664.4it/s  ]
Iterations:     [ 3%  13it/500              2.7s/it     ]
Cells:          [2739it                     77.2it/s    ]
Time (seconds): [ 0%    35it/43200          1.0s/it     ]
Max score:      [141.6it                    3.7it/s     ]
Game step:      [929097it                   20124.5it/s ]
Done score:     [142.4it                    3.1it/s     ]
Compute steps:  [169565it                   3672.6it/s  ]
Iterations:     [ 3%  17it/500              2.7s/it     ]
Cells:          [3263it                     70.7it/s    ]
Time (seconds): [ 0%    46it/43200          1.0s/it     ]
Game step:      [1222869it                  21583.6it/s ]
Done score:     [142.4it                    2.5it/s     ]
Compute steps:  [209303it                   3694.0it/s  ]
Iterations:     [ 4%  21it/500              2.7s/it     ]
Cells:          [3634it                     64.1it/s    ]
Time (seconds): [ 0%    56it/43200          1.0s/it     ]
Max score:      [148.6it                    2.5it/s     ]
Game step:      [1525967it                  22589.6it/s ]
Done score:     [149.9it                    2.2it/s     ]
Compute steps:  [248706it                   3681.6it/s  ]
Iterations:     [ 5%  25it/500              2.7s/it     ]
Cells:          [3944it                     58.4it/s    ]
Time (seconds): [ 0%    67it/43200          1.0s/it     ]
Game step:      [1827411it                  23361.2it/s ]
Max score:      [153.9it                    2.0it/s     ]
Done score:     [153.9it                    2.0it/s     ]
Compute steps:  [288153it                   3683.6it/s  ]
Iterations:     [ 6%  29it/500              2.7s/it     ]
Cells:          [4170it                     53.3it/s    ]
Time (seconds): [ 0%    78it/43200          1.0s/it     ]
Game step:      [2135473it                  23868.8it/s ]
Done score:     [153.9it                    1.7it/s     ]
Compute steps:  [327396it                   3659.3it/s  ]
Iterations:     [ 7%  33it/500              2.7s/it     ]
Cells:          [4381it                     49.0it/s    ]
Time (seconds): [ 0%    89it/43200          1.0s/it     ]
Game step:      [2440209it                  23892.4it/s ]
Done score:     [153.9it                    1.5it/s     ]
Compute steps:  [365917it                   3582.7it/s  ]
Iterations:     [ 7%  37it/500              2.8s/it     ]
Cells:          [4520it                     44.3it/s    ]
Time (seconds): [ 0%   102it/43200          1.0s/it     ]
Game step:      [2824539it                  24365.1it/s ]
Max score:      [154.0it                    1.3it/s     ]
Done score:     [154.0it                    1.3it/s     ]
Compute steps:  [414778it                   3577.9it/s  ]
Iterations:     [ 8%  42it/500              2.8s/it     ]
Cells:          [4682it                     40.4it/s    ]
Time (seconds): [ 0%   116it/43200          1.0it/s     ]
Game step:      [3132830it                  24475.1it/s ]
Max score:      [154.4it                    1.2it/s     ]
Done score:     [154.4it                    1.2it/s     ]
Compute steps:  [453065it                   3539.5it/s  ]
Iterations:     [ 9%  46it/500              2.8s/it     ]
Cells:          [4781it                     37.4it/s    ]
Time (seconds): [ 0%   128it/43200          1.0s/it     ]
Game step:      [3435304it                  24732.8it/s ]
Done score:     [154.4it                    1.1it/s     ]
Compute steps:  [492329it                   3544.5it/s  ]
Iterations:     [10%  50it/500              2.8s/it     ]
Cells:          [4861it                     35.0it/s    ]
Time (seconds): [ 0%   138it/43200          1.0s/it     ]
Game step:      [3745885it                  24599.6it/s ]
Done score:     [154.4it                    1.0it/s     ]
Compute steps:  [530941it                   3486.7it/s  ]
Iterations:     [11%  54it/500              2.8s/it     ]
Cells:          [4947it                     32.5it/s    ]
Time (seconds): [ 0%   152it/43200          1.0s/it     ]
Game step:      [4057261it                  24902.0it/s ]
Done score:     [154.4it                    1.1s/it     ]
Compute steps:  [569830it                   3497.4it/s  ]
Iterations:     [12%  58it/500              2.8s/it     ]
Cells:          [5033it                     30.9it/s    ]
Time (seconds): [ 0%   163it/43200          1.0it/s     ]
Max score:      [154.4it                    1.1s/it     ]
Game step:      [4368045it                  24767.4it/s ]
Done score:     [154.4it                    1.1s/it     ]
Compute steps:  [608731it                   3451.6it/s  ]
Iterations:     [12%  62it/500              2.8s/it     ]
Cells:          [5097it                     28.9it/s    ]
Time (seconds): [ 0%   176it/43200          1.0s/it     ]
Game step:      [4682400it                  24856.7it/s ]
Max score:      [154.9it                    1.2s/it     ]
Done score:     [154.9it                    1.2s/it     ]
Compute steps:  [647424it                   3436.8it/s  ]
Iterations:     [13%  66it/500              2.9s/it     ]
Cells:          [5139it                     27.3it/s    ]
Time (seconds): [ 0%   188it/43200          1.0s/it     ]
Game step:      [4995687it                  24667.8it/s ]
Done score:     [154.9it                    1.3s/it     ]
Compute steps:  [685519it                   3384.9it/s  ]
Iterations:     [14%  70it/500              2.9s/it     ]
Cells:          [5196it                     25.7it/s    ]
Time (seconds): [ 0%   202it/43200          1.0s/it     ]
Game step:      [5306167it                  24815.9it/s ]
Done score:     [154.9it                    1.4s/it     ]
Compute steps:  [724349it                   3387.6it/s  ]
Iterations:     [15%  74it/500              2.9s/it     ]
Cells:          [5249it                     24.5it/s    ]
Time (seconds): [ 0%   213it/43200          1.0s/it     ]
Game step:      [5544884it                  24763.4it/s ]
Done score:     [154.9it                    1.4s/it     ]
Compute steps:  [753210it                   3363.8it/s  ]
Iterations:     [15%  77it/500              2.9s/it     ]
Cells:          [5285it                     23.6it/s    ]
Time (seconds): [ 1%   223it/43200          1.0s/it     ]
Max score:      [157.1it                    1.4s/it     ]
Game step:      [5853221it                  24835.6it/s ]
Done score:     [157.6it                    1.5s/it     ]
Compute steps:  [791907it                   3360.1it/s  ]
Iterations:     [16%  81it/500              2.9s/it     ]
Cells:          [5330it                     22.6it/s    ]
Time (seconds): [ 1%   235it/43200          1.0s/it     ]
Game step:      [6088981it                  24778.6it/s ]
Done score:     [157.6it                    1.6s/it     ]
Compute steps:  [820566it                   3339.2it/s  ]
Iterations:     [17%  84it/500              2.9s/it     ]
Cells:          [5352it                     21.8it/s    ]
Time (seconds): [ 1%   245it/43200          1.0s/it     ]
Game step:      [6326955it                  24722.5it/s ]
Done score:     [157.6it                    1.6s/it     ]
Compute steps:  [849217it                   3318.3it/s  ]
Iterations:     [17%  87it/500              2.9s/it     ]
Cells:          [5384it                     21.0it/s    ]
Time (seconds): [ 1%   255it/43200          1.0s/it     ]
Game step:      [6643594it                  24792.2it/s ]
Done score:     [157.6it                    1.7s/it     ]
Compute steps:  [886862it                   3309.5it/s  ]
Iterations:     [18%  91it/500              2.9s/it     ]
Cells:          [5419it                     20.2it/s    ]
Time (seconds): [ 1%   268it/43200          1.0it/s     ]
Game step:      [6875955it                  24711.8it/s ]
Done score:     [157.6it                    1.8s/it     ]
Compute steps:  [915700it                   3291.0it/s  ]
Iterations:     [19%  94it/500              3.0s/it     ]
Cells:          [5451it                     19.6it/s    ]
Time (seconds): [ 1%   278it/43200          1.0s/it     ]
Max score:      [158.0it                    1.8s/it     ]
Game step:      [7107458it                  24639.0it/s ]
Done score:     [158.0it                    1.8s/it     ]
Compute steps:  [944778it                   3275.2it/s  ]
Iterations:     [19%  97it/500              3.0s/it     ]
Cells:          [5470it                     19.0it/s    ]
Time (seconds): [ 1%   288it/43200          1.0s/it     ]
Game step:      [7343755it                  24576.0it/s ]
Done score:     [158.0it                    1.9s/it     ]
Compute steps:  [973579it                   3258.1it/s  ]
Iterations:     [20% 100it/500              3.0s/it     ]
Cells:          [5493it                     18.4it/s    ]
Time (seconds): [ 1%   298it/43200          1.0s/it     ]
Game step:      [7581470it                  24481.5it/s ]
Done score:     [158.0it                    2.0s/it     ]
Compute steps:  [1001475it                  3233.9it/s  ]
Iterations:     [21% 103it/500              3.0s/it     ]
Cells:          [5525it                     17.8it/s    ]
Time (seconds): [ 1%   309it/43200          1.0s/it     ]
Cells at score: {1: 1, 10: 1, 100: 1, 1000: 1, 1001: 1, 1002: 1, 1003: 1, 1004: 1, 1005: 1, 101: 1, 102: 1, 103: 1, 104: 1, 105: 1, 106: 1, 107: 1, 108: 1, 109: 1, 11: 1, 110: 1, 111: 1, 112: 1, 113: 1, 114: 1, 115: 1, 116: 1, 117: 1, 118: 1, 119: 1, 12: 1, 120: 1, 121: 1, 122: 1, 123: 1, 124: 1, 125: 1, 126: 1, 127: 1, 128: 1, 129: 1, 13: 1, 130: 1, 131: 1, 132: 1, 133: 1, 134: 1, 135: 1, 136: 1, 137: 1, 138: 1, 139: 1, 14: 1, 140: 1, 141: 1, 142: 1, 143: 1, 144: 1, 145: 1, 146: 1, 147: 1, 148: 1, 149: 1, 15: 1, 150: 1, 151: 1, 152: 1, 153: 1, 154: 1, 155: 1, 156: 1, 157: 1, 158: 1, 159: 1, 16: 1, 160: 1, 161: 1, 162: 1, 163: 1, 164: 1, 165: 1, 166: 1, 167: 1, 168: 1, 169: 1, 17: 1, 170: 1, 171: 1, 172: 1, 173: 1, 174: 1, 175: 1, 176: 1, 177: 1, 178: 1, 179: 1, 18: 1, 180: 1, 181: 1, 182: 1, 183: 1, 184: 1, 185: 1, 186: 1, 187: 1, 188: 1, 189: 1, 19: 1, 190: 1, 191: 1, 192: 1, 193: 1, 194: 1, 195: 1, 196: 1, 197: 1, 198: 1, 199: 1, 2: 1, 20: 1, 200: 1, 201: 1, 202: 1, 203: 1, 204: 1, 205: 1, 206: 1, 207: 1, 208: 1, 209: 1, 21: 1, 210: 1, 211: 1, 212: 1, 213: 1, 214: 1, 215: 1, 216: 1, 217: 1, 218: 1, 219: 1, 22: 1, 220: 1, 221: 1, 222: 1, 223: 1, 224: 1, 225: 1, 226: 1, 227: 1, 228: 1, 229: 1, 23: 1, 230: 1, 231: 1, 232: 1, 233: 1, 234: 1, 235: 1, 236: 1, 237: 1, 238: 1, 239: 1, 24: 1, 240: 1, 241: 1, 242: 1, 243: 1, 244: 1, 245: 1, 246: 1, 247: 1, 248: 1, 249: 1, 25: 1, 250: 1, 251: 1, 252: 1, 253: 1, 254: 1, 255: 1, 256: 1, 257: 1, 258: 1, 259: 1, 26: 1, 260: 1, 261: 1, 262: 1, 263: 1, 264: 1, 265: 1, 266: 1, 267: 1, 268: 1, 269: 1, 27: 1, 270: 1, 271: 1, 272: 1, 273: 1, 274: 1, 275: 1, 276: 1, 277: 1, 278: 1, 279: 1, 28: 1, 280: 1, 281: 1, 282: 1, 283: 1, 284: 1, 285: 1, 286: 1, 287: 1, 288: 1, 289: 1, 29: 1, 290: 1, 291: 1, 292: 1, 293: 1, 294: 1, 295: 1, 296: 1, 297: 1, 298: 1, 299: 1, 3: 1, 30: 1, 300: 1, 301: 1, 302: 1, 303: 1, 304: 1, 305: 1, 306: 1, 307: 1, 308: 1, 309: 1, 31: 1, 310: 1, 311: 1, 312: 1, 313: 1, 314: 1, 315: 1, 316: 1, 317: 1, 318: 1, 319: 1, 32: 1, 320: 1, 321: 1, 322: 1, 323: 1, 324: 1, 325: 1, 326: 1, 327: 1, 328: 1, 329: 1, 33: 1, 330: 1, 331: 1, 332: 1, 333: 1, 334: 1, 335: 1, 336: 1, 337: 1, 338: 1, 339: 1, 34: 1, 340: 1, 341: 1, 342: 1, 343: 1, 344: 1, 345: 1, 346: 1, 347: 1, 348: 1, 349: 1, 35: 1, 350: 1, 351: 1, 352: 1, 353: 1, 354: 1, 355: 1, 356: 1, 357: 1, 358: 1, 359: 1, 36: 1, 360: 1, 361: 1, 362: 1, 363: 1, 364: 1, 365: 1, 366: 1, 367: 1, 368: 1, 369: 1, 37: 1, 370: 1, 371: 1, 372: 1, 373: 1, 374: 1, 375: 1, 376: 1, 377: 1, 378: 1, 379: 1, 38: 1, 380: 1, 381: 1, 382: 1, 383: 1, 384: 1, 385: 1, 386: 1, 387: 1, 388: 1, 389: 1, 39: 1, 390: 1, 391: 1, 392: 1, 393: 1, 394: 1, 395: 1, 396: 1, 397: 1, 398: 1, 399: 1, 4: 1, 40: 1, 400: 1, 401: 1, 402: 1, 403: 1, 404: 1, 405: 1, 406: 1, 407: 1, 408: 1, 409: 1, 41: 1, 410: 1, 411: 1, 412: 1, 413: 1, 414: 1, 415: 1, 416: 1, 417: 1, 418: 1, 419: 1, 42: 1, 420: 1, 421: 1, 422: 1, 423: 1, 424: 1, 425: 1, 426: 1, 427: 1, 428: 1, 429: 1, 43: 1, 430: 1, 431: 1, 432: 1, 433: 1, 434: 1, 435: 1, 436: 1, 437: 1, 438: 1, 439: 1, 44: 1, 440: 1, 441: 1, 442: 1, 443: 1, 444: 1, 445: 1, 446: 1, 447: 1, 448: 1, 449: 1, 45: 1, 450: 1, 451: 1, 452: 1, 453: 1, 454: 1, 455: 1, 456: 1, 457: 1, 458: 1, 459: 1, 46: 1, 460: 1, 461: 1, 462: 1, 463: 1, 464: 1, 465: 1, 466: 1, 467: 1, 468: 1, 469: 1, 47: 1, 470: 1, 471: 1, 472: 1, 473: 1, 474: 1, 475: 1, 476: 1, 477: 1, 478: 1, 479: 1, 48: 1, 480: 1, 481: 1, 482: 1, 483: 1, 484: 1, 485: 1, 486: 1, 487: 1, 488: 1, 489: 1, 49: 1, 490: 1, 491: 1, 492: 1, 493: 1, 494: 1, 495: 1, 496: 1, 497: 1, 498: 1, 499: 1, 5: 1, 50: 1, 500: 1, 501: 1, 502: 1, 503: 1, 504: 1, 505: 1, 506: 1, 507: 1, 508: 1, 509: 1, 51: 1, 510: 1, 511: 1, 512: 1, 513: 1, 514: 1, 515: 1, 516: 1, 517: 1, 518: 1, 519: 1, 52: 1, 520: 1, 521: 1, 522: 1, 523: 1, 524: 1, 525: 1, 526: 1, 527: 1, 528: 1, 529: 1, 53: 1, 530: 1, 531: 1, 532: 1, 533: 1, 534: 1, 535: 1, 536: 1, 537: 1, 538: 1, 539: 1, 54: 1, 540: 1, 541: 1, 542: 1, 543: 1, 544: 1, 545: 1, 546: 1, 547: 1, 548: 1, 549: 1, 55: 1, 550: 1, 551: 1, 552: 1, 553: 1, 554: 1, 555: 1, 556: 1, 557: 1, 558: 1, 559: 1, 56: 1, 560: 1, 561: 1, 562: 1, 563: 1, 564: 1, 565: 1, 566: 1, 567: 1, 568: 1, 569: 1, 57: 1, 570: 1, 571: 1, 572: 1, 573: 1, 574: 1, 575: 1, 576: 1, 577: 1, 578: 1, 579: 1, 58: 1, 580: 1, 581: 1, 582: 1, 583: 1, 584: 1, 585: 1, 586: 1, 587: 1, 588: 1, 589: 1, 59: 1, 590: 1, 591: 1, 592: 1, 593: 1, 594: 1, 595: 1, 596: 1, 597: 1, 598: 1, 599: 1, 6: 1, 60: 1, 600: 1, 601: 1, 602: 1, 603: 1, 604: 1, 605: 1, 606: 1, 607: 1, 608: 1, 609: 1, 61: 1, 610: 1, 611: 1, 612: 1, 613: 1, 614: 1, 615: 1, 616: 1, 617: 1, 618: 1, 619: 1, 62: 1, 620: 1, 621: 1, 622: 1, 623: 1, 624: 1, 625: 1, 626: 1, 627: 1, 628: 1, 629: 1, 63: 1, 630: 1, 631: 1, 632: 1, 633: 1, 634: 1, 635: 1, 636: 1, 637: 1, 638: 1, 639: 1, 64: 1, 640: 1, 641: 1, 642: 1, 643: 1, 644: 1, 645: 1, 646: 1, 647: 1, 648: 1, 649: 1, 65: 1, 650: 1, 651: 1, 652: 1, 653: 1, 654: 1, 655: 1, 656: 1, 657: 1, 658: 1, 659: 1, 66: 1, 660: 1, 661: 1, 662: 1, 663: 1, 664: 1, 665: 1, 666: 1, 667: 1, 668: 1, 669: 1, 67: 1, 670: 1, 671: 1, 672: 1, 673: 1, 674: 1, 675: 1, 676: 1, 677: 1, 678: 1, 679: 1, 68: 1, 680: 1, 681: 1, 682: 1, 683: 1, 684: 1, 685: 1, 686: 1, 687: 1, 688: 1, 689: 1, 69: 1, 690: 1, 691: 1, 692: 1, 693: 1, 694: 1, 695: 1, 696: 1, 697: 1, 698: 1, 699: 1, 7: 1, 70: 1, 700: 1, 701: 1, 702: 1, 703: 1, 704: 1, 705: 1, 706: 1, 707: 1, 708: 1, 709: 1, 71: 1, 710: 1, 711: 1, 712: 1, 713: 1, 714: 1, 715: 1, 716: 1, 717: 1, 718: 1, 719: 1, 72: 1, 720: 1, 721: 1, 722: 1, 723: 1, 724: 1, 725: 1, 726: 1, 727: 1, 728: 1, 729: 1, 73: 1, 730: 1, 731: 1, 732: 1, 733: 1, 734: 1, 735: 1, 736: 1, 737: 1, 738: 1, 739: 1, 74: 1, 740: 1, 741: 1, 742: 1, 743: 1, 744: 1, 745: 1, 746: 1, 747: 1, 748: 1, 749: 1, 75: 1, 750: 1, 751: 1, 752: 1, 753: 1, 754: 1, 755: 1, 756: 1, 757: 1, 758: 1, 759: 1, 76: 1, 760: 1, 761: 1, 762: 1, 763: 1, 764: 1, 765: 1, 766: 1, 767: 1, 768: 1, 769: 1, 77: 1, 770: 1, 771: 1, 772: 1, 773: 1, 774: 1, 775: 1, 776: 1, 777: 1, 778: 1, 779: 1, 78: 1, 780: 1, 781: 1, 782: 1, 783: 1, 784: 1, 785: 1, 786: 1, 787: 1, 788: 1, 789: 1, 79: 1, 790: 1, 791: 1, 792: 1, 793: 1, 794: 1, 795: 1, 796: 1, 797: 1, 798: 1, 799: 1, 8: 1, 80: 1, 800: 1, 801: 1, 802: 1, 803: 1, 804: 1, 805: 1, 806: 1, 807: 1, 808: 1, 809: 1, 81: 1, 810: 1, 811: 1, 812: 1, 813: 1, 814: 1, 815: 1, 816: 1, 817: 1, 818: 1, 819: 1, 82: 1, 820: 1, 821: 1, 822: 1, 823: 1, 824: 1, 825: 1, 826: 1, 827: 1, 828: 1, 829: 1, 83: 1, 830: 1, 831: 1, 832: 1, 833: 1, 834: 1, 835: 1, 836: 1, 837: 1, 838: 1, 839: 1, 84: 1, 840: 1, 841: 1, 842: 1, 843: 1, 844: 1, 845: 1, 846: 1, 847: 1, 848: 1, 849: 1, 85: 1, 850: 1, 851: 1, 852: 1, 853: 1, 854: 1, 855: 1, 856: 1, 857: 1, 858: 1, 859: 1, 86: 1, 860: 1, 861: 1, 862: 1, 863: 1, 864: 1, 865: 1, 866: 1, 867: 1, 868: 1, 869: 1, 87: 1, 870: 1, 871: 1, 872: 1, 873: 1, 874: 1, 875: 1, 876: 1, 877: 1, 878: 1, 879: 1, 88: 1, 880: 1, 881: 1, 882: 1, 883: 1, 884: 1, 885: 1, 886: 1, 887: 1, 888: 1, 889: 1, 89: 1, 890: 1, 891: 1, 892: 1, 893: 1, 894: 1, 895: 1, 896: 1, 897: 1, 898: 1, 899: 1, 9: 1, 90: 1, 900: 1, 901: 1, 902: 1, 903: 1, 904: 1, 905: 1, 906: 1, 907: 1, 908: 1, 909: 1, 91: 1, 910: 1, 911: 1, 912: 1, 913: 1, 914: 1, 915: 1, 916: 1, 917: 1, 918: 1, 919: 1, 92: 1, 920: 1, 921: 1, 922: 1, 923: 1, 924: 1, 925: 1, 926: 1, 927: 1, 928: 1, 929: 1, 93: 1, 930: 1, 931: 1, 932: 1, 933: 1, 934: 1, 935: 1, 936: 1, 937: 1, 938: 1, 939: 1, 94: 1, 940: 1, 941: 1, 942: 1, 943: 1, 944: 1, 945: 1, 946: 1, 947: 1, 948: 1, 949: 1, 95: 1, 950: 1, 951: 1, 952: 1, 953: 1, 954: 1, 955: 1, 956: 1, 957: 1, 958: 1, 959: 1, 96: 1, 960: 1, 961: 1, 962: 1, 963: 1, 964: 1, 965: 1, 966: 1, 967: 1, 968: 1, 969: 1, 97: 1, 970: 1, 971: 1, 972: 1, 973: 1, 974: 1, 975: 1, 976: 1, 977: 1, 978: 1, 979: 1, 98: 1, 980: 1, 981: 1, 982: 1, 983: 1, 984: 1, 985: 1, 986: 1, 987: 1, 988: 1, 989: 1, 99: 1, 990: 1, 991: 1, 992: 1, 993: 1, 994: 1, 995: 1, 996: 1, 997: 1, 998: 1, 999: 1}
Max score: 158.02438082086866
Compute cells: 5525
Game step:      [7816074it                  24131.4it/s ]
Max score:      [158.4it                    2.0s/it     ]
Done score:     [158.4it                    2.0s/it     ]
Compute steps:  [1029965it                  3179.9it/s  ]
Iterations:     [21% 106it/500              3.1s/it     ]
Cells:          [5552it                     17.1it/s    ]
Time (seconds): [ 1%   323it/43200          1.0s/it     ]
Game step:      [8126406it                  24111.6it/s ]
Done score:     [158.4it                    2.1s/it     ]
Compute steps:  [1068603it                  3170.6it/s  ]
Iterations:     [22% 110it/500              3.1s/it     ]
Cells:          [5590it                     16.6it/s    ]
Time (seconds): [ 1%   337it/43200          1.0s/it     ]
Game step:      [8361875it                  24015.7it/s ]
Done score:     [158.4it                    2.2s/it     ]
Compute steps:  [1097698it                  3152.6it/s  ]
Iterations:     [23% 113it/500              3.1s/it     ]
Cells:          [5611it                     16.1it/s    ]
Time (seconds): [ 1%   348it/43200          1.0s/it     ]
Game step:      [8683587it                  24040.1it/s ]
Done score:     [158.4it                    2.3s/it     ]
Compute steps:  [1135230it                  3142.8it/s  ]
Iterations:     [23% 117it/500              3.1s/it     ]
Cells:          [5641it                     15.6it/s    ]
Time (seconds): [ 1%   361it/43200          1.0s/it     ]
Max score:      [158.4it                    2.3s/it     ]
Game step:      [9001655it                  24052.6it/s ]
Done score:     [158.4it                    2.4s/it     ]
Compute steps:  [1172978it                  3134.2it/s  ]
Iterations:     [24% 121it/500              3.1s/it     ]
Cells:          [5661it                     15.1it/s    ]
Time (seconds): [ 1%   374it/43200          1.0s/it     ]
Game step:      [9238305it                  23949.2it/s ]
Done score:     [158.4it                    2.4s/it     ]
Compute steps:  [1201165it                  3113.8it/s  ]
Iterations:     [25% 124it/500              3.1s/it     ]
Cells:          [5680it                     14.7it/s    ]
Time (seconds): [ 1%   385it/43200          1.0s/it     ]
Game step:      [9549687it                  23914.6it/s ]
Done score:     [158.4it                    2.5s/it     ]
Compute steps:  [1239058it                  3102.9it/s  ]
Iterations:     [26% 128it/500              3.1s/it     ]
Cells:          [5699it                     14.3it/s    ]
Time (seconds): [ 1%   399it/43200          1.0s/it     ]
Game step:      [9868673it                  23903.8it/s ]
Done score:     [158.4it                    2.6s/it     ]
Compute steps:  [1277584it                  3094.5it/s  ]
Iterations:     [26% 132it/500              3.1s/it     ]
Cells:          [5716it                     13.8it/s    ]
Time (seconds): [ 1%   412it/43200          1.0s/it     ]
Game step:      [10188946it                 23876.9it/s ]
Done score:     [158.4it                    2.7s/it     ]
Compute steps:  [1315012it                  3081.6it/s  ]
Iterations:     [27% 136it/500              3.1s/it     ]
Cells:          [5746it                     13.5it/s    ]
Time (seconds): [ 1%   426it/43200          1.0s/it     ]
Game step:      [10502107it                 23840.1it/s ]
Done score:     [158.4it                    2.8s/it     ]
Compute steps:  [1352671it                  3070.6it/s  ]
Iterations:     [28% 140it/500              3.1s/it     ]
Cells:          [5762it                     13.1it/s    ]
Time (seconds): [ 1%   440it/43200          1.0s/it     ]
Game step:      [10818997it                 23798.0it/s ]
Done score:     [158.4it                    2.9s/it     ]
Compute steps:  [1390126it                  3057.8it/s  ]
Iterations:     [29% 144it/500              3.2s/it     ]
Cells:          [5791it                     12.7it/s    ]
Time (seconds): [ 1%   454it/43200          1.0s/it     ]
Game step:      [11138722it                 23783.9it/s ]
Done score:     [158.4it                    3.0s/it     ]
Compute steps:  [1427110it                  3047.2it/s  ]
Iterations:     [30% 148it/500              3.2s/it     ]
Cells:          [5815it                     12.4it/s    ]
Time (seconds): [ 1%   468it/43200          1.0s/it     ]
Game step:      [11453563it                 23943.8it/s ]
Done score:     [158.4it                    3.0s/it     ]
Compute steps:  [1464167it                  3060.8it/s  ]
Iterations:     [30% 152it/500              3.1s/it     ]
Cells:          [5840it                     12.2it/s    ]
Time (seconds): [ 1%   478it/43200          1.0s/it     ]
Game step:      [11690665it                 23864.1it/s ]
Done score:     [158.4it                    3.1s/it     ]
Compute steps:  [1492678it                  3047.0it/s  ]
Iterations:     [31% 155it/500              3.2s/it     ]
Cells:          [5857it                     12.0it/s    ]
Time (seconds): [ 1%   489it/43200          1.0s/it     ]
Game step:      [11930939it                 23794.9it/s ]
Done score:     [158.4it                    3.2s/it     ]
Compute steps:  [1520659it                  3032.8it/s  ]
Iterations:     [32% 158it/500              3.2s/it     ]
Cells:          [5867it                     11.7it/s    ]
Time (seconds): [ 1%   501it/43200          1.0s/it     ]
Game step:      [12170170it                 23705.3it/s ]
Done score:     [158.4it                    3.2s/it     ]
Compute steps:  [1548797it                  3016.8it/s  ]
Iterations:     [32% 161it/500              3.2s/it     ]
Cells:          [5879it                     11.5it/s    ]
Time (seconds): [ 1%   513it/43200          1.0s/it     ]
Game step:      [12486088it                 23668.2it/s ]
Done score:     [158.4it                    3.3s/it     ]
Compute steps:  [1586626it                  3007.5it/s  ]
Iterations:     [33% 165it/500              3.2s/it     ]
Cells:          [5889it                     11.2it/s    ]
Time (seconds): [ 1%   527it/43200          1.0s/it     ]
Game step:      [12805427it                 23641.5it/s ]
Done score:     [158.4it                    3.4s/it     ]
Compute steps:  [1623763it                  2997.8it/s  ]
Iterations:     [34% 169it/500              3.2s/it     ]
Cells:          [5904it                     10.9it/s    ]
Time (seconds): [ 1%   541it/43200          1.0s/it     ]
Game step:      [13125908it                 23787.1it/s ]
Done score:     [158.4it                    3.5s/it     ]
Compute steps:  [1661687it                  3011.3it/s  ]
Iterations:     [35% 173it/500              3.2s/it     ]
Cells:          [5924it                     10.7it/s    ]
Time (seconds): [ 1%   551it/43200          1.0s/it     ]
Game step:      [13364794it                 23702.9it/s ]
Done score:     [158.4it                    3.6s/it     ]
Compute steps:  [1690114it                  2997.5it/s  ]
Iterations:     [35% 176it/500              3.2s/it     ]
Cells:          [5946it                     10.5it/s    ]
Time (seconds): [ 1%   563it/43200          1.0s/it     ]
Game step:      [13604792it                 23614.4it/s ]
Done score:     [158.4it                    3.6s/it     ]
Compute steps:  [1718824it                  2983.4it/s  ]
Iterations:     [36% 179it/500              3.2s/it     ]
Cells:          [5964it                     10.4it/s    ]
Time (seconds): [ 1%   576it/43200          1.0s/it     ]
Game step:      [13842351it                 23518.2it/s ]
Done score:     [158.4it                    3.7s/it     ]
Compute steps:  [1747417it                  2968.9it/s  ]
Iterations:     [36% 182it/500              3.2s/it     ]
Cells:          [5974it                     10.1it/s    ]
Time (seconds): [ 1%   588it/43200          1.0s/it     ]
Game step:      [14245405it                 23513.7it/s ]
Done score:     [158.4it                    3.8s/it     ]
Compute steps:  [1794550it                  2962.1it/s  ]
Iterations:     [37% 187it/500              3.2s/it     ]
Cells:          [5998it                     9.9it/s     ]
Time (seconds): [ 1%   605it/43200          1.0s/it     ]
Game step:      [14561582it                 23468.3it/s ]
Done score:     [158.4it                    3.9s/it     ]
Compute steps:  [1832337it                  2953.1it/s  ]
Iterations:     [38% 191it/500              3.2s/it     ]
Cells:          [6012it                     9.7it/s     ]
Time (seconds): [ 1%   620it/43200          1.0s/it     ]
Game step:      [14881873it                 23600.1it/s ]
Done score:     [158.4it                    4.0s/it     ]
Compute steps:  [1870289it                  2965.9it/s  ]
Iterations:     [39% 195it/500              3.2s/it     ]
Cells:          [6030it                     9.6it/s     ]
Time (seconds): [ 1%   630it/43200          1.0s/it     ]
Game step:      [15040691it                 23469.7it/s ]
Done score:     [158.4it                    4.0s/it     ]
Compute steps:  [1889391it                  2948.2it/s  ]
Iterations:     [39% 197it/500              3.3s/it     ]
Cells:          [6037it                     9.4it/s     ]
Time (seconds): [ 1%   640it/43200          1.0s/it     ]
Game step:      [15279614it                 23391.8it/s ]
Done score:     [158.4it                    4.1s/it     ]
Compute steps:  [1917070it                  2934.8it/s  ]
Iterations:     [40% 200it/500              3.3s/it     ]
Cells:          [6041it                     9.2it/s     ]
Time (seconds): [ 2%   653it/43200          1.0s/it     ]
Game step:      [15601747it                 23515.1it/s ]
Done score:     [158.4it                    4.2s/it     ]
Compute steps:  [1955159it                  2946.8it/s  ]
Iterations:     [41% 204it/500              3.3s/it     ]
Cells:          [6059it                     9.1it/s     ]
Time (seconds): [ 2%   663it/43200          1.0s/it     ]
Game step:      [15841832it                 23441.9it/s ]
Done score:     [158.4it                    4.3s/it     ]
Compute steps:  [1983283it                  2934.7it/s  ]
Iterations:     [41% 207it/500              3.3s/it     ]
Cells:          [6069it                     9.0it/s     ]
Time (seconds): [ 2%   675it/43200          1.0s/it     ]
Game step:      [16001879it                 23326.5it/s ]
Done score:     [158.4it                    4.3s/it     ]
Compute steps:  [2002242it                  2918.7it/s  ]
Iterations:     [42% 209it/500              3.3s/it     ]
Cells:          [6071it                     8.8it/s     ]
Time (seconds): [ 2%   686it/43200          1.0it/s     ]
Cells at score: {1: 1, 10: 1, 100: 1, 1000: 1, 1001: 1, 1002: 1, 1003: 1, 1004: 1, 1005: 1, 101: 1, 102: 1, 103: 1, 104: 1, 105: 1, 106: 1, 107: 1, 108: 1, 109: 1, 11: 1, 110: 1, 111: 1, 112: 1, 113: 1, 114: 1, 115: 1, 116: 1, 117: 1, 118: 1, 119: 1, 12: 1, 120: 1, 121: 1, 122: 1, 123: 1, 124: 1, 125: 1, 126: 1, 127: 1, 128: 1, 129: 1, 13: 1, 130: 1, 131: 1, 132: 1, 133: 1, 134: 1, 135: 1, 136: 1, 137: 1, 138: 1, 139: 1, 14: 1, 140: 1, 141: 1, 142: 1, 143: 1, 144: 1, 145: 1, 146: 1, 147: 1, 148: 1, 149: 1, 15: 1, 150: 1, 151: 1, 152: 1, 153: 1, 154: 1, 155: 1, 156: 1, 157: 1, 158: 1, 159: 1, 16: 1, 160: 1, 161: 1, 162: 1, 163: 1, 164: 1, 165: 1, 166: 1, 167: 1, 168: 1, 169: 1, 17: 1, 170: 1, 171: 1, 172: 1, 173: 1, 174: 1, 175: 1, 176: 1, 177: 1, 178: 1, 179: 1, 18: 1, 180: 1, 181: 1, 182: 1, 183: 1, 184: 1, 185: 1, 186: 1, 187: 1, 188: 1, 189: 1, 19: 1, 190: 1, 191: 1, 192: 1, 193: 1, 194: 1, 195: 1, 196: 1, 197: 1, 198: 1, 199: 1, 2: 1, 20: 1, 200: 1, 201: 1, 202: 1, 203: 1, 204: 1, 205: 1, 206: 1, 207: 1, 208: 1, 209: 1, 21: 1, 210: 1, 211: 1, 212: 1, 213: 1, 214: 1, 215: 1, 216: 1, 217: 1, 218: 1, 219: 1, 22: 1, 220: 1, 221: 1, 222: 1, 223: 1, 224: 1, 225: 1, 226: 1, 227: 1, 228: 1, 229: 1, 23: 1, 230: 1, 231: 1, 232: 1, 233: 1, 234: 1, 235: 1, 236: 1, 237: 1, 238: 1, 239: 1, 24: 1, 240: 1, 241: 1, 242: 1, 243: 1, 244: 1, 245: 1, 246: 1, 247: 1, 248: 1, 249: 1, 25: 1, 250: 1, 251: 1, 252: 1, 253: 1, 254: 1, 255: 1, 256: 1, 257: 1, 258: 1, 259: 1, 26: 1, 260: 1, 261: 1, 262: 1, 263: 1, 264: 1, 265: 1, 266: 1, 267: 1, 268: 1, 269: 1, 27: 1, 270: 1, 271: 1, 272: 1, 273: 1, 274: 1, 275: 1, 276: 1, 277: 1, 278: 1, 279: 1, 28: 1, 280: 1, 281: 1, 282: 1, 283: 1, 284: 1, 285: 1, 286: 1, 287: 1, 288: 1, 289: 1, 29: 1, 290: 1, 291: 1, 292: 1, 293: 1, 294: 1, 295: 1, 296: 1, 297: 1, 298: 1, 299: 1, 3: 1, 30: 1, 300: 1, 301: 1, 302: 1, 303: 1, 304: 1, 305: 1, 306: 1, 307: 1, 308: 1, 309: 1, 31: 1, 310: 1, 311: 1, 312: 1, 313: 1, 314: 1, 315: 1, 316: 1, 317: 1, 318: 1, 319: 1, 32: 1, 320: 1, 321: 1, 322: 1, 323: 1, 324: 1, 325: 1, 326: 1, 327: 1, 328: 1, 329: 1, 33: 1, 330: 1, 331: 1, 332: 1, 333: 1, 334: 1, 335: 1, 336: 1, 337: 1, 338: 1, 339: 1, 34: 1, 340: 1, 341: 1, 342: 1, 343: 1, 344: 1, 345: 1, 346: 1, 347: 1, 348: 1, 349: 1, 35: 1, 350: 1, 351: 1, 352: 1, 353: 1, 354: 1, 355: 1, 356: 1, 357: 1, 358: 1, 359: 1, 36: 1, 360: 1, 361: 1, 362: 1, 363: 1, 364: 1, 365: 1, 366: 1, 367: 1, 368: 1, 369: 1, 37: 1, 370: 1, 371: 1, 372: 1, 373: 1, 374: 1, 375: 1, 376: 1, 377: 1, 378: 1, 379: 1, 38: 1, 380: 1, 381: 1, 382: 1, 383: 1, 384: 1, 385: 1, 386: 1, 387: 1, 388: 1, 389: 1, 39: 1, 390: 1, 391: 1, 392: 1, 393: 1, 394: 1, 395: 1, 396: 1, 397: 1, 398: 1, 399: 1, 4: 1, 40: 1, 400: 1, 401: 1, 402: 1, 403: 1, 404: 1, 405: 1, 406: 1, 407: 1, 408: 1, 409: 1, 41: 1, 410: 1, 411: 1, 412: 1, 413: 1, 414: 1, 415: 1, 416: 1, 417: 1, 418: 1, 419: 1, 42: 1, 420: 1, 421: 1, 422: 1, 423: 1, 424: 1, 425: 1, 426: 1, 427: 1, 428: 1, 429: 1, 43: 1, 430: 1, 431: 1, 432: 1, 433: 1, 434: 1, 435: 1, 436: 1, 437: 1, 438: 1, 439: 1, 44: 1, 440: 1, 441: 1, 442: 1, 443: 1, 444: 1, 445: 1, 446: 1, 447: 1, 448: 1, 449: 1, 45: 1, 450: 1, 451: 1, 452: 1, 453: 1, 454: 1, 455: 1, 456: 1, 457: 1, 458: 1, 459: 1, 46: 1, 460: 1, 461: 1, 462: 1, 463: 1, 464: 1, 465: 1, 466: 1, 467: 1, 468: 1, 469: 1, 47: 1, 470: 1, 471: 1, 472: 1, 473: 1, 474: 1, 475: 1, 476: 1, 477: 1, 478: 1, 479: 1, 48: 1, 480: 1, 481: 1, 482: 1, 483: 1, 484: 1, 485: 1, 486: 1, 487: 1, 488: 1, 489: 1, 49: 1, 490: 1, 491: 1, 492: 1, 493: 1, 494: 1, 495: 1, 496: 1, 497: 1, 498: 1, 499: 1, 5: 1, 50: 1, 500: 1, 501: 1, 502: 1, 503: 1, 504: 1, 505: 1, 506: 1, 507: 1, 508: 1, 509: 1, 51: 1, 510: 1, 511: 1, 512: 1, 513: 1, 514: 1, 515: 1, 516: 1, 517: 1, 518: 1, 519: 1, 52: 1, 520: 1, 521: 1, 522: 1, 523: 1, 524: 1, 525: 1, 526: 1, 527: 1, 528: 1, 529: 1, 53: 1, 530: 1, 531: 1, 532: 1, 533: 1, 534: 1, 535: 1, 536: 1, 537: 1, 538: 1, 539: 1, 54: 1, 540: 1, 541: 1, 542: 1, 543: 1, 544: 1, 545: 1, 546: 1, 547: 1, 548: 1, 549: 1, 55: 1, 550: 1, 551: 1, 552: 1, 553: 1, 554: 1, 555: 1, 556: 1, 557: 1, 558: 1, 559: 1, 56: 1, 560: 1, 561: 1, 562: 1, 563: 1, 564: 1, 565: 1, 566: 1, 567: 1, 568: 1, 569: 1, 57: 1, 570: 1, 571: 1, 572: 1, 573: 1, 574: 1, 575: 1, 576: 1, 577: 1, 578: 1, 579: 1, 58: 1, 580: 1, 581: 1, 582: 1, 583: 1, 584: 1, 585: 1, 586: 1, 587: 1, 588: 1, 589: 1, 59: 1, 590: 1, 591: 1, 592: 1, 593: 1, 594: 1, 595: 1, 596: 1, 597: 1, 598: 1, 599: 1, 6: 1, 60: 1, 600: 1, 601: 1, 602: 1, 603: 1, 604: 1, 605: 1, 606: 1, 607: 1, 608: 1, 609: 1, 61: 1, 610: 1, 611: 1, 612: 1, 613: 1, 614: 1, 615: 1, 616: 1, 617: 1, 618: 1, 619: 1, 62: 1, 620: 1, 621: 1, 622: 1, 623: 1, 624: 1, 625: 1, 626: 1, 627: 1, 628: 1, 629: 1, 63: 1, 630: 1, 631: 1, 632: 1, 633: 1, 634: 1, 635: 1, 636: 1, 637: 1, 638: 1, 639: 1, 64: 1, 640: 1, 641: 1, 642: 1, 643: 1, 644: 1, 645: 1, 646: 1, 647: 1, 648: 1, 649: 1, 65: 1, 650: 1, 651: 1, 652: 1, 653: 1, 654: 1, 655: 1, 656: 1, 657: 1, 658: 1, 659: 1, 66: 1, 660: 1, 661: 1, 662: 1, 663: 1, 664: 1, 665: 1, 666: 1, 667: 1, 668: 1, 669: 1, 67: 1, 670: 1, 671: 1, 672: 1, 673: 1, 674: 1, 675: 1, 676: 1, 677: 1, 678: 1, 679: 1, 68: 1, 680: 1, 681: 1, 682: 1, 683: 1, 684: 1, 685: 1, 686: 1, 687: 1, 688: 1, 689: 1, 69: 1, 690: 1, 691: 1, 692: 1, 693: 1, 694: 1, 695: 1, 696: 1, 697: 1, 698: 1, 699: 1, 7: 1, 70: 1, 700: 1, 701: 1, 702: 1, 703: 1, 704: 1, 705: 1, 706: 1, 707: 1, 708: 1, 709: 1, 71: 1, 710: 1, 711: 1, 712: 1, 713: 1, 714: 1, 715: 1, 716: 1, 717: 1, 718: 1, 719: 1, 72: 1, 720: 1, 721: 1, 722: 1, 723: 1, 724: 1, 725: 1, 726: 1, 727: 1, 728: 1, 729: 1, 73: 1, 730: 1, 731: 1, 732: 1, 733: 1, 734: 1, 735: 1, 736: 1, 737: 1, 738: 1, 739: 1, 74: 1, 740: 1, 741: 1, 742: 1, 743: 1, 744: 1, 745: 1, 746: 1, 747: 1, 748: 1, 749: 1, 75: 1, 750: 1, 751: 1, 752: 1, 753: 1, 754: 1, 755: 1, 756: 1, 757: 1, 758: 1, 759: 1, 76: 1, 760: 1, 761: 1, 762: 1, 763: 1, 764: 1, 765: 1, 766: 1, 767: 1, 768: 1, 769: 1, 77: 1, 770: 1, 771: 1, 772: 1, 773: 1, 774: 1, 775: 1, 776: 1, 777: 1, 778: 1, 779: 1, 78: 1, 780: 1, 781: 1, 782: 1, 783: 1, 784: 1, 785: 1, 786: 1, 787: 1, 788: 1, 789: 1, 79: 1, 790: 1, 791: 1, 792: 1, 793: 1, 794: 1, 795: 1, 796: 1, 797: 1, 798: 1, 799: 1, 8: 1, 80: 1, 800: 1, 801: 1, 802: 1, 803: 1, 804: 1, 805: 1, 806: 1, 807: 1, 808: 1, 809: 1, 81: 1, 810: 1, 811: 1, 812: 1, 813: 1, 814: 1, 815: 1, 816: 1, 817: 1, 818: 1, 819: 1, 82: 1, 820: 1, 821: 1, 822: 1, 823: 1, 824: 1, 825: 1, 826: 1, 827: 1, 828: 1, 829: 1, 83: 1, 830: 1, 831: 1, 832: 1, 833: 1, 834: 1, 835: 1, 836: 1, 837: 1, 838: 1, 839: 1, 84: 1, 840: 1, 841: 1, 842: 1, 843: 1, 844: 1, 845: 1, 846: 1, 847: 1, 848: 1, 849: 1, 85: 1, 850: 1, 851: 1, 852: 1, 853: 1, 854: 1, 855: 1, 856: 1, 857: 1, 858: 1, 859: 1, 86: 1, 860: 1, 861: 1, 862: 1, 863: 1, 864: 1, 865: 1, 866: 1, 867: 1, 868: 1, 869: 1, 87: 1, 870: 1, 871: 1, 872: 1, 873: 1, 874: 1, 875: 1, 876: 1, 877: 1, 878: 1, 879: 1, 88: 1, 880: 1, 881: 1, 882: 1, 883: 1, 884: 1, 885: 1, 886: 1, 887: 1, 888: 1, 889: 1, 89: 1, 890: 1, 891: 1, 892: 1, 893: 1, 894: 1, 895: 1, 896: 1, 897: 1, 898: 1, 899: 1, 9: 1, 90: 1, 900: 1, 901: 1, 902: 1, 903: 1, 904: 1, 905: 1, 906: 1, 907: 1, 908: 1, 909: 1, 91: 1, 910: 1, 911: 1, 912: 1, 913: 1, 914: 1, 915: 1, 916: 1, 917: 1, 918: 1, 919: 1, 92: 1, 920: 1, 921: 1, 922: 1, 923: 1, 924: 1, 925: 1, 926: 1, 927: 1, 928: 1, 929: 1, 93: 1, 930: 1, 931: 1, 932: 1, 933: 1, 934: 1, 935: 1, 936: 1, 937: 1, 938: 1, 939: 1, 94: 1, 940: 1, 941: 1, 942: 1, 943: 1, 944: 1, 945: 1, 946: 1, 947: 1, 948: 1, 949: 1, 95: 1, 950: 1, 951: 1, 952: 1, 953: 1, 954: 1, 955: 1, 956: 1, 957: 1, 958: 1, 959: 1, 96: 1, 960: 1, 961: 1, 962: 1, 963: 1, 964: 1, 965: 1, 966: 1, 967: 1, 968: 1, 969: 1, 97: 1, 970: 1, 971: 1, 972: 1, 973: 1, 974: 1, 975: 1, 976: 1, 977: 1, 978: 1, 979: 1, 98: 1, 980: 1, 981: 1, 982: 1, 983: 1, 984: 1, 985: 1, 986: 1, 987: 1, 988: 1, 989: 1, 99: 1, 990: 1, 991: 1, 992: 1, 993: 1, 994: 1, 995: 1, 996: 1, 997: 1, 998: 1, 999: 1}
Max score: 158.36523367012248
Compute cells: 6071
Game step:      [16243948it                 23280.1it/s ]
Done score:     [158.4it                    4.4s/it     ]
Compute steps:  [2030507it                  2910.0it/s  ]
Iterations:     [42% 212it/500              3.3s/it     ]
Cells:          [6073it                     8.7it/s     ]
Time (seconds): [ 2%   697it/43200          1.0s/it     ]
Game step:      [16406170it                 23166.7it/s ]
Done score:     [158.4it                    4.5s/it     ]
Compute steps:  [2049108it                  2893.5it/s  ]
Iterations:     [43% 214it/500              3.3s/it     ]
Cells:          [6080it                     8.6it/s     ]
Time (seconds): [ 2%   708it/43200          1.0s/it     ]
Game step:      [16728710it                 23289.7it/s ]
Done score:     [158.4it                    4.5s/it     ]
Compute steps:  [2086846it                  2905.3it/s  ]
Iterations:     [44% 218it/500              3.3s/it     ]
Cells:          [6095it                     8.5it/s     ]
Time (seconds): [ 2%   718it/43200          1.0s/it     ]
Game step:      [16967038it                 23227.3it/s ]
Done score:     [158.4it                    4.6s/it     ]
Compute steps:  [2114874it                  2895.2it/s  ]
Iterations:     [44% 221it/500              3.3s/it     ]
Cells:          [6110it                     8.4it/s     ]
Time (seconds): [ 2%   730it/43200          1.0s/it     ]
Game step:      [17125507it                 23122.9it/s ]
Done score:     [158.4it                    4.7s/it     ]
Compute steps:  [2133412it                  2880.5it/s  ]
Iterations:     [45% 223it/500              3.3s/it     ]
Cells:          [6116it                     8.3it/s     ]
Time (seconds): [ 2%   740it/43200          1.0s/it     ]
Max score:      [158.7it                    4.7s/it     ]
Game step:      [17524106it                 23101.8it/s ]
Done score:     [158.7it                    4.8s/it     ]
Compute steps:  [2180457it                  2874.5it/s  ]
Iterations:     [46% 228it/500              3.3s/it     ]
Cells:          [6132it                     8.1it/s     ]
Time (seconds): [ 2%   758it/43200          1.0s/it     ]
Game step:      [17924351it                 23093.2it/s ]
Done score:     [158.7it                    4.9s/it     ]
Compute steps:  [2227248it                  2869.5it/s  ]
Iterations:     [47% 233it/500              3.3s/it     ]
Cells:          [6139it                     7.9it/s     ]
Time (seconds): [ 2%   776it/43200          1.0s/it     ]
Game step:      [18243719it                 23201.0it/s ]
Done score:     [158.7it                    5.0s/it     ]
Compute steps:  [2264589it                  2879.9it/s  ]
Iterations:     [47% 237it/500              3.3s/it     ]
Cells:          [6149it                     7.8it/s     ]
Time (seconds): [ 2%   786it/43200          1.0s/it     ]
Game step:      [18405466it                 23104.8it/s ]
Done score:     [158.7it                    5.0s/it     ]
Compute steps:  [2283503it                  2866.5it/s  ]
Iterations:     [48% 239it/500              3.3s/it     ]
Cells:          [6151it                     7.7it/s     ]
Time (seconds): [ 2%   796it/43200          1.0s/it     ]
Game step:      [18729027it                 23065.5it/s ]
Done score:     [158.7it                    5.1s/it     ]
Compute steps:  [2320940it                  2858.3it/s  ]
Iterations:     [49% 243it/500              3.3s/it     ]
Cells:          [6157it                     7.6it/s     ]
Time (seconds): [ 2%   812it/43200          1.0it/s     ]
Game step:      [19050121it                 23014.2it/s ]
Done score:     [158.7it                    5.2s/it     ]
Compute steps:  [2357586it                  2848.2it/s  ]
Iterations:     [49% 247it/500              3.4s/it     ]
Cells:          [6164it                     7.4it/s     ]
Time (seconds): [ 2%   827it/43200          1.0s/it     ]
Game step:      [19371452it                 23111.6it/s ]
Done score:     [158.7it                    5.3s/it     ]
Compute steps:  [2395004it                  2857.4it/s  ]
Iterations:     [50% 251it/500              3.3s/it     ]
Cells:          [6175it                     7.4it/s     ]
Time (seconds): [ 2%   838it/43200          1.0s/it     ]
Game step:      [19528900it                 23015.3it/s ]
Done score:     [158.7it                    5.3s/it     ]
Compute steps:  [2414229it                  2845.2it/s  ]
Iterations:     [51% 253it/500              3.4s/it     ]
Cells:          [6183it                     7.3it/s     ]
Time (seconds): [ 2%   848it/43200          1.0s/it     ]
Game step:      [19846147it                 22964.5it/s ]
Done score:     [158.7it                    5.4s/it     ]
Compute steps:  [2451608it                  2836.8it/s  ]
Iterations:     [51% 257it/500              3.4s/it     ]
Cells:          [6189it                     7.2it/s     ]
Time (seconds): [ 2%   864it/43200          1.0s/it     ]
Game step:      [20165870it                 23056.1it/s ]
Done score:     [158.7it                    5.5s/it     ]
Compute steps:  [2489518it                  2846.3it/s  ]
Iterations:     [52% 261it/500              3.4s/it     ]
Cells:          [6194it                     7.1it/s     ]
Time (seconds): [ 2%   874it/43200          1.0s/it     ]
Game step:      [20327000it                 22958.8it/s ]
Done score:     [158.7it                    5.6s/it     ]
Compute steps:  [2508927it                  2833.8it/s  ]
Iterations:     [53% 263it/500              3.4s/it     ]
Cells:          [6197it                     7.0it/s     ]
Time (seconds): [ 2%   885it/43200          1.0s/it     ]
Max score:      [158.9it                    5.6s/it     ]
Game step:      [20649806it                 23055.8it/s ]
Done score:     [158.9it                    5.6s/it     ]
Compute steps:  [2545644it                  2842.2it/s  ]
Iterations:     [53% 267it/500              3.4s/it     ]
Cells:          [6210it                     6.9it/s     ]
Time (seconds): [ 2%   895it/43200          1.0s/it     ]
Game step:      [20809474it                 22969.9it/s ]
Done score:     [158.9it                    5.7s/it     ]
Compute steps:  [2563985it                  2830.2it/s  ]
Iterations:     [54% 269it/500              3.4s/it     ]
Cells:          [6213it                     6.9it/s     ]
Time (seconds): [ 2%   906it/43200          1.0it/s     ]
Game step:      [21050740it                 22898.5it/s ]
Done score:     [158.9it                    5.8s/it     ]
Compute steps:  [2592082it                  2819.6it/s  ]
Iterations:     [54% 272it/500              3.4s/it     ]
Cells:          [6216it                     6.8it/s     ]
Time (seconds): [ 2%   919it/43200          1.0s/it     ]
Game step:      [21370285it                 22983.0it/s ]
Done score:     [158.9it                    5.9s/it     ]
Compute steps:  [2629485it                  2827.9it/s  ]
Iterations:     [55% 276it/500              3.4s/it     ]
Cells:          [6228it                     6.7it/s     ]
Time (seconds): [ 2%   929it/43200          1.0s/it     ]
Game step:      [21531667it                 22889.0it/s ]
Done score:     [158.9it                    5.9s/it     ]
Compute steps:  [2648451it                  2815.4it/s  ]
Iterations:     [56% 278it/500              3.4s/it     ]
Cells:          [6233it                     6.6it/s     ]
Time (seconds): [ 2%   940it/43200          1.0s/it     ]
Game step:      [21856687it                 22973.4it/s ]
Done score:     [158.9it                    6.0s/it     ]
Compute steps:  [2685502it                  2822.7it/s  ]
Iterations:     [56% 282it/500              3.4s/it     ]
Cells:          [6239it                     6.6it/s     ]
Time (seconds): [ 2%   951it/43200          1.0s/it     ]
Game step:      [22015508it                 22888.8it/s ]
Done score:     [158.9it                    6.1s/it     ]
Compute steps:  [2704450it                  2811.7it/s  ]
Iterations:     [57% 284it/500              3.4s/it     ]
Cells:          [6245it                     6.5it/s     ]
Time (seconds): [ 2%   961it/43200          1.0s/it     ]
Max score:      [158.9it                    6.1s/it     ]
Game step:      [22336351it                 22842.8it/s ]
Done score:     [158.9it                    6.2s/it     ]
Compute steps:  [2742520it                  2804.7it/s  ]
Iterations:     [58% 288it/500              3.4s/it     ]
Cells:          [6255it                     6.4it/s     ]
Time (seconds): [ 2%   977it/43200          1.0s/it     ]
Game step:      [22654147it                 22922.7it/s ]
Done score:     [158.9it                    6.2s/it     ]
Compute steps:  [2780082it                  2813.0it/s  ]
Iterations:     [58% 292it/500              3.4s/it     ]
Cells:          [6258it                     6.3it/s     ]
Time (seconds): [ 2%   988it/43200          1.0s/it     ]
Game step:      [22811096it                 22839.2it/s ]
Done score:     [158.9it                    6.3s/it     ]
Compute steps:  [2798661it                  2802.1it/s  ]
Iterations:     [59% 294it/500              3.4s/it     ]
Cells:          [6258it                     6.3it/s     ]
Time (seconds): [ 2%   998it/43200          1.0s/it     ]
Game step:      [23129472it                 22793.7it/s ]
Done score:     [158.9it                    6.4s/it     ]
Compute steps:  [2836311it                  2795.1it/s  ]
Iterations:     [60% 298it/500              3.4s/it     ]
Cells:          [6269it                     6.2it/s     ]
Time (seconds): [ 2%  1014it/43200          1.0s/it     ]
Game step:      [23525270it                 22777.2it/s ]
Done score:     [158.9it                    6.5s/it     ]
Compute steps:  [2882791it                  2791.1it/s  ]
Iterations:     [61% 303it/500              3.4s/it     ]
Cells:          [6275it                     6.1it/s     ]
Time (seconds): [ 2%  1032it/43200          1.0s/it     ]
Game step:      [23843768it                 22849.9it/s ]
Done score:     [158.9it                    6.6s/it     ]
Compute steps:  [2920824it                  2799.1it/s  ]
Iterations:     [61% 307it/500              3.4s/it     ]
Cells:          [6282it                     6.0it/s     ]
Time (seconds): [ 2%  1043it/43200          1.0s/it     ]
Game step:      [24003053it                 22762.2it/s ]
Done score:     [158.9it                    6.6s/it     ]
Compute steps:  [2940051it                  2788.1it/s  ]
Iterations:     [62% 309it/500              3.4s/it     ]
Cells:          [6287it                     6.0it/s     ]
Time (seconds): [ 2%  1054it/43200          1.0s/it     ]
Game step:      [24320717it                 22716.0it/s ]
Done score:     [158.9it                    6.7s/it     ]
Compute steps:  [2978038it                  2781.5it/s  ]
Iterations:     [63% 313it/500              3.4s/it     ]
Cells:          [6294it                     5.9it/s     ]
Time (seconds): [ 2%  1070it/43200          1.0s/it     ]
Cells at score: {1: 1, 10: 1, 100: 1, 1000: 1, 1001: 1, 1002: 1, 1003: 1, 1004: 1, 1005: 1, 101: 1, 102: 1, 103: 1, 104: 1, 105: 1, 106: 1, 107: 1, 108: 1, 109: 1, 11: 1, 110: 1, 111: 1, 112: 1, 113: 1, 114: 1, 115: 1, 116: 1, 117: 1, 118: 1, 119: 1, 12: 1, 120: 1, 121: 1, 122: 1, 123: 1, 124: 1, 125: 1, 126: 1, 127: 1, 128: 1, 129: 1, 13: 1, 130: 1, 131: 1, 132: 1, 133: 1, 134: 1, 135: 1, 136: 1, 137: 1, 138: 1, 139: 1, 14: 1, 140: 1, 141: 1, 142: 1, 143: 1, 144: 1, 145: 1, 146: 1, 147: 1, 148: 1, 149: 1, 15: 1, 150: 1, 151: 1, 152: 1, 153: 1, 154: 1, 155: 1, 156: 1, 157: 1, 158: 1, 159: 1, 16: 1, 160: 1, 161: 1, 162: 1, 163: 1, 164: 1, 165: 1, 166: 1, 167: 1, 168: 1, 169: 1, 17: 1, 170: 1, 171: 1, 172: 1, 173: 1, 174: 1, 175: 1, 176: 1, 177: 1, 178: 1, 179: 1, 18: 1, 180: 1, 181: 1, 182: 1, 183: 1, 184: 1, 185: 1, 186: 1, 187: 1, 188: 1, 189: 1, 19: 1, 190: 1, 191: 1, 192: 1, 193: 1, 194: 1, 195: 1, 196: 1, 197: 1, 198: 1, 199: 1, 2: 1, 20: 1, 200: 1, 201: 1, 202: 1, 203: 1, 204: 1, 205: 1, 206: 1, 207: 1, 208: 1, 209: 1, 21: 1, 210: 1, 211: 1, 212: 1, 213: 1, 214: 1, 215: 1, 216: 1, 217: 1, 218: 1, 219: 1, 22: 1, 220: 1, 221: 1, 222: 1, 223: 1, 224: 1, 225: 1, 226: 1, 227: 1, 228: 1, 229: 1, 23: 1, 230: 1, 231: 1, 232: 1, 233: 1, 234: 1, 235: 1, 236: 1, 237: 1, 238: 1, 239: 1, 24: 1, 240: 1, 241: 1, 242: 1, 243: 1, 244: 1, 245: 1, 246: 1, 247: 1, 248: 1, 249: 1, 25: 1, 250: 1, 251: 1, 252: 1, 253: 1, 254: 1, 255: 1, 256: 1, 257: 1, 258: 1, 259: 1, 26: 1, 260: 1, 261: 1, 262: 1, 263: 1, 264: 1, 265: 1, 266: 1, 267: 1, 268: 1, 269: 1, 27: 1, 270: 1, 271: 1, 272: 1, 273: 1, 274: 1, 275: 1, 276: 1, 277: 1, 278: 1, 279: 1, 28: 1, 280: 1, 281: 1, 282: 1, 283: 1, 284: 1, 285: 1, 286: 1, 287: 1, 288: 1, 289: 1, 29: 1, 290: 1, 291: 1, 292: 1, 293: 1, 294: 1, 295: 1, 296: 1, 297: 1, 298: 1, 299: 1, 3: 1, 30: 1, 300: 1, 301: 1, 302: 1, 303: 1, 304: 1, 305: 1, 306: 1, 307: 1, 308: 1, 309: 1, 31: 1, 310: 1, 311: 1, 312: 1, 313: 1, 314: 1, 315: 1, 316: 1, 317: 1, 318: 1, 319: 1, 32: 1, 320: 1, 321: 1, 322: 1, 323: 1, 324: 1, 325: 1, 326: 1, 327: 1, 328: 1, 329: 1, 33: 1, 330: 1, 331: 1, 332: 1, 333: 1, 334: 1, 335: 1, 336: 1, 337: 1, 338: 1, 339: 1, 34: 1, 340: 1, 341: 1, 342: 1, 343: 1, 344: 1, 345: 1, 346: 1, 347: 1, 348: 1, 349: 1, 35: 1, 350: 1, 351: 1, 352: 1, 353: 1, 354: 1, 355: 1, 356: 1, 357: 1, 358: 1, 359: 1, 36: 1, 360: 1, 361: 1, 362: 1, 363: 1, 364: 1, 365: 1, 366: 1, 367: 1, 368: 1, 369: 1, 37: 1, 370: 1, 371: 1, 372: 1, 373: 1, 374: 1, 375: 1, 376: 1, 377: 1, 378: 1, 379: 1, 38: 1, 380: 1, 381: 1, 382: 1, 383: 1, 384: 1, 385: 1, 386: 1, 387: 1, 388: 1, 389: 1, 39: 1, 390: 1, 391: 1, 392: 1, 393: 1, 394: 1, 395: 1, 396: 1, 397: 1, 398: 1, 399: 1, 4: 1, 40: 1, 400: 1, 401: 1, 402: 1, 403: 1, 404: 1, 405: 1, 406: 1, 407: 1, 408: 1, 409: 1, 41: 1, 410: 1, 411: 1, 412: 1, 413: 1, 414: 1, 415: 1, 416: 1, 417: 1, 418: 1, 419: 1, 42: 1, 420: 1, 421: 1, 422: 1, 423: 1, 424: 1, 425: 1, 426: 1, 427: 1, 428: 1, 429: 1, 43: 1, 430: 1, 431: 1, 432: 1, 433: 1, 434: 1, 435: 1, 436: 1, 437: 1, 438: 1, 439: 1, 44: 1, 440: 1, 441: 1, 442: 1, 443: 1, 444: 1, 445: 1, 446: 1, 447: 1, 448: 1, 449: 1, 45: 1, 450: 1, 451: 1, 452: 1, 453: 1, 454: 1, 455: 1, 456: 1, 457: 1, 458: 1, 459: 1, 46: 1, 460: 1, 461: 1, 462: 1, 463: 1, 464: 1, 465: 1, 466: 1, 467: 1, 468: 1, 469: 1, 47: 1, 470: 1, 471: 1, 472: 1, 473: 1, 474: 1, 475: 1, 476: 1, 477: 1, 478: 1, 479: 1, 48: 1, 480: 1, 481: 1, 482: 1, 483: 1, 484: 1, 485: 1, 486: 1, 487: 1, 488: 1, 489: 1, 49: 1, 490: 1, 491: 1, 492: 1, 493: 1, 494: 1, 495: 1, 496: 1, 497: 1, 498: 1, 499: 1, 5: 1, 50: 1, 500: 1, 501: 1, 502: 1, 503: 1, 504: 1, 505: 1, 506: 1, 507: 1, 508: 1, 509: 1, 51: 1, 510: 1, 511: 1, 512: 1, 513: 1, 514: 1, 515: 1, 516: 1, 517: 1, 518: 1, 519: 1, 52: 1, 520: 1, 521: 1, 522: 1, 523: 1, 524: 1, 525: 1, 526: 1, 527: 1, 528: 1, 529: 1, 53: 1, 530: 1, 531: 1, 532: 1, 533: 1, 534: 1, 535: 1, 536: 1, 537: 1, 538: 1, 539: 1, 54: 1, 540: 1, 541: 1, 542: 1, 543: 1, 544: 1, 545: 1, 546: 1, 547: 1, 548: 1, 549: 1, 55: 1, 550: 1, 551: 1, 552: 1, 553: 1, 554: 1, 555: 1, 556: 1, 557: 1, 558: 1, 559: 1, 56: 1, 560: 1, 561: 1, 562: 1, 563: 1, 564: 1, 565: 1, 566: 1, 567: 1, 568: 1, 569: 1, 57: 1, 570: 1, 571: 1, 572: 1, 573: 1, 574: 1, 575: 1, 576: 1, 577: 1, 578: 1, 579: 1, 58: 1, 580: 1, 581: 1, 582: 1, 583: 1, 584: 1, 585: 1, 586: 1, 587: 1, 588: 1, 589: 1, 59: 1, 590: 1, 591: 1, 592: 1, 593: 1, 594: 1, 595: 1, 596: 1, 597: 1, 598: 1, 599: 1, 6: 1, 60: 1, 600: 1, 601: 1, 602: 1, 603: 1, 604: 1, 605: 1, 606: 1, 607: 1, 608: 1, 609: 1, 61: 1, 610: 1, 611: 1, 612: 1, 613: 1, 614: 1, 615: 1, 616: 1, 617: 1, 618: 1, 619: 1, 62: 1, 620: 1, 621: 1, 622: 1, 623: 1, 624: 1, 625: 1, 626: 1, 627: 1, 628: 1, 629: 1, 63: 1, 630: 1, 631: 1, 632: 1, 633: 1, 634: 1, 635: 1, 636: 1, 637: 1, 638: 1, 639: 1, 64: 1, 640: 1, 641: 1, 642: 1, 643: 1, 644: 1, 645: 1, 646: 1, 647: 1, 648: 1, 649: 1, 65: 1, 650: 1, 651: 1, 652: 1, 653: 1, 654: 1, 655: 1, 656: 1, 657: 1, 658: 1, 659: 1, 66: 1, 660: 1, 661: 1, 662: 1, 663: 1, 664: 1, 665: 1, 666: 1, 667: 1, 668: 1, 669: 1, 67: 1, 670: 1, 671: 1, 672: 1, 673: 1, 674: 1, 675: 1, 676: 1, 677: 1, 678: 1, 679: 1, 68: 1, 680: 1, 681: 1, 682: 1, 683: 1, 684: 1, 685: 1, 686: 1, 687: 1, 688: 1, 689: 1, 69: 1, 690: 1, 691: 1, 692: 1, 693: 1, 694: 1, 695: 1, 696: 1, 697: 1, 698: 1, 699: 1, 7: 1, 70: 1, 700: 1, 701: 1, 702: 1, 703: 1, 704: 1, 705: 1, 706: 1, 707: 1, 708: 1, 709: 1, 71: 1, 710: 1, 711: 1, 712: 1, 713: 1, 714: 1, 715: 1, 716: 1, 717: 1, 718: 1, 719: 1, 72: 1, 720: 1, 721: 1, 722: 1, 723: 1, 724: 1, 725: 1, 726: 1, 727: 1, 728: 1, 729: 1, 73: 1, 730: 1, 731: 1, 732: 1, 733: 1, 734: 1, 735: 1, 736: 1, 737: 1, 738: 1, 739: 1, 74: 1, 740: 1, 741: 1, 742: 1, 743: 1, 744: 1, 745: 1, 746: 1, 747: 1, 748: 1, 749: 1, 75: 1, 750: 1, 751: 1, 752: 1, 753: 1, 754: 1, 755: 1, 756: 1, 757: 1, 758: 1, 759: 1, 76: 1, 760: 1, 761: 1, 762: 1, 763: 1, 764: 1, 765: 1, 766: 1, 767: 1, 768: 1, 769: 1, 77: 1, 770: 1, 771: 1, 772: 1, 773: 1, 774: 1, 775: 1, 776: 1, 777: 1, 778: 1, 779: 1, 78: 1, 780: 1, 781: 1, 782: 1, 783: 1, 784: 1, 785: 1, 786: 1, 787: 1, 788: 1, 789: 1, 79: 1, 790: 1, 791: 1, 792: 1, 793: 1, 794: 1, 795: 1, 796: 1, 797: 1, 798: 1, 799: 1, 8: 1, 80: 1, 800: 1, 801: 1, 802: 1, 803: 1, 804: 1, 805: 1, 806: 1, 807: 1, 808: 1, 809: 1, 81: 1, 810: 1, 811: 1, 812: 1, 813: 1, 814: 1, 815: 1, 816: 1, 817: 1, 818: 1, 819: 1, 82: 1, 820: 1, 821: 1, 822: 1, 823: 1, 824: 1, 825: 1, 826: 1, 827: 1, 828: 1, 829: 1, 83: 1, 830: 1, 831: 1, 832: 1, 833: 1, 834: 1, 835: 1, 836: 1, 837: 1, 838: 1, 839: 1, 84: 1, 840: 1, 841: 1, 842: 1, 843: 1, 844: 1, 845: 1, 846: 1, 847: 1, 848: 1, 849: 1, 85: 1, 850: 1, 851: 1, 852: 1, 853: 1, 854: 1, 855: 1, 856: 1, 857: 1, 858: 1, 859: 1, 86: 1, 860: 1, 861: 1, 862: 1, 863: 1, 864: 1, 865: 1, 866: 1, 867: 1, 868: 1, 869: 1, 87: 1, 870: 1, 871: 1, 872: 1, 873: 1, 874: 1, 875: 1, 876: 1, 877: 1, 878: 1, 879: 1, 88: 1, 880: 1, 881: 1, 882: 1, 883: 1, 884: 1, 885: 1, 886: 1, 887: 1, 888: 1, 889: 1, 89: 1, 890: 1, 891: 1, 892: 1, 893: 1, 894: 1, 895: 1, 896: 1, 897: 1, 898: 1, 899: 1, 9: 1, 90: 1, 900: 1, 901: 1, 902: 1, 903: 1, 904: 1, 905: 1, 906: 1, 907: 1, 908: 1, 909: 1, 91: 1, 910: 1, 911: 1, 912: 1, 913: 1, 914: 1, 915: 1, 916: 1, 917: 1, 918: 1, 919: 1, 92: 1, 920: 1, 921: 1, 922: 1, 923: 1, 924: 1, 925: 1, 926: 1, 927: 1, 928: 1, 929: 1, 93: 1, 930: 1, 931: 1, 932: 1, 933: 1, 934: 1, 935: 1, 936: 1, 937: 1, 938: 1, 939: 1, 94: 1, 940: 1, 941: 1, 942: 1, 943: 1, 944: 1, 945: 1, 946: 1, 947: 1, 948: 1, 949: 1, 95: 1, 950: 1, 951: 1, 952: 1, 953: 1, 954: 1, 955: 1, 956: 1, 957: 1, 958: 1, 959: 1, 96: 1, 960: 1, 961: 1, 962: 1, 963: 1, 964: 1, 965: 1, 966: 1, 967: 1, 968: 1, 969: 1, 97: 1, 970: 1, 971: 1, 972: 1, 973: 1, 974: 1, 975: 1, 976: 1, 977: 1, 978: 1, 979: 1, 98: 1, 980: 1, 981: 1, 982: 1, 983: 1, 984: 1, 985: 1, 986: 1, 987: 1, 988: 1, 989: 1, 99: 1, 990: 1, 991: 1, 992: 1, 993: 1, 994: 1, 995: 1, 996: 1, 997: 1, 998: 1, 999: 1}
Max score: 158.85669348548853
Compute cells: 6296
Game step:      [24641086it                 22709.3it/s ]
Done score:     [158.9it                    6.8s/it     ]
Compute steps:  [3015762it                  2779.3it/s  ]
Iterations:     [63% 317it/500              3.4s/it     ]
Cells:          [6296it                     5.8it/s     ]
Time (seconds): [ 3%  1085it/43200          1.0s/it     ]
Game step:      [24803238it                 22618.0it/s ]
Done score:     [158.9it                    6.9s/it     ]
Compute steps:  [3034519it                  2767.2it/s  ]
Iterations:     [64% 319it/500              3.4s/it     ]
Cells:          [6297it                     5.7it/s     ]
Time (seconds): [ 3%  1096it/43200          1.0s/it     ]
Game step:      [25120298it                 22690.0it/s ]
Done score:     [158.9it                    7.0s/it     ]
Compute steps:  [3072817it                  2775.5it/s  ]
Iterations:     [65% 323it/500              3.4s/it     ]
Cells:          [6304it                     5.7it/s     ]
Time (seconds): [ 3%  1107it/43200          1.0s/it     ]
Game step:      [25280441it                 22612.2it/s ]
Done score:     [158.9it                    7.0s/it     ]
Compute steps:  [3091263it                  2765.0it/s  ]
Iterations:     [65% 325it/500              3.4s/it     ]
Cells:          [6308it                     5.6it/s     ]
Time (seconds): [ 3%  1118it/43200          1.0it/s     ]
Game step:      [25599021it                 22563.9it/s ]
Done score:     [158.9it                    7.1s/it     ]
Compute steps:  [3128455it                  2757.5it/s  ]
Iterations:     [66% 329it/500              3.4s/it     ]
Cells:          [6314it                     5.6it/s     ]
Time (seconds): [ 3%  1134it/43200          1.0s/it     ]
Game step:      [25917182it                 22625.0it/s ]
Done score:     [158.9it                    7.2s/it     ]
Compute steps:  [3166123it                  2763.9it/s  ]
Iterations:     [67% 333it/500              3.4s/it     ]
Cells:          [6321it                     5.5it/s     ]
Time (seconds): [ 3%  1145it/43200          1.0s/it     ]
Game step:      [26077541it                 22541.4it/s ]
Done score:     [158.9it                    7.3s/it     ]
Compute steps:  [3184683it                  2752.8it/s  ]
Iterations:     [67% 335it/500              3.5s/it     ]
Cells:          [6321it                     5.5it/s     ]
Time (seconds): [ 3%  1156it/43200          1.0s/it     ]
Game step:      [26400095it                 22488.3it/s ]
Done score:     [158.9it                    7.4s/it     ]
Compute steps:  [3222378it                  2744.9it/s  ]
Iterations:     [68% 339it/500              3.5s/it     ]
Cells:          [6326it                     5.4it/s     ]
Time (seconds): [ 3%  1174it/43200          1.0it/s     ]
Game step:      [26721490it                 22546.5it/s ]
Done score:     [158.9it                    7.5s/it     ]
Compute steps:  [3259287it                  2750.1it/s  ]
Iterations:     [69% 343it/500              3.5s/it     ]
Cells:          [6330it                     5.3it/s     ]
Time (seconds): [ 3%  1185it/43200          1.0s/it     ]
Game step:      [26883571it                 22467.4it/s ]
Done score:     [158.9it                    7.5s/it     ]
Compute steps:  [3277511it                  2739.1it/s  ]
Iterations:     [69% 345it/500              3.5s/it     ]
Cells:          [6337it                     5.3it/s     ]
Time (seconds): [ 3%  1196it/43200          1.0s/it     ]
Game step:      [27207692it                 22527.0it/s ]
Done score:     [158.9it                    7.6s/it     ]
Compute steps:  [3314850it                  2744.6it/s  ]
Iterations:     [70% 349it/500              3.5s/it     ]
Cells:          [6339it                     5.2it/s     ]
Time (seconds): [ 3%  1207it/43200          1.0s/it     ]
Game step:      [27370098it                 22449.5it/s ]
Done score:     [158.9it                    7.7s/it     ]
Compute steps:  [3333427it                  2734.1it/s  ]
Iterations:     [70% 351it/500              3.5s/it     ]
Cells:          [6341it                     5.2it/s     ]
Time (seconds): [ 3%  1219it/43200          1.0s/it     ]
Game step:      [27689370it                 22393.1it/s ]
Done score:     [158.9it                    7.8s/it     ]
Compute steps:  [3370884it                  2726.1it/s  ]
Iterations:     [71% 355it/500              3.5s/it     ]
Cells:          [6345it                     5.1it/s     ]
Time (seconds): [ 3%  1236it/43200          1.0s/it     ]
Game step:      [28007060it                 22443.1it/s ]
Done score:     [158.9it                    7.9s/it     ]
Compute steps:  [3408316it                  2731.2it/s  ]
Iterations:     [72% 359it/500              3.5s/it     ]
Cells:          [6357it                     5.1it/s     ]
Time (seconds): [ 3%  1247it/43200          1.0s/it     ]
Game step:      [28166430it                 22367.7it/s ]
Done score:     [158.9it                    7.9s/it     ]
Compute steps:  [3426645it                  2721.2it/s  ]
Iterations:     [72% 361it/500              3.5s/it     ]
Cells:          [6360it                     5.1it/s     ]
Time (seconds): [ 3%  1259it/43200          1.0s/it     ]
Game step:      [28487348it                 22431.1it/s ]
Done score:     [158.9it                    8.0s/it     ]
Compute steps:  [3463533it                  2727.2it/s  ]
Iterations:     [73% 365it/500              3.5s/it     ]
Cells:          [6369it                     5.0it/s     ]
Time (seconds): [ 3%  1270it/43200          1.0it/s     ]
Game step:      [28647224it                 22354.3it/s ]
Done score:     [158.9it                    8.1s/it     ]
Compute steps:  [3482513it                  2717.5it/s  ]
Iterations:     [73% 367it/500              3.5s/it     ]
Cells:          [6372it                     5.0it/s     ]
Time (seconds): [ 3%  1281it/43200          1.0s/it     ]
Game step:      [28967407it                 22304.9it/s ]
Done score:     [158.9it                    8.2s/it     ]
Compute steps:  [3519843it                  2710.3it/s  ]
Iterations:     [74% 371it/500              3.5s/it     ]
Cells:          [6379it                     4.9it/s     ]
Time (seconds): [ 3%  1298it/43200          1.0s/it     ]
Game step:      [29285606it                 22357.5it/s ]
Done score:     [158.9it                    8.2s/it     ]
Compute steps:  [3558504it                  2716.7it/s  ]
Iterations:     [75% 375it/500              3.5s/it     ]
Cells:          [6384it                     4.9it/s     ]
Time (seconds): [ 3%  1309it/43200          1.0s/it     ]
Game step:      [29446557it                 22284.0it/s ]
Done score:     [158.9it                    8.3s/it     ]
Compute steps:  [3577161it                  2707.1it/s  ]
Iterations:     [75% 377it/500              3.5s/it     ]
Cells:          [6386it                     4.8it/s     ]
Time (seconds): [ 3%  1321it/43200          1.0s/it     ]
Game step:      [29761126it                 22333.6it/s ]
Done score:     [158.9it                    8.4s/it     ]
Compute steps:  [3614610it                  2712.5it/s  ]
Iterations:     [76% 381it/500              3.5s/it     ]
Cells:          [6391it                     4.8it/s     ]
Time (seconds): [ 3%  1332it/43200          1.0s/it     ]
Game step:      [29922108it                 22250.0it/s ]
Done score:     [158.9it                    8.5s/it     ]
Compute steps:  [3633822it                  2702.1it/s  ]
Iterations:     [77% 383it/500              3.5s/it     ]
Cells:          [6397it                     4.8it/s     ]
Time (seconds): [ 3%  1344it/43200          1.0s/it     ]
Game step:      [30242535it                 22301.4it/s ]
Done score:     [158.9it                    8.5s/it     ]
Compute steps:  [3670602it                  2706.8it/s  ]
Iterations:     [77% 387it/500              3.5s/it     ]
Cells:          [6402it                     4.7it/s     ]
Time (seconds): [ 3%  1356it/43200          1.0s/it     ]
Game step:      [30404188it                 22231.2it/s ]
Done score:     [158.9it                    8.6s/it     ]
Compute steps:  [3689061it                  2697.4it/s  ]
Iterations:     [78% 389it/500              3.5s/it     ]
Cells:          [6404it                     4.7it/s     ]
Time (seconds): [ 3%  1367it/43200          1.0s/it     ]
Game step:      [30723096it                 22185.5it/s ]
Done score:     [158.9it                    8.7s/it     ]
Compute steps:  [3727030it                  2691.3it/s  ]
Iterations:     [79% 393it/500              3.5s/it     ]
Cells:          [6407it                     4.6it/s     ]
Time (seconds): [ 3%  1384it/43200          1.0s/it     ]
Max score:      [159.4it                    8.7s/it     ]
Game step:      [31043684it                 22242.5it/s ]
Done score:     [159.4it                    8.8s/it     ]
Compute steps:  [3763981it                  2696.9it/s  ]
Iterations:     [79% 397it/500              3.5s/it     ]
Cells:          [6415it                     4.6it/s     ]
Time (seconds): [ 3%  1395it/43200          1.0s/it     ]
Game step:      [31204774it                 22171.2it/s ]
Done score:     [159.4it                    8.8s/it     ]
Compute steps:  [3782464it                  2687.5it/s  ]
Iterations:     [80% 399it/500              3.5s/it     ]
Cells:          [6418it                     4.6it/s     ]
Time (seconds): [ 3%  1407it/43200          1.0s/it     ]
Game step:      [31525870it                 22226.8it/s ]
Done score:     [159.4it                    8.9s/it     ]
Compute steps:  [3819372it                  2692.8it/s  ]
Iterations:     [81% 403it/500              3.5s/it     ]
Cells:          [6423it                     4.5it/s     ]
Time (seconds): [ 3%  1418it/43200          1.0s/it     ]
Game step:      [31686816it                 22158.8it/s ]
Done score:     [159.4it                    9.0s/it     ]
Compute steps:  [3837931it                  2683.9it/s  ]
Iterations:     [81% 405it/500              3.5s/it     ]
Cells:          [6428it                     4.5it/s     ]
Time (seconds): [ 3%  1430it/43200          1.0it/s     ]
Game step:      [32008474it                 22114.5it/s ]
Done score:     [159.4it                    9.1s/it     ]
Compute steps:  [3875228it                  2677.4it/s  ]
Iterations:     [82% 409it/500              3.5s/it     ]
Cells:          [6433it                     4.4it/s     ]
Time (seconds): [ 3%  1447it/43200          1.0s/it     ]
Game step:      [32327101it                 22169.4it/s ]
Done score:     [159.4it                    9.1s/it     ]
Compute steps:  [3912789it                  2683.3it/s  ]
Iterations:     [83% 413it/500              3.5s/it     ]
Cells:          [6437it                     4.4it/s     ]
Time (seconds): [ 3%  1458it/43200          1.0s/it     ]
Game step:      [32487195it                 22096.1it/s ]
Done score:     [159.4it                    9.2s/it     ]
Compute steps:  [3931316it                  2673.9it/s  ]
Iterations:     [83% 415it/500              3.5s/it     ]
Cells:          [6439it                     4.4it/s     ]
Time (seconds): [ 3%  1470it/43200          1.0s/it     ]
Game step:      [32809553it                 22147.8it/s ]
Done score:     [159.4it                    9.3s/it     ]
Compute steps:  [3968508it                  2678.9it/s  ]
Iterations:     [84% 419it/500              3.5s/it     ]
Cells:          [6443it                     4.3it/s     ]
Time (seconds): [ 3%  1481it/43200          1.0s/it     ]
Game step:      [32968824it                 22083.1it/s ]
Done score:     [159.4it                    9.4s/it     ]
Compute steps:  [3986931it                  2670.5it/s  ]
Iterations:     [84% 421it/500              3.5s/it     ]
Cells:          [6446it                     4.3it/s     ]
Time (seconds): [ 3%  1493it/43200          1.0it/s     ]
Cells at score: {1: 1, 10: 1, 100: 1, 1000: 1, 1001: 1, 1002: 1, 1003: 1, 1004: 1, 1005: 1, 101: 1, 102: 1, 103: 1, 104: 1, 105: 1, 106: 1, 107: 1, 108: 1, 109: 1, 11: 1, 110: 1, 111: 1, 112: 1, 113: 1, 114: 1, 115: 1, 116: 1, 117: 1, 118: 1, 119: 1, 12: 1, 120: 1, 121: 1, 122: 1, 123: 1, 124: 1, 125: 1, 126: 1, 127: 1, 128: 1, 129: 1, 13: 1, 130: 1, 131: 1, 132: 1, 133: 1, 134: 1, 135: 1, 136: 1, 137: 1, 138: 1, 139: 1, 14: 1, 140: 1, 141: 1, 142: 1, 143: 1, 144: 1, 145: 1, 146: 1, 147: 1, 148: 1, 149: 1, 15: 1, 150: 1, 151: 1, 152: 1, 153: 1, 154: 1, 155: 1, 156: 1, 157: 1, 158: 1, 159: 1, 16: 1, 160: 1, 161: 1, 162: 1, 163: 1, 164: 1, 165: 1, 166: 1, 167: 1, 168: 1, 169: 1, 17: 1, 170: 1, 171: 1, 172: 1, 173: 1, 174: 1, 175: 1, 176: 1, 177: 1, 178: 1, 179: 1, 18: 1, 180: 1, 181: 1, 182: 1, 183: 1, 184: 1, 185: 1, 186: 1, 187: 1, 188: 1, 189: 1, 19: 1, 190: 1, 191: 1, 192: 1, 193: 1, 194: 1, 195: 1, 196: 1, 197: 1, 198: 1, 199: 1, 2: 1, 20: 1, 200: 1, 201: 1, 202: 1, 203: 1, 204: 1, 205: 1, 206: 1, 207: 1, 208: 1, 209: 1, 21: 1, 210: 1, 211: 1, 212: 1, 213: 1, 214: 1, 215: 1, 216: 1, 217: 1, 218: 1, 219: 1, 22: 1, 220: 1, 221: 1, 222: 1, 223: 1, 224: 1, 225: 1, 226: 1, 227: 1, 228: 1, 229: 1, 23: 1, 230: 1, 231: 1, 232: 1, 233: 1, 234: 1, 235: 1, 236: 1, 237: 1, 238: 1, 239: 1, 24: 1, 240: 1, 241: 1, 242: 1, 243: 1, 244: 1, 245: 1, 246: 1, 247: 1, 248: 1, 249: 1, 25: 1, 250: 1, 251: 1, 252: 1, 253: 1, 254: 1, 255: 1, 256: 1, 257: 1, 258: 1, 259: 1, 26: 1, 260: 1, 261: 1, 262: 1, 263: 1, 264: 1, 265: 1, 266: 1, 267: 1, 268: 1, 269: 1, 27: 1, 270: 1, 271: 1, 272: 1, 273: 1, 274: 1, 275: 1, 276: 1, 277: 1, 278: 1, 279: 1, 28: 1, 280: 1, 281: 1, 282: 1, 283: 1, 284: 1, 285: 1, 286: 1, 287: 1, 288: 1, 289: 1, 29: 1, 290: 1, 291: 1, 292: 1, 293: 1, 294: 1, 295: 1, 296: 1, 297: 1, 298: 1, 299: 1, 3: 1, 30: 1, 300: 1, 301: 1, 302: 1, 303: 1, 304: 1, 305: 1, 306: 1, 307: 1, 308: 1, 309: 1, 31: 1, 310: 1, 311: 1, 312: 1, 313: 1, 314: 1, 315: 1, 316: 1, 317: 1, 318: 1, 319: 1, 32: 1, 320: 1, 321: 1, 322: 1, 323: 1, 324: 1, 325: 1, 326: 1, 327: 1, 328: 1, 329: 1, 33: 1, 330: 1, 331: 1, 332: 1, 333: 1, 334: 1, 335: 1, 336: 1, 337: 1, 338: 1, 339: 1, 34: 1, 340: 1, 341: 1, 342: 1, 343: 1, 344: 1, 345: 1, 346: 1, 347: 1, 348: 1, 349: 1, 35: 1, 350: 1, 351: 1, 352: 1, 353: 1, 354: 1, 355: 1, 356: 1, 357: 1, 358: 1, 359: 1, 36: 1, 360: 1, 361: 1, 362: 1, 363: 1, 364: 1, 365: 1, 366: 1, 367: 1, 368: 1, 369: 1, 37: 1, 370: 1, 371: 1, 372: 1, 373: 1, 374: 1, 375: 1, 376: 1, 377: 1, 378: 1, 379: 1, 38: 1, 380: 1, 381: 1, 382: 1, 383: 1, 384: 1, 385: 1, 386: 1, 387: 1, 388: 1, 389: 1, 39: 1, 390: 1, 391: 1, 392: 1, 393: 1, 394: 1, 395: 1, 396: 1, 397: 1, 398: 1, 399: 1, 4: 1, 40: 1, 400: 1, 401: 1, 402: 1, 403: 1, 404: 1, 405: 1, 406: 1, 407: 1, 408: 1, 409: 1, 41: 1, 410: 1, 411: 1, 412: 1, 413: 1, 414: 1, 415: 1, 416: 1, 417: 1, 418: 1, 419: 1, 42: 1, 420: 1, 421: 1, 422: 1, 423: 1, 424: 1, 425: 1, 426: 1, 427: 1, 428: 1, 429: 1, 43: 1, 430: 1, 431: 1, 432: 1, 433: 1, 434: 1, 435: 1, 436: 1, 437: 1, 438: 1, 439: 1, 44: 1, 440: 1, 441: 1, 442: 1, 443: 1, 444: 1, 445: 1, 446: 1, 447: 1, 448: 1, 449: 1, 45: 1, 450: 1, 451: 1, 452: 1, 453: 1, 454: 1, 455: 1, 456: 1, 457: 1, 458: 1, 459: 1, 46: 1, 460: 1, 461: 1, 462: 1, 463: 1, 464: 1, 465: 1, 466: 1, 467: 1, 468: 1, 469: 1, 47: 1, 470: 1, 471: 1, 472: 1, 473: 1, 474: 1, 475: 1, 476: 1, 477: 1, 478: 1, 479: 1, 48: 1, 480: 1, 481: 1, 482: 1, 483: 1, 484: 1, 485: 1, 486: 1, 487: 1, 488: 1, 489: 1, 49: 1, 490: 1, 491: 1, 492: 1, 493: 1, 494: 1, 495: 1, 496: 1, 497: 1, 498: 1, 499: 1, 5: 1, 50: 1, 500: 1, 501: 1, 502: 1, 503: 1, 504: 1, 505: 1, 506: 1, 507: 1, 508: 1, 509: 1, 51: 1, 510: 1, 511: 1, 512: 1, 513: 1, 514: 1, 515: 1, 516: 1, 517: 1, 518: 1, 519: 1, 52: 1, 520: 1, 521: 1, 522: 1, 523: 1, 524: 1, 525: 1, 526: 1, 527: 1, 528: 1, 529: 1, 53: 1, 530: 1, 531: 1, 532: 1, 533: 1, 534: 1, 535: 1, 536: 1, 537: 1, 538: 1, 539: 1, 54: 1, 540: 1, 541: 1, 542: 1, 543: 1, 544: 1, 545: 1, 546: 1, 547: 1, 548: 1, 549: 1, 55: 1, 550: 1, 551: 1, 552: 1, 553: 1, 554: 1, 555: 1, 556: 1, 557: 1, 558: 1, 559: 1, 56: 1, 560: 1, 561: 1, 562: 1, 563: 1, 564: 1, 565: 1, 566: 1, 567: 1, 568: 1, 569: 1, 57: 1, 570: 1, 571: 1, 572: 1, 573: 1, 574: 1, 575: 1, 576: 1, 577: 1, 578: 1, 579: 1, 58: 1, 580: 1, 581: 1, 582: 1, 583: 1, 584: 1, 585: 1, 586: 1, 587: 1, 588: 1, 589: 1, 59: 1, 590: 1, 591: 1, 592: 1, 593: 1, 594: 1, 595: 1, 596: 1, 597: 1, 598: 1, 599: 1, 6: 1, 60: 1, 600: 1, 601: 1, 602: 1, 603: 1, 604: 1, 605: 1, 606: 1, 607: 1, 608: 1, 609: 1, 61: 1, 610: 1, 611: 1, 612: 1, 613: 1, 614: 1, 615: 1, 616: 1, 617: 1, 618: 1, 619: 1, 62: 1, 620: 1, 621: 1, 622: 1, 623: 1, 624: 1, 625: 1, 626: 1, 627: 1, 628: 1, 629: 1, 63: 1, 630: 1, 631: 1, 632: 1, 633: 1, 634: 1, 635: 1, 636: 1, 637: 1, 638: 1, 639: 1, 64: 1, 640: 1, 641: 1, 642: 1, 643: 1, 644: 1, 645: 1, 646: 1, 647: 1, 648: 1, 649: 1, 65: 1, 650: 1, 651: 1, 652: 1, 653: 1, 654: 1, 655: 1, 656: 1, 657: 1, 658: 1, 659: 1, 66: 1, 660: 1, 661: 1, 662: 1, 663: 1, 664: 1, 665: 1, 666: 1, 667: 1, 668: 1, 669: 1, 67: 1, 670: 1, 671: 1, 672: 1, 673: 1, 674: 1, 675: 1, 676: 1, 677: 1, 678: 1, 679: 1, 68: 1, 680: 1, 681: 1, 682: 1, 683: 1, 684: 1, 685: 1, 686: 1, 687: 1, 688: 1, 689: 1, 69: 1, 690: 1, 691: 1, 692: 1, 693: 1, 694: 1, 695: 1, 696: 1, 697: 1, 698: 1, 699: 1, 7: 1, 70: 1, 700: 1, 701: 1, 702: 1, 703: 1, 704: 1, 705: 1, 706: 1, 707: 1, 708: 1, 709: 1, 71: 1, 710: 1, 711: 1, 712: 1, 713: 1, 714: 1, 715: 1, 716: 1, 717: 1, 718: 1, 719: 1, 72: 1, 720: 1, 721: 1, 722: 1, 723: 1, 724: 1, 725: 1, 726: 1, 727: 1, 728: 1, 729: 1, 73: 1, 730: 1, 731: 1, 732: 1, 733: 1, 734: 1, 735: 1, 736: 1, 737: 1, 738: 1, 739: 1, 74: 1, 740: 1, 741: 1, 742: 1, 743: 1, 744: 1, 745: 1, 746: 1, 747: 1, 748: 1, 749: 1, 75: 1, 750: 1, 751: 1, 752: 1, 753: 1, 754: 1, 755: 1, 756: 1, 757: 1, 758: 1, 759: 1, 76: 1, 760: 1, 761: 1, 762: 1, 763: 1, 764: 1, 765: 1, 766: 1, 767: 1, 768: 1, 769: 1, 77: 1, 770: 1, 771: 1, 772: 1, 773: 1, 774: 1, 775: 1, 776: 1, 777: 1, 778: 1, 779: 1, 78: 1, 780: 1, 781: 1, 782: 1, 783: 1, 784: 1, 785: 1, 786: 1, 787: 1, 788: 1, 789: 1, 79: 1, 790: 1, 791: 1, 792: 1, 793: 1, 794: 1, 795: 1, 796: 1, 797: 1, 798: 1, 799: 1, 8: 1, 80: 1, 800: 1, 801: 1, 802: 1, 803: 1, 804: 1, 805: 1, 806: 1, 807: 1, 808: 1, 809: 1, 81: 1, 810: 1, 811: 1, 812: 1, 813: 1, 814: 1, 815: 1, 816: 1, 817: 1, 818: 1, 819: 1, 82: 1, 820: 1, 821: 1, 822: 1, 823: 1, 824: 1, 825: 1, 826: 1, 827: 1, 828: 1, 829: 1, 83: 1, 830: 1, 831: 1, 832: 1, 833: 1, 834: 1, 835: 1, 836: 1, 837: 1, 838: 1, 839: 1, 84: 1, 840: 1, 841: 1, 842: 1, 843: 1, 844: 1, 845: 1, 846: 1, 847: 1, 848: 1, 849: 1, 85: 1, 850: 1, 851: 1, 852: 1, 853: 1, 854: 1, 855: 1, 856: 1, 857: 1, 858: 1, 859: 1, 86: 1, 860: 1, 861: 1, 862: 1, 863: 1, 864: 1, 865: 1, 866: 1, 867: 1, 868: 1, 869: 1, 87: 1, 870: 1, 871: 1, 872: 1, 873: 1, 874: 1, 875: 1, 876: 1, 877: 1, 878: 1, 879: 1, 88: 1, 880: 1, 881: 1, 882: 1, 883: 1, 884: 1, 885: 1, 886: 1, 887: 1, 888: 1, 889: 1, 89: 1, 890: 1, 891: 1, 892: 1, 893: 1, 894: 1, 895: 1, 896: 1, 897: 1, 898: 1, 899: 1, 9: 1, 90: 1, 900: 1, 901: 1, 902: 1, 903: 1, 904: 1, 905: 1, 906: 1, 907: 1, 908: 1, 909: 1, 91: 1, 910: 1, 911: 1, 912: 1, 913: 1, 914: 1, 915: 1, 916: 1, 917: 1, 918: 1, 919: 1, 92: 1, 920: 1, 921: 1, 922: 1, 923: 1, 924: 1, 925: 1, 926: 1, 927: 1, 928: 1, 929: 1, 93: 1, 930: 1, 931: 1, 932: 1, 933: 1, 934: 1, 935: 1, 936: 1, 937: 1, 938: 1, 939: 1, 94: 1, 940: 1, 941: 1, 942: 1, 943: 1, 944: 1, 945: 1, 946: 1, 947: 1, 948: 1, 949: 1, 95: 1, 950: 1, 951: 1, 952: 1, 953: 1, 954: 1, 955: 1, 956: 1, 957: 1, 958: 1, 959: 1, 96: 1, 960: 1, 961: 1, 962: 1, 963: 1, 964: 1, 965: 1, 966: 1, 967: 1, 968: 1, 969: 1, 97: 1, 970: 1, 971: 1, 972: 1, 973: 1, 974: 1, 975: 1, 976: 1, 977: 1, 978: 1, 979: 1, 98: 1, 980: 1, 981: 1, 982: 1, 983: 1, 984: 1, 985: 1, 986: 1, 987: 1, 988: 1, 989: 1, 99: 1, 990: 1, 991: 1, 992: 1, 993: 1, 994: 1, 995: 1, 996: 1, 997: 1, 998: 1, 999: 1}
Max score: 159.443628830441
Compute cells: 6450
Game step:      [33204646it                 22058.1it/s ]
Done score:     [159.4it                    9.4s/it     ]
Compute steps:  [4014716it                  2667.0it/s  ]
Iterations:     [85% 424it/500              3.6s/it     ]
Cells:          [6452it                     4.3it/s     ]
Time (seconds): [ 3%  1505it/43200          1.0s/it     ]
Game step:      [33367195it                 21988.7it/s ]
Done score:     [159.4it                    9.5s/it     ]
Compute steps:  [4033309it                  2657.9it/s  ]
Iterations:     [85% 426it/500              3.6s/it     ]
Cells:          [6455it                     4.3it/s     ]
Time (seconds): [ 4%  1517it/43200          1.0s/it     ]
Game step:      [33686047it                 22037.2it/s ]
Done score:     [159.4it                    9.6s/it     ]
Compute steps:  [4070767it                  2663.1it/s  ]
Iterations:     [86% 430it/500              3.6s/it     ]
Cells:          [6456it                     4.2it/s     ]
Time (seconds): [ 4%  1528it/43200          1.0s/it     ]
Game step:      [33847384it                 21970.9it/s ]
Done score:     [159.4it                    9.7s/it     ]
Compute steps:  [4089632it                  2654.6it/s  ]
Iterations:     [86% 432it/500              3.6s/it     ]
Cells:          [6463it                     4.2it/s     ]
Time (seconds): [ 4%  1540it/43200          1.0s/it     ]
Game step:      [34164329it                 22013.4it/s ]
Done score:     [159.4it                    9.7s/it     ]
Compute steps:  [4127829it                  2659.7it/s  ]
Iterations:     [87% 436it/500              3.6s/it     ]
Cells:          [6472it                     4.2it/s     ]
Time (seconds): [ 4%  1552it/43200          1.0it/s     ]
Game step:      [34325750it                 21951.9it/s ]
Done score:     [159.4it                    9.8s/it     ]
Compute steps:  [4146571it                  2651.8it/s  ]
Iterations:     [88% 438it/500              3.6s/it     ]
Cells:          [6476it                     4.1it/s     ]
Time (seconds): [ 4%  1563it/43200          1.0s/it     ]
Game step:      [34649587it                 22002.4it/s ]
Done score:     [159.4it                    9.9s/it     ]
Compute steps:  [4183517it                  2656.5it/s  ]
Iterations:     [88% 442it/500              3.6s/it     ]
Cells:          [6482it                     4.1it/s     ]
Time (seconds): [ 4%  1574it/43200          1.0s/it     ]
Game step:      [34807598it                 21940.6it/s ]
Done score:     [159.4it                    9.9s/it     ]
Compute steps:  [4202565it                  2649.0it/s  ]
Iterations:     [89% 444it/500              3.6s/it     ]
Cells:          [6486it                     4.1it/s     ]
Time (seconds): [ 4%  1586it/43200          1.0s/it     ]
Game step:      [35132533it                 21900.3it/s ]
Done score:     [159.4it                    10.1s/it    ]
Compute steps:  [4239805it                  2642.9it/s  ]
Iterations:     [90% 448it/500              3.6s/it     ]
Cells:          [6491it                     4.0it/s     ]
Time (seconds): [ 4%  1604it/43200          1.0s/it     ]
Game step:      [35451531it                 21945.5it/s ]
Done score:     [159.4it                    10.1s/it    ]
Compute steps:  [4277311it                  2647.8it/s  ]
Iterations:     [90% 452it/500              3.6s/it     ]
Cells:          [6497it                     4.0it/s     ]
Time (seconds): [ 4%  1615it/43200          1.0s/it     ]
Game step:      [35615775it                 21887.1it/s ]
Done score:     [159.4it                    10.2s/it    ]
Compute steps:  [4295785it                  2639.9it/s  ]
Iterations:     [91% 454it/500              3.6s/it     ]
Cells:          [6501it                     4.0it/s     ]
Time (seconds): [ 4%  1627it/43200          1.0s/it     ]
Game step:      [35935017it                 21931.0it/s ]
Done score:     [159.4it                    10.3s/it    ]
Compute steps:  [4333304it                  2644.6it/s  ]
Iterations:     [92% 458it/500              3.6s/it     ]
Cells:          [6501it                     4.0it/s     ]
Time (seconds): [ 4%  1638it/43200          1.0s/it     ]
Game step:      [36094219it                 21867.7it/s ]
Done score:     [159.4it                    10.4s/it    ]
Compute steps:  [4351922it                  2636.6it/s  ]
Iterations:     [92% 460it/500              3.6s/it     ]
Cells:          [6503it                     3.9it/s     ]
Time (seconds): [ 4%  1650it/43200          1.0s/it     ]
Game step:      [36414811it                 21910.9it/s ]
Done score:     [159.4it                    10.4s/it    ]
Compute steps:  [4389392it                  2641.1it/s  ]
Iterations:     [93% 464it/500              3.6s/it     ]
Cells:          [6508it                     3.9it/s     ]
Time (seconds): [ 4%  1662it/43200          1.0it/s     ]
Game step:      [36573522it                 21848.0it/s ]
Done score:     [159.4it                    10.5s/it    ]
Compute steps:  [4407775it                  2633.1it/s  ]
Iterations:     [93% 466it/500              3.6s/it     ]
Cells:          [6511it                     3.9it/s     ]
Time (seconds): [ 4%  1674it/43200          1.0it/s     ]
Game step:      [36892169it                 21891.4it/s ]
Done score:     [159.4it                    10.6s/it    ]
Compute steps:  [4445454it                  2637.9it/s  ]
Iterations:     [94% 470it/500              3.6s/it     ]
Cells:          [6514it                     3.9it/s     ]
Time (seconds): [ 4%  1685it/43200          1.0s/it     ]
Game step:      [37052320it                 21828.2it/s ]
Done score:     [159.4it                    10.6s/it    ]
Compute steps:  [4463811it                  2629.7it/s  ]
Iterations:     [94% 472it/500              3.6s/it     ]
Cells:          [6516it                     3.8it/s     ]
Time (seconds): [ 4%  1697it/43200          1.0s/it     ]
Game step:      [37372210it                 21871.4it/s ]
Done score:     [159.4it                    10.7s/it    ]
Compute steps:  [4501366it                  2634.3it/s  ]
Iterations:     [95% 476it/500              3.6s/it     ]
Cells:          [6520it                     3.8it/s     ]
Time (seconds): [ 4%  1708it/43200          1.0s/it     ]
Game step:      [37533170it                 21808.8it/s ]
Done score:     [159.4it                    10.8s/it    ]
Compute steps:  [4520162it                  2626.5it/s  ]
Iterations:     [96% 478it/500              3.6s/it     ]
Cells:          [6526it                     3.8it/s     ]
Time (seconds): [ 4%  1721it/43200          1.0s/it     ]
Game step:      [37853068it                 21854.1it/s ]
Done score:     [159.4it                    10.9s/it    ]
Compute steps:  [4558168it                  2631.6it/s  ]
Iterations:     [96% 482it/500              3.6s/it     ]
Cells:          [6530it                     3.8it/s     ]
Time (seconds): [ 4%  1732it/43200          1.0s/it     ]
Game step:      [38011148it                 21794.5it/s ]
Done score:     [159.4it                    10.9s/it    ]
Compute steps:  [4576973it                  2624.3it/s  ]
Iterations:     [97% 484it/500              3.6s/it     ]
Cells:          [6531it                     3.7it/s     ]
Time (seconds): [ 4%  1744it/43200          1.0s/it     ]
Game step:      [38329030it                 21760.0it/s ]
Done score:     [159.4it                    11.0s/it    ]
Compute steps:  [4614846it                  2619.9it/s  ]
Iterations:     [98% 488it/500              3.6s/it     ]
Cells:          [6541it                     3.7it/s     ]
Time (seconds): [ 4%  1761it/43200          1.0s/it     ]
Game step:      [38652086it                 21807.4it/s ]
Done score:     [159.4it                    11.1s/it    ]
Compute steps:  [4652293it                  2624.8it/s  ]
Iterations:     [98% 492it/500              3.6s/it     ]
Cells:          [6545it                     3.7it/s     ]
Time (seconds): [ 4%  1772it/43200          1.0s/it     ]
Game step:      [38811565it                 21742.4it/s ]
Done score:     [159.4it                    11.2s/it    ]
Compute steps:  [4671436it                  2617.0it/s  ]
Iterations:     [99% 494it/500              3.6s/it     ]
Cells:          [6547it                     3.7it/s     ]
Time (seconds): [ 4%  1785it/43200          1.0s/it     ]
Game step:      [39137309it                 21790.0it/s ]
Done score:     [159.4it                    11.3s/it    ]
Compute steps:  [4708481it                  2621.5it/s  ]
Iterations:     [100% 498it/500             3.6s/it     ]
Cells:          [6556it                     3.7it/s     ]
Time (seconds): [ 4%  1796it/43200          1.0s/it     ]
Game step:      [39296962it                 21728.5it/s ]
Done score:     [159.4it                    11.3s/it    ]
Compute steps:  [4727597it                  2614.0it/s  ]
Iterations:     [100% 500it/500             3.6s/it     ]
Cells:          [6562it                     3.6it/s     ]
Time (seconds): [ 4%  1808it/43200          1.0s/it     ]
Cells at score: {1: 1, 10: 1, 100: 1, 1000: 1, 1001: 1, 1002: 1, 1003: 1, 1004: 1, 1005: 1, 101: 1, 102: 1, 103: 1, 104: 1, 105: 1, 106: 1, 107: 1, 108: 1, 109: 1, 11: 1, 110: 1, 111: 1, 112: 1, 113: 1, 114: 1, 115: 1, 116: 1, 117: 1, 118: 1, 119: 1, 12: 1, 120: 1, 121: 1, 122: 1, 123: 1, 124: 1, 125: 1, 126: 1, 127: 1, 128: 1, 129: 1, 13: 1, 130: 1, 131: 1, 132: 1, 133: 1, 134: 1, 135: 1, 136: 1, 137: 1, 138: 1, 139: 1, 14: 1, 140: 1, 141: 1, 142: 1, 143: 1, 144: 1, 145: 1, 146: 1, 147: 1, 148: 1, 149: 1, 15: 1, 150: 1, 151: 1, 152: 1, 153: 1, 154: 1, 155: 1, 156: 1, 157: 1, 158: 1, 159: 1, 16: 1, 160: 1, 161: 1, 162: 1, 163: 1, 164: 1, 165: 1, 166: 1, 167: 1, 168: 1, 169: 1, 17: 1, 170: 1, 171: 1, 172: 1, 173: 1, 174: 1, 175: 1, 176: 1, 177: 1, 178: 1, 179: 1, 18: 1, 180: 1, 181: 1, 182: 1, 183: 1, 184: 1, 185: 1, 186: 1, 187: 1, 188: 1, 189: 1, 19: 1, 190: 1, 191: 1, 192: 1, 193: 1, 194: 1, 195: 1, 196: 1, 197: 1, 198: 1, 199: 1, 2: 1, 20: 1, 200: 1, 201: 1, 202: 1, 203: 1, 204: 1, 205: 1, 206: 1, 207: 1, 208: 1, 209: 1, 21: 1, 210: 1, 211: 1, 212: 1, 213: 1, 214: 1, 215: 1, 216: 1, 217: 1, 218: 1, 219: 1, 22: 1, 220: 1, 221: 1, 222: 1, 223: 1, 224: 1, 225: 1, 226: 1, 227: 1, 228: 1, 229: 1, 23: 1, 230: 1, 231: 1, 232: 1, 233: 1, 234: 1, 235: 1, 236: 1, 237: 1, 238: 1, 239: 1, 24: 1, 240: 1, 241: 1, 242: 1, 243: 1, 244: 1, 245: 1, 246: 1, 247: 1, 248: 1, 249: 1, 25: 1, 250: 1, 251: 1, 252: 1, 253: 1, 254: 1, 255: 1, 256: 1, 257: 1, 258: 1, 259: 1, 26: 1, 260: 1, 261: 1, 262: 1, 263: 1, 264: 1, 265: 1, 266: 1, 267: 1, 268: 1, 269: 1, 27: 1, 270: 1, 271: 1, 272: 1, 273: 1, 274: 1, 275: 1, 276: 1, 277: 1, 278: 1, 279: 1, 28: 1, 280: 1, 281: 1, 282: 1, 283: 1, 284: 1, 285: 1, 286: 1, 287: 1, 288: 1, 289: 1, 29: 1, 290: 1, 291: 1, 292: 1, 293: 1, 294: 1, 295: 1, 296: 1, 297: 1, 298: 1, 299: 1, 3: 1, 30: 1, 300: 1, 301: 1, 302: 1, 303: 1, 304: 1, 305: 1, 306: 1, 307: 1, 308: 1, 309: 1, 31: 1, 310: 1, 311: 1, 312: 1, 313: 1, 314: 1, 315: 1, 316: 1, 317: 1, 318: 1, 319: 1, 32: 1, 320: 1, 321: 1, 322: 1, 323: 1, 324: 1, 325: 1, 326: 1, 327: 1, 328: 1, 329: 1, 33: 1, 330: 1, 331: 1, 332: 1, 333: 1, 334: 1, 335: 1, 336: 1, 337: 1, 338: 1, 339: 1, 34: 1, 340: 1, 341: 1, 342: 1, 343: 1, 344: 1, 345: 1, 346: 1, 347: 1, 348: 1, 349: 1, 35: 1, 350: 1, 351: 1, 352: 1, 353: 1, 354: 1, 355: 1, 356: 1, 357: 1, 358: 1, 359: 1, 36: 1, 360: 1, 361: 1, 362: 1, 363: 1, 364: 1, 365: 1, 366: 1, 367: 1, 368: 1, 369: 1, 37: 1, 370: 1, 371: 1, 372: 1, 373: 1, 374: 1, 375: 1, 376: 1, 377: 1, 378: 1, 379: 1, 38: 1, 380: 1, 381: 1, 382: 1, 383: 1, 384: 1, 385: 1, 386: 1, 387: 1, 388: 1, 389: 1, 39: 1, 390: 1, 391: 1, 392: 1, 393: 1, 394: 1, 395: 1, 396: 1, 397: 1, 398: 1, 399: 1, 4: 1, 40: 1, 400: 1, 401: 1, 402: 1, 403: 1, 404: 1, 405: 1, 406: 1, 407: 1, 408: 1, 409: 1, 41: 1, 410: 1, 411: 1, 412: 1, 413: 1, 414: 1, 415: 1, 416: 1, 417: 1, 418: 1, 419: 1, 42: 1, 420: 1, 421: 1, 422: 1, 423: 1, 424: 1, 425: 1, 426: 1, 427: 1, 428: 1, 429: 1, 43: 1, 430: 1, 431: 1, 432: 1, 433: 1, 434: 1, 435: 1, 436: 1, 437: 1, 438: 1, 439: 1, 44: 1, 440: 1, 441: 1, 442: 1, 443: 1, 444: 1, 445: 1, 446: 1, 447: 1, 448: 1, 449: 1, 45: 1, 450: 1, 451: 1, 452: 1, 453: 1, 454: 1, 455: 1, 456: 1, 457: 1, 458: 1, 459: 1, 46: 1, 460: 1, 461: 1, 462: 1, 463: 1, 464: 1, 465: 1, 466: 1, 467: 1, 468: 1, 469: 1, 47: 1, 470: 1, 471: 1, 472: 1, 473: 1, 474: 1, 475: 1, 476: 1, 477: 1, 478: 1, 479: 1, 48: 1, 480: 1, 481: 1, 482: 1, 483: 1, 484: 1, 485: 1, 486: 1, 487: 1, 488: 1, 489: 1, 49: 1, 490: 1, 491: 1, 492: 1, 493: 1, 494: 1, 495: 1, 496: 1, 497: 1, 498: 1, 499: 1, 5: 1, 50: 1, 500: 1, 501: 1, 502: 1, 503: 1, 504: 1, 505: 1, 506: 1, 507: 1, 508: 1, 509: 1, 51: 1, 510: 1, 511: 1, 512: 1, 513: 1, 514: 1, 515: 1, 516: 1, 517: 1, 518: 1, 519: 1, 52: 1, 520: 1, 521: 1, 522: 1, 523: 1, 524: 1, 525: 1, 526: 1, 527: 1, 528: 1, 529: 1, 53: 1, 530: 1, 531: 1, 532: 1, 533: 1, 534: 1, 535: 1, 536: 1, 537: 1, 538: 1, 539: 1, 54: 1, 540: 1, 541: 1, 542: 1, 543: 1, 544: 1, 545: 1, 546: 1, 547: 1, 548: 1, 549: 1, 55: 1, 550: 1, 551: 1, 552: 1, 553: 1, 554: 1, 555: 1, 556: 1, 557: 1, 558: 1, 559: 1, 56: 1, 560: 1, 561: 1, 562: 1, 563: 1, 564: 1, 565: 1, 566: 1, 567: 1, 568: 1, 569: 1, 57: 1, 570: 1, 571: 1, 572: 1, 573: 1, 574: 1, 575: 1, 576: 1, 577: 1, 578: 1, 579: 1, 58: 1, 580: 1, 581: 1, 582: 1, 583: 1, 584: 1, 585: 1, 586: 1, 587: 1, 588: 1, 589: 1, 59: 1, 590: 1, 591: 1, 592: 1, 593: 1, 594: 1, 595: 1, 596: 1, 597: 1, 598: 1, 599: 1, 6: 1, 60: 1, 600: 1, 601: 1, 602: 1, 603: 1, 604: 1, 605: 1, 606: 1, 607: 1, 608: 1, 609: 1, 61: 1, 610: 1, 611: 1, 612: 1, 613: 1, 614: 1, 615: 1, 616: 1, 617: 1, 618: 1, 619: 1, 62: 1, 620: 1, 621: 1, 622: 1, 623: 1, 624: 1, 625: 1, 626: 1, 627: 1, 628: 1, 629: 1, 63: 1, 630: 1, 631: 1, 632: 1, 633: 1, 634: 1, 635: 1, 636: 1, 637: 1, 638: 1, 639: 1, 64: 1, 640: 1, 641: 1, 642: 1, 643: 1, 644: 1, 645: 1, 646: 1, 647: 1, 648: 1, 649: 1, 65: 1, 650: 1, 651: 1, 652: 1, 653: 1, 654: 1, 655: 1, 656: 1, 657: 1, 658: 1, 659: 1, 66: 1, 660: 1, 661: 1, 662: 1, 663: 1, 664: 1, 665: 1, 666: 1, 667: 1, 668: 1, 669: 1, 67: 1, 670: 1, 671: 1, 672: 1, 673: 1, 674: 1, 675: 1, 676: 1, 677: 1, 678: 1, 679: 1, 68: 1, 680: 1, 681: 1, 682: 1, 683: 1, 684: 1, 685: 1, 686: 1, 687: 1, 688: 1, 689: 1, 69: 1, 690: 1, 691: 1, 692: 1, 693: 1, 694: 1, 695: 1, 696: 1, 697: 1, 698: 1, 699: 1, 7: 1, 70: 1, 700: 1, 701: 1, 702: 1, 703: 1, 704: 1, 705: 1, 706: 1, 707: 1, 708: 1, 709: 1, 71: 1, 710: 1, 711: 1, 712: 1, 713: 1, 714: 1, 715: 1, 716: 1, 717: 1, 718: 1, 719: 1, 72: 1, 720: 1, 721: 1, 722: 1, 723: 1, 724: 1, 725: 1, 726: 1, 727: 1, 728: 1, 729: 1, 73: 1, 730: 1, 731: 1, 732: 1, 733: 1, 734: 1, 735: 1, 736: 1, 737: 1, 738: 1, 739: 1, 74: 1, 740: 1, 741: 1, 742: 1, 743: 1, 744: 1, 745: 1, 746: 1, 747: 1, 748: 1, 749: 1, 75: 1, 750: 1, 751: 1, 752: 1, 753: 1, 754: 1, 755: 1, 756: 1, 757: 1, 758: 1, 759: 1, 76: 1, 760: 1, 761: 1, 762: 1, 763: 1, 764: 1, 765: 1, 766: 1, 767: 1, 768: 1, 769: 1, 77: 1, 770: 1, 771: 1, 772: 1, 773: 1, 774: 1, 775: 1, 776: 1, 777: 1, 778: 1, 779: 1, 78: 1, 780: 1, 781: 1, 782: 1, 783: 1, 784: 1, 785: 1, 786: 1, 787: 1, 788: 1, 789: 1, 79: 1, 790: 1, 791: 1, 792: 1, 793: 1, 794: 1, 795: 1, 796: 1, 797: 1, 798: 1, 799: 1, 8: 1, 80: 1, 800: 1, 801: 1, 802: 1, 803: 1, 804: 1, 805: 1, 806: 1, 807: 1, 808: 1, 809: 1, 81: 1, 810: 1, 811: 1, 812: 1, 813: 1, 814: 1, 815: 1, 816: 1, 817: 1, 818: 1, 819: 1, 82: 1, 820: 1, 821: 1, 822: 1, 823: 1, 824: 1, 825: 1, 826: 1, 827: 1, 828: 1, 829: 1, 83: 1, 830: 1, 831: 1, 832: 1, 833: 1, 834: 1, 835: 1, 836: 1, 837: 1, 838: 1, 839: 1, 84: 1, 840: 1, 841: 1, 842: 1, 843: 1, 844: 1, 845: 1, 846: 1, 847: 1, 848: 1, 849: 1, 85: 1, 850: 1, 851: 1, 852: 1, 853: 1, 854: 1, 855: 1, 856: 1, 857: 1, 858: 1, 859: 1, 86: 1, 860: 1, 861: 1, 862: 1, 863: 1, 864: 1, 865: 1, 866: 1, 867: 1, 868: 1, 869: 1, 87: 1, 870: 1, 871: 1, 872: 1, 873: 1, 874: 1, 875: 1, 876: 1, 877: 1, 878: 1, 879: 1, 88: 1, 880: 1, 881: 1, 882: 1, 883: 1, 884: 1, 885: 1, 886: 1, 887: 1, 888: 1, 889: 1, 89: 1, 890: 1, 891: 1, 892: 1, 893: 1, 894: 1, 895: 1, 896: 1, 897: 1, 898: 1, 899: 1, 9: 1, 90: 1, 900: 1, 901: 1, 902: 1, 903: 1, 904: 1, 905: 1, 906: 1, 907: 1, 908: 1, 909: 1, 91: 1, 910: 1, 911: 1, 912: 1, 913: 1, 914: 1, 915: 1, 916: 1, 917: 1, 918: 1, 919: 1, 92: 1, 920: 1, 921: 1, 922: 1, 923: 1, 924: 1, 925: 1, 926: 1, 927: 1, 928: 1, 929: 1, 93: 1, 930: 1, 931: 1, 932: 1, 933: 1, 934: 1, 935: 1, 936: 1, 937: 1, 938: 1, 939: 1, 94: 1, 940: 1, 941: 1, 942: 1, 943: 1, 944: 1, 945: 1, 946: 1, 947: 1, 948: 1, 949: 1, 95: 1, 950: 1, 951: 1, 952: 1, 953: 1, 954: 1, 955: 1, 956: 1, 957: 1, 958: 1, 959: 1, 96: 1, 960: 1, 961: 1, 962: 1, 963: 1, 964: 1, 965: 1, 966: 1, 967: 1, 968: 1, 969: 1, 97: 1, 970: 1, 971: 1, 972: 1, 973: 1, 974: 1, 975: 1, 976: 1, 977: 1, 978: 1, 979: 1, 98: 1, 980: 1, 981: 1, 982: 1, 983: 1, 984: 1, 985: 1, 986: 1, 987: 1, 988: 1, 989: 1, 99: 1, 990: 1, 991: 1, 992: 1, 993: 1, 994: 1, 995: 1, 996: 1, 997: 1, 998: 1, 999: 1}
Max score: 159.443628830441
Compute cells: 6562
Cells:          [6562it                     3.6it/s     ] DONE
Done score:     [159.4it                    11.4s/it    ] DONE
Max score:      [159.4it                    11.4s/it    ] DONE
Game step:      [39296962it                 21686.2it/s ] DONE
Compute steps:  [4727597it                  2608.9it/s  ] DONE
Iterations:     [100% 500it/500             3.6s/it     ] DONE
Time (seconds): [ 4%  1808it/43200          1.0s/it     ] DONE
