Game step:      [10000it                    851.0it/s   ]
Max score:      [1.9it                      6.1s/it     ]
Done score:     [-infit                                 ]
Compute steps:  [10000it                    851.0it/s   ]
Iterations:     [ 0%   1it/500              11.8s/it    ]
Cells:          [7it                        1.7s/it     ]
Time (seconds): [ 0%    12it/43200          1.0it/s     ]
Cells at score: {1: 1, 10: 1, 100: 1, 11: 1, 12: 1, 13: 1, 14: 1, 15: 1, 16: 1, 17: 1, 18: 1, 19: 1, 2: 1, 20: 1, 21: 1, 22: 1, 23: 1, 24: 1, 25: 1, 26: 1, 27: 1, 28: 1, 29: 1, 3: 1, 30: 1, 31: 1, 32: 1, 33: 1, 34: 1, 35: 1, 36: 1, 37: 1, 38: 1, 39: 1, 4: 1, 40: 1, 41: 1, 42: 1, 43: 1, 44: 1, 45: 1, 46: 1, 47: 1, 48: 1, 49: 1, 5: 1, 50: 1, 51: 1, 52: 1, 53: 1, 54: 1, 55: 1, 56: 1, 57: 1, 58: 1, 59: 1, 6: 1, 60: 1, 61: 1, 62: 1, 63: 1, 64: 1, 65: 1, 66: 1, 67: 1, 68: 1, 69: 1, 7: 1, 70: 1, 71: 1, 72: 1, 73: 1, 74: 1, 75: 1, 76: 1, 77: 1, 78: 1, 79: 1, 8: 1, 80: 1, 81: 1, 82: 1, 83: 1, 84: 1, 85: 1, 86: 1, 87: 1, 88: 1, 89: 1, 9: 1, 90: 1, 91: 1, 92: 1, 93: 1, 94: 1, 95: 1, 96: 1, 97: 1, 98: 1, 99: 1}
Max score: 1.9259759188651808
Compute cells: 7
Game step:      [317864it                   14451.7it/s ]
Max score:      [92.4it                     4.2it/s     ]
Done score:     [-infit                                 ]
Compute steps:  [80000it                    3637.2it/s  ]
Iterations:     [ 2%   8it/500              2.7s/it     ]
Cells:          [1658it                     75.4it/s    ]
Time (seconds): [ 0%    22it/43200          1.0it/s     ]
Game step:      [646453it                   19811.0it/s ]
Max score:      [93.2it                     2.9it/s     ]
Done score:     [-infit                                 ]
Compute steps:  [130000it                   3983.6it/s  ]
Iterations:     [ 3%  13it/500              2.5s/it     ]
Cells:          [2547it                     78.0it/s    ]
Time (seconds): [ 0%    33it/43200          1.0it/s     ]
Game step:      [1014150it                  22957.7it/s ]
Max score:      [145.6it                    3.3it/s     ]
Done score:     [145.6it                    3.3it/s     ]
Compute steps:  [179846it                   4071.0it/s  ]
Iterations:     [ 4%  18it/500              2.5s/it     ]
Cells:          [3218it                     72.8it/s    ]
Time (seconds): [ 0%    44it/43200          1.0s/it     ]
Game step:      [1315945it                  24230.2it/s ]
Done score:     [145.7it                    2.7it/s     ]
Compute steps:  [219587it                   4043.2it/s  ]
Iterations:     [ 4%  22it/500              2.5s/it     ]
Cells:          [3515it                     64.7it/s    ]
Time (seconds): [ 0%    54it/43200          1.0s/it     ]
Game step:      [1628421it                  25314.2it/s ]
Max score:      [146.7it                    2.3it/s     ]
Done score:     [146.7it                    2.3it/s     ]
Compute steps:  [259061it                   4027.1it/s  ]
Iterations:     [ 5%  26it/500              2.5s/it     ]
Cells:          [3757it                     58.4it/s    ]
Time (seconds): [ 0%    64it/43200          1.0s/it     ]
Game step:      [1941851it                  25861.3it/s ]
Done score:     [146.9it                    2.0it/s     ]
Compute steps:  [298399it                   3973.9it/s  ]
Iterations:     [ 6%  30it/500              2.5s/it     ]
Cells:          [3972it                     52.9it/s    ]
Time (seconds): [ 0%    75it/43200          1.0s/it     ]
Game step:      [2255681it                  26417.1it/s ]
Done score:     [146.9it                    1.7it/s     ]
Compute steps:  [337210it                   3949.2it/s  ]
Iterations:     [ 7%  34it/500              2.5s/it     ]
Cells:          [4113it                     48.2it/s    ]
Time (seconds): [ 0%    85it/43200          1.0s/it     ]
Max score:      [150.6it                    1.7it/s     ]
Game step:      [2580313it                  26936.6it/s ]
Done score:     [150.6it                    1.6it/s     ]
Compute steps:  [375400it                   3918.8it/s  ]
Iterations:     [ 8%  38it/500              2.5s/it     ]
Cells:          [4237it                     44.2it/s    ]
Time (seconds): [ 0%    96it/43200          1.0it/s     ]
Game step:      [2894957it                  27144.5it/s ]
Max score:      [151.1it                    1.4it/s     ]
Done score:     [151.1it                    1.4it/s     ]
Compute steps:  [413653it                   3878.5it/s  ]
Iterations:     [ 8%  42it/500              2.5s/it     ]
Cells:          [4330it                     40.6it/s    ]
Time (seconds): [ 0%   107it/43200          1.0it/s     ]
Game step:      [3211839it                  27187.5it/s ]
Done score:     [151.1it                    1.3it/s     ]
Compute steps:  [452520it                   3830.4it/s  ]
Iterations:     [ 9%  46it/500              2.6s/it     ]
Cells:          [4432it                     37.5it/s    ]
Time (seconds): [ 0%   118it/43200          1.0s/it     ]
Game step:      [3527869it                  27250.9it/s ]
Max score:      [151.8it                    1.2it/s     ]
Done score:     [151.8it                    1.2it/s     ]
Compute steps:  [491020it                   3792.8it/s  ]
Iterations:     [10%  50it/500              2.6s/it     ]
Cells:          [4497it                     34.7it/s    ]
Time (seconds): [ 0%   130it/43200          1.0it/s     ]
Game step:      [3929153it                  27386.4it/s ]
Done score:     [151.8it                    1.1it/s     ]
Compute steps:  [539093it                   3757.5it/s  ]
Iterations:     [11%  55it/500              2.6s/it     ]
Cells:          [4581it                     31.9it/s    ]
Time (seconds): [ 0%   144it/43200          1.0it/s     ]
Game step:      [4327202it                  27548.6it/s ]
Done score:     [151.8it                    1.0s/it     ]
Compute steps:  [587118it                   3737.8it/s  ]
Iterations:     [12%  60it/500              2.6s/it     ]
Cells:          [4648it                     29.6it/s    ]
Time (seconds): [ 0%   157it/43200          1.0s/it     ]
Game step:      [4648507it                  27718.3it/s ]
Done score:     [151.8it                    1.1s/it     ]
Compute steps:  [624769it                   3725.3it/s  ]
Iterations:     [13%  64it/500              2.6s/it     ]
Cells:          [4681it                     27.9it/s    ]
Time (seconds): [ 0%   168it/43200          1.0it/s     ]
Game step:      [4968602it                  27582.6it/s ]
Done score:     [151.8it                    1.2s/it     ]
Compute steps:  [662659it                   3678.7it/s  ]
Iterations:     [14%  68it/500              2.6s/it     ]
Cells:          [4730it                     26.3it/s    ]
Time (seconds): [ 0%   180it/43200          1.0s/it     ]
Game step:      [5371386it                  27599.8it/s ]
Done score:     [151.8it                    1.3s/it     ]
Compute steps:  [710115it                   3648.7it/s  ]
Iterations:     [15%  73it/500              2.7s/it     ]
Cells:          [4781it                     24.6it/s    ]
Time (seconds): [ 0%   195it/43200          1.0it/s     ]
Game step:      [5691417it                  27802.4it/s ]
Done score:     [151.8it                    1.3s/it     ]
Compute steps:  [747923it                   3653.6it/s  ]
Iterations:     [15%  77it/500              2.7s/it     ]
Cells:          [4812it                     23.5it/s    ]
Time (seconds): [ 0%   205it/43200          1.0it/s     ]
Game step:      [6011725it                  27862.4it/s ]
Done score:     [151.8it                    1.4s/it     ]
Compute steps:  [785338it                   3639.7it/s  ]
Iterations:     [16%  81it/500              2.7s/it     ]
Cells:          [4852it                     22.5it/s    ]
Time (seconds): [ 0%   216it/43200          1.0it/s     ]
Game step:      [6336166it                  27699.2it/s ]
Done score:     [151.8it                    1.5s/it     ]
Compute steps:  [822871it                   3597.2it/s  ]
Iterations:     [17%  85it/500              2.7s/it     ]
Cells:          [4884it                     21.4it/s    ]
Time (seconds): [ 1%   229it/43200          1.0it/s     ]
Game step:      [6655012it                  27804.6it/s ]
Done score:     [151.8it                    1.6s/it     ]
Compute steps:  [861242it                   3598.2it/s  ]
Iterations:     [18%  89it/500              2.7s/it     ]
Cells:          [4911it                     20.5it/s    ]
Time (seconds): [ 1%   239it/43200          1.0s/it     ]
Game step:      [6974667it                  27891.4it/s ]
Done score:     [151.8it                    1.6s/it     ]
Compute steps:  [898908it                   3594.7it/s  ]
Iterations:     [19%  93it/500              2.7s/it     ]
Cells:          [4938it                     19.7it/s    ]
Time (seconds): [ 1%   250it/43200          1.0s/it     ]
Game step:      [7293572it                  27671.1it/s ]
Done score:     [151.8it                    1.7s/it     ]
Compute steps:  [936359it                   3552.4it/s  ]
Iterations:     [19%  97it/500              2.7s/it     ]
Cells:          [4958it                     18.8it/s    ]
Time (seconds): [ 1%   264it/43200          1.0it/s     ]
Game step:      [7613428it                  27651.9it/s ]
Done score:     [151.8it                    1.8s/it     ]
Compute steps:  [973765it                   3536.7it/s  ]
Iterations:     [20% 101it/500              2.7s/it     ]
Cells:          [4980it                     18.1it/s    ]
Time (seconds): [ 1%   275it/43200          1.0s/it     ]
Max score:      [154.0it                    1.8s/it     ]
Cells at score: {1: 1, 10: 1, 100: 1, 1000: 1, 1001: 1, 1002: 1, 1003: 1, 1004: 1, 1005: 1, 101: 1, 102: 1, 103: 1, 104: 1, 105: 1, 106: 1, 107: 1, 108: 1, 109: 1, 11: 1, 110: 1, 111: 1, 112: 1, 113: 1, 114: 1, 115: 1, 116: 1, 117: 1, 118: 1, 119: 1, 12: 1, 120: 1, 121: 1, 122: 1, 123: 1, 124: 1, 125: 1, 126: 1, 127: 1, 128: 1, 129: 1, 13: 1, 130: 1, 131: 1, 132: 1, 133: 1, 134: 1, 135: 1, 136: 1, 137: 1, 138: 1, 139: 1, 14: 1, 140: 1, 141: 1, 142: 1, 143: 1, 144: 1, 145: 1, 146: 1, 147: 1, 148: 1, 149: 1, 15: 1, 150: 1, 151: 1, 152: 1, 153: 1, 154: 1, 155: 1, 156: 1, 157: 1, 158: 1, 159: 1, 16: 1, 160: 1, 161: 1, 162: 1, 163: 1, 164: 1, 165: 1, 166: 1, 167: 1, 168: 1, 169: 1, 17: 1, 170: 1, 171: 1, 172: 1, 173: 1, 174: 1, 175: 1, 176: 1, 177: 1, 178: 1, 179: 1, 18: 1, 180: 1, 181: 1, 182: 1, 183: 1, 184: 1, 185: 1, 186: 1, 187: 1, 188: 1, 189: 1, 19: 1, 190: 1, 191: 1, 192: 1, 193: 1, 194: 1, 195: 1, 196: 1, 197: 1, 198: 1, 199: 1, 2: 1, 20: 1, 200: 1, 201: 1, 202: 1, 203: 1, 204: 1, 205: 1, 206: 1, 207: 1, 208: 1, 209: 1, 21: 1, 210: 1, 211: 1, 212: 1, 213: 1, 214: 1, 215: 1, 216: 1, 217: 1, 218: 1, 219: 1, 22: 1, 220: 1, 221: 1, 222: 1, 223: 1, 224: 1, 225: 1, 226: 1, 227: 1, 228: 1, 229: 1, 23: 1, 230: 1, 231: 1, 232: 1, 233: 1, 234: 1, 235: 1, 236: 1, 237: 1, 238: 1, 239: 1, 24: 1, 240: 1, 241: 1, 242: 1, 243: 1, 244: 1, 245: 1, 246: 1, 247: 1, 248: 1, 249: 1, 25: 1, 250: 1, 251: 1, 252: 1, 253: 1, 254: 1, 255: 1, 256: 1, 257: 1, 258: 1, 259: 1, 26: 1, 260: 1, 261: 1, 262: 1, 263: 1, 264: 1, 265: 1, 266: 1, 267: 1, 268: 1, 269: 1, 27: 1, 270: 1, 271: 1, 272: 1, 273: 1, 274: 1, 275: 1, 276: 1, 277: 1, 278: 1, 279: 1, 28: 1, 280: 1, 281: 1, 282: 1, 283: 1, 284: 1, 285: 1, 286: 1, 287: 1, 288: 1, 289: 1, 29: 1, 290: 1, 291: 1, 292: 1, 293: 1, 294: 1, 295: 1, 296: 1, 297: 1, 298: 1, 299: 1, 3: 1, 30: 1, 300: 1, 301: 1, 302: 1, 303: 1, 304: 1, 305: 1, 306: 1, 307: 1, 308: 1, 309: 1, 31: 1, 310: 1, 311: 1, 312: 1, 313: 1, 314: 1, 315: 1, 316: 1, 317: 1, 318: 1, 319: 1, 32: 1, 320: 1, 321: 1, 322: 1, 323: 1, 324: 1, 325: 1, 326: 1, 327: 1, 328: 1, 329: 1, 33: 1, 330: 1, 331: 1, 332: 1, 333: 1, 334: 1, 335: 1, 336: 1, 337: 1, 338: 1, 339: 1, 34: 1, 340: 1, 341: 1, 342: 1, 343: 1, 344: 1, 345: 1, 346: 1, 347: 1, 348: 1, 349: 1, 35: 1, 350: 1, 351: 1, 352: 1, 353: 1, 354: 1, 355: 1, 356: 1, 357: 1, 358: 1, 359: 1, 36: 1, 360: 1, 361: 1, 362: 1, 363: 1, 364: 1, 365: 1, 366: 1, 367: 1, 368: 1, 369: 1, 37: 1, 370: 1, 371: 1, 372: 1, 373: 1, 374: 1, 375: 1, 376: 1, 377: 1, 378: 1, 379: 1, 38: 1, 380: 1, 381: 1, 382: 1, 383: 1, 384: 1, 385: 1, 386: 1, 387: 1, 388: 1, 389: 1, 39: 1, 390: 1, 391: 1, 392: 1, 393: 1, 394: 1, 395: 1, 396: 1, 397: 1, 398: 1, 399: 1, 4: 1, 40: 1, 400: 1, 401: 1, 402: 1, 403: 1, 404: 1, 405: 1, 406: 1, 407: 1, 408: 1, 409: 1, 41: 1, 410: 1, 411: 1, 412: 1, 413: 1, 414: 1, 415: 1, 416: 1, 417: 1, 418: 1, 419: 1, 42: 1, 420: 1, 421: 1, 422: 1, 423: 1, 424: 1, 425: 1, 426: 1, 427: 1, 428: 1, 429: 1, 43: 1, 430: 1, 431: 1, 432: 1, 433: 1, 434: 1, 435: 1, 436: 1, 437: 1, 438: 1, 439: 1, 44: 1, 440: 1, 441: 1, 442: 1, 443: 1, 444: 1, 445: 1, 446: 1, 447: 1, 448: 1, 449: 1, 45: 1, 450: 1, 451: 1, 452: 1, 453: 1, 454: 1, 455: 1, 456: 1, 457: 1, 458: 1, 459: 1, 46: 1, 460: 1, 461: 1, 462: 1, 463: 1, 464: 1, 465: 1, 466: 1, 467: 1, 468: 1, 469: 1, 47: 1, 470: 1, 471: 1, 472: 1, 473: 1, 474: 1, 475: 1, 476: 1, 477: 1, 478: 1, 479: 1, 48: 1, 480: 1, 481: 1, 482: 1, 483: 1, 484: 1, 485: 1, 486: 1, 487: 1, 488: 1, 489: 1, 49: 1, 490: 1, 491: 1, 492: 1, 493: 1, 494: 1, 495: 1, 496: 1, 497: 1, 498: 1, 499: 1, 5: 1, 50: 1, 500: 1, 501: 1, 502: 1, 503: 1, 504: 1, 505: 1, 506: 1, 507: 1, 508: 1, 509: 1, 51: 1, 510: 1, 511: 1, 512: 1, 513: 1, 514: 1, 515: 1, 516: 1, 517: 1, 518: 1, 519: 1, 52: 1, 520: 1, 521: 1, 522: 1, 523: 1, 524: 1, 525: 1, 526: 1, 527: 1, 528: 1, 529: 1, 53: 1, 530: 1, 531: 1, 532: 1, 533: 1, 534: 1, 535: 1, 536: 1, 537: 1, 538: 1, 539: 1, 54: 1, 540: 1, 541: 1, 542: 1, 543: 1, 544: 1, 545: 1, 546: 1, 547: 1, 548: 1, 549: 1, 55: 1, 550: 1, 551: 1, 552: 1, 553: 1, 554: 1, 555: 1, 556: 1, 557: 1, 558: 1, 559: 1, 56: 1, 560: 1, 561: 1, 562: 1, 563: 1, 564: 1, 565: 1, 566: 1, 567: 1, 568: 1, 569: 1, 57: 1, 570: 1, 571: 1, 572: 1, 573: 1, 574: 1, 575: 1, 576: 1, 577: 1, 578: 1, 579: 1, 58: 1, 580: 1, 581: 1, 582: 1, 583: 1, 584: 1, 585: 1, 586: 1, 587: 1, 588: 1, 589: 1, 59: 1, 590: 1, 591: 1, 592: 1, 593: 1, 594: 1, 595: 1, 596: 1, 597: 1, 598: 1, 599: 1, 6: 1, 60: 1, 600: 1, 601: 1, 602: 1, 603: 1, 604: 1, 605: 1, 606: 1, 607: 1, 608: 1, 609: 1, 61: 1, 610: 1, 611: 1, 612: 1, 613: 1, 614: 1, 615: 1, 616: 1, 617: 1, 618: 1, 619: 1, 62: 1, 620: 1, 621: 1, 622: 1, 623: 1, 624: 1, 625: 1, 626: 1, 627: 1, 628: 1, 629: 1, 63: 1, 630: 1, 631: 1, 632: 1, 633: 1, 634: 1, 635: 1, 636: 1, 637: 1, 638: 1, 639: 1, 64: 1, 640: 1, 641: 1, 642: 1, 643: 1, 644: 1, 645: 1, 646: 1, 647: 1, 648: 1, 649: 1, 65: 1, 650: 1, 651: 1, 652: 1, 653: 1, 654: 1, 655: 1, 656: 1, 657: 1, 658: 1, 659: 1, 66: 1, 660: 1, 661: 1, 662: 1, 663: 1, 664: 1, 665: 1, 666: 1, 667: 1, 668: 1, 669: 1, 67: 1, 670: 1, 671: 1, 672: 1, 673: 1, 674: 1, 675: 1, 676: 1, 677: 1, 678: 1, 679: 1, 68: 1, 680: 1, 681: 1, 682: 1, 683: 1, 684: 1, 685: 1, 686: 1, 687: 1, 688: 1, 689: 1, 69: 1, 690: 1, 691: 1, 692: 1, 693: 1, 694: 1, 695: 1, 696: 1, 697: 1, 698: 1, 699: 1, 7: 1, 70: 1, 700: 1, 701: 1, 702: 1, 703: 1, 704: 1, 705: 1, 706: 1, 707: 1, 708: 1, 709: 1, 71: 1, 710: 1, 711: 1, 712: 1, 713: 1, 714: 1, 715: 1, 716: 1, 717: 1, 718: 1, 719: 1, 72: 1, 720: 1, 721: 1, 722: 1, 723: 1, 724: 1, 725: 1, 726: 1, 727: 1, 728: 1, 729: 1, 73: 1, 730: 1, 731: 1, 732: 1, 733: 1, 734: 1, 735: 1, 736: 1, 737: 1, 738: 1, 739: 1, 74: 1, 740: 1, 741: 1, 742: 1, 743: 1, 744: 1, 745: 1, 746: 1, 747: 1, 748: 1, 749: 1, 75: 1, 750: 1, 751: 1, 752: 1, 753: 1, 754: 1, 755: 1, 756: 1, 757: 1, 758: 1, 759: 1, 76: 1, 760: 1, 761: 1, 762: 1, 763: 1, 764: 1, 765: 1, 766: 1, 767: 1, 768: 1, 769: 1, 77: 1, 770: 1, 771: 1, 772: 1, 773: 1, 774: 1, 775: 1, 776: 1, 777: 1, 778: 1, 779: 1, 78: 1, 780: 1, 781: 1, 782: 1, 783: 1, 784: 1, 785: 1, 786: 1, 787: 1, 788: 1, 789: 1, 79: 1, 790: 1, 791: 1, 792: 1, 793: 1, 794: 1, 795: 1, 796: 1, 797: 1, 798: 1, 799: 1, 8: 1, 80: 1, 800: 1, 801: 1, 802: 1, 803: 1, 804: 1, 805: 1, 806: 1, 807: 1, 808: 1, 809: 1, 81: 1, 810: 1, 811: 1, 812: 1, 813: 1, 814: 1, 815: 1, 816: 1, 817: 1, 818: 1, 819: 1, 82: 1, 820: 1, 821: 1, 822: 1, 823: 1, 824: 1, 825: 1, 826: 1, 827: 1, 828: 1, 829: 1, 83: 1, 830: 1, 831: 1, 832: 1, 833: 1, 834: 1, 835: 1, 836: 1, 837: 1, 838: 1, 839: 1, 84: 1, 840: 1, 841: 1, 842: 1, 843: 1, 844: 1, 845: 1, 846: 1, 847: 1, 848: 1, 849: 1, 85: 1, 850: 1, 851: 1, 852: 1, 853: 1, 854: 1, 855: 1, 856: 1, 857: 1, 858: 1, 859: 1, 86: 1, 860: 1, 861: 1, 862: 1, 863: 1, 864: 1, 865: 1, 866: 1, 867: 1, 868: 1, 869: 1, 87: 1, 870: 1, 871: 1, 872: 1, 873: 1, 874: 1, 875: 1, 876: 1, 877: 1, 878: 1, 879: 1, 88: 1, 880: 1, 881: 1, 882: 1, 883: 1, 884: 1, 885: 1, 886: 1, 887: 1, 888: 1, 889: 1, 89: 1, 890: 1, 891: 1, 892: 1, 893: 1, 894: 1, 895: 1, 896: 1, 897: 1, 898: 1, 899: 1, 9: 1, 90: 1, 900: 1, 901: 1, 902: 1, 903: 1, 904: 1, 905: 1, 906: 1, 907: 1, 908: 1, 909: 1, 91: 1, 910: 1, 911: 1, 912: 1, 913: 1, 914: 1, 915: 1, 916: 1, 917: 1, 918: 1, 919: 1, 92: 1, 920: 1, 921: 1, 922: 1, 923: 1, 924: 1, 925: 1, 926: 1, 927: 1, 928: 1, 929: 1, 93: 1, 930: 1, 931: 1, 932: 1, 933: 1, 934: 1, 935: 1, 936: 1, 937: 1, 938: 1, 939: 1, 94: 1, 940: 1, 941: 1, 942: 1, 943: 1, 944: 1, 945: 1, 946: 1, 947: 1, 948: 1, 949: 1, 95: 1, 950: 1, 951: 1, 952: 1, 953: 1, 954: 1, 955: 1, 956: 1, 957: 1, 958: 1, 959: 1, 96: 1, 960: 1, 961: 1, 962: 1, 963: 1, 964: 1, 965: 1, 966: 1, 967: 1, 968: 1, 969: 1, 97: 1, 970: 1, 971: 1, 972: 1, 973: 1, 974: 1, 975: 1, 976: 1, 977: 1, 978: 1, 979: 1, 98: 1, 980: 1, 981: 1, 982: 1, 983: 1, 984: 1, 985: 1, 986: 1, 987: 1, 988: 1, 989: 1, 99: 1, 990: 1, 991: 1, 992: 1, 993: 1, 994: 1, 995: 1, 996: 1, 997: 1, 998: 1, 999: 1}
Max score: 154.0496236293145
Compute cells: 4998
Game step:      [7933999it                  27401.9it/s ]
Done score:     [154.0it                    1.9s/it     ]
Compute steps:  [1011456it                  3493.3it/s  ]
Iterations:     [21% 105it/500              2.8s/it     ]
Cells:          [5008it                     17.3it/s    ]
Time (seconds): [ 1%   290it/43200          1.0it/s     ]
Game step:      [8252133it                  27446.2it/s ]
Done score:     [154.0it                    2.0s/it     ]
Compute steps:  [1048597it                  3487.6it/s  ]
Iterations:     [22% 109it/500              2.8s/it     ]
Cells:          [5031it                     16.7it/s    ]
Time (seconds): [ 1%   301it/43200          1.0it/s     ]
Game step:      [8569060it                  27464.1it/s ]
Max score:      [154.2it                    2.0s/it     ]
Done score:     [154.2it                    2.0s/it     ]
Compute steps:  [1086347it                  3481.8it/s  ]
Iterations:     [23% 113it/500              2.8s/it     ]
Cells:          [5052it                     16.2it/s    ]
Time (seconds): [ 1%   312it/43200          1.0s/it     ]
Game step:      [8890231it                  27229.5it/s ]
Done score:     [154.2it                    2.1s/it     ]
Compute steps:  [1122895it                  3439.2it/s  ]
Iterations:     [23% 117it/500              2.8s/it     ]
Cells:          [5075it                     15.5it/s    ]
Time (seconds): [ 1%   327it/43200          1.0it/s     ]
Game step:      [9207989it                  27324.2it/s ]
Done score:     [154.2it                    2.2s/it     ]
Compute steps:  [1159951it                  3442.1it/s  ]
Iterations:     [24% 121it/500              2.8s/it     ]
Cells:          [5095it                     15.1it/s    ]
Time (seconds): [ 1%   337it/43200          1.0it/s     ]
Max score:      [154.5it                    2.2s/it     ]
Game step:      [9528206it                  27344.1it/s ]
Done score:     [154.5it                    2.3s/it     ]
Compute steps:  [1197365it                  3436.2it/s  ]
Iterations:     [25% 125it/500              2.8s/it     ]
Cells:          [5110it                     14.7it/s    ]
Time (seconds): [ 1%   349it/43200          1.0it/s     ]
Game step:      [9844076it                  27329.1it/s ]
Done score:     [154.5it                    2.3s/it     ]
Compute steps:  [1235352it                  3429.6it/s  ]
Iterations:     [26% 129it/500              2.8s/it     ]
Cells:          [5133it                     14.3it/s    ]
Time (seconds): [ 1%   360it/43200          1.0s/it     ]
Game step:      [10161605it                 27346.8it/s ]
Done score:     [154.5it                    2.4s/it     ]
Compute steps:  [1273509it                  3427.2it/s  ]
Iterations:     [27% 133it/500              2.8s/it     ]
Cells:          [5149it                     13.9it/s    ]
Time (seconds): [ 1%   372it/43200          1.0it/s     ]
Game step:      [10482883it                 27362.6it/s ]
Done score:     [154.5it                    2.5s/it     ]
Compute steps:  [1310351it                  3420.3it/s  ]
Iterations:     [27% 137it/500              2.8s/it     ]
Cells:          [5160it                     13.5it/s    ]
Time (seconds): [ 1%   383it/43200          1.0s/it     ]
Game step:      [10726395it                 27285.6it/s ]
Done score:     [154.5it                    2.5s/it     ]
Compute steps:  [1338168it                  3404.0it/s  ]
Iterations:     [28% 140it/500              2.8s/it     ]
Cells:          [5171it                     13.2it/s    ]
Time (seconds): [ 1%   393it/43200          1.0s/it     ]
Game step:      [11048796it                 27292.4it/s ]
Done score:     [154.5it                    2.6s/it     ]
Compute steps:  [1374565it                  3395.4it/s  ]
Iterations:     [29% 144it/500              2.8s/it     ]
Cells:          [5182it                     12.8it/s    ]
Time (seconds): [ 1%   405it/43200          1.0it/s     ]
Game step:      [11369639it                 27294.4it/s ]
Done score:     [154.5it                    2.7s/it     ]
Compute steps:  [1412083it                  3389.9it/s  ]
Iterations:     [30% 148it/500              2.8s/it     ]
Cells:          [5195it                     12.5it/s    ]
Time (seconds): [ 1%   417it/43200          1.0it/s     ]
Game step:      [11691946it                 27294.2it/s ]
Done score:     [154.5it                    2.8s/it     ]
Compute steps:  [1448631it                  3381.7it/s  ]
Iterations:     [30% 152it/500              2.8s/it     ]
Cells:          [5205it                     12.2it/s    ]
Time (seconds): [ 1%   428it/43200          1.0s/it     ]
Game step:      [12014879it                 27082.0it/s ]
Done score:     [154.5it                    2.9s/it     ]
Compute steps:  [1485229it                  3347.7it/s  ]
Iterations:     [31% 156it/500              2.8s/it     ]
Cells:          [5212it                     11.7it/s    ]
Time (seconds): [ 1%   444it/43200          1.0it/s     ]
Game step:      [12337501it                 27083.2it/s ]
Max score:      [155.2it                    2.9s/it     ]
Done score:     [155.2it                    2.9s/it     ]
Compute steps:  [1521911it                  3340.9it/s  ]
Iterations:     [32% 160it/500              2.8s/it     ]
Cells:          [5218it                     11.5it/s    ]
Time (seconds): [ 1%   456it/43200          1.0it/s     ]
Game step:      [12659924it                 27080.8it/s ]
Done score:     [155.2it                    3.0s/it     ]
Compute steps:  [1559148it                  3335.1it/s  ]
Iterations:     [33% 164it/500              2.9s/it     ]
Cells:          [5227it                     11.2it/s    ]
Time (seconds): [ 1%   468it/43200          1.0it/s     ]
Game step:      [12904272it                 27013.3it/s ]
Done score:     [155.2it                    3.1s/it     ]
Compute steps:  [1587082it                  3322.3it/s  ]
Iterations:     [33% 167it/500              2.9s/it     ]
Cells:          [5241it                     11.0it/s    ]
Time (seconds): [ 1%   478it/43200          1.0it/s     ]
Max score:      [155.7it                    3.1s/it     ]
Game step:      [13226534it                 26999.2it/s ]
Done score:     [155.7it                    3.1s/it     ]
Compute steps:  [1624486it                  3316.0it/s  ]
Iterations:     [34% 171it/500              2.9s/it     ]
Cells:          [5251it                     10.7it/s    ]
Time (seconds): [ 1%   490it/43200          1.0it/s     ]
Game step:      [13549843it                 26978.0it/s ]
Done score:     [155.7it                    3.2s/it     ]
Compute steps:  [1662491it                  3310.1it/s  ]
Iterations:     [35% 175it/500              2.9s/it     ]
Cells:          [5262it                     10.5it/s    ]
Time (seconds): [ 1%   502it/43200          1.0s/it     ]
Game step:      [13872558it                 26947.7it/s ]
Done score:     [155.7it                    3.3s/it     ]
Compute steps:  [1698665it                  3299.7it/s  ]
Iterations:     [36% 179it/500              2.9s/it     ]
Cells:          [5274it                     10.2it/s    ]
Time (seconds): [ 1%   515it/43200          1.0it/s     ]
Max score:      [155.9it                    3.3s/it     ]
Game step:      [14193261it                 26930.0it/s ]
Done score:     [155.9it                    3.4s/it     ]
Compute steps:  [1735891it                  3293.6it/s  ]
Iterations:     [37% 183it/500              2.9s/it     ]
Cells:          [5289it                     10.0it/s    ]
Time (seconds): [ 1%   527it/43200          1.0s/it     ]
Game step:      [14515383it                 26921.2it/s ]
Done score:     [155.9it                    3.5s/it     ]
Compute steps:  [1772576it                  3287.5it/s  ]
Iterations:     [37% 187it/500              2.9s/it     ]
Cells:          [5297it                     9.8it/s     ]
Time (seconds): [ 1%   539it/43200          1.0s/it     ]
Game step:      [14915670it                 26950.0it/s ]
Done score:     [155.9it                    3.5s/it     ]
Compute steps:  [1819625it                  3287.7it/s  ]
Iterations:     [38% 192it/500              2.9s/it     ]
Cells:          [5313it                     9.6it/s     ]
Time (seconds): [ 1%   554it/43200          1.0it/s     ]
Game step:      [15161127it                 26884.3it/s ]
Done score:     [155.9it                    3.6s/it     ]
Compute steps:  [1847318it                  3275.7it/s  ]
Iterations:     [39% 195it/500              2.9s/it     ]
Cells:          [5324it                     9.4it/s     ]
Time (seconds): [ 1%   564it/43200          1.0it/s     ]
Game step:      [15564820it                 26901.5it/s ]
Done score:     [155.9it                    3.7s/it     ]
Compute steps:  [1893941it                  3273.4it/s  ]
Iterations:     [40% 200it/500              2.9s/it     ]
Cells:          [5335it                     9.2it/s     ]
Time (seconds): [ 1%   579it/43200          1.0it/s     ]
Game step:      [15885017it                 26892.7it/s ]
Done score:     [155.9it                    3.8s/it     ]
Compute steps:  [1930310it                  3267.9it/s  ]
Iterations:     [41% 204it/500              2.9s/it     ]
Cells:          [5343it                     9.0it/s     ]
Time (seconds): [ 1%   591it/43200          1.0it/s     ]
Game step:      [16205848it                 26873.3it/s ]
Done score:     [155.9it                    3.9s/it     ]
Compute steps:  [1967651it                  3262.8it/s  ]
Iterations:     [42% 208it/500              2.9s/it     ]
Cells:          [5353it                     8.9it/s     ]
Time (seconds): [ 1%   603it/43200          1.0s/it     ]
Game step:      [16532169it                 26854.0it/s ]
Done score:     [155.9it                    3.9s/it     ]
Compute steps:  [2004665it                  3256.3it/s  ]
Iterations:     [42% 212it/500              2.9s/it     ]
Cells:          [5364it                     8.7it/s     ]
Time (seconds): [ 1%   616it/43200          1.0it/s     ]
Cells at score: {1: 1, 10: 1, 100: 1, 1000: 1, 1001: 1, 1002: 1, 1003: 1, 1004: 1, 1005: 1, 101: 1, 102: 1, 103: 1, 104: 1, 105: 1, 106: 1, 107: 1, 108: 1, 109: 1, 11: 1, 110: 1, 111: 1, 112: 1, 113: 1, 114: 1, 115: 1, 116: 1, 117: 1, 118: 1, 119: 1, 12: 1, 120: 1, 121: 1, 122: 1, 123: 1, 124: 1, 125: 1, 126: 1, 127: 1, 128: 1, 129: 1, 13: 1, 130: 1, 131: 1, 132: 1, 133: 1, 134: 1, 135: 1, 136: 1, 137: 1, 138: 1, 139: 1, 14: 1, 140: 1, 141: 1, 142: 1, 143: 1, 144: 1, 145: 1, 146: 1, 147: 1, 148: 1, 149: 1, 15: 1, 150: 1, 151: 1, 152: 1, 153: 1, 154: 1, 155: 1, 156: 1, 157: 1, 158: 1, 159: 1, 16: 1, 160: 1, 161: 1, 162: 1, 163: 1, 164: 1, 165: 1, 166: 1, 167: 1, 168: 1, 169: 1, 17: 1, 170: 1, 171: 1, 172: 1, 173: 1, 174: 1, 175: 1, 176: 1, 177: 1, 178: 1, 179: 1, 18: 1, 180: 1, 181: 1, 182: 1, 183: 1, 184: 1, 185: 1, 186: 1, 187: 1, 188: 1, 189: 1, 19: 1, 190: 1, 191: 1, 192: 1, 193: 1, 194: 1, 195: 1, 196: 1, 197: 1, 198: 1, 199: 1, 2: 1, 20: 1, 200: 1, 201: 1, 202: 1, 203: 1, 204: 1, 205: 1, 206: 1, 207: 1, 208: 1, 209: 1, 21: 1, 210: 1, 211: 1, 212: 1, 213: 1, 214: 1, 215: 1, 216: 1, 217: 1, 218: 1, 219: 1, 22: 1, 220: 1, 221: 1, 222: 1, 223: 1, 224: 1, 225: 1, 226: 1, 227: 1, 228: 1, 229: 1, 23: 1, 230: 1, 231: 1, 232: 1, 233: 1, 234: 1, 235: 1, 236: 1, 237: 1, 238: 1, 239: 1, 24: 1, 240: 1, 241: 1, 242: 1, 243: 1, 244: 1, 245: 1, 246: 1, 247: 1, 248: 1, 249: 1, 25: 1, 250: 1, 251: 1, 252: 1, 253: 1, 254: 1, 255: 1, 256: 1, 257: 1, 258: 1, 259: 1, 26: 1, 260: 1, 261: 1, 262: 1, 263: 1, 264: 1, 265: 1, 266: 1, 267: 1, 268: 1, 269: 1, 27: 1, 270: 1, 271: 1, 272: 1, 273: 1, 274: 1, 275: 1, 276: 1, 277: 1, 278: 1, 279: 1, 28: 1, 280: 1, 281: 1, 282: 1, 283: 1, 284: 1, 285: 1, 286: 1, 287: 1, 288: 1, 289: 1, 29: 1, 290: 1, 291: 1, 292: 1, 293: 1, 294: 1, 295: 1, 296: 1, 297: 1, 298: 1, 299: 1, 3: 1, 30: 1, 300: 1, 301: 1, 302: 1, 303: 1, 304: 1, 305: 1, 306: 1, 307: 1, 308: 1, 309: 1, 31: 1, 310: 1, 311: 1, 312: 1, 313: 1, 314: 1, 315: 1, 316: 1, 317: 1, 318: 1, 319: 1, 32: 1, 320: 1, 321: 1, 322: 1, 323: 1, 324: 1, 325: 1, 326: 1, 327: 1, 328: 1, 329: 1, 33: 1, 330: 1, 331: 1, 332: 1, 333: 1, 334: 1, 335: 1, 336: 1, 337: 1, 338: 1, 339: 1, 34: 1, 340: 1, 341: 1, 342: 1, 343: 1, 344: 1, 345: 1, 346: 1, 347: 1, 348: 1, 349: 1, 35: 1, 350: 1, 351: 1, 352: 1, 353: 1, 354: 1, 355: 1, 356: 1, 357: 1, 358: 1, 359: 1, 36: 1, 360: 1, 361: 1, 362: 1, 363: 1, 364: 1, 365: 1, 366: 1, 367: 1, 368: 1, 369: 1, 37: 1, 370: 1, 371: 1, 372: 1, 373: 1, 374: 1, 375: 1, 376: 1, 377: 1, 378: 1, 379: 1, 38: 1, 380: 1, 381: 1, 382: 1, 383: 1, 384: 1, 385: 1, 386: 1, 387: 1, 388: 1, 389: 1, 39: 1, 390: 1, 391: 1, 392: 1, 393: 1, 394: 1, 395: 1, 396: 1, 397: 1, 398: 1, 399: 1, 4: 1, 40: 1, 400: 1, 401: 1, 402: 1, 403: 1, 404: 1, 405: 1, 406: 1, 407: 1, 408: 1, 409: 1, 41: 1, 410: 1, 411: 1, 412: 1, 413: 1, 414: 1, 415: 1, 416: 1, 417: 1, 418: 1, 419: 1, 42: 1, 420: 1, 421: 1, 422: 1, 423: 1, 424: 1, 425: 1, 426: 1, 427: 1, 428: 1, 429: 1, 43: 1, 430: 1, 431: 1, 432: 1, 433: 1, 434: 1, 435: 1, 436: 1, 437: 1, 438: 1, 439: 1, 44: 1, 440: 1, 441: 1, 442: 1, 443: 1, 444: 1, 445: 1, 446: 1, 447: 1, 448: 1, 449: 1, 45: 1, 450: 1, 451: 1, 452: 1, 453: 1, 454: 1, 455: 1, 456: 1, 457: 1, 458: 1, 459: 1, 46: 1, 460: 1, 461: 1, 462: 1, 463: 1, 464: 1, 465: 1, 466: 1, 467: 1, 468: 1, 469: 1, 47: 1, 470: 1, 471: 1, 472: 1, 473: 1, 474: 1, 475: 1, 476: 1, 477: 1, 478: 1, 479: 1, 48: 1, 480: 1, 481: 1, 482: 1, 483: 1, 484: 1, 485: 1, 486: 1, 487: 1, 488: 1, 489: 1, 49: 1, 490: 1, 491: 1, 492: 1, 493: 1, 494: 1, 495: 1, 496: 1, 497: 1, 498: 1, 499: 1, 5: 1, 50: 1, 500: 1, 501: 1, 502: 1, 503: 1, 504: 1, 505: 1, 506: 1, 507: 1, 508: 1, 509: 1, 51: 1, 510: 1, 511: 1, 512: 1, 513: 1, 514: 1, 515: 1, 516: 1, 517: 1, 518: 1, 519: 1, 52: 1, 520: 1, 521: 1, 522: 1, 523: 1, 524: 1, 525: 1, 526: 1, 527: 1, 528: 1, 529: 1, 53: 1, 530: 1, 531: 1, 532: 1, 533: 1, 534: 1, 535: 1, 536: 1, 537: 1, 538: 1, 539: 1, 54: 1, 540: 1, 541: 1, 542: 1, 543: 1, 544: 1, 545: 1, 546: 1, 547: 1, 548: 1, 549: 1, 55: 1, 550: 1, 551: 1, 552: 1, 553: 1, 554: 1, 555: 1, 556: 1, 557: 1, 558: 1, 559: 1, 56: 1, 560: 1, 561: 1, 562: 1, 563: 1, 564: 1, 565: 1, 566: 1, 567: 1, 568: 1, 569: 1, 57: 1, 570: 1, 571: 1, 572: 1, 573: 1, 574: 1, 575: 1, 576: 1, 577: 1, 578: 1, 579: 1, 58: 1, 580: 1, 581: 1, 582: 1, 583: 1, 584: 1, 585: 1, 586: 1, 587: 1, 588: 1, 589: 1, 59: 1, 590: 1, 591: 1, 592: 1, 593: 1, 594: 1, 595: 1, 596: 1, 597: 1, 598: 1, 599: 1, 6: 1, 60: 1, 600: 1, 601: 1, 602: 1, 603: 1, 604: 1, 605: 1, 606: 1, 607: 1, 608: 1, 609: 1, 61: 1, 610: 1, 611: 1, 612: 1, 613: 1, 614: 1, 615: 1, 616: 1, 617: 1, 618: 1, 619: 1, 62: 1, 620: 1, 621: 1, 622: 1, 623: 1, 624: 1, 625: 1, 626: 1, 627: 1, 628: 1, 629: 1, 63: 1, 630: 1, 631: 1, 632: 1, 633: 1, 634: 1, 635: 1, 636: 1, 637: 1, 638: 1, 639: 1, 64: 1, 640: 1, 641: 1, 642: 1, 643: 1, 644: 1, 645: 1, 646: 1, 647: 1, 648: 1, 649: 1, 65: 1, 650: 1, 651: 1, 652: 1, 653: 1, 654: 1, 655: 1, 656: 1, 657: 1, 658: 1, 659: 1, 66: 1, 660: 1, 661: 1, 662: 1, 663: 1, 664: 1, 665: 1, 666: 1, 667: 1, 668: 1, 669: 1, 67: 1, 670: 1, 671: 1, 672: 1, 673: 1, 674: 1, 675: 1, 676: 1, 677: 1, 678: 1, 679: 1, 68: 1, 680: 1, 681: 1, 682: 1, 683: 1, 684: 1, 685: 1, 686: 1, 687: 1, 688: 1, 689: 1, 69: 1, 690: 1, 691: 1, 692: 1, 693: 1, 694: 1, 695: 1, 696: 1, 697: 1, 698: 1, 699: 1, 7: 1, 70: 1, 700: 1, 701: 1, 702: 1, 703: 1, 704: 1, 705: 1, 706: 1, 707: 1, 708: 1, 709: 1, 71: 1, 710: 1, 711: 1, 712: 1, 713: 1, 714: 1, 715: 1, 716: 1, 717: 1, 718: 1, 719: 1, 72: 1, 720: 1, 721: 1, 722: 1, 723: 1, 724: 1, 725: 1, 726: 1, 727: 1, 728: 1, 729: 1, 73: 1, 730: 1, 731: 1, 732: 1, 733: 1, 734: 1, 735: 1, 736: 1, 737: 1, 738: 1, 739: 1, 74: 1, 740: 1, 741: 1, 742: 1, 743: 1, 744: 1, 745: 1, 746: 1, 747: 1, 748: 1, 749: 1, 75: 1, 750: 1, 751: 1, 752: 1, 753: 1, 754: 1, 755: 1, 756: 1, 757: 1, 758: 1, 759: 1, 76: 1, 760: 1, 761: 1, 762: 1, 763: 1, 764: 1, 765: 1, 766: 1, 767: 1, 768: 1, 769: 1, 77: 1, 770: 1, 771: 1, 772: 1, 773: 1, 774: 1, 775: 1, 776: 1, 777: 1, 778: 1, 779: 1, 78: 1, 780: 1, 781: 1, 782: 1, 783: 1, 784: 1, 785: 1, 786: 1, 787: 1, 788: 1, 789: 1, 79: 1, 790: 1, 791: 1, 792: 1, 793: 1, 794: 1, 795: 1, 796: 1, 797: 1, 798: 1, 799: 1, 8: 1, 80: 1, 800: 1, 801: 1, 802: 1, 803: 1, 804: 1, 805: 1, 806: 1, 807: 1, 808: 1, 809: 1, 81: 1, 810: 1, 811: 1, 812: 1, 813: 1, 814: 1, 815: 1, 816: 1, 817: 1, 818: 1, 819: 1, 82: 1, 820: 1, 821: 1, 822: 1, 823: 1, 824: 1, 825: 1, 826: 1, 827: 1, 828: 1, 829: 1, 83: 1, 830: 1, 831: 1, 832: 1, 833: 1, 834: 1, 835: 1, 836: 1, 837: 1, 838: 1, 839: 1, 84: 1, 840: 1, 841: 1, 842: 1, 843: 1, 844: 1, 845: 1, 846: 1, 847: 1, 848: 1, 849: 1, 85: 1, 850: 1, 851: 1, 852: 1, 853: 1, 854: 1, 855: 1, 856: 1, 857: 1, 858: 1, 859: 1, 86: 1, 860: 1, 861: 1, 862: 1, 863: 1, 864: 1, 865: 1, 866: 1, 867: 1, 868: 1, 869: 1, 87: 1, 870: 1, 871: 1, 872: 1, 873: 1, 874: 1, 875: 1, 876: 1, 877: 1, 878: 1, 879: 1, 88: 1, 880: 1, 881: 1, 882: 1, 883: 1, 884: 1, 885: 1, 886: 1, 887: 1, 888: 1, 889: 1, 89: 1, 890: 1, 891: 1, 892: 1, 893: 1, 894: 1, 895: 1, 896: 1, 897: 1, 898: 1, 899: 1, 9: 1, 90: 1, 900: 1, 901: 1, 902: 1, 903: 1, 904: 1, 905: 1, 906: 1, 907: 1, 908: 1, 909: 1, 91: 1, 910: 1, 911: 1, 912: 1, 913: 1, 914: 1, 915: 1, 916: 1, 917: 1, 918: 1, 919: 1, 92: 1, 920: 1, 921: 1, 922: 1, 923: 1, 924: 1, 925: 1, 926: 1, 927: 1, 928: 1, 929: 1, 93: 1, 930: 1, 931: 1, 932: 1, 933: 1, 934: 1, 935: 1, 936: 1, 937: 1, 938: 1, 939: 1, 94: 1, 940: 1, 941: 1, 942: 1, 943: 1, 944: 1, 945: 1, 946: 1, 947: 1, 948: 1, 949: 1, 95: 1, 950: 1, 951: 1, 952: 1, 953: 1, 954: 1, 955: 1, 956: 1, 957: 1, 958: 1, 959: 1, 96: 1, 960: 1, 961: 1, 962: 1, 963: 1, 964: 1, 965: 1, 966: 1, 967: 1, 968: 1, 969: 1, 97: 1, 970: 1, 971: 1, 972: 1, 973: 1, 974: 1, 975: 1, 976: 1, 977: 1, 978: 1, 979: 1, 98: 1, 980: 1, 981: 1, 982: 1, 983: 1, 984: 1, 985: 1, 986: 1, 987: 1, 988: 1, 989: 1, 99: 1, 990: 1, 991: 1, 992: 1, 993: 1, 994: 1, 995: 1, 996: 1, 997: 1, 998: 1, 999: 1}
Max score: 155.92849563034224
Compute cells: 5364
Game step:      [16773629it                 26799.3it/s ]
Done score:     [155.9it                    4.0s/it     ]
Compute steps:  [2032311it                  3247.0it/s  ]
Iterations:     [43% 215it/500              2.9s/it     ]
Cells:          [5368it                     8.6it/s     ]
Time (seconds): [ 1%   626it/43200          1.0it/s     ]
Game step:      [17015731it                 26739.8it/s ]
Done score:     [155.9it                    4.1s/it     ]
Compute steps:  [2060205it                  3237.6it/s  ]
Iterations:     [44% 218it/500              2.9s/it     ]
Cells:          [5373it                     8.4it/s     ]
Time (seconds): [ 1%   636it/43200          1.0s/it     ]
Game step:      [17257404it                 26690.5it/s ]
Done score:     [155.9it                    4.1s/it     ]
Compute steps:  [2087935it                  3229.2it/s  ]
Iterations:     [44% 221it/500              2.9s/it     ]
Cells:          [5379it                     8.3it/s     ]
Time (seconds): [ 1%   647it/43200          1.0it/s     ]
Game step:      [17495030it                 26641.0it/s ]
Done score:     [155.9it                    4.2s/it     ]
Compute steps:  [2115870it                  3222.0it/s  ]
Iterations:     [45% 224it/500              2.9s/it     ]
Cells:          [5386it                     8.2it/s     ]
Time (seconds): [ 2%   657it/43200          1.0it/s     ]
Game step:      [17816311it                 26616.9it/s ]
Done score:     [155.9it                    4.3s/it     ]
Compute steps:  [2153356it                  3217.0it/s  ]
Iterations:     [46% 228it/500              2.9s/it     ]
Cells:          [5398it                     8.1it/s     ]
Time (seconds): [ 2%   669it/43200          1.0s/it     ]
Game step:      [18138327it                 26585.7it/s ]
Done score:     [155.9it                    4.4s/it     ]
Compute steps:  [2190889it                  3211.2it/s  ]
Iterations:     [46% 232it/500              2.9s/it     ]
Cells:          [5407it                     7.9it/s     ]
Time (seconds): [ 2%   682it/43200          1.0s/it     ]
Game step:      [18540784it                 26601.8it/s ]
Done score:     [155.9it                    4.5s/it     ]
Compute steps:  [2237027it                  3209.6it/s  ]
Iterations:     [47% 237it/500              2.9s/it     ]
Cells:          [5415it                     7.8it/s     ]
Time (seconds): [ 2%   697it/43200          1.0it/s     ]
Game step:      [18861033it                 26572.6it/s ]
Done score:     [155.9it                    4.6s/it     ]
Compute steps:  [2274821it                  3204.9it/s  ]
Iterations:     [48% 241it/500              2.9s/it     ]
Cells:          [5424it                     7.6it/s     ]
Time (seconds): [ 2%   710it/43200          1.0it/s     ]
Game step:      [19182531it                 26542.2it/s ]
Done score:     [155.9it                    4.6s/it     ]
Compute steps:  [2311850it                  3198.8it/s  ]
Iterations:     [49% 245it/500              2.9s/it     ]
Cells:          [5430it                     7.5it/s     ]
Time (seconds): [ 2%   723it/43200          1.0it/s     ]
Game step:      [19583591it                 26550.9it/s ]
Done score:     [155.9it                    4.7s/it     ]
Compute steps:  [2358615it                  3197.7it/s  ]
Iterations:     [50% 250it/500              3.0s/it     ]
Cells:          [5438it                     7.4it/s     ]
Time (seconds): [ 2%   738it/43200          1.0it/s     ]
Game step:      [19904885it                 26513.9it/s ]
Done score:     [155.9it                    4.8s/it     ]
Compute steps:  [2395719it                  3191.2it/s  ]
Iterations:     [51% 254it/500              3.0s/it     ]
Cells:          [5443it                     7.3it/s     ]
Time (seconds): [ 2%   751it/43200          1.0it/s     ]
Game step:      [20228545it                 26509.5it/s ]
Done score:     [155.9it                    4.9s/it     ]
Compute steps:  [2431879it                  3187.0it/s  ]
Iterations:     [52% 258it/500              3.0s/it     ]
Cells:          [5451it                     7.1it/s     ]
Time (seconds): [ 2%   763it/43200          1.0s/it     ]
Game step:      [20551804it                 26477.1it/s ]
Done score:     [155.9it                    5.0s/it     ]
Compute steps:  [2468984it                  3180.8it/s  ]
Iterations:     [52% 262it/500              3.0s/it     ]
Cells:          [5454it                     7.0it/s     ]
Time (seconds): [ 2%   776it/43200          1.0s/it     ]
Game step:      [20955593it                 26487.1it/s ]
Done score:     [155.9it                    5.1s/it     ]
Compute steps:  [2514757it                  3178.6it/s  ]
Iterations:     [53% 267it/500              3.0s/it     ]
Cells:          [5459it                     6.9it/s     ]
Time (seconds): [ 2%   791it/43200          1.0s/it     ]
Game step:      [21283764it                 26465.8it/s ]
Done score:     [155.9it                    5.2s/it     ]
Compute steps:  [2551568it                  3172.8it/s  ]
Iterations:     [54% 271it/500              3.0s/it     ]
Cells:          [5468it                     6.8it/s     ]
Time (seconds): [ 2%   804it/43200          1.0s/it     ]
Game step:      [21606037it                 26447.5it/s ]
Done score:     [155.9it                    5.2s/it     ]
Compute steps:  [2588775it                  3168.9it/s  ]
Iterations:     [55% 275it/500              3.0s/it     ]
Cells:          [5473it                     6.7it/s     ]
Time (seconds): [ 2%   817it/43200          1.0it/s     ]
Game step:      [22006247it                 26453.3it/s ]
Done score:     [155.9it                    5.3s/it     ]
Compute steps:  [2635096it                  3167.6it/s  ]
Iterations:     [56% 280it/500              3.0s/it     ]
Cells:          [5481it                     6.6it/s     ]
Time (seconds): [ 2%   832it/43200          1.0it/s     ]
Game step:      [22329062it                 26426.9it/s ]
Done score:     [155.9it                    5.4s/it     ]
Compute steps:  [2671916it                  3162.2it/s  ]
Iterations:     [57% 284it/500              3.0s/it     ]
Cells:          [5489it                     6.5it/s     ]
Time (seconds): [ 2%   845it/43200          1.0it/s     ]
Game step:      [22732696it                 26419.5it/s ]
Done score:     [155.9it                    5.5s/it     ]
Compute steps:  [2717997it                  3158.8it/s  ]
Iterations:     [58% 289it/500              3.0s/it     ]
Cells:          [5496it                     6.4it/s     ]
Time (seconds): [ 2%   861it/43200          1.0it/s     ]
Game step:      [23061898it                 26383.4it/s ]
Done score:     [155.9it                    5.6s/it     ]
Compute steps:  [2754711it                  3151.5it/s  ]
Iterations:     [59% 293it/500              3.0s/it     ]
Cells:          [5499it                     6.3it/s     ]
Time (seconds): [ 2%   874it/43200          1.0s/it     ]
Game step:      [23468249it                 26379.4it/s ]
Done score:     [155.9it                    5.7s/it     ]
Compute steps:  [2799930it                  3147.2it/s  ]
Iterations:     [60% 298it/500              3.0s/it     ]
Cells:          [5512it                     6.2it/s     ]
Time (seconds): [ 2%   890it/43200          1.0it/s     ]
Game step:      [23791831it                 26350.9it/s ]
Done score:     [155.9it                    5.8s/it     ]
Compute steps:  [2836513it                  3141.6it/s  ]
Iterations:     [60% 302it/500              3.0s/it     ]
Cells:          [5514it                     6.1it/s     ]
Time (seconds): [ 2%   903it/43200          1.0it/s     ]
Game step:      [24196138it                 26331.6it/s ]
Done score:     [155.9it                    5.9s/it     ]
Compute steps:  [2882893it                  3137.3it/s  ]
Iterations:     [61% 307it/500              3.0s/it     ]
Cells:          [5524it                     6.0it/s     ]
Time (seconds): [ 2%   919it/43200          1.0it/s     ]
Game step:      [24521067it                 26292.3it/s ]
Done score:     [155.9it                    6.0s/it     ]
Compute steps:  [2919510it                  3130.4it/s  ]
Iterations:     [62% 311it/500              3.0s/it     ]
Cells:          [5534it                     5.9it/s     ]
Time (seconds): [ 2%   933it/43200          1.0it/s     ]
Game step:      [24923327it                 26265.9it/s ]
Done score:     [155.9it                    6.1s/it     ]
Compute steps:  [2965657it                  3125.4it/s  ]
Iterations:     [63% 316it/500              3.0s/it     ]
Cells:          [5542it                     5.8it/s     ]
Time (seconds): [ 2%   949it/43200          1.0it/s     ]
Game step:      [25249177it                 26229.5it/s ]
Done score:     [155.9it                    6.2s/it     ]
Compute steps:  [3001890it                  3118.4it/s  ]
Iterations:     [64% 320it/500              3.0s/it     ]
Cells:          [5549it                     5.8it/s     ]
Time (seconds): [ 2%   963it/43200          1.0it/s     ]
Cells at score: {1: 1, 10: 1, 100: 1, 1000: 1, 1001: 1, 1002: 1, 1003: 1, 1004: 1, 1005: 1, 101: 1, 102: 1, 103: 1, 104: 1, 105: 1, 106: 1, 107: 1, 108: 1, 109: 1, 11: 1, 110: 1, 111: 1, 112: 1, 113: 1, 114: 1, 115: 1, 116: 1, 117: 1, 118: 1, 119: 1, 12: 1, 120: 1, 121: 1, 122: 1, 123: 1, 124: 1, 125: 1, 126: 1, 127: 1, 128: 1, 129: 1, 13: 1, 130: 1, 131: 1, 132: 1, 133: 1, 134: 1, 135: 1, 136: 1, 137: 1, 138: 1, 139: 1, 14: 1, 140: 1, 141: 1, 142: 1, 143: 1, 144: 1, 145: 1, 146: 1, 147: 1, 148: 1, 149: 1, 15: 1, 150: 1, 151: 1, 152: 1, 153: 1, 154: 1, 155: 1, 156: 1, 157: 1, 158: 1, 159: 1, 16: 1, 160: 1, 161: 1, 162: 1, 163: 1, 164: 1, 165: 1, 166: 1, 167: 1, 168: 1, 169: 1, 17: 1, 170: 1, 171: 1, 172: 1, 173: 1, 174: 1, 175: 1, 176: 1, 177: 1, 178: 1, 179: 1, 18: 1, 180: 1, 181: 1, 182: 1, 183: 1, 184: 1, 185: 1, 186: 1, 187: 1, 188: 1, 189: 1, 19: 1, 190: 1, 191: 1, 192: 1, 193: 1, 194: 1, 195: 1, 196: 1, 197: 1, 198: 1, 199: 1, 2: 1, 20: 1, 200: 1, 201: 1, 202: 1, 203: 1, 204: 1, 205: 1, 206: 1, 207: 1, 208: 1, 209: 1, 21: 1, 210: 1, 211: 1, 212: 1, 213: 1, 214: 1, 215: 1, 216: 1, 217: 1, 218: 1, 219: 1, 22: 1, 220: 1, 221: 1, 222: 1, 223: 1, 224: 1, 225: 1, 226: 1, 227: 1, 228: 1, 229: 1, 23: 1, 230: 1, 231: 1, 232: 1, 233: 1, 234: 1, 235: 1, 236: 1, 237: 1, 238: 1, 239: 1, 24: 1, 240: 1, 241: 1, 242: 1, 243: 1, 244: 1, 245: 1, 246: 1, 247: 1, 248: 1, 249: 1, 25: 1, 250: 1, 251: 1, 252: 1, 253: 1, 254: 1, 255: 1, 256: 1, 257: 1, 258: 1, 259: 1, 26: 1, 260: 1, 261: 1, 262: 1, 263: 1, 264: 1, 265: 1, 266: 1, 267: 1, 268: 1, 269: 1, 27: 1, 270: 1, 271: 1, 272: 1, 273: 1, 274: 1, 275: 1, 276: 1, 277: 1, 278: 1, 279: 1, 28: 1, 280: 1, 281: 1, 282: 1, 283: 1, 284: 1, 285: 1, 286: 1, 287: 1, 288: 1, 289: 1, 29: 1, 290: 1, 291: 1, 292: 1, 293: 1, 294: 1, 295: 1, 296: 1, 297: 1, 298: 1, 299: 1, 3: 1, 30: 1, 300: 1, 301: 1, 302: 1, 303: 1, 304: 1, 305: 1, 306: 1, 307: 1, 308: 1, 309: 1, 31: 1, 310: 1, 311: 1, 312: 1, 313: 1, 314: 1, 315: 1, 316: 1, 317: 1, 318: 1, 319: 1, 32: 1, 320: 1, 321: 1, 322: 1, 323: 1, 324: 1, 325: 1, 326: 1, 327: 1, 328: 1, 329: 1, 33: 1, 330: 1, 331: 1, 332: 1, 333: 1, 334: 1, 335: 1, 336: 1, 337: 1, 338: 1, 339: 1, 34: 1, 340: 1, 341: 1, 342: 1, 343: 1, 344: 1, 345: 1, 346: 1, 347: 1, 348: 1, 349: 1, 35: 1, 350: 1, 351: 1, 352: 1, 353: 1, 354: 1, 355: 1, 356: 1, 357: 1, 358: 1, 359: 1, 36: 1, 360: 1, 361: 1, 362: 1, 363: 1, 364: 1, 365: 1, 366: 1, 367: 1, 368: 1, 369: 1, 37: 1, 370: 1, 371: 1, 372: 1, 373: 1, 374: 1, 375: 1, 376: 1, 377: 1, 378: 1, 379: 1, 38: 1, 380: 1, 381: 1, 382: 1, 383: 1, 384: 1, 385: 1, 386: 1, 387: 1, 388: 1, 389: 1, 39: 1, 390: 1, 391: 1, 392: 1, 393: 1, 394: 1, 395: 1, 396: 1, 397: 1, 398: 1, 399: 1, 4: 1, 40: 1, 400: 1, 401: 1, 402: 1, 403: 1, 404: 1, 405: 1, 406: 1, 407: 1, 408: 1, 409: 1, 41: 1, 410: 1, 411: 1, 412: 1, 413: 1, 414: 1, 415: 1, 416: 1, 417: 1, 418: 1, 419: 1, 42: 1, 420: 1, 421: 1, 422: 1, 423: 1, 424: 1, 425: 1, 426: 1, 427: 1, 428: 1, 429: 1, 43: 1, 430: 1, 431: 1, 432: 1, 433: 1, 434: 1, 435: 1, 436: 1, 437: 1, 438: 1, 439: 1, 44: 1, 440: 1, 441: 1, 442: 1, 443: 1, 444: 1, 445: 1, 446: 1, 447: 1, 448: 1, 449: 1, 45: 1, 450: 1, 451: 1, 452: 1, 453: 1, 454: 1, 455: 1, 456: 1, 457: 1, 458: 1, 459: 1, 46: 1, 460: 1, 461: 1, 462: 1, 463: 1, 464: 1, 465: 1, 466: 1, 467: 1, 468: 1, 469: 1, 47: 1, 470: 1, 471: 1, 472: 1, 473: 1, 474: 1, 475: 1, 476: 1, 477: 1, 478: 1, 479: 1, 48: 1, 480: 1, 481: 1, 482: 1, 483: 1, 484: 1, 485: 1, 486: 1, 487: 1, 488: 1, 489: 1, 49: 1, 490: 1, 491: 1, 492: 1, 493: 1, 494: 1, 495: 1, 496: 1, 497: 1, 498: 1, 499: 1, 5: 1, 50: 1, 500: 1, 501: 1, 502: 1, 503: 1, 504: 1, 505: 1, 506: 1, 507: 1, 508: 1, 509: 1, 51: 1, 510: 1, 511: 1, 512: 1, 513: 1, 514: 1, 515: 1, 516: 1, 517: 1, 518: 1, 519: 1, 52: 1, 520: 1, 521: 1, 522: 1, 523: 1, 524: 1, 525: 1, 526: 1, 527: 1, 528: 1, 529: 1, 53: 1, 530: 1, 531: 1, 532: 1, 533: 1, 534: 1, 535: 1, 536: 1, 537: 1, 538: 1, 539: 1, 54: 1, 540: 1, 541: 1, 542: 1, 543: 1, 544: 1, 545: 1, 546: 1, 547: 1, 548: 1, 549: 1, 55: 1, 550: 1, 551: 1, 552: 1, 553: 1, 554: 1, 555: 1, 556: 1, 557: 1, 558: 1, 559: 1, 56: 1, 560: 1, 561: 1, 562: 1, 563: 1, 564: 1, 565: 1, 566: 1, 567: 1, 568: 1, 569: 1, 57: 1, 570: 1, 571: 1, 572: 1, 573: 1, 574: 1, 575: 1, 576: 1, 577: 1, 578: 1, 579: 1, 58: 1, 580: 1, 581: 1, 582: 1, 583: 1, 584: 1, 585: 1, 586: 1, 587: 1, 588: 1, 589: 1, 59: 1, 590: 1, 591: 1, 592: 1, 593: 1, 594: 1, 595: 1, 596: 1, 597: 1, 598: 1, 599: 1, 6: 1, 60: 1, 600: 1, 601: 1, 602: 1, 603: 1, 604: 1, 605: 1, 606: 1, 607: 1, 608: 1, 609: 1, 61: 1, 610: 1, 611: 1, 612: 1, 613: 1, 614: 1, 615: 1, 616: 1, 617: 1, 618: 1, 619: 1, 62: 1, 620: 1, 621: 1, 622: 1, 623: 1, 624: 1, 625: 1, 626: 1, 627: 1, 628: 1, 629: 1, 63: 1, 630: 1, 631: 1, 632: 1, 633: 1, 634: 1, 635: 1, 636: 1, 637: 1, 638: 1, 639: 1, 64: 1, 640: 1, 641: 1, 642: 1, 643: 1, 644: 1, 645: 1, 646: 1, 647: 1, 648: 1, 649: 1, 65: 1, 650: 1, 651: 1, 652: 1, 653: 1, 654: 1, 655: 1, 656: 1, 657: 1, 658: 1, 659: 1, 66: 1, 660: 1, 661: 1, 662: 1, 663: 1, 664: 1, 665: 1, 666: 1, 667: 1, 668: 1, 669: 1, 67: 1, 670: 1, 671: 1, 672: 1, 673: 1, 674: 1, 675: 1, 676: 1, 677: 1, 678: 1, 679: 1, 68: 1, 680: 1, 681: 1, 682: 1, 683: 1, 684: 1, 685: 1, 686: 1, 687: 1, 688: 1, 689: 1, 69: 1, 690: 1, 691: 1, 692: 1, 693: 1, 694: 1, 695: 1, 696: 1, 697: 1, 698: 1, 699: 1, 7: 1, 70: 1, 700: 1, 701: 1, 702: 1, 703: 1, 704: 1, 705: 1, 706: 1, 707: 1, 708: 1, 709: 1, 71: 1, 710: 1, 711: 1, 712: 1, 713: 1, 714: 1, 715: 1, 716: 1, 717: 1, 718: 1, 719: 1, 72: 1, 720: 1, 721: 1, 722: 1, 723: 1, 724: 1, 725: 1, 726: 1, 727: 1, 728: 1, 729: 1, 73: 1, 730: 1, 731: 1, 732: 1, 733: 1, 734: 1, 735: 1, 736: 1, 737: 1, 738: 1, 739: 1, 74: 1, 740: 1, 741: 1, 742: 1, 743: 1, 744: 1, 745: 1, 746: 1, 747: 1, 748: 1, 749: 1, 75: 1, 750: 1, 751: 1, 752: 1, 753: 1, 754: 1, 755: 1, 756: 1, 757: 1, 758: 1, 759: 1, 76: 1, 760: 1, 761: 1, 762: 1, 763: 1, 764: 1, 765: 1, 766: 1, 767: 1, 768: 1, 769: 1, 77: 1, 770: 1, 771: 1, 772: 1, 773: 1, 774: 1, 775: 1, 776: 1, 777: 1, 778: 1, 779: 1, 78: 1, 780: 1, 781: 1, 782: 1, 783: 1, 784: 1, 785: 1, 786: 1, 787: 1, 788: 1, 789: 1, 79: 1, 790: 1, 791: 1, 792: 1, 793: 1, 794: 1, 795: 1, 796: 1, 797: 1, 798: 1, 799: 1, 8: 1, 80: 1, 800: 1, 801: 1, 802: 1, 803: 1, 804: 1, 805: 1, 806: 1, 807: 1, 808: 1, 809: 1, 81: 1, 810: 1, 811: 1, 812: 1, 813: 1, 814: 1, 815: 1, 816: 1, 817: 1, 818: 1, 819: 1, 82: 1, 820: 1, 821: 1, 822: 1, 823: 1, 824: 1, 825: 1, 826: 1, 827: 1, 828: 1, 829: 1, 83: 1, 830: 1, 831: 1, 832: 1, 833: 1, 834: 1, 835: 1, 836: 1, 837: 1, 838: 1, 839: 1, 84: 1, 840: 1, 841: 1, 842: 1, 843: 1, 844: 1, 845: 1, 846: 1, 847: 1, 848: 1, 849: 1, 85: 1, 850: 1, 851: 1, 852: 1, 853: 1, 854: 1, 855: 1, 856: 1, 857: 1, 858: 1, 859: 1, 86: 1, 860: 1, 861: 1, 862: 1, 863: 1, 864: 1, 865: 1, 866: 1, 867: 1, 868: 1, 869: 1, 87: 1, 870: 1, 871: 1, 872: 1, 873: 1, 874: 1, 875: 1, 876: 1, 877: 1, 878: 1, 879: 1, 88: 1, 880: 1, 881: 1, 882: 1, 883: 1, 884: 1, 885: 1, 886: 1, 887: 1, 888: 1, 889: 1, 89: 1, 890: 1, 891: 1, 892: 1, 893: 1, 894: 1, 895: 1, 896: 1, 897: 1, 898: 1, 899: 1, 9: 1, 90: 1, 900: 1, 901: 1, 902: 1, 903: 1, 904: 1, 905: 1, 906: 1, 907: 1, 908: 1, 909: 1, 91: 1, 910: 1, 911: 1, 912: 1, 913: 1, 914: 1, 915: 1, 916: 1, 917: 1, 918: 1, 919: 1, 92: 1, 920: 1, 921: 1, 922: 1, 923: 1, 924: 1, 925: 1, 926: 1, 927: 1, 928: 1, 929: 1, 93: 1, 930: 1, 931: 1, 932: 1, 933: 1, 934: 1, 935: 1, 936: 1, 937: 1, 938: 1, 939: 1, 94: 1, 940: 1, 941: 1, 942: 1, 943: 1, 944: 1, 945: 1, 946: 1, 947: 1, 948: 1, 949: 1, 95: 1, 950: 1, 951: 1, 952: 1, 953: 1, 954: 1, 955: 1, 956: 1, 957: 1, 958: 1, 959: 1, 96: 1, 960: 1, 961: 1, 962: 1, 963: 1, 964: 1, 965: 1, 966: 1, 967: 1, 968: 1, 969: 1, 97: 1, 970: 1, 971: 1, 972: 1, 973: 1, 974: 1, 975: 1, 976: 1, 977: 1, 978: 1, 979: 1, 98: 1, 980: 1, 981: 1, 982: 1, 983: 1, 984: 1, 985: 1, 986: 1, 987: 1, 988: 1, 989: 1, 99: 1, 990: 1, 991: 1, 992: 1, 993: 1, 994: 1, 995: 1, 996: 1, 997: 1, 998: 1, 999: 1}
Max score: 155.92849563034224
Compute cells: 5549
Game step:      [25495317it                 26188.1it/s ]
Done score:     [155.9it                    6.2s/it     ]
Compute steps:  [3029580it                  3111.9it/s  ]
Iterations:     [65% 323it/500              3.0s/it     ]
Cells:          [5551it                     5.7it/s     ]
Time (seconds): [ 2%   974it/43200          1.0it/s     ]
Game step:      [25740464it                 26125.1it/s ]
Done score:     [155.9it                    6.3s/it     ]
Compute steps:  [3057657it                  3103.4it/s  ]
Iterations:     [65% 326it/500              3.0s/it     ]
Cells:          [5555it                     5.6it/s     ]
Time (seconds): [ 2%   985it/43200          1.0s/it     ]
Game step:      [25983024it                 26066.3it/s ]
Done score:     [155.9it                    6.4s/it     ]
Compute steps:  [3085557it                  3095.4it/s  ]
Iterations:     [66% 329it/500              3.0s/it     ]
Cells:          [5561it                     5.6it/s     ]
Time (seconds): [ 2%   997it/43200          1.0it/s     ]
Max score:      [155.9it                    6.4s/it     ]
Game step:      [26383871it                 26055.1it/s ]
Done score:     [155.9it                    6.5s/it     ]
Compute steps:  [3132879it                  3093.8it/s  ]
Iterations:     [67% 334it/500              3.0s/it     ]
Cells:          [5568it                     5.5it/s     ]
Time (seconds): [ 2%  1013it/43200          1.0it/s     ]
Game step:      [26708756it                 26009.1it/s ]
Done score:     [155.9it                    6.6s/it     ]
Compute steps:  [3169802it                  3086.8it/s  ]
Iterations:     [68% 338it/500              3.0s/it     ]
Cells:          [5578it                     5.4it/s     ]
Time (seconds): [ 2%  1027it/43200          1.0it/s     ]
Game step:      [27113876it                 26002.9it/s ]
Done score:     [155.9it                    6.7s/it     ]
Compute steps:  [3216738it                  3084.9it/s  ]
Iterations:     [69% 343it/500              3.0s/it     ]
Cells:          [5582it                     5.4it/s     ]
Time (seconds): [ 2%  1043it/43200          1.0it/s     ]
Game step:      [27436800it                 25973.2it/s ]
Done score:     [155.9it                    6.8s/it     ]
Compute steps:  [3253543it                  3080.0it/s  ]
Iterations:     [69% 347it/500              3.0s/it     ]
Cells:          [5590it                     5.3it/s     ]
Time (seconds): [ 2%  1056it/43200          1.0s/it     ]
Game step:      [27843414it                 25951.9it/s ]
Done score:     [155.9it                    6.9s/it     ]
Compute steps:  [3300059it                  3075.9it/s  ]
Iterations:     [70% 352it/500              3.0s/it     ]
Cells:          [5599it                     5.2it/s     ]
Time (seconds): [ 2%  1073it/43200          1.0it/s     ]
Game step:      [28246011it                 25946.7it/s ]
Done score:     [155.9it                    7.0s/it     ]
Compute steps:  [3346612it                  3074.2it/s  ]
Iterations:     [71% 357it/500              3.0s/it     ]
Cells:          [5607it                     5.2it/s     ]
Time (seconds): [ 3%  1089it/43200          1.0it/s     ]
Game step:      [28573207it                 25914.0it/s ]
Done score:     [155.9it                    7.1s/it     ]
Compute steps:  [3383921it                  3069.0it/s  ]
Iterations:     [72% 361it/500              3.1s/it     ]
Cells:          [5610it                     5.1it/s     ]
Time (seconds): [ 3%  1103it/43200          1.0it/s     ]
Game step:      [28978861it                 25894.5it/s ]
Done score:     [155.9it                    7.2s/it     ]
Compute steps:  [3430056it                  3065.0it/s  ]
Iterations:     [73% 366it/500              3.1s/it     ]
Cells:          [5616it                     5.0it/s     ]
Time (seconds): [ 3%  1119it/43200          1.0s/it     ]
Game step:      [29302855it                 25860.3it/s ]
Done score:     [155.9it                    7.3s/it     ]
Compute steps:  [3467586it                  3060.2it/s  ]
Iterations:     [74% 370it/500              3.1s/it     ]
Cells:          [5620it                     5.0it/s     ]
Time (seconds): [ 3%  1133it/43200          1.0s/it     ]
Max score:      [156.3it                    7.3s/it     ]
Game step:      [29705141it                 25856.2it/s ]
Done score:     [156.3it                    7.3s/it     ]
Compute steps:  [3514726it                  3059.3it/s  ]
Iterations:     [75% 375it/500              3.1s/it     ]
Cells:          [5629it                     4.9it/s     ]
Time (seconds): [ 3%  1149it/43200          1.0it/s     ]
Max score:      [156.5it                    7.4s/it     ]
Game step:      [30108035it                 25839.7it/s ]
Done score:     [156.6it                    7.4s/it     ]
Compute steps:  [3561603it                  3056.7it/s  ]
Iterations:     [76% 380it/500              3.1s/it     ]
Cells:          [5640it                     4.8it/s     ]
Time (seconds): [ 3%  1165it/43200          1.0s/it     ]
Game step:      [30516047it                 25846.3it/s ]
Done score:     [156.6it                    7.5s/it     ]
Compute steps:  [3607558it                  3055.5it/s  ]
Iterations:     [77% 385it/500              3.1s/it     ]
Cells:          [5645it                     4.8it/s     ]
Time (seconds): [ 3%  1181it/43200          1.0it/s     ]
Max score:      [156.8it                    7.6s/it     ]
Game step:      [30842845it                 25827.1it/s ]
Done score:     [157.0it                    7.6s/it     ]
Compute steps:  [3644794it                  3052.1it/s  ]
Iterations:     [78% 389it/500              3.1s/it     ]
Cells:          [5648it                     4.7it/s     ]
Time (seconds): [ 3%  1194it/43200          1.0s/it     ]
Game step:      [31249657it                 25835.0it/s ]
Done score:     [157.0it                    7.7s/it     ]
Compute steps:  [3691263it                  3051.7it/s  ]
Iterations:     [79% 394it/500              3.1s/it     ]
Cells:          [5651it                     4.7it/s     ]
Time (seconds): [ 3%  1210it/43200          1.0it/s     ]
Game step:      [31573775it                 25811.8it/s ]
Done score:     [157.0it                    7.8s/it     ]
Compute steps:  [3728320it                  3047.9it/s  ]
Iterations:     [80% 398it/500              3.1s/it     ]
Cells:          [5658it                     4.6it/s     ]
Time (seconds): [ 3%  1223it/43200          1.0s/it     ]
Game step:      [31980683it                 25813.6it/s ]
Done score:     [157.0it                    7.9s/it     ]
Compute steps:  [3774161it                  3046.4it/s  ]
Iterations:     [81% 403it/500              3.1s/it     ]
Cells:          [5666it                     4.6it/s     ]
Time (seconds): [ 3%  1239it/43200          1.0it/s     ]
Game step:      [32388951it                 25816.9it/s ]
Done score:     [157.0it                    8.0s/it     ]
Compute steps:  [3819655it                  3044.6it/s  ]
Iterations:     [82% 408it/500              3.1s/it     ]
Cells:          [5670it                     4.5it/s     ]
Time (seconds): [ 3%  1255it/43200          1.0it/s     ]
Game step:      [32793153it                 25818.4it/s ]
Done score:     [157.0it                    8.1s/it     ]
Compute steps:  [3866464it                  3044.1it/s  ]
Iterations:     [83% 413it/500              3.1s/it     ]
Cells:          [5675it                     4.5it/s     ]
Time (seconds): [ 3%  1270it/43200          1.0s/it     ]
Game step:      [33114076it                 25794.4it/s ]
Done score:     [157.0it                    8.2s/it     ]
Compute steps:  [3904114it                  3041.1it/s  ]
Iterations:     [83% 417it/500              3.1s/it     ]
Cells:          [5677it                     4.4it/s     ]
Time (seconds): [ 3%  1284it/43200          1.0it/s     ]
Game step:      [33518250it                 25785.9it/s ]
Done score:     [157.0it                    8.3s/it     ]
Compute steps:  [3950330it                  3039.0it/s  ]
Iterations:     [84% 422it/500              3.1s/it     ]
Cells:          [5683it                     4.4it/s     ]
Time (seconds): [ 3%  1300it/43200          1.0it/s     ]
Game step:      [33926572it                 25786.1it/s ]
Done score:     [157.0it                    8.4s/it     ]
Compute steps:  [3996287it                  3037.4it/s  ]
Iterations:     [85% 427it/500              3.1s/it     ]
Cells:          [5692it                     4.3it/s     ]
Time (seconds): [ 3%  1316it/43200          1.0it/s     ]
Cells at score: {1: 1, 10: 1, 100: 1, 1000: 1, 1001: 1, 1002: 1, 1003: 1, 1004: 1, 1005: 1, 101: 1, 102: 1, 103: 1, 104: 1, 105: 1, 106: 1, 107: 1, 108: 1, 109: 1, 11: 1, 110: 1, 111: 1, 112: 1, 113: 1, 114: 1, 115: 1, 116: 1, 117: 1, 118: 1, 119: 1, 12: 1, 120: 1, 121: 1, 122: 1, 123: 1, 124: 1, 125: 1, 126: 1, 127: 1, 128: 1, 129: 1, 13: 1, 130: 1, 131: 1, 132: 1, 133: 1, 134: 1, 135: 1, 136: 1, 137: 1, 138: 1, 139: 1, 14: 1, 140: 1, 141: 1, 142: 1, 143: 1, 144: 1, 145: 1, 146: 1, 147: 1, 148: 1, 149: 1, 15: 1, 150: 1, 151: 1, 152: 1, 153: 1, 154: 1, 155: 1, 156: 1, 157: 1, 158: 1, 159: 1, 16: 1, 160: 1, 161: 1, 162: 1, 163: 1, 164: 1, 165: 1, 166: 1, 167: 1, 168: 1, 169: 1, 17: 1, 170: 1, 171: 1, 172: 1, 173: 1, 174: 1, 175: 1, 176: 1, 177: 1, 178: 1, 179: 1, 18: 1, 180: 1, 181: 1, 182: 1, 183: 1, 184: 1, 185: 1, 186: 1, 187: 1, 188: 1, 189: 1, 19: 1, 190: 1, 191: 1, 192: 1, 193: 1, 194: 1, 195: 1, 196: 1, 197: 1, 198: 1, 199: 1, 2: 1, 20: 1, 200: 1, 201: 1, 202: 1, 203: 1, 204: 1, 205: 1, 206: 1, 207: 1, 208: 1, 209: 1, 21: 1, 210: 1, 211: 1, 212: 1, 213: 1, 214: 1, 215: 1, 216: 1, 217: 1, 218: 1, 219: 1, 22: 1, 220: 1, 221: 1, 222: 1, 223: 1, 224: 1, 225: 1, 226: 1, 227: 1, 228: 1, 229: 1, 23: 1, 230: 1, 231: 1, 232: 1, 233: 1, 234: 1, 235: 1, 236: 1, 237: 1, 238: 1, 239: 1, 24: 1, 240: 1, 241: 1, 242: 1, 243: 1, 244: 1, 245: 1, 246: 1, 247: 1, 248: 1, 249: 1, 25: 1, 250: 1, 251: 1, 252: 1, 253: 1, 254: 1, 255: 1, 256: 1, 257: 1, 258: 1, 259: 1, 26: 1, 260: 1, 261: 1, 262: 1, 263: 1, 264: 1, 265: 1, 266: 1, 267: 1, 268: 1, 269: 1, 27: 1, 270: 1, 271: 1, 272: 1, 273: 1, 274: 1, 275: 1, 276: 1, 277: 1, 278: 1, 279: 1, 28: 1, 280: 1, 281: 1, 282: 1, 283: 1, 284: 1, 285: 1, 286: 1, 287: 1, 288: 1, 289: 1, 29: 1, 290: 1, 291: 1, 292: 1, 293: 1, 294: 1, 295: 1, 296: 1, 297: 1, 298: 1, 299: 1, 3: 1, 30: 1, 300: 1, 301: 1, 302: 1, 303: 1, 304: 1, 305: 1, 306: 1, 307: 1, 308: 1, 309: 1, 31: 1, 310: 1, 311: 1, 312: 1, 313: 1, 314: 1, 315: 1, 316: 1, 317: 1, 318: 1, 319: 1, 32: 1, 320: 1, 321: 1, 322: 1, 323: 1, 324: 1, 325: 1, 326: 1, 327: 1, 328: 1, 329: 1, 33: 1, 330: 1, 331: 1, 332: 1, 333: 1, 334: 1, 335: 1, 336: 1, 337: 1, 338: 1, 339: 1, 34: 1, 340: 1, 341: 1, 342: 1, 343: 1, 344: 1, 345: 1, 346: 1, 347: 1, 348: 1, 349: 1, 35: 1, 350: 1, 351: 1, 352: 1, 353: 1, 354: 1, 355: 1, 356: 1, 357: 1, 358: 1, 359: 1, 36: 1, 360: 1, 361: 1, 362: 1, 363: 1, 364: 1, 365: 1, 366: 1, 367: 1, 368: 1, 369: 1, 37: 1, 370: 1, 371: 1, 372: 1, 373: 1, 374: 1, 375: 1, 376: 1, 377: 1, 378: 1, 379: 1, 38: 1, 380: 1, 381: 1, 382: 1, 383: 1, 384: 1, 385: 1, 386: 1, 387: 1, 388: 1, 389: 1, 39: 1, 390: 1, 391: 1, 392: 1, 393: 1, 394: 1, 395: 1, 396: 1, 397: 1, 398: 1, 399: 1, 4: 1, 40: 1, 400: 1, 401: 1, 402: 1, 403: 1, 404: 1, 405: 1, 406: 1, 407: 1, 408: 1, 409: 1, 41: 1, 410: 1, 411: 1, 412: 1, 413: 1, 414: 1, 415: 1, 416: 1, 417: 1, 418: 1, 419: 1, 42: 1, 420: 1, 421: 1, 422: 1, 423: 1, 424: 1, 425: 1, 426: 1, 427: 1, 428: 1, 429: 1, 43: 1, 430: 1, 431: 1, 432: 1, 433: 1, 434: 1, 435: 1, 436: 1, 437: 1, 438: 1, 439: 1, 44: 1, 440: 1, 441: 1, 442: 1, 443: 1, 444: 1, 445: 1, 446: 1, 447: 1, 448: 1, 449: 1, 45: 1, 450: 1, 451: 1, 452: 1, 453: 1, 454: 1, 455: 1, 456: 1, 457: 1, 458: 1, 459: 1, 46: 1, 460: 1, 461: 1, 462: 1, 463: 1, 464: 1, 465: 1, 466: 1, 467: 1, 468: 1, 469: 1, 47: 1, 470: 1, 471: 1, 472: 1, 473: 1, 474: 1, 475: 1, 476: 1, 477: 1, 478: 1, 479: 1, 48: 1, 480: 1, 481: 1, 482: 1, 483: 1, 484: 1, 485: 1, 486: 1, 487: 1, 488: 1, 489: 1, 49: 1, 490: 1, 491: 1, 492: 1, 493: 1, 494: 1, 495: 1, 496: 1, 497: 1, 498: 1, 499: 1, 5: 1, 50: 1, 500: 1, 501: 1, 502: 1, 503: 1, 504: 1, 505: 1, 506: 1, 507: 1, 508: 1, 509: 1, 51: 1, 510: 1, 511: 1, 512: 1, 513: 1, 514: 1, 515: 1, 516: 1, 517: 1, 518: 1, 519: 1, 52: 1, 520: 1, 521: 1, 522: 1, 523: 1, 524: 1, 525: 1, 526: 1, 527: 1, 528: 1, 529: 1, 53: 1, 530: 1, 531: 1, 532: 1, 533: 1, 534: 1, 535: 1, 536: 1, 537: 1, 538: 1, 539: 1, 54: 1, 540: 1, 541: 1, 542: 1, 543: 1, 544: 1, 545: 1, 546: 1, 547: 1, 548: 1, 549: 1, 55: 1, 550: 1, 551: 1, 552: 1, 553: 1, 554: 1, 555: 1, 556: 1, 557: 1, 558: 1, 559: 1, 56: 1, 560: 1, 561: 1, 562: 1, 563: 1, 564: 1, 565: 1, 566: 1, 567: 1, 568: 1, 569: 1, 57: 1, 570: 1, 571: 1, 572: 1, 573: 1, 574: 1, 575: 1, 576: 1, 577: 1, 578: 1, 579: 1, 58: 1, 580: 1, 581: 1, 582: 1, 583: 1, 584: 1, 585: 1, 586: 1, 587: 1, 588: 1, 589: 1, 59: 1, 590: 1, 591: 1, 592: 1, 593: 1, 594: 1, 595: 1, 596: 1, 597: 1, 598: 1, 599: 1, 6: 1, 60: 1, 600: 1, 601: 1, 602: 1, 603: 1, 604: 1, 605: 1, 606: 1, 607: 1, 608: 1, 609: 1, 61: 1, 610: 1, 611: 1, 612: 1, 613: 1, 614: 1, 615: 1, 616: 1, 617: 1, 618: 1, 619: 1, 62: 1, 620: 1, 621: 1, 622: 1, 623: 1, 624: 1, 625: 1, 626: 1, 627: 1, 628: 1, 629: 1, 63: 1, 630: 1, 631: 1, 632: 1, 633: 1, 634: 1, 635: 1, 636: 1, 637: 1, 638: 1, 639: 1, 64: 1, 640: 1, 641: 1, 642: 1, 643: 1, 644: 1, 645: 1, 646: 1, 647: 1, 648: 1, 649: 1, 65: 1, 650: 1, 651: 1, 652: 1, 653: 1, 654: 1, 655: 1, 656: 1, 657: 1, 658: 1, 659: 1, 66: 1, 660: 1, 661: 1, 662: 1, 663: 1, 664: 1, 665: 1, 666: 1, 667: 1, 668: 1, 669: 1, 67: 1, 670: 1, 671: 1, 672: 1, 673: 1, 674: 1, 675: 1, 676: 1, 677: 1, 678: 1, 679: 1, 68: 1, 680: 1, 681: 1, 682: 1, 683: 1, 684: 1, 685: 1, 686: 1, 687: 1, 688: 1, 689: 1, 69: 1, 690: 1, 691: 1, 692: 1, 693: 1, 694: 1, 695: 1, 696: 1, 697: 1, 698: 1, 699: 1, 7: 1, 70: 1, 700: 1, 701: 1, 702: 1, 703: 1, 704: 1, 705: 1, 706: 1, 707: 1, 708: 1, 709: 1, 71: 1, 710: 1, 711: 1, 712: 1, 713: 1, 714: 1, 715: 1, 716: 1, 717: 1, 718: 1, 719: 1, 72: 1, 720: 1, 721: 1, 722: 1, 723: 1, 724: 1, 725: 1, 726: 1, 727: 1, 728: 1, 729: 1, 73: 1, 730: 1, 731: 1, 732: 1, 733: 1, 734: 1, 735: 1, 736: 1, 737: 1, 738: 1, 739: 1, 74: 1, 740: 1, 741: 1, 742: 1, 743: 1, 744: 1, 745: 1, 746: 1, 747: 1, 748: 1, 749: 1, 75: 1, 750: 1, 751: 1, 752: 1, 753: 1, 754: 1, 755: 1, 756: 1, 757: 1, 758: 1, 759: 1, 76: 1, 760: 1, 761: 1, 762: 1, 763: 1, 764: 1, 765: 1, 766: 1, 767: 1, 768: 1, 769: 1, 77: 1, 770: 1, 771: 1, 772: 1, 773: 1, 774: 1, 775: 1, 776: 1, 777: 1, 778: 1, 779: 1, 78: 1, 780: 1, 781: 1, 782: 1, 783: 1, 784: 1, 785: 1, 786: 1, 787: 1, 788: 1, 789: 1, 79: 1, 790: 1, 791: 1, 792: 1, 793: 1, 794: 1, 795: 1, 796: 1, 797: 1, 798: 1, 799: 1, 8: 1, 80: 1, 800: 1, 801: 1, 802: 1, 803: 1, 804: 1, 805: 1, 806: 1, 807: 1, 808: 1, 809: 1, 81: 1, 810: 1, 811: 1, 812: 1, 813: 1, 814: 1, 815: 1, 816: 1, 817: 1, 818: 1, 819: 1, 82: 1, 820: 1, 821: 1, 822: 1, 823: 1, 824: 1, 825: 1, 826: 1, 827: 1, 828: 1, 829: 1, 83: 1, 830: 1, 831: 1, 832: 1, 833: 1, 834: 1, 835: 1, 836: 1, 837: 1, 838: 1, 839: 1, 84: 1, 840: 1, 841: 1, 842: 1, 843: 1, 844: 1, 845: 1, 846: 1, 847: 1, 848: 1, 849: 1, 85: 1, 850: 1, 851: 1, 852: 1, 853: 1, 854: 1, 855: 1, 856: 1, 857: 1, 858: 1, 859: 1, 86: 1, 860: 1, 861: 1, 862: 1, 863: 1, 864: 1, 865: 1, 866: 1, 867: 1, 868: 1, 869: 1, 87: 1, 870: 1, 871: 1, 872: 1, 873: 1, 874: 1, 875: 1, 876: 1, 877: 1, 878: 1, 879: 1, 88: 1, 880: 1, 881: 1, 882: 1, 883: 1, 884: 1, 885: 1, 886: 1, 887: 1, 888: 1, 889: 1, 89: 1, 890: 1, 891: 1, 892: 1, 893: 1, 894: 1, 895: 1, 896: 1, 897: 1, 898: 1, 899: 1, 9: 1, 90: 1, 900: 1, 901: 1, 902: 1, 903: 1, 904: 1, 905: 1, 906: 1, 907: 1, 908: 1, 909: 1, 91: 1, 910: 1, 911: 1, 912: 1, 913: 1, 914: 1, 915: 1, 916: 1, 917: 1, 918: 1, 919: 1, 92: 1, 920: 1, 921: 1, 922: 1, 923: 1, 924: 1, 925: 1, 926: 1, 927: 1, 928: 1, 929: 1, 93: 1, 930: 1, 931: 1, 932: 1, 933: 1, 934: 1, 935: 1, 936: 1, 937: 1, 938: 1, 939: 1, 94: 1, 940: 1, 941: 1, 942: 1, 943: 1, 944: 1, 945: 1, 946: 1, 947: 1, 948: 1, 949: 1, 95: 1, 950: 1, 951: 1, 952: 1, 953: 1, 954: 1, 955: 1, 956: 1, 957: 1, 958: 1, 959: 1, 96: 1, 960: 1, 961: 1, 962: 1, 963: 1, 964: 1, 965: 1, 966: 1, 967: 1, 968: 1, 969: 1, 97: 1, 970: 1, 971: 1, 972: 1, 973: 1, 974: 1, 975: 1, 976: 1, 977: 1, 978: 1, 979: 1, 98: 1, 980: 1, 981: 1, 982: 1, 983: 1, 984: 1, 985: 1, 986: 1, 987: 1, 988: 1, 989: 1, 99: 1, 990: 1, 991: 1, 992: 1, 993: 1, 994: 1, 995: 1, 996: 1, 997: 1, 998: 1, 999: 1}
Max score: 157.03487519228534
Compute cells: 5693
Game step:      [34169180it                 25761.8it/s ]
Done score:     [157.0it                    8.4s/it     ]
Compute steps:  [4024554it                  3034.3it/s  ]
Iterations:     [86% 430it/500              3.1s/it     ]
Cells:          [5693it                     4.3it/s     ]
Time (seconds): [ 3%  1326it/43200          1.0s/it     ]
Game step:      [34413520it                 25729.8it/s ]
Done score:     [157.0it                    8.5s/it     ]
Compute steps:  [4052377it                  3029.8it/s  ]
Iterations:     [87% 433it/500              3.1s/it     ]
Cells:          [5699it                     4.3it/s     ]
Time (seconds): [ 3%  1338it/43200          1.0it/s     ]
Game step:      [34659573it                 25698.8it/s ]
Done score:     [157.0it                    8.6s/it     ]
Compute steps:  [4079173it                  3024.6it/s  ]
Iterations:     [87% 436it/500              3.1s/it     ]
Cells:          [5705it                     4.2it/s     ]
Time (seconds): [ 3%  1349it/43200          1.0it/s     ]
Game step:      [35062629it                 25698.0it/s ]
Done score:     [157.0it                    8.7s/it     ]
Compute steps:  [4125377it                  3023.6it/s  ]
Iterations:     [88% 441it/500              3.1s/it     ]
Cells:          [5714it                     4.2it/s     ]
Time (seconds): [ 3%  1364it/43200          1.0s/it     ]
Game step:      [35467098it                 25697.6it/s ]
Done score:     [157.0it                    8.8s/it     ]
Compute steps:  [4171645it                  3022.6it/s  ]
Iterations:     [89% 446it/500              3.1s/it     ]
Cells:          [5721it                     4.1it/s     ]
Time (seconds): [ 3%  1380it/43200          1.0s/it     ]
Game step:      [35872705it                 25680.8it/s ]
Done score:     [157.0it                    8.9s/it     ]
Compute steps:  [4217382it                  3019.2it/s  ]
Iterations:     [90% 451it/500              3.1s/it     ]
Cells:          [5728it                     4.1it/s     ]
Time (seconds): [ 3%  1397it/43200          1.0it/s     ]
Game step:      [36277309it                 25671.4it/s ]
Done score:     [157.0it                    9.0s/it     ]
Compute steps:  [4264478it                  3017.7it/s  ]
Iterations:     [91% 456it/500              3.1s/it     ]
Cells:          [5733it                     4.1it/s     ]
Time (seconds): [ 3%  1413it/43200          1.0s/it     ]
Game step:      [36681964it                 25668.9it/s ]
Done score:     [157.0it                    9.1s/it     ]
Compute steps:  [4311039it                  3016.7it/s  ]
Iterations:     [92% 461it/500              3.1s/it     ]
Cells:          [5746it                     4.0it/s     ]
Time (seconds): [ 3%  1429it/43200          1.0s/it     ]
Max score:      [157.8it                    9.1s/it     ]
Game step:      [37086436it                 25670.4it/s ]
Done score:     [157.8it                    9.2s/it     ]
Compute steps:  [4357379it                  3016.1it/s  ]
Iterations:     [93% 466it/500              3.1s/it     ]
Cells:          [5754it                     4.0it/s     ]
Time (seconds): [ 3%  1445it/43200          1.0it/s     ]
Game step:      [37412928it                 25650.6it/s ]
Done score:     [157.8it                    9.2s/it     ]
Compute steps:  [4394589it                  3013.0it/s  ]
Iterations:     [94% 470it/500              3.1s/it     ]
Cells:          [5759it                     3.9it/s     ]
Time (seconds): [ 3%  1459it/43200          1.0it/s     ]
Game step:      [37817289it                 25635.5it/s ]
Done score:     [157.8it                    9.4s/it     ]
Compute steps:  [4441598it                  3010.9it/s  ]
Iterations:     [95% 475it/500              3.1s/it     ]
Cells:          [5766it                     3.9it/s     ]
Time (seconds): [ 3%  1475it/43200          1.0s/it     ]
Game step:      [38227314it                 25632.0it/s ]
Done score:     [157.8it                    9.5s/it     ]
Compute steps:  [4487947it                  3009.2it/s  ]
Iterations:     [96% 480it/500              3.1s/it     ]
Cells:          [5775it                     3.9it/s     ]
Time (seconds): [ 3%  1491it/43200          1.0s/it     ]
Max score:      [157.8it                    9.5s/it     ]
Game step:      [38633851it                 25628.8it/s ]
Done score:     [157.8it                    9.6s/it     ]
Compute steps:  [4534428it                  3008.0it/s  ]
Iterations:     [97% 485it/500              3.1s/it     ]
Cells:          [5784it                     3.8it/s     ]
Time (seconds): [ 3%  1507it/43200          1.0s/it     ]
Game step:      [39042154it                 25617.9it/s ]
Done score:     [157.8it                    9.7s/it     ]
Compute steps:  [4581939it                  3006.5it/s  ]
Iterations:     [98% 490it/500              3.1s/it     ]
Cells:          [5788it                     3.8it/s     ]
Time (seconds): [ 4%  1524it/43200          1.0s/it     ]
Game step:      [39448749it                 25618.1it/s ]
Done score:     [157.8it                    9.8s/it     ]
Compute steps:  [4628652it                  3005.8it/s  ]
Iterations:     [99% 495it/500              3.1s/it     ]
Cells:          [5802it                     3.8it/s     ]
Time (seconds): [ 4%  1540it/43200          1.0it/s     ]
Game step:      [39855084it                 25614.4it/s ]
Done score:     [157.8it                    9.9s/it     ]
Compute steps:  [4675167it                  3004.7it/s  ]
Iterations:     [100% 500it/500             3.1s/it     ]
Cells:          [5810it                     3.7it/s     ]
Time (seconds): [ 4%  1556it/43200          1.0it/s     ]
Cells at score: {1: 1, 10: 1, 100: 1, 1000: 1, 1001: 1, 1002: 1, 1003: 1, 1004: 1, 1005: 1, 101: 1, 102: 1, 103: 1, 104: 1, 105: 1, 106: 1, 107: 1, 108: 1, 109: 1, 11: 1, 110: 1, 111: 1, 112: 1, 113: 1, 114: 1, 115: 1, 116: 1, 117: 1, 118: 1, 119: 1, 12: 1, 120: 1, 121: 1, 122: 1, 123: 1, 124: 1, 125: 1, 126: 1, 127: 1, 128: 1, 129: 1, 13: 1, 130: 1, 131: 1, 132: 1, 133: 1, 134: 1, 135: 1, 136: 1, 137: 1, 138: 1, 139: 1, 14: 1, 140: 1, 141: 1, 142: 1, 143: 1, 144: 1, 145: 1, 146: 1, 147: 1, 148: 1, 149: 1, 15: 1, 150: 1, 151: 1, 152: 1, 153: 1, 154: 1, 155: 1, 156: 1, 157: 1, 158: 1, 159: 1, 16: 1, 160: 1, 161: 1, 162: 1, 163: 1, 164: 1, 165: 1, 166: 1, 167: 1, 168: 1, 169: 1, 17: 1, 170: 1, 171: 1, 172: 1, 173: 1, 174: 1, 175: 1, 176: 1, 177: 1, 178: 1, 179: 1, 18: 1, 180: 1, 181: 1, 182: 1, 183: 1, 184: 1, 185: 1, 186: 1, 187: 1, 188: 1, 189: 1, 19: 1, 190: 1, 191: 1, 192: 1, 193: 1, 194: 1, 195: 1, 196: 1, 197: 1, 198: 1, 199: 1, 2: 1, 20: 1, 200: 1, 201: 1, 202: 1, 203: 1, 204: 1, 205: 1, 206: 1, 207: 1, 208: 1, 209: 1, 21: 1, 210: 1, 211: 1, 212: 1, 213: 1, 214: 1, 215: 1, 216: 1, 217: 1, 218: 1, 219: 1, 22: 1, 220: 1, 221: 1, 222: 1, 223: 1, 224: 1, 225: 1, 226: 1, 227: 1, 228: 1, 229: 1, 23: 1, 230: 1, 231: 1, 232: 1, 233: 1, 234: 1, 235: 1, 236: 1, 237: 1, 238: 1, 239: 1, 24: 1, 240: 1, 241: 1, 242: 1, 243: 1, 244: 1, 245: 1, 246: 1, 247: 1, 248: 1, 249: 1, 25: 1, 250: 1, 251: 1, 252: 1, 253: 1, 254: 1, 255: 1, 256: 1, 257: 1, 258: 1, 259: 1, 26: 1, 260: 1, 261: 1, 262: 1, 263: 1, 264: 1, 265: 1, 266: 1, 267: 1, 268: 1, 269: 1, 27: 1, 270: 1, 271: 1, 272: 1, 273: 1, 274: 1, 275: 1, 276: 1, 277: 1, 278: 1, 279: 1, 28: 1, 280: 1, 281: 1, 282: 1, 283: 1, 284: 1, 285: 1, 286: 1, 287: 1, 288: 1, 289: 1, 29: 1, 290: 1, 291: 1, 292: 1, 293: 1, 294: 1, 295: 1, 296: 1, 297: 1, 298: 1, 299: 1, 3: 1, 30: 1, 300: 1, 301: 1, 302: 1, 303: 1, 304: 1, 305: 1, 306: 1, 307: 1, 308: 1, 309: 1, 31: 1, 310: 1, 311: 1, 312: 1, 313: 1, 314: 1, 315: 1, 316: 1, 317: 1, 318: 1, 319: 1, 32: 1, 320: 1, 321: 1, 322: 1, 323: 1, 324: 1, 325: 1, 326: 1, 327: 1, 328: 1, 329: 1, 33: 1, 330: 1, 331: 1, 332: 1, 333: 1, 334: 1, 335: 1, 336: 1, 337: 1, 338: 1, 339: 1, 34: 1, 340: 1, 341: 1, 342: 1, 343: 1, 344: 1, 345: 1, 346: 1, 347: 1, 348: 1, 349: 1, 35: 1, 350: 1, 351: 1, 352: 1, 353: 1, 354: 1, 355: 1, 356: 1, 357: 1, 358: 1, 359: 1, 36: 1, 360: 1, 361: 1, 362: 1, 363: 1, 364: 1, 365: 1, 366: 1, 367: 1, 368: 1, 369: 1, 37: 1, 370: 1, 371: 1, 372: 1, 373: 1, 374: 1, 375: 1, 376: 1, 377: 1, 378: 1, 379: 1, 38: 1, 380: 1, 381: 1, 382: 1, 383: 1, 384: 1, 385: 1, 386: 1, 387: 1, 388: 1, 389: 1, 39: 1, 390: 1, 391: 1, 392: 1, 393: 1, 394: 1, 395: 1, 396: 1, 397: 1, 398: 1, 399: 1, 4: 1, 40: 1, 400: 1, 401: 1, 402: 1, 403: 1, 404: 1, 405: 1, 406: 1, 407: 1, 408: 1, 409: 1, 41: 1, 410: 1, 411: 1, 412: 1, 413: 1, 414: 1, 415: 1, 416: 1, 417: 1, 418: 1, 419: 1, 42: 1, 420: 1, 421: 1, 422: 1, 423: 1, 424: 1, 425: 1, 426: 1, 427: 1, 428: 1, 429: 1, 43: 1, 430: 1, 431: 1, 432: 1, 433: 1, 434: 1, 435: 1, 436: 1, 437: 1, 438: 1, 439: 1, 44: 1, 440: 1, 441: 1, 442: 1, 443: 1, 444: 1, 445: 1, 446: 1, 447: 1, 448: 1, 449: 1, 45: 1, 450: 1, 451: 1, 452: 1, 453: 1, 454: 1, 455: 1, 456: 1, 457: 1, 458: 1, 459: 1, 46: 1, 460: 1, 461: 1, 462: 1, 463: 1, 464: 1, 465: 1, 466: 1, 467: 1, 468: 1, 469: 1, 47: 1, 470: 1, 471: 1, 472: 1, 473: 1, 474: 1, 475: 1, 476: 1, 477: 1, 478: 1, 479: 1, 48: 1, 480: 1, 481: 1, 482: 1, 483: 1, 484: 1, 485: 1, 486: 1, 487: 1, 488: 1, 489: 1, 49: 1, 490: 1, 491: 1, 492: 1, 493: 1, 494: 1, 495: 1, 496: 1, 497: 1, 498: 1, 499: 1, 5: 1, 50: 1, 500: 1, 501: 1, 502: 1, 503: 1, 504: 1, 505: 1, 506: 1, 507: 1, 508: 1, 509: 1, 51: 1, 510: 1, 511: 1, 512: 1, 513: 1, 514: 1, 515: 1, 516: 1, 517: 1, 518: 1, 519: 1, 52: 1, 520: 1, 521: 1, 522: 1, 523: 1, 524: 1, 525: 1, 526: 1, 527: 1, 528: 1, 529: 1, 53: 1, 530: 1, 531: 1, 532: 1, 533: 1, 534: 1, 535: 1, 536: 1, 537: 1, 538: 1, 539: 1, 54: 1, 540: 1, 541: 1, 542: 1, 543: 1, 544: 1, 545: 1, 546: 1, 547: 1, 548: 1, 549: 1, 55: 1, 550: 1, 551: 1, 552: 1, 553: 1, 554: 1, 555: 1, 556: 1, 557: 1, 558: 1, 559: 1, 56: 1, 560: 1, 561: 1, 562: 1, 563: 1, 564: 1, 565: 1, 566: 1, 567: 1, 568: 1, 569: 1, 57: 1, 570: 1, 571: 1, 572: 1, 573: 1, 574: 1, 575: 1, 576: 1, 577: 1, 578: 1, 579: 1, 58: 1, 580: 1, 581: 1, 582: 1, 583: 1, 584: 1, 585: 1, 586: 1, 587: 1, 588: 1, 589: 1, 59: 1, 590: 1, 591: 1, 592: 1, 593: 1, 594: 1, 595: 1, 596: 1, 597: 1, 598: 1, 599: 1, 6: 1, 60: 1, 600: 1, 601: 1, 602: 1, 603: 1, 604: 1, 605: 1, 606: 1, 607: 1, 608: 1, 609: 1, 61: 1, 610: 1, 611: 1, 612: 1, 613: 1, 614: 1, 615: 1, 616: 1, 617: 1, 618: 1, 619: 1, 62: 1, 620: 1, 621: 1, 622: 1, 623: 1, 624: 1, 625: 1, 626: 1, 627: 1, 628: 1, 629: 1, 63: 1, 630: 1, 631: 1, 632: 1, 633: 1, 634: 1, 635: 1, 636: 1, 637: 1, 638: 1, 639: 1, 64: 1, 640: 1, 641: 1, 642: 1, 643: 1, 644: 1, 645: 1, 646: 1, 647: 1, 648: 1, 649: 1, 65: 1, 650: 1, 651: 1, 652: 1, 653: 1, 654: 1, 655: 1, 656: 1, 657: 1, 658: 1, 659: 1, 66: 1, 660: 1, 661: 1, 662: 1, 663: 1, 664: 1, 665: 1, 666: 1, 667: 1, 668: 1, 669: 1, 67: 1, 670: 1, 671: 1, 672: 1, 673: 1, 674: 1, 675: 1, 676: 1, 677: 1, 678: 1, 679: 1, 68: 1, 680: 1, 681: 1, 682: 1, 683: 1, 684: 1, 685: 1, 686: 1, 687: 1, 688: 1, 689: 1, 69: 1, 690: 1, 691: 1, 692: 1, 693: 1, 694: 1, 695: 1, 696: 1, 697: 1, 698: 1, 699: 1, 7: 1, 70: 1, 700: 1, 701: 1, 702: 1, 703: 1, 704: 1, 705: 1, 706: 1, 707: 1, 708: 1, 709: 1, 71: 1, 710: 1, 711: 1, 712: 1, 713: 1, 714: 1, 715: 1, 716: 1, 717: 1, 718: 1, 719: 1, 72: 1, 720: 1, 721: 1, 722: 1, 723: 1, 724: 1, 725: 1, 726: 1, 727: 1, 728: 1, 729: 1, 73: 1, 730: 1, 731: 1, 732: 1, 733: 1, 734: 1, 735: 1, 736: 1, 737: 1, 738: 1, 739: 1, 74: 1, 740: 1, 741: 1, 742: 1, 743: 1, 744: 1, 745: 1, 746: 1, 747: 1, 748: 1, 749: 1, 75: 1, 750: 1, 751: 1, 752: 1, 753: 1, 754: 1, 755: 1, 756: 1, 757: 1, 758: 1, 759: 1, 76: 1, 760: 1, 761: 1, 762: 1, 763: 1, 764: 1, 765: 1, 766: 1, 767: 1, 768: 1, 769: 1, 77: 1, 770: 1, 771: 1, 772: 1, 773: 1, 774: 1, 775: 1, 776: 1, 777: 1, 778: 1, 779: 1, 78: 1, 780: 1, 781: 1, 782: 1, 783: 1, 784: 1, 785: 1, 786: 1, 787: 1, 788: 1, 789: 1, 79: 1, 790: 1, 791: 1, 792: 1, 793: 1, 794: 1, 795: 1, 796: 1, 797: 1, 798: 1, 799: 1, 8: 1, 80: 1, 800: 1, 801: 1, 802: 1, 803: 1, 804: 1, 805: 1, 806: 1, 807: 1, 808: 1, 809: 1, 81: 1, 810: 1, 811: 1, 812: 1, 813: 1, 814: 1, 815: 1, 816: 1, 817: 1, 818: 1, 819: 1, 82: 1, 820: 1, 821: 1, 822: 1, 823: 1, 824: 1, 825: 1, 826: 1, 827: 1, 828: 1, 829: 1, 83: 1, 830: 1, 831: 1, 832: 1, 833: 1, 834: 1, 835: 1, 836: 1, 837: 1, 838: 1, 839: 1, 84: 1, 840: 1, 841: 1, 842: 1, 843: 1, 844: 1, 845: 1, 846: 1, 847: 1, 848: 1, 849: 1, 85: 1, 850: 1, 851: 1, 852: 1, 853: 1, 854: 1, 855: 1, 856: 1, 857: 1, 858: 1, 859: 1, 86: 1, 860: 1, 861: 1, 862: 1, 863: 1, 864: 1, 865: 1, 866: 1, 867: 1, 868: 1, 869: 1, 87: 1, 870: 1, 871: 1, 872: 1, 873: 1, 874: 1, 875: 1, 876: 1, 877: 1, 878: 1, 879: 1, 88: 1, 880: 1, 881: 1, 882: 1, 883: 1, 884: 1, 885: 1, 886: 1, 887: 1, 888: 1, 889: 1, 89: 1, 890: 1, 891: 1, 892: 1, 893: 1, 894: 1, 895: 1, 896: 1, 897: 1, 898: 1, 899: 1, 9: 1, 90: 1, 900: 1, 901: 1, 902: 1, 903: 1, 904: 1, 905: 1, 906: 1, 907: 1, 908: 1, 909: 1, 91: 1, 910: 1, 911: 1, 912: 1, 913: 1, 914: 1, 915: 1, 916: 1, 917: 1, 918: 1, 919: 1, 92: 1, 920: 1, 921: 1, 922: 1, 923: 1, 924: 1, 925: 1, 926: 1, 927: 1, 928: 1, 929: 1, 93: 1, 930: 1, 931: 1, 932: 1, 933: 1, 934: 1, 935: 1, 936: 1, 937: 1, 938: 1, 939: 1, 94: 1, 940: 1, 941: 1, 942: 1, 943: 1, 944: 1, 945: 1, 946: 1, 947: 1, 948: 1, 949: 1, 95: 1, 950: 1, 951: 1, 952: 1, 953: 1, 954: 1, 955: 1, 956: 1, 957: 1, 958: 1, 959: 1, 96: 1, 960: 1, 961: 1, 962: 1, 963: 1, 964: 1, 965: 1, 966: 1, 967: 1, 968: 1, 969: 1, 97: 1, 970: 1, 971: 1, 972: 1, 973: 1, 974: 1, 975: 1, 976: 1, 977: 1, 978: 1, 979: 1, 98: 1, 980: 1, 981: 1, 982: 1, 983: 1, 984: 1, 985: 1, 986: 1, 987: 1, 988: 1, 989: 1, 99: 1, 990: 1, 991: 1, 992: 1, 993: 1, 994: 1, 995: 1, 996: 1, 997: 1, 998: 1, 999: 1}
Max score: 157.76437342252788
Compute cells: 5810
Cells:          [5810it                     3.7it/s     ] DONE
Done score:     [157.8it                    9.9s/it     ] DONE
Max score:      [157.8it                    9.9s/it     ] DONE
Game step:      [39855084it                 25564.5it/s ] DONE
Compute steps:  [4675167it                  2998.8it/s  ] DONE
Iterations:     [100% 500it/500             3.1s/it     ] DONE
Time (seconds): [ 4%  1556it/43200          1.0s/it     ] DONE
