Gym has been unmaintained since 2022 and does not support NumPy 2.0 amongst other critical functionality.
Please upgrade to Gymnasium, the maintained drop-in replacement of Gym, or contact the authors of your software and request that they upgrade.
See the migration guide at https://gymnasium.farama.org/introduction/migration_guide/ for additional information.
Gym has been unmaintained since 2022 and does not support NumPy 2.0 amongst other critical functionality.
Please upgrade to Gymnasium, the maintained drop-in replacement of Gym, or contact the authors of your software and request that they upgrade.
See the migration guide at https://gymnasium.farama.org/introduction/migration_guide/ for additional information.
Gym has been unmaintained since 2022 and does not support NumPy 2.0 amongst other critical functionality.
Please upgrade to Gymnasium, the maintained drop-in replacement of Gym, or contact the authors of your software and request that they upgrade.
See the migration guide at https://gymnasium.farama.org/introduction/migration_guide/ for additional information.
Gym has been unmaintained since 2022 and does not support NumPy 2.0 amongst other critical functionality.
Please upgrade to Gymnasium, the maintained drop-in replacement of Gym, or contact the authors of your software and request that they upgrade.
See the migration guide at https://gymnasium.farama.org/introduction/migration_guide/ for additional information.
Gym has been unmaintained since 2022 and does not support NumPy 2.0 amongst other critical functionality.
Please upgrade to Gymnasium, the maintained drop-in replacement of Gym, or contact the authors of your software and request that they upgrade.
See the migration guide at https://gymnasium.farama.org/introduction/migration_guide/ for additional information.
Gym has been unmaintained since 2022 and does not support NumPy 2.0 amongst other critical functionality.
Please upgrade to Gymnasium, the maintained drop-in replacement of Gym, or contact the authors of your software and request that they upgrade.
See the migration guide at https://gymnasium.farama.org/introduction/migration_guide/ for additional information.
Gym has been unmaintained since 2022 and does not support NumPy 2.0 amongst other critical functionality.
Please upgrade to Gymnasium, the maintained drop-in replacement of Gym, or contact the authors of your software and request that they upgrade.
See the migration guide at https://gymnasium.farama.org/introduction/migration_guide/ for additional information.
Gym has been unmaintained since 2022 and does not support NumPy 2.0 amongst other critical functionality.
Please upgrade to Gymnasium, the maintained drop-in replacement of Gym, or contact the authors of your software and request that they upgrade.
See the migration guide at https://gymnasium.farama.org/introduction/migration_guide/ for additional information.
Gym has been unmaintained since 2022 and does not support NumPy 2.0 amongst other critical functionality.
Please upgrade to Gymnasium, the maintained drop-in replacement of Gym, or contact the authors of your software and request that they upgrade.
See the migration guide at https://gymnasium.farama.org/introduction/migration_guide/ for additional information.
Gym has been unmaintained since 2022 and does not support NumPy 2.0 amongst other critical functionality.
Please upgrade to Gymnasium, the maintained drop-in replacement of Gym, or contact the authors of your software and request that they upgrade.
See the migration guide at https://gymnasium.farama.org/introduction/migration_guide/ for additional information.
Gym has been unmaintained since 2022 and does not support NumPy 2.0 amongst other critical functionality.
Please upgrade to Gymnasium, the maintained drop-in replacement of Gym, or contact the authors of your software and request that they upgrade.
See the migration guide at https://gymnasium.farama.org/introduction/migration_guide/ for additional information.
Gym has been unmaintained since 2022 and does not support NumPy 2.0 amongst other critical functionality.
Please upgrade to Gymnasium, the maintained drop-in replacement of Gym, or contact the authors of your software and request that they upgrade.
See the migration guide at https://gymnasium.farama.org/introduction/migration_guide/ for additional information.
Gym has been unmaintained since 2022 and does not support NumPy 2.0 amongst other critical functionality.
Please upgrade to Gymnasium, the maintained drop-in replacement of Gym, or contact the authors of your software and request that they upgrade.
See the migration guide at https://gymnasium.farama.org/introduction/migration_guide/ for additional information.
Gym has been unmaintained since 2022 and does not support NumPy 2.0 amongst other critical functionality.
Please upgrade to Gymnasium, the maintained drop-in replacement of Gym, or contact the authors of your software and request that they upgrade.
See the migration guide at https://gymnasium.farama.org/introduction/migration_guide/ for additional information.
Gym has been unmaintained since 2022 and does not support NumPy 2.0 amongst other critical functionality.
Please upgrade to Gymnasium, the maintained drop-in replacement of Gym, or contact the authors of your software and request that they upgrade.
See the migration guide at https://gymnasium.farama.org/introduction/migration_guide/ for additional information.
Gym has been unmaintained since 2022 and does not support NumPy 2.0 amongst other critical functionality.
Please upgrade to Gymnasium, the maintained drop-in replacement of Gym, or contact the authors of your software and request that they upgrade.
See the migration guide at https://gymnasium.farama.org/introduction/migration_guide/ for additional information.
Gym has been unmaintained since 2022 and does not support NumPy 2.0 amongst other critical functionality.
Please upgrade to Gymnasium, the maintained drop-in replacement of Gym, or contact the authors of your software and request that they upgrade.
See the migration guide at https://gymnasium.farama.org/introduction/migration_guide/ for additional information.
Gym has been unmaintained since 2022 and does not support NumPy 2.0 amongst other critical functionality.
Please upgrade to Gymnasium, the maintained drop-in replacement of Gym, or contact the authors of your software and request that they upgrade.
See the migration guide at https://gymnasium.farama.org/introduction/migration_guide/ for additional information.
Gym has been unmaintained since 2022 and does not support NumPy 2.0 amongst other critical functionality.
Please upgrade to Gymnasium, the maintained drop-in replacement of Gym, or contact the authors of your software and request that they upgrade.
See the migration guide at https://gymnasium.farama.org/introduction/migration_guide/ for additional information.
Gym has been unmaintained since 2022 and does not support NumPy 2.0 amongst other critical functionality.
Please upgrade to Gymnasium, the maintained drop-in replacement of Gym, or contact the authors of your software and request that they upgrade.
See the migration guide at https://gymnasium.farama.org/introduction/migration_guide/ for additional information.
Gym has been unmaintained since 2022 and does not support NumPy 2.0 amongst other critical functionality.
Please upgrade to Gymnasium, the maintained drop-in replacement of Gym, or contact the authors of your software and request that they upgrade.
See the migration guide at https://gymnasium.farama.org/introduction/migration_guide/ for additional information.
Game step:      [10000it                    795.5it/s   ]
Max score:      [1.6it                      7.8s/it     ]
Done score:     [-infit                                 ]
Compute steps:  [10000it                    795.5it/s   ]
Iterations:     [ 0%   1it/200              12.6s/it    ]
Cells:          [6it                        2.1s/it     ]
Time (seconds): [ 0%    13it/43200          1.0it/s     ]
Cells at score: {1: 1, 10: 1, 100: 1, 11: 1, 12: 1, 13: 1, 14: 1, 15: 1, 16: 1, 17: 1, 18: 1, 19: 1, 2: 1, 20: 1, 21: 1, 22: 1, 23: 1, 24: 1, 25: 1, 26: 1, 27: 1, 28: 1, 29: 1, 3: 1, 30: 1, 31: 1, 32: 1, 33: 1, 34: 1, 35: 1, 36: 1, 37: 1, 38: 1, 39: 1, 4: 1, 40: 1, 41: 1, 42: 1, 43: 1, 44: 1, 45: 1, 46: 1, 47: 1, 48: 1, 49: 1, 5: 1, 50: 1, 51: 1, 52: 1, 53: 1, 54: 1, 55: 1, 56: 1, 57: 1, 58: 1, 59: 1, 6: 1, 60: 1, 61: 1, 62: 1, 63: 1, 64: 1, 65: 1, 66: 1, 67: 1, 68: 1, 69: 1, 7: 1, 70: 1, 71: 1, 72: 1, 73: 1, 74: 1, 75: 1, 76: 1, 77: 1, 78: 1, 79: 1, 8: 1, 80: 1, 81: 1, 82: 1, 83: 1, 84: 1, 85: 1, 86: 1, 87: 1, 88: 1, 89: 1, 9: 1, 90: 1, 91: 1, 92: 1, 93: 1, 94: 1, 95: 1, 96: 1, 97: 1, 98: 1, 99: 1}
Max score: 1.60648990200992
Compute cells: 6
Game step:      [256075it                   11244.7it/s ]
Max score:      [84.8it                     3.7it/s     ]
Done score:     [-infit                                 ]
Compute steps:  [70000it                    3073.8it/s  ]
Iterations:     [ 4%   7it/200              3.3s/it     ]
Cells:          [1151it                     50.5it/s    ]
Time (seconds): [ 0%    23it/43200          1.0it/s     ]
Game step:      [599485it                   17073.9it/s ]
Max score:      [110.6it                    3.1it/s     ]
Done score:     [-infit                                 ]
Compute steps:  [120000it                   3417.4it/s  ]
Iterations:     [ 6%  12it/200              2.9s/it     ]
Cells:          [2340it                     66.6it/s    ]
Time (seconds): [ 0%    36it/43200          1.0it/s     ]
Game step:      [902630it                   19916.8it/s ]
Done score:     [137.3it                    3.0it/s     ]
Compute steps:  [159849it                   3526.9it/s  ]
Iterations:     [ 8%  16it/200              2.8s/it     ]
Cells:          [2976it                     65.7it/s    ]
Time (seconds): [ 0%    46it/43200          1.0it/s     ]
Max score:      [137.5it                    2.9it/s     ]
Game step:      [1223647it                  21743.1it/s ]
Done score:     [137.5it                    2.4it/s     ]
Compute steps:  [198767it                   3531.7it/s  ]
Iterations:     [10%  20it/200              2.8s/it     ]
Cells:          [3339it                     59.3it/s    ]
Time (seconds): [ 0%    57it/43200          1.0it/s     ]
Max score:      [140.2it                    2.2it/s     ]
Game step:      [1544433it                  22920.3it/s ]
Done score:     [140.6it                    2.1it/s     ]
Compute steps:  [237115it                   3518.9it/s  ]
Iterations:     [12%  24it/200              2.8s/it     ]
Cells:          [3657it                     54.3it/s    ]
Time (seconds): [ 0%    68it/43200          1.0it/s     ]
Max score:      [144.9it                    1.9it/s     ]
Game step:      [1875769it                  23519.4it/s ]
Done score:     [144.9it                    1.8it/s     ]
Compute steps:  [275701it                   3456.9it/s  ]
Iterations:     [14%  28it/200              2.8s/it     ]
Cells:          [3848it                     48.2it/s    ]
Time (seconds): [ 0%    80it/43200          1.0it/s     ]
Game step:      [2203745it                  24119.2it/s ]
Done score:     [144.9it                    1.6it/s     ]
Compute steps:  [314173it                   3438.4it/s  ]
Iterations:     [16%  32it/200              2.9s/it     ]
Cells:          [3978it                     43.5it/s    ]
Time (seconds): [ 0%    92it/43200          1.0it/s     ]
Game step:      [2531612it                  24653.8it/s ]
Done score:     [144.9it                    1.4it/s     ]
Compute steps:  [352402it                   3431.7it/s  ]
Iterations:     [18%  36it/200              2.9s/it     ]
Cells:          [4075it                     39.7it/s    ]
Time (seconds): [ 0%   103it/43200          1.0it/s     ]
Max score:      [144.9it                    1.3it/s     ]
Game step:      [2858486it                  24607.8it/s ]
Done score:     [144.9it                    1.2it/s     ]
Compute steps:  [390675it                   3363.2it/s  ]
Iterations:     [20%  40it/200              2.9s/it     ]
Cells:          [4153it                     35.8it/s    ]
Time (seconds): [ 0%   117it/43200          1.0it/s     ]
Game step:      [3188244it                  25072.9it/s ]
Done score:     [145.3it                    1.1it/s     ]
Compute steps:  [427898it                   3365.1it/s  ]
Iterations:     [22%  44it/200              2.9s/it     ]
Cells:          [4240it                     33.3it/s    ]
Time (seconds): [ 0%   128it/43200          1.0it/s     ]
Game step:      [3514780it                  25229.8it/s ]
Done score:     [145.3it                    1.0it/s     ]
Compute steps:  [465029it                   3338.0it/s  ]
Iterations:     [24%  48it/200              2.9s/it     ]
Cells:          [4309it                     30.9it/s    ]
Time (seconds): [ 0%   140it/43200          1.0it/s     ]
Max score:      [145.5it                    1.0it/s     ]
Game step:      [3842151it                  25340.7it/s ]
Done score:     [145.5it                    1.0s/it     ]
Compute steps:  [502210it                   3312.3it/s  ]
Iterations:     [26%  52it/200              2.9s/it     ]
Cells:          [4390it                     29.0it/s    ]
Time (seconds): [ 0%   152it/43200          1.0it/s     ]
Game step:      [4168398it                  25351.2it/s ]
Done score:     [145.5it                    1.1s/it     ]
Compute steps:  [539555it                   3281.4it/s  ]
Iterations:     [28%  56it/200              2.9s/it     ]
Cells:          [4445it                     27.0it/s    ]
Time (seconds): [ 0%   165it/43200          1.0it/s     ]
Game step:      [4497390it                  25557.9it/s ]
Done score:     [145.5it                    1.2s/it     ]
Compute steps:  [577142it                   3279.8it/s  ]
Iterations:     [30%  60it/200              2.9s/it     ]
Cells:          [4488it                     25.5it/s    ]
Time (seconds): [ 0%   176it/43200          1.0it/s     ]
Game step:      [4827390it                  25477.3it/s ]
Done score:     [145.5it                    1.3s/it     ]
Compute steps:  [614082it                   3240.9it/s  ]
Iterations:     [32%  64it/200              3.0s/it     ]
Cells:          [4524it                     23.9it/s    ]
Time (seconds): [ 0%   190it/43200          1.0it/s     ]
Game step:      [5156391it                  25733.5it/s ]
Done score:     [145.5it                    1.4s/it     ]
Compute steps:  [651715it                   3252.4it/s  ]
Iterations:     [34%  68it/200              2.9s/it     ]
Cells:          [4560it                     22.8it/s    ]
Time (seconds): [ 0%   201it/43200          1.0it/s     ]
Game step:      [5487061it                  25658.3it/s ]
Max score:      [145.5it                    1.5s/it     ]
Done score:     [145.5it                    1.5s/it     ]
Compute steps:  [688093it                   3217.6it/s  ]
Iterations:     [36%  72it/200              3.0s/it     ]
Cells:          [4596it                     21.5it/s    ]
Time (seconds): [ 0%   214it/43200          1.0it/s     ]
Game step:      [5815922it                  25766.8it/s ]
Done score:     [146.8it                    1.5s/it     ]
Compute steps:  [724887it                   3211.5it/s  ]
Iterations:     [38%  76it/200              3.0s/it     ]
Cells:          [4642it                     20.6it/s    ]
Time (seconds): [ 1%   226it/43200          1.0it/s     ]
Game step:      [6145896it                  25595.1it/s ]
Done score:     [146.8it                    1.6s/it     ]
Compute steps:  [761713it                   3172.2it/s  ]
Iterations:     [40%  80it/200              3.0s/it     ]
Cells:          [4661it                     19.4it/s    ]
Time (seconds): [ 1%   241it/43200          1.0it/s     ]
Game step:      [6471179it                  25718.6it/s ]
Done score:     [146.8it                    1.7s/it     ]
Compute steps:  [799150it                   3176.1it/s  ]
Iterations:     [42%  84it/200              3.0s/it     ]
Cells:          [4688it                     18.6it/s    ]
Time (seconds): [ 1%   252it/43200          1.0it/s     ]
Game step:      [6797051it                  25777.0it/s ]
Done score:     [146.8it                    1.8s/it     ]
Compute steps:  [836423it                   3172.0it/s  ]
Iterations:     [44%  88it/200              3.0s/it     ]
Cells:          [4718it                     17.9it/s    ]
Time (seconds): [ 1%   264it/43200          1.0it/s     ]
Game step:      [7041205it                  25699.2it/s ]
Done score:     [146.8it                    1.9s/it     ]
Compute steps:  [864609it                   3155.7it/s  ]
Iterations:     [46%  91it/200              3.0s/it     ]
Cells:          [4734it                     17.3it/s    ]
Time (seconds): [ 1%   274it/43200          1.0it/s     ]
Game step:      [7368217it                  25742.6it/s ]
Done score:     [146.8it                    1.9s/it     ]
Compute steps:  [902550it                   3153.2it/s  ]
Iterations:     [48%  95it/200              3.0s/it     ]
Cells:          [4759it                     16.6it/s    ]
Time (seconds): [ 1%   287it/43200          1.0it/s     ]
Game step:      [7695147it                  25627.2it/s ]
Done score:     [146.8it                    2.0s/it     ]
Compute steps:  [939989it                   3130.4it/s  ]
Iterations:     [50%  99it/200              3.0s/it     ]
Cells:          [4775it                     15.9it/s    ]
Time (seconds): [ 1%   301it/43200          1.0it/s     ]
Game step:      [7941041it                  25564.3it/s ]
Done score:     [146.8it                    2.1s/it     ]
Compute steps:  [967616it                   3115.0it/s  ]
Iterations:     [51% 102it/200              3.0s/it     ]
Cells:          [4796it                     15.4it/s    ]
Time (seconds): [ 1%   311it/43200          1.0it/s     ]
Game step:      [8185629it                  25509.1it/s ]
Done score:     [146.8it                    2.2s/it     ]
Compute steps:  [995739it                   3103.0it/s  ]
Iterations:     [52% 105it/200              3.1s/it     ]
Cells:          [4809it                     15.0it/s    ]
Time (seconds): [ 1%   321it/43200          1.0it/s     ]
Cells at score: {1: 1, 10: 1, 100: 1, 1000: 1, 1001: 1, 1002: 1, 1003: 1, 1004: 1, 1005: 1, 101: 1, 102: 1, 103: 1, 104: 1, 105: 1, 106: 1, 107: 1, 108: 1, 109: 1, 11: 1, 110: 1, 111: 1, 112: 1, 113: 1, 114: 1, 115: 1, 116: 1, 117: 1, 118: 1, 119: 1, 12: 1, 120: 1, 121: 1, 122: 1, 123: 1, 124: 1, 125: 1, 126: 1, 127: 1, 128: 1, 129: 1, 13: 1, 130: 1, 131: 1, 132: 1, 133: 1, 134: 1, 135: 1, 136: 1, 137: 1, 138: 1, 139: 1, 14: 1, 140: 1, 141: 1, 142: 1, 143: 1, 144: 1, 145: 1, 146: 1, 147: 1, 148: 1, 149: 1, 15: 1, 150: 1, 151: 1, 152: 1, 153: 1, 154: 1, 155: 1, 156: 1, 157: 1, 158: 1, 159: 1, 16: 1, 160: 1, 161: 1, 162: 1, 163: 1, 164: 1, 165: 1, 166: 1, 167: 1, 168: 1, 169: 1, 17: 1, 170: 1, 171: 1, 172: 1, 173: 1, 174: 1, 175: 1, 176: 1, 177: 1, 178: 1, 179: 1, 18: 1, 180: 1, 181: 1, 182: 1, 183: 1, 184: 1, 185: 1, 186: 1, 187: 1, 188: 1, 189: 1, 19: 1, 190: 1, 191: 1, 192: 1, 193: 1, 194: 1, 195: 1, 196: 1, 197: 1, 198: 1, 199: 1, 2: 1, 20: 1, 200: 1, 201: 1, 202: 1, 203: 1, 204: 1, 205: 1, 206: 1, 207: 1, 208: 1, 209: 1, 21: 1, 210: 1, 211: 1, 212: 1, 213: 1, 214: 1, 215: 1, 216: 1, 217: 1, 218: 1, 219: 1, 22: 1, 220: 1, 221: 1, 222: 1, 223: 1, 224: 1, 225: 1, 226: 1, 227: 1, 228: 1, 229: 1, 23: 1, 230: 1, 231: 1, 232: 1, 233: 1, 234: 1, 235: 1, 236: 1, 237: 1, 238: 1, 239: 1, 24: 1, 240: 1, 241: 1, 242: 1, 243: 1, 244: 1, 245: 1, 246: 1, 247: 1, 248: 1, 249: 1, 25: 1, 250: 1, 251: 1, 252: 1, 253: 1, 254: 1, 255: 1, 256: 1, 257: 1, 258: 1, 259: 1, 26: 1, 260: 1, 261: 1, 262: 1, 263: 1, 264: 1, 265: 1, 266: 1, 267: 1, 268: 1, 269: 1, 27: 1, 270: 1, 271: 1, 272: 1, 273: 1, 274: 1, 275: 1, 276: 1, 277: 1, 278: 1, 279: 1, 28: 1, 280: 1, 281: 1, 282: 1, 283: 1, 284: 1, 285: 1, 286: 1, 287: 1, 288: 1, 289: 1, 29: 1, 290: 1, 291: 1, 292: 1, 293: 1, 294: 1, 295: 1, 296: 1, 297: 1, 298: 1, 299: 1, 3: 1, 30: 1, 300: 1, 301: 1, 302: 1, 303: 1, 304: 1, 305: 1, 306: 1, 307: 1, 308: 1, 309: 1, 31: 1, 310: 1, 311: 1, 312: 1, 313: 1, 314: 1, 315: 1, 316: 1, 317: 1, 318: 1, 319: 1, 32: 1, 320: 1, 321: 1, 322: 1, 323: 1, 324: 1, 325: 1, 326: 1, 327: 1, 328: 1, 329: 1, 33: 1, 330: 1, 331: 1, 332: 1, 333: 1, 334: 1, 335: 1, 336: 1, 337: 1, 338: 1, 339: 1, 34: 1, 340: 1, 341: 1, 342: 1, 343: 1, 344: 1, 345: 1, 346: 1, 347: 1, 348: 1, 349: 1, 35: 1, 350: 1, 351: 1, 352: 1, 353: 1, 354: 1, 355: 1, 356: 1, 357: 1, 358: 1, 359: 1, 36: 1, 360: 1, 361: 1, 362: 1, 363: 1, 364: 1, 365: 1, 366: 1, 367: 1, 368: 1, 369: 1, 37: 1, 370: 1, 371: 1, 372: 1, 373: 1, 374: 1, 375: 1, 376: 1, 377: 1, 378: 1, 379: 1, 38: 1, 380: 1, 381: 1, 382: 1, 383: 1, 384: 1, 385: 1, 386: 1, 387: 1, 388: 1, 389: 1, 39: 1, 390: 1, 391: 1, 392: 1, 393: 1, 394: 1, 395: 1, 396: 1, 397: 1, 398: 1, 399: 1, 4: 1, 40: 1, 400: 1, 401: 1, 402: 1, 403: 1, 404: 1, 405: 1, 406: 1, 407: 1, 408: 1, 409: 1, 41: 1, 410: 1, 411: 1, 412: 1, 413: 1, 414: 1, 415: 1, 416: 1, 417: 1, 418: 1, 419: 1, 42: 1, 420: 1, 421: 1, 422: 1, 423: 1, 424: 1, 425: 1, 426: 1, 427: 1, 428: 1, 429: 1, 43: 1, 430: 1, 431: 1, 432: 1, 433: 1, 434: 1, 435: 1, 436: 1, 437: 1, 438: 1, 439: 1, 44: 1, 440: 1, 441: 1, 442: 1, 443: 1, 444: 1, 445: 1, 446: 1, 447: 1, 448: 1, 449: 1, 45: 1, 450: 1, 451: 1, 452: 1, 453: 1, 454: 1, 455: 1, 456: 1, 457: 1, 458: 1, 459: 1, 46: 1, 460: 1, 461: 1, 462: 1, 463: 1, 464: 1, 465: 1, 466: 1, 467: 1, 468: 1, 469: 1, 47: 1, 470: 1, 471: 1, 472: 1, 473: 1, 474: 1, 475: 1, 476: 1, 477: 1, 478: 1, 479: 1, 48: 1, 480: 1, 481: 1, 482: 1, 483: 1, 484: 1, 485: 1, 486: 1, 487: 1, 488: 1, 489: 1, 49: 1, 490: 1, 491: 1, 492: 1, 493: 1, 494: 1, 495: 1, 496: 1, 497: 1, 498: 1, 499: 1, 5: 1, 50: 1, 500: 1, 501: 1, 502: 1, 503: 1, 504: 1, 505: 1, 506: 1, 507: 1, 508: 1, 509: 1, 51: 1, 510: 1, 511: 1, 512: 1, 513: 1, 514: 1, 515: 1, 516: 1, 517: 1, 518: 1, 519: 1, 52: 1, 520: 1, 521: 1, 522: 1, 523: 1, 524: 1, 525: 1, 526: 1, 527: 1, 528: 1, 529: 1, 53: 1, 530: 1, 531: 1, 532: 1, 533: 1, 534: 1, 535: 1, 536: 1, 537: 1, 538: 1, 539: 1, 54: 1, 540: 1, 541: 1, 542: 1, 543: 1, 544: 1, 545: 1, 546: 1, 547: 1, 548: 1, 549: 1, 55: 1, 550: 1, 551: 1, 552: 1, 553: 1, 554: 1, 555: 1, 556: 1, 557: 1, 558: 1, 559: 1, 56: 1, 560: 1, 561: 1, 562: 1, 563: 1, 564: 1, 565: 1, 566: 1, 567: 1, 568: 1, 569: 1, 57: 1, 570: 1, 571: 1, 572: 1, 573: 1, 574: 1, 575: 1, 576: 1, 577: 1, 578: 1, 579: 1, 58: 1, 580: 1, 581: 1, 582: 1, 583: 1, 584: 1, 585: 1, 586: 1, 587: 1, 588: 1, 589: 1, 59: 1, 590: 1, 591: 1, 592: 1, 593: 1, 594: 1, 595: 1, 596: 1, 597: 1, 598: 1, 599: 1, 6: 1, 60: 1, 600: 1, 601: 1, 602: 1, 603: 1, 604: 1, 605: 1, 606: 1, 607: 1, 608: 1, 609: 1, 61: 1, 610: 1, 611: 1, 612: 1, 613: 1, 614: 1, 615: 1, 616: 1, 617: 1, 618: 1, 619: 1, 62: 1, 620: 1, 621: 1, 622: 1, 623: 1, 624: 1, 625: 1, 626: 1, 627: 1, 628: 1, 629: 1, 63: 1, 630: 1, 631: 1, 632: 1, 633: 1, 634: 1, 635: 1, 636: 1, 637: 1, 638: 1, 639: 1, 64: 1, 640: 1, 641: 1, 642: 1, 643: 1, 644: 1, 645: 1, 646: 1, 647: 1, 648: 1, 649: 1, 65: 1, 650: 1, 651: 1, 652: 1, 653: 1, 654: 1, 655: 1, 656: 1, 657: 1, 658: 1, 659: 1, 66: 1, 660: 1, 661: 1, 662: 1, 663: 1, 664: 1, 665: 1, 666: 1, 667: 1, 668: 1, 669: 1, 67: 1, 670: 1, 671: 1, 672: 1, 673: 1, 674: 1, 675: 1, 676: 1, 677: 1, 678: 1, 679: 1, 68: 1, 680: 1, 681: 1, 682: 1, 683: 1, 684: 1, 685: 1, 686: 1, 687: 1, 688: 1, 689: 1, 69: 1, 690: 1, 691: 1, 692: 1, 693: 1, 694: 1, 695: 1, 696: 1, 697: 1, 698: 1, 699: 1, 7: 1, 70: 1, 700: 1, 701: 1, 702: 1, 703: 1, 704: 1, 705: 1, 706: 1, 707: 1, 708: 1, 709: 1, 71: 1, 710: 1, 711: 1, 712: 1, 713: 1, 714: 1, 715: 1, 716: 1, 717: 1, 718: 1, 719: 1, 72: 1, 720: 1, 721: 1, 722: 1, 723: 1, 724: 1, 725: 1, 726: 1, 727: 1, 728: 1, 729: 1, 73: 1, 730: 1, 731: 1, 732: 1, 733: 1, 734: 1, 735: 1, 736: 1, 737: 1, 738: 1, 739: 1, 74: 1, 740: 1, 741: 1, 742: 1, 743: 1, 744: 1, 745: 1, 746: 1, 747: 1, 748: 1, 749: 1, 75: 1, 750: 1, 751: 1, 752: 1, 753: 1, 754: 1, 755: 1, 756: 1, 757: 1, 758: 1, 759: 1, 76: 1, 760: 1, 761: 1, 762: 1, 763: 1, 764: 1, 765: 1, 766: 1, 767: 1, 768: 1, 769: 1, 77: 1, 770: 1, 771: 1, 772: 1, 773: 1, 774: 1, 775: 1, 776: 1, 777: 1, 778: 1, 779: 1, 78: 1, 780: 1, 781: 1, 782: 1, 783: 1, 784: 1, 785: 1, 786: 1, 787: 1, 788: 1, 789: 1, 79: 1, 790: 1, 791: 1, 792: 1, 793: 1, 794: 1, 795: 1, 796: 1, 797: 1, 798: 1, 799: 1, 8: 1, 80: 1, 800: 1, 801: 1, 802: 1, 803: 1, 804: 1, 805: 1, 806: 1, 807: 1, 808: 1, 809: 1, 81: 1, 810: 1, 811: 1, 812: 1, 813: 1, 814: 1, 815: 1, 816: 1, 817: 1, 818: 1, 819: 1, 82: 1, 820: 1, 821: 1, 822: 1, 823: 1, 824: 1, 825: 1, 826: 1, 827: 1, 828: 1, 829: 1, 83: 1, 830: 1, 831: 1, 832: 1, 833: 1, 834: 1, 835: 1, 836: 1, 837: 1, 838: 1, 839: 1, 84: 1, 840: 1, 841: 1, 842: 1, 843: 1, 844: 1, 845: 1, 846: 1, 847: 1, 848: 1, 849: 1, 85: 1, 850: 1, 851: 1, 852: 1, 853: 1, 854: 1, 855: 1, 856: 1, 857: 1, 858: 1, 859: 1, 86: 1, 860: 1, 861: 1, 862: 1, 863: 1, 864: 1, 865: 1, 866: 1, 867: 1, 868: 1, 869: 1, 87: 1, 870: 1, 871: 1, 872: 1, 873: 1, 874: 1, 875: 1, 876: 1, 877: 1, 878: 1, 879: 1, 88: 1, 880: 1, 881: 1, 882: 1, 883: 1, 884: 1, 885: 1, 886: 1, 887: 1, 888: 1, 889: 1, 89: 1, 890: 1, 891: 1, 892: 1, 893: 1, 894: 1, 895: 1, 896: 1, 897: 1, 898: 1, 899: 1, 9: 1, 90: 1, 900: 1, 901: 1, 902: 1, 903: 1, 904: 1, 905: 1, 906: 1, 907: 1, 908: 1, 909: 1, 91: 1, 910: 1, 911: 1, 912: 1, 913: 1, 914: 1, 915: 1, 916: 1, 917: 1, 918: 1, 919: 1, 92: 1, 920: 1, 921: 1, 922: 1, 923: 1, 924: 1, 925: 1, 926: 1, 927: 1, 928: 1, 929: 1, 93: 1, 930: 1, 931: 1, 932: 1, 933: 1, 934: 1, 935: 1, 936: 1, 937: 1, 938: 1, 939: 1, 94: 1, 940: 1, 941: 1, 942: 1, 943: 1, 944: 1, 945: 1, 946: 1, 947: 1, 948: 1, 949: 1, 95: 1, 950: 1, 951: 1, 952: 1, 953: 1, 954: 1, 955: 1, 956: 1, 957: 1, 958: 1, 959: 1, 96: 1, 960: 1, 961: 1, 962: 1, 963: 1, 964: 1, 965: 1, 966: 1, 967: 1, 968: 1, 969: 1, 97: 1, 970: 1, 971: 1, 972: 1, 973: 1, 974: 1, 975: 1, 976: 1, 977: 1, 978: 1, 979: 1, 98: 1, 980: 1, 981: 1, 982: 1, 983: 1, 984: 1, 985: 1, 986: 1, 987: 1, 988: 1, 989: 1, 99: 1, 990: 1, 991: 1, 992: 1, 993: 1, 994: 1, 995: 1, 996: 1, 997: 1, 998: 1, 999: 1}
Max score: 146.8227050659669
Compute cells: 4814
Game step:      [8435279it                  25183.8it/s ]
Done score:     [146.8it                    2.3s/it     ]
Compute steps:  [1023082it                  3054.4it/s  ]
Iterations:     [54% 108it/200              3.1s/it     ]
Cells:          [4826it                     14.4it/s    ]
Time (seconds): [ 1%   335it/43200          1.0it/s     ]
Game step:      [8681448it                  25126.5it/s ]
Done score:     [146.8it                    2.4s/it     ]
Compute steps:  [1050119it                  3039.3it/s  ]
Iterations:     [56% 111it/200              3.1s/it     ]
Cells:          [4837it                     14.0it/s    ]
Time (seconds): [ 1%   346it/43200          1.0it/s     ]
Max score:      [146.9it                    2.4s/it     ]
Game step:      [8927807it                  25111.9it/s ]
Done score:     [146.9it                    2.4s/it     ]
Compute steps:  [1078341it                  3033.1it/s  ]
Iterations:     [57% 114it/200              3.1s/it     ]
Cells:          [4851it                     13.6it/s    ]
Time (seconds): [ 1%   356it/43200          1.0it/s     ]
Game step:      [9258264it                  25114.9it/s ]
Done score:     [146.9it                    2.5s/it     ]
Compute steps:  [1116087it                  3027.6it/s  ]
Iterations:     [59% 118it/200              3.1s/it     ]
Cells:          [4862it                     13.2it/s    ]
Time (seconds): [ 1%   369it/43200          1.0it/s     ]
Game step:      [9503845it                  25069.1it/s ]
Done score:     [146.9it                    2.6s/it     ]
Compute steps:  [1144239it                  3018.2it/s  ]
Iterations:     [60% 121it/200              3.1s/it     ]
Cells:          [4874it                     12.9it/s    ]
Time (seconds): [ 1%   380it/43200          1.0it/s     ]
Game step:      [9750392it                  25044.3it/s ]
Done score:     [146.9it                    2.6s/it     ]
Compute steps:  [1171875it                  3010.0it/s  ]
Iterations:     [62% 124it/200              3.1s/it     ]
Cells:          [4884it                     12.5it/s    ]
Time (seconds): [ 1%   390it/43200          1.0it/s     ]
Game step:      [10080721it                 25066.9it/s ]
Max score:      [147.0it                    2.7s/it     ]
Done score:     [147.0it                    2.7s/it     ]
Compute steps:  [1208419it                  3004.9it/s  ]
Iterations:     [64% 128it/200              3.1s/it     ]
Cells:          [4900it                     12.2it/s    ]
Time (seconds): [ 1%   403it/43200          1.0it/s     ]
Game step:      [10324695it                 25031.5it/s ]
Done score:     [147.0it                    2.8s/it     ]
Compute steps:  [1236376it                  2997.5it/s  ]
Iterations:     [66% 131it/200              3.1s/it     ]
Cells:          [4905it                     11.9it/s    ]
Time (seconds): [ 1%   413it/43200          1.0it/s     ]
Game step:      [10651558it                 25063.3it/s ]
Max score:      [147.0it                    2.9s/it     ]
Done score:     [147.0it                    2.9s/it     ]
Compute steps:  [1273124it                  2995.7it/s  ]
Iterations:     [68% 135it/200              3.1s/it     ]
Cells:          [4913it                     11.6it/s    ]
Time (seconds): [ 1%   425it/43200          1.0it/s     ]
Game step:      [10898359it                 25009.4it/s ]
Done score:     [147.0it                    3.0s/it     ]
Compute steps:  [1300294it                  2983.9it/s  ]
Iterations:     [69% 138it/200              3.2s/it     ]
Cells:          [4918it                     11.3it/s    ]
Time (seconds): [ 1%   436it/43200          1.0it/s     ]
Game step:      [11228575it                 25029.8it/s ]
Max score:      [147.0it                    3.1s/it     ]
Done score:     [147.0it                    3.1s/it     ]
Compute steps:  [1337062it                  2980.5it/s  ]
Iterations:     [71% 142it/200              3.2s/it     ]
Cells:          [4928it                     11.0it/s    ]
Time (seconds): [ 1%   449it/43200          1.0it/s     ]
Game step:      [11558362it                 25055.5it/s ]
Done score:     [147.0it                    3.1s/it     ]
Compute steps:  [1374189it                  2978.9it/s  ]
Iterations:     [73% 146it/200              3.2s/it     ]
Cells:          [4939it                     10.7it/s    ]
Time (seconds): [ 1%   462it/43200          1.0it/s     ]
Game step:      [11805706it                 24999.5it/s ]
Done score:     [147.0it                    3.2s/it     ]
Compute steps:  [1401228it                  2967.2it/s  ]
Iterations:     [74% 149it/200              3.2s/it     ]
Cells:          [4947it                     10.5it/s    ]
Time (seconds): [ 1%   473it/43200          1.0it/s     ]
Game step:      [12133341it                 25009.0it/s ]
Done score:     [147.0it                    3.3s/it     ]
Compute steps:  [1438224it                  2964.4it/s  ]
Iterations:     [76% 153it/200              3.2s/it     ]
Cells:          [4960it                     10.2it/s    ]
Time (seconds): [ 1%   486it/43200          1.0it/s     ]
Game step:      [12378883it                 24977.3it/s ]
Done score:     [147.0it                    3.4s/it     ]
Compute steps:  [1465871it                  2957.7it/s  ]
Iterations:     [78% 156it/200              3.2s/it     ]
Cells:          [4963it                     10.0it/s    ]
Time (seconds): [ 1%   496it/43200          1.0it/s     ]
Max score:      [151.8it                    3.3s/it     ]
Game step:      [12706494it                 24962.9it/s ]
Done score:     [151.8it                    3.4s/it     ]
Compute steps:  [1502927it                  2952.6it/s  ]
Iterations:     [80% 160it/200              3.2s/it     ]
Cells:          [4973it                     9.8it/s     ]
Time (seconds): [ 1%   509it/43200          1.0s/it     ]
Game step:      [13035923it                 24977.2it/s ]
Done score:     [151.8it                    3.4s/it     ]
Compute steps:  [1539584it                  2949.9it/s  ]
Iterations:     [82% 164it/200              3.2s/it     ]
Cells:          [4980it                     9.5it/s     ]
Time (seconds): [ 1%   522it/43200          1.0it/s     ]
Game step:      [13285915it                 24942.0it/s ]
Done score:     [151.8it                    3.5s/it     ]
Compute steps:  [1566548it                  2940.9it/s  ]
Iterations:     [84% 167it/200              3.2s/it     ]
Cells:          [4986it                     9.4it/s     ]
Time (seconds): [ 1%   533it/43200          1.0it/s     ]
Game step:      [13619178it                 24948.7it/s ]
Done score:     [151.8it                    3.6s/it     ]
Compute steps:  [1602256it                  2935.1it/s  ]
Iterations:     [86% 171it/200              3.2s/it     ]
Cells:          [4993it                     9.1it/s     ]
Time (seconds): [ 1%   546it/43200          1.0it/s     ]
Max score:      [152.0it                    3.6s/it     ]
Game step:      [13949175it                 24938.7it/s ]
Done score:     [152.0it                    3.7s/it     ]
Compute steps:  [1638826it                  2929.9it/s  ]
Iterations:     [88% 175it/200              3.2s/it     ]
Cells:          [5003it                     8.9it/s     ]
Time (seconds): [ 1%   560it/43200          1.0it/s     ]
Max score:      [152.3it                    3.7s/it     ]
Game step:      [14284763it                 24951.6it/s ]
Done score:     [152.3it                    3.8s/it     ]
Compute steps:  [1674613it                  2925.1it/s  ]
Iterations:     [90% 179it/200              3.2s/it     ]
Cells:          [5009it                     8.7it/s     ]
Time (seconds): [ 1%   573it/43200          1.0it/s     ]
Game step:      [14532328it                 24912.1it/s ]
Max score:      [153.4it                    3.8s/it     ]
Done score:     [153.4it                    3.8s/it     ]
Compute steps:  [1701469it                  2916.7it/s  ]
Iterations:     [91% 182it/200              3.2s/it     ]
Cells:          [5014it                     8.6it/s     ]
Time (seconds): [ 1%   584it/43200          1.0it/s     ]
Game step:      [14861433it                 24895.0it/s ]
Done score:     [153.4it                    3.9s/it     ]
Compute steps:  [1737351it                  2910.3it/s  ]
Iterations:     [93% 186it/200              3.2s/it     ]
Cells:          [5026it                     8.4it/s     ]
Time (seconds): [ 1%   597it/43200          1.0it/s     ]
Game step:      [15193547it                 24882.8it/s ]
Done score:     [153.4it                    4.0s/it     ]
Compute steps:  [1774522it                  2906.2it/s  ]
Iterations:     [95% 190it/200              3.2s/it     ]
Cells:          [5036it                     8.2it/s     ]
Time (seconds): [ 1%   611it/43200          1.0it/s     ]
Game step:      [15525379it                 24855.8it/s ]
Done score:     [153.4it                    4.1s/it     ]
Compute steps:  [1811296it                  2899.8it/s  ]
Iterations:     [97% 194it/200              3.2s/it     ]
Cells:          [5038it                     8.1it/s     ]
Time (seconds): [ 1%   625it/43200          1.0it/s     ]
Game step:      [15855118it                 24860.1it/s ]
Done score:     [153.4it                    4.2s/it     ]
Compute steps:  [1847638it                  2897.0it/s  ]
Iterations:     [99% 198it/200              3.2s/it     ]
Cells:          [5043it                     7.9it/s     ]
Time (seconds): [ 1%   638it/43200          1.0it/s     ]
Cells at score: {1: 1, 10: 1, 100: 1, 1000: 1, 1001: 1, 1002: 1, 1003: 1, 1004: 1, 1005: 1, 101: 1, 102: 1, 103: 1, 104: 1, 105: 1, 106: 1, 107: 1, 108: 1, 109: 1, 11: 1, 110: 1, 111: 1, 112: 1, 113: 1, 114: 1, 115: 1, 116: 1, 117: 1, 118: 1, 119: 1, 12: 1, 120: 1, 121: 1, 122: 1, 123: 1, 124: 1, 125: 1, 126: 1, 127: 1, 128: 1, 129: 1, 13: 1, 130: 1, 131: 1, 132: 1, 133: 1, 134: 1, 135: 1, 136: 1, 137: 1, 138: 1, 139: 1, 14: 1, 140: 1, 141: 1, 142: 1, 143: 1, 144: 1, 145: 1, 146: 1, 147: 1, 148: 1, 149: 1, 15: 1, 150: 1, 151: 1, 152: 1, 153: 1, 154: 1, 155: 1, 156: 1, 157: 1, 158: 1, 159: 1, 16: 1, 160: 1, 161: 1, 162: 1, 163: 1, 164: 1, 165: 1, 166: 1, 167: 1, 168: 1, 169: 1, 17: 1, 170: 1, 171: 1, 172: 1, 173: 1, 174: 1, 175: 1, 176: 1, 177: 1, 178: 1, 179: 1, 18: 1, 180: 1, 181: 1, 182: 1, 183: 1, 184: 1, 185: 1, 186: 1, 187: 1, 188: 1, 189: 1, 19: 1, 190: 1, 191: 1, 192: 1, 193: 1, 194: 1, 195: 1, 196: 1, 197: 1, 198: 1, 199: 1, 2: 1, 20: 1, 200: 1, 201: 1, 202: 1, 203: 1, 204: 1, 205: 1, 206: 1, 207: 1, 208: 1, 209: 1, 21: 1, 210: 1, 211: 1, 212: 1, 213: 1, 214: 1, 215: 1, 216: 1, 217: 1, 218: 1, 219: 1, 22: 1, 220: 1, 221: 1, 222: 1, 223: 1, 224: 1, 225: 1, 226: 1, 227: 1, 228: 1, 229: 1, 23: 1, 230: 1, 231: 1, 232: 1, 233: 1, 234: 1, 235: 1, 236: 1, 237: 1, 238: 1, 239: 1, 24: 1, 240: 1, 241: 1, 242: 1, 243: 1, 244: 1, 245: 1, 246: 1, 247: 1, 248: 1, 249: 1, 25: 1, 250: 1, 251: 1, 252: 1, 253: 1, 254: 1, 255: 1, 256: 1, 257: 1, 258: 1, 259: 1, 26: 1, 260: 1, 261: 1, 262: 1, 263: 1, 264: 1, 265: 1, 266: 1, 267: 1, 268: 1, 269: 1, 27: 1, 270: 1, 271: 1, 272: 1, 273: 1, 274: 1, 275: 1, 276: 1, 277: 1, 278: 1, 279: 1, 28: 1, 280: 1, 281: 1, 282: 1, 283: 1, 284: 1, 285: 1, 286: 1, 287: 1, 288: 1, 289: 1, 29: 1, 290: 1, 291: 1, 292: 1, 293: 1, 294: 1, 295: 1, 296: 1, 297: 1, 298: 1, 299: 1, 3: 1, 30: 1, 300: 1, 301: 1, 302: 1, 303: 1, 304: 1, 305: 1, 306: 1, 307: 1, 308: 1, 309: 1, 31: 1, 310: 1, 311: 1, 312: 1, 313: 1, 314: 1, 315: 1, 316: 1, 317: 1, 318: 1, 319: 1, 32: 1, 320: 1, 321: 1, 322: 1, 323: 1, 324: 1, 325: 1, 326: 1, 327: 1, 328: 1, 329: 1, 33: 1, 330: 1, 331: 1, 332: 1, 333: 1, 334: 1, 335: 1, 336: 1, 337: 1, 338: 1, 339: 1, 34: 1, 340: 1, 341: 1, 342: 1, 343: 1, 344: 1, 345: 1, 346: 1, 347: 1, 348: 1, 349: 1, 35: 1, 350: 1, 351: 1, 352: 1, 353: 1, 354: 1, 355: 1, 356: 1, 357: 1, 358: 1, 359: 1, 36: 1, 360: 1, 361: 1, 362: 1, 363: 1, 364: 1, 365: 1, 366: 1, 367: 1, 368: 1, 369: 1, 37: 1, 370: 1, 371: 1, 372: 1, 373: 1, 374: 1, 375: 1, 376: 1, 377: 1, 378: 1, 379: 1, 38: 1, 380: 1, 381: 1, 382: 1, 383: 1, 384: 1, 385: 1, 386: 1, 387: 1, 388: 1, 389: 1, 39: 1, 390: 1, 391: 1, 392: 1, 393: 1, 394: 1, 395: 1, 396: 1, 397: 1, 398: 1, 399: 1, 4: 1, 40: 1, 400: 1, 401: 1, 402: 1, 403: 1, 404: 1, 405: 1, 406: 1, 407: 1, 408: 1, 409: 1, 41: 1, 410: 1, 411: 1, 412: 1, 413: 1, 414: 1, 415: 1, 416: 1, 417: 1, 418: 1, 419: 1, 42: 1, 420: 1, 421: 1, 422: 1, 423: 1, 424: 1, 425: 1, 426: 1, 427: 1, 428: 1, 429: 1, 43: 1, 430: 1, 431: 1, 432: 1, 433: 1, 434: 1, 435: 1, 436: 1, 437: 1, 438: 1, 439: 1, 44: 1, 440: 1, 441: 1, 442: 1, 443: 1, 444: 1, 445: 1, 446: 1, 447: 1, 448: 1, 449: 1, 45: 1, 450: 1, 451: 1, 452: 1, 453: 1, 454: 1, 455: 1, 456: 1, 457: 1, 458: 1, 459: 1, 46: 1, 460: 1, 461: 1, 462: 1, 463: 1, 464: 1, 465: 1, 466: 1, 467: 1, 468: 1, 469: 1, 47: 1, 470: 1, 471: 1, 472: 1, 473: 1, 474: 1, 475: 1, 476: 1, 477: 1, 478: 1, 479: 1, 48: 1, 480: 1, 481: 1, 482: 1, 483: 1, 484: 1, 485: 1, 486: 1, 487: 1, 488: 1, 489: 1, 49: 1, 490: 1, 491: 1, 492: 1, 493: 1, 494: 1, 495: 1, 496: 1, 497: 1, 498: 1, 499: 1, 5: 1, 50: 1, 500: 1, 501: 1, 502: 1, 503: 1, 504: 1, 505: 1, 506: 1, 507: 1, 508: 1, 509: 1, 51: 1, 510: 1, 511: 1, 512: 1, 513: 1, 514: 1, 515: 1, 516: 1, 517: 1, 518: 1, 519: 1, 52: 1, 520: 1, 521: 1, 522: 1, 523: 1, 524: 1, 525: 1, 526: 1, 527: 1, 528: 1, 529: 1, 53: 1, 530: 1, 531: 1, 532: 1, 533: 1, 534: 1, 535: 1, 536: 1, 537: 1, 538: 1, 539: 1, 54: 1, 540: 1, 541: 1, 542: 1, 543: 1, 544: 1, 545: 1, 546: 1, 547: 1, 548: 1, 549: 1, 55: 1, 550: 1, 551: 1, 552: 1, 553: 1, 554: 1, 555: 1, 556: 1, 557: 1, 558: 1, 559: 1, 56: 1, 560: 1, 561: 1, 562: 1, 563: 1, 564: 1, 565: 1, 566: 1, 567: 1, 568: 1, 569: 1, 57: 1, 570: 1, 571: 1, 572: 1, 573: 1, 574: 1, 575: 1, 576: 1, 577: 1, 578: 1, 579: 1, 58: 1, 580: 1, 581: 1, 582: 1, 583: 1, 584: 1, 585: 1, 586: 1, 587: 1, 588: 1, 589: 1, 59: 1, 590: 1, 591: 1, 592: 1, 593: 1, 594: 1, 595: 1, 596: 1, 597: 1, 598: 1, 599: 1, 6: 1, 60: 1, 600: 1, 601: 1, 602: 1, 603: 1, 604: 1, 605: 1, 606: 1, 607: 1, 608: 1, 609: 1, 61: 1, 610: 1, 611: 1, 612: 1, 613: 1, 614: 1, 615: 1, 616: 1, 617: 1, 618: 1, 619: 1, 62: 1, 620: 1, 621: 1, 622: 1, 623: 1, 624: 1, 625: 1, 626: 1, 627: 1, 628: 1, 629: 1, 63: 1, 630: 1, 631: 1, 632: 1, 633: 1, 634: 1, 635: 1, 636: 1, 637: 1, 638: 1, 639: 1, 64: 1, 640: 1, 641: 1, 642: 1, 643: 1, 644: 1, 645: 1, 646: 1, 647: 1, 648: 1, 649: 1, 65: 1, 650: 1, 651: 1, 652: 1, 653: 1, 654: 1, 655: 1, 656: 1, 657: 1, 658: 1, 659: 1, 66: 1, 660: 1, 661: 1, 662: 1, 663: 1, 664: 1, 665: 1, 666: 1, 667: 1, 668: 1, 669: 1, 67: 1, 670: 1, 671: 1, 672: 1, 673: 1, 674: 1, 675: 1, 676: 1, 677: 1, 678: 1, 679: 1, 68: 1, 680: 1, 681: 1, 682: 1, 683: 1, 684: 1, 685: 1, 686: 1, 687: 1, 688: 1, 689: 1, 69: 1, 690: 1, 691: 1, 692: 1, 693: 1, 694: 1, 695: 1, 696: 1, 697: 1, 698: 1, 699: 1, 7: 1, 70: 1, 700: 1, 701: 1, 702: 1, 703: 1, 704: 1, 705: 1, 706: 1, 707: 1, 708: 1, 709: 1, 71: 1, 710: 1, 711: 1, 712: 1, 713: 1, 714: 1, 715: 1, 716: 1, 717: 1, 718: 1, 719: 1, 72: 1, 720: 1, 721: 1, 722: 1, 723: 1, 724: 1, 725: 1, 726: 1, 727: 1, 728: 1, 729: 1, 73: 1, 730: 1, 731: 1, 732: 1, 733: 1, 734: 1, 735: 1, 736: 1, 737: 1, 738: 1, 739: 1, 74: 1, 740: 1, 741: 1, 742: 1, 743: 1, 744: 1, 745: 1, 746: 1, 747: 1, 748: 1, 749: 1, 75: 1, 750: 1, 751: 1, 752: 1, 753: 1, 754: 1, 755: 1, 756: 1, 757: 1, 758: 1, 759: 1, 76: 1, 760: 1, 761: 1, 762: 1, 763: 1, 764: 1, 765: 1, 766: 1, 767: 1, 768: 1, 769: 1, 77: 1, 770: 1, 771: 1, 772: 1, 773: 1, 774: 1, 775: 1, 776: 1, 777: 1, 778: 1, 779: 1, 78: 1, 780: 1, 781: 1, 782: 1, 783: 1, 784: 1, 785: 1, 786: 1, 787: 1, 788: 1, 789: 1, 79: 1, 790: 1, 791: 1, 792: 1, 793: 1, 794: 1, 795: 1, 796: 1, 797: 1, 798: 1, 799: 1, 8: 1, 80: 1, 800: 1, 801: 1, 802: 1, 803: 1, 804: 1, 805: 1, 806: 1, 807: 1, 808: 1, 809: 1, 81: 1, 810: 1, 811: 1, 812: 1, 813: 1, 814: 1, 815: 1, 816: 1, 817: 1, 818: 1, 819: 1, 82: 1, 820: 1, 821: 1, 822: 1, 823: 1, 824: 1, 825: 1, 826: 1, 827: 1, 828: 1, 829: 1, 83: 1, 830: 1, 831: 1, 832: 1, 833: 1, 834: 1, 835: 1, 836: 1, 837: 1, 838: 1, 839: 1, 84: 1, 840: 1, 841: 1, 842: 1, 843: 1, 844: 1, 845: 1, 846: 1, 847: 1, 848: 1, 849: 1, 85: 1, 850: 1, 851: 1, 852: 1, 853: 1, 854: 1, 855: 1, 856: 1, 857: 1, 858: 1, 859: 1, 86: 1, 860: 1, 861: 1, 862: 1, 863: 1, 864: 1, 865: 1, 866: 1, 867: 1, 868: 1, 869: 1, 87: 1, 870: 1, 871: 1, 872: 1, 873: 1, 874: 1, 875: 1, 876: 1, 877: 1, 878: 1, 879: 1, 88: 1, 880: 1, 881: 1, 882: 1, 883: 1, 884: 1, 885: 1, 886: 1, 887: 1, 888: 1, 889: 1, 89: 1, 890: 1, 891: 1, 892: 1, 893: 1, 894: 1, 895: 1, 896: 1, 897: 1, 898: 1, 899: 1, 9: 1, 90: 1, 900: 1, 901: 1, 902: 1, 903: 1, 904: 1, 905: 1, 906: 1, 907: 1, 908: 1, 909: 1, 91: 1, 910: 1, 911: 1, 912: 1, 913: 1, 914: 1, 915: 1, 916: 1, 917: 1, 918: 1, 919: 1, 92: 1, 920: 1, 921: 1, 922: 1, 923: 1, 924: 1, 925: 1, 926: 1, 927: 1, 928: 1, 929: 1, 93: 1, 930: 1, 931: 1, 932: 1, 933: 1, 934: 1, 935: 1, 936: 1, 937: 1, 938: 1, 939: 1, 94: 1, 940: 1, 941: 1, 942: 1, 943: 1, 944: 1, 945: 1, 946: 1, 947: 1, 948: 1, 949: 1, 95: 1, 950: 1, 951: 1, 952: 1, 953: 1, 954: 1, 955: 1, 956: 1, 957: 1, 958: 1, 959: 1, 96: 1, 960: 1, 961: 1, 962: 1, 963: 1, 964: 1, 965: 1, 966: 1, 967: 1, 968: 1, 969: 1, 97: 1, 970: 1, 971: 1, 972: 1, 973: 1, 974: 1, 975: 1, 976: 1, 977: 1, 978: 1, 979: 1, 98: 1, 980: 1, 981: 1, 982: 1, 983: 1, 984: 1, 985: 1, 986: 1, 987: 1, 988: 1, 989: 1, 99: 1, 990: 1, 991: 1, 992: 1, 993: 1, 994: 1, 995: 1, 996: 1, 997: 1, 998: 1, 999: 1}
Max score: 153.37419583652147
Compute cells: 5046
Cells:          [5046it                     7.8it/s     ] DONE
Done score:     [153.4it                    4.2s/it     ] DONE
Max score:      [153.4it                    4.2s/it     ] DONE
Game step:      [16021171it                 24803.6it/s ] DONE
Compute steps:  [1865860it                  2888.7it/s  ] DONE
Iterations:     [100% 200it/200             3.2s/it     ] DONE
Time (seconds): [ 1%   643it/43200          1.0s/it     ] DONE
WARNING: could not import mujoco_py. This means robotics environments will not work
HASH 03fedaa2af330749dded1f7a47830df0823a1af2432ee6a5e3eab02d1f0d58ed
Code hash: 03fedaa2af330749dded1f7a47830df0823a1af2432ee6a5e3eab02d1f0d58ed
Experiment running in runs_finrl_r3/0000_33bbdc5fef004d1fb8ed946a0b89dbd7/
{}
{}
{}
