Game step:      [10000it                    857.6it/s   ]
Max score:      [1.9it                      6.1s/it     ]
Done score:     [-infit                                 ]
Compute steps:  [10000it                    857.6it/s   ]
Iterations:     [ 0%   1it/200              11.7s/it    ]
Cells:          [8it                        1.5s/it     ]
Time (seconds): [ 0%    12it/43200          1.0it/s     ]
Cells at score: {1: 1, 10: 1, 100: 1, 11: 1, 12: 1, 13: 1, 14: 1, 15: 1, 16: 1, 17: 1, 18: 1, 19: 1, 2: 1, 20: 1, 21: 1, 22: 1, 23: 1, 24: 1, 25: 1, 26: 1, 27: 1, 28: 1, 29: 1, 3: 1, 30: 1, 31: 1, 32: 1, 33: 1, 34: 1, 35: 1, 36: 1, 37: 1, 38: 1, 39: 1, 4: 1, 40: 1, 41: 1, 42: 1, 43: 1, 44: 1, 45: 1, 46: 1, 47: 1, 48: 1, 49: 1, 5: 1, 50: 1, 51: 1, 52: 1, 53: 1, 54: 1, 55: 1, 56: 1, 57: 1, 58: 1, 59: 1, 6: 1, 60: 1, 61: 1, 62: 1, 63: 1, 64: 1, 65: 1, 66: 1, 67: 1, 68: 1, 69: 1, 7: 1, 70: 1, 71: 1, 72: 1, 73: 1, 74: 1, 75: 1, 76: 1, 77: 1, 78: 1, 79: 1, 8: 1, 80: 1, 81: 1, 82: 1, 83: 1, 84: 1, 85: 1, 86: 1, 87: 1, 88: 1, 89: 1, 9: 1, 90: 1, 91: 1, 92: 1, 93: 1, 94: 1, 95: 1, 96: 1, 97: 1, 98: 1, 99: 1}
Max score: 1.9259759188651808
Compute cells: 8
Game step:      [320104it                   14308.8it/s ]
Max score:      [87.6it                     3.9it/s     ]
Done score:     [-infit                                 ]
Compute steps:  [80000it                    3576.0it/s  ]
Iterations:     [ 4%   8it/200              2.8s/it     ]
Cells:          [1468it                     65.6it/s    ]
Time (seconds): [ 0%    23it/43200          1.0it/s     ]
Game step:      [677536it                   19632.0it/s ]
Max score:      [100.8it                    2.9it/s     ]
Done score:     [-infit                                 ]
Compute steps:  [130000it                   3766.5it/s  ]
Iterations:     [ 6%  13it/200              2.7s/it     ]
Cells:          [2524it                     73.1it/s    ]
Time (seconds): [ 0%    35it/43200          1.0it/s     ]
Game step:      [996729it                   22070.4it/s ]
Done score:     [141.8it                    3.1it/s     ]
Compute steps:  [169317it                   3748.9it/s  ]
Iterations:     [ 8%  17it/200              2.7s/it     ]
Cells:          [3030it                     67.1it/s    ]
Time (seconds): [ 0%    45it/43200          1.0s/it     ]
Max score:      [143.1it                    3.0it/s     ]
Game step:      [1320666it                  23788.2it/s ]
Done score:     [143.1it                    2.6it/s     ]
Compute steps:  [208495it                   3755.4it/s  ]
Iterations:     [10%  21it/200              2.6s/it     ]
Cells:          [3384it                     61.0it/s    ]
Time (seconds): [ 0%    56it/43200          1.0it/s     ]
Game step:      [1648187it                  24845.0it/s ]
Done score:     [143.1it                    2.2it/s     ]
Compute steps:  [247227it                   3726.7it/s  ]
Iterations:     [12%  25it/200              2.7s/it     ]
Cells:          [3592it                     54.1it/s    ]
Time (seconds): [ 0%    67it/43200          1.0it/s     ]
Max score:      [146.8it                    2.0it/s     ]
Game step:      [1975583it                  25687.1it/s ]
Done score:     [146.8it                    1.9it/s     ]
Compute steps:  [285950it                   3717.9it/s  ]
Iterations:     [14%  29it/200              2.7s/it     ]
Cells:          [3763it                     48.9it/s    ]
Time (seconds): [ 0%    77it/43200          1.0it/s     ]
Max score:      [147.3it                    1.8it/s     ]
Game step:      [2303800it                  25947.5it/s ]
Done score:     [147.3it                    1.7it/s     ]
Compute steps:  [324247it                   3652.0it/s  ]
Iterations:     [16%  33it/200              2.7s/it     ]
Cells:          [3903it                     44.0it/s    ]
Time (seconds): [ 0%    89it/43200          1.0it/s     ]
Game step:      [2630098it                  26299.7it/s ]
Done score:     [147.3it                    1.5it/s     ]
Compute steps:  [362350it                   3623.3it/s  ]
Iterations:     [18%  37it/200              2.7s/it     ]
Cells:          [3989it                     39.9it/s    ]
Time (seconds): [ 0%   100it/43200          1.0s/it     ]
Game step:      [3043466it                  26870.7it/s ]
Done score:     [147.3it                    1.3it/s     ]
Compute steps:  [409105it                   3611.9it/s  ]
Iterations:     [21%  42it/200              2.7s/it     ]
Cells:          [4095it                     36.2it/s    ]
Time (seconds): [ 0%   113it/43200          1.0s/it     ]
Game step:      [3374121it                  27101.1it/s ]
Max score:      [147.7it                    1.2it/s     ]
Done score:     [147.7it                    1.2it/s     ]
Compute steps:  [446238it                   3584.1it/s  ]
Iterations:     [23%  46it/200              2.7s/it     ]
Cells:          [4153it                     33.4it/s    ]
Time (seconds): [ 0%   125it/43200          1.0it/s     ]
Game step:      [3703657it                  27464.4it/s ]
Done score:     [147.7it                    1.1it/s     ]
Compute steps:  [483936it                   3588.6it/s  ]
Iterations:     [25%  50it/200              2.7s/it     ]
Cells:          [4209it                     31.2it/s    ]
Time (seconds): [ 0%   135it/43200          1.0it/s     ]
Max score:      [147.9it                    1.0it/s     ]
Game step:      [3954127it                  27197.6it/s ]
Done score:     [147.9it                    1.0it/s     ]
Compute steps:  [511355it                   3517.2it/s  ]
Iterations:     [26%  53it/200              2.7s/it     ]
Cells:          [4245it                     29.2it/s    ]
Time (seconds): [ 0%   146it/43200          1.0it/s     ]
Game step:      [4283271it                  27477.2it/s ]
Done score:     [147.9it                    1.1s/it     ]
Compute steps:  [548437it                   3518.2it/s  ]
Iterations:     [28%  57it/200              2.7s/it     ]
Cells:          [4286it                     27.5it/s    ]
Time (seconds): [ 0%   156it/43200          1.0it/s     ]
Game step:      [4532311it                  27227.1it/s ]
Done score:     [147.9it                    1.1s/it     ]
Compute steps:  [575847it                   3459.2it/s  ]
Iterations:     [30%  60it/200              2.8s/it     ]
Cells:          [4317it                     25.9it/s    ]
Time (seconds): [ 0%   167it/43200          1.0it/s     ]
Game step:      [4864552it                  27336.0it/s ]
Done score:     [147.9it                    1.2s/it     ]
Compute steps:  [611719it                   3437.5it/s  ]
Iterations:     [32%  64it/200              2.8s/it     ]
Cells:          [4342it                     24.4it/s    ]
Time (seconds): [ 0%   178it/43200          1.0it/s     ]
Game step:      [5195695it                  27159.2it/s ]
Done score:     [147.9it                    1.3s/it     ]
Compute steps:  [648875it                   3391.8it/s  ]
Iterations:     [34%  68it/200              2.8s/it     ]
Cells:          [4362it                     22.8it/s    ]
Time (seconds): [ 0%   192it/43200          1.0it/s     ]
Game step:      [5529117it                  27393.2it/s ]
Done score:     [147.9it                    1.4s/it     ]
Compute steps:  [685606it                   3396.7it/s  ]
Iterations:     [36%  72it/200              2.8s/it     ]
Cells:          [4404it                     21.8it/s    ]
Time (seconds): [ 0%   202it/43200          1.0it/s     ]
Game step:      [5863749it                  27490.4it/s ]
Done score:     [147.9it                    1.4s/it     ]
Compute steps:  [721113it                   3380.7it/s  ]
Iterations:     [38%  76it/200              2.8s/it     ]
Cells:          [4429it                     20.8it/s    ]
Time (seconds): [ 0%   214it/43200          1.0it/s     ]
Max score:      [148.3it                    1.5s/it     ]
Game step:      [6197271it                  27338.1it/s ]
Done score:     [148.3it                    1.5s/it     ]
Compute steps:  [757481it                   3341.5it/s  ]
Iterations:     [40%  80it/200              2.8s/it     ]
Cells:          [4471it                     19.7it/s    ]
Time (seconds): [ 1%   227it/43200          1.0it/s     ]
Game step:      [6533911it                  27495.0it/s ]
Done score:     [148.3it                    1.6s/it     ]
Compute steps:  [793674it                   3339.8it/s  ]
Iterations:     [42%  84it/200              2.8s/it     ]
Cells:          [4488it                     18.9it/s    ]
Time (seconds): [ 1%   238it/43200          1.0it/s     ]
Game step:      [6868054it                  27586.1it/s ]
Done score:     [148.3it                    1.7s/it     ]
Compute steps:  [829520it                   3331.8it/s  ]
Iterations:     [44%  88it/200              2.8s/it     ]
Cells:          [4509it                     18.1it/s    ]
Time (seconds): [ 1%   249it/43200          1.0it/s     ]
Game step:      [7204684it                  27409.7it/s ]
Done score:     [148.3it                    1.8s/it     ]
Compute steps:  [865774it                   3293.8it/s  ]
Iterations:     [46%  92it/200              2.9s/it     ]
Cells:          [4534it                     17.2it/s    ]
Time (seconds): [ 1%   263it/43200          1.0it/s     ]
Game step:      [7536088it                  27425.3it/s ]
Done score:     [148.3it                    1.9s/it     ]
Compute steps:  [901727it                   3281.5it/s  ]
Iterations:     [48%  96it/200              2.9s/it     ]
Cells:          [4551it                     16.6it/s    ]
Time (seconds): [ 1%   275it/43200          1.0it/s     ]
Game step:      [7872803it                  27526.6it/s ]
Done score:     [148.3it                    1.9s/it     ]
Compute steps:  [937798it                   3278.9it/s  ]
Iterations:     [50% 100it/200              2.9s/it     ]
Cells:          [4559it                     15.9it/s    ]
Time (seconds): [ 1%   286it/43200          1.0s/it     ]
Game step:      [8205845it                  27346.8it/s ]
Done score:     [148.3it                    2.0s/it     ]
Compute steps:  [974521it                   3247.7it/s  ]
Iterations:     [52% 104it/200              2.9s/it     ]
Cells:          [4580it                     15.3it/s    ]
Time (seconds): [ 1%   300it/43200          1.0s/it     ]
Cells at score: {1: 1, 10: 1, 100: 1, 1000: 1, 1001: 1, 1002: 1, 1003: 1, 1004: 1, 1005: 1, 101: 1, 102: 1, 103: 1, 104: 1, 105: 1, 106: 1, 107: 1, 108: 1, 109: 1, 11: 1, 110: 1, 111: 1, 112: 1, 113: 1, 114: 1, 115: 1, 116: 1, 117: 1, 118: 1, 119: 1, 12: 1, 120: 1, 121: 1, 122: 1, 123: 1, 124: 1, 125: 1, 126: 1, 127: 1, 128: 1, 129: 1, 13: 1, 130: 1, 131: 1, 132: 1, 133: 1, 134: 1, 135: 1, 136: 1, 137: 1, 138: 1, 139: 1, 14: 1, 140: 1, 141: 1, 142: 1, 143: 1, 144: 1, 145: 1, 146: 1, 147: 1, 148: 1, 149: 1, 15: 1, 150: 1, 151: 1, 152: 1, 153: 1, 154: 1, 155: 1, 156: 1, 157: 1, 158: 1, 159: 1, 16: 1, 160: 1, 161: 1, 162: 1, 163: 1, 164: 1, 165: 1, 166: 1, 167: 1, 168: 1, 169: 1, 17: 1, 170: 1, 171: 1, 172: 1, 173: 1, 174: 1, 175: 1, 176: 1, 177: 1, 178: 1, 179: 1, 18: 1, 180: 1, 181: 1, 182: 1, 183: 1, 184: 1, 185: 1, 186: 1, 187: 1, 188: 1, 189: 1, 19: 1, 190: 1, 191: 1, 192: 1, 193: 1, 194: 1, 195: 1, 196: 1, 197: 1, 198: 1, 199: 1, 2: 1, 20: 1, 200: 1, 201: 1, 202: 1, 203: 1, 204: 1, 205: 1, 206: 1, 207: 1, 208: 1, 209: 1, 21: 1, 210: 1, 211: 1, 212: 1, 213: 1, 214: 1, 215: 1, 216: 1, 217: 1, 218: 1, 219: 1, 22: 1, 220: 1, 221: 1, 222: 1, 223: 1, 224: 1, 225: 1, 226: 1, 227: 1, 228: 1, 229: 1, 23: 1, 230: 1, 231: 1, 232: 1, 233: 1, 234: 1, 235: 1, 236: 1, 237: 1, 238: 1, 239: 1, 24: 1, 240: 1, 241: 1, 242: 1, 243: 1, 244: 1, 245: 1, 246: 1, 247: 1, 248: 1, 249: 1, 25: 1, 250: 1, 251: 1, 252: 1, 253: 1, 254: 1, 255: 1, 256: 1, 257: 1, 258: 1, 259: 1, 26: 1, 260: 1, 261: 1, 262: 1, 263: 1, 264: 1, 265: 1, 266: 1, 267: 1, 268: 1, 269: 1, 27: 1, 270: 1, 271: 1, 272: 1, 273: 1, 274: 1, 275: 1, 276: 1, 277: 1, 278: 1, 279: 1, 28: 1, 280: 1, 281: 1, 282: 1, 283: 1, 284: 1, 285: 1, 286: 1, 287: 1, 288: 1, 289: 1, 29: 1, 290: 1, 291: 1, 292: 1, 293: 1, 294: 1, 295: 1, 296: 1, 297: 1, 298: 1, 299: 1, 3: 1, 30: 1, 300: 1, 301: 1, 302: 1, 303: 1, 304: 1, 305: 1, 306: 1, 307: 1, 308: 1, 309: 1, 31: 1, 310: 1, 311: 1, 312: 1, 313: 1, 314: 1, 315: 1, 316: 1, 317: 1, 318: 1, 319: 1, 32: 1, 320: 1, 321: 1, 322: 1, 323: 1, 324: 1, 325: 1, 326: 1, 327: 1, 328: 1, 329: 1, 33: 1, 330: 1, 331: 1, 332: 1, 333: 1, 334: 1, 335: 1, 336: 1, 337: 1, 338: 1, 339: 1, 34: 1, 340: 1, 341: 1, 342: 1, 343: 1, 344: 1, 345: 1, 346: 1, 347: 1, 348: 1, 349: 1, 35: 1, 350: 1, 351: 1, 352: 1, 353: 1, 354: 1, 355: 1, 356: 1, 357: 1, 358: 1, 359: 1, 36: 1, 360: 1, 361: 1, 362: 1, 363: 1, 364: 1, 365: 1, 366: 1, 367: 1, 368: 1, 369: 1, 37: 1, 370: 1, 371: 1, 372: 1, 373: 1, 374: 1, 375: 1, 376: 1, 377: 1, 378: 1, 379: 1, 38: 1, 380: 1, 381: 1, 382: 1, 383: 1, 384: 1, 385: 1, 386: 1, 387: 1, 388: 1, 389: 1, 39: 1, 390: 1, 391: 1, 392: 1, 393: 1, 394: 1, 395: 1, 396: 1, 397: 1, 398: 1, 399: 1, 4: 1, 40: 1, 400: 1, 401: 1, 402: 1, 403: 1, 404: 1, 405: 1, 406: 1, 407: 1, 408: 1, 409: 1, 41: 1, 410: 1, 411: 1, 412: 1, 413: 1, 414: 1, 415: 1, 416: 1, 417: 1, 418: 1, 419: 1, 42: 1, 420: 1, 421: 1, 422: 1, 423: 1, 424: 1, 425: 1, 426: 1, 427: 1, 428: 1, 429: 1, 43: 1, 430: 1, 431: 1, 432: 1, 433: 1, 434: 1, 435: 1, 436: 1, 437: 1, 438: 1, 439: 1, 44: 1, 440: 1, 441: 1, 442: 1, 443: 1, 444: 1, 445: 1, 446: 1, 447: 1, 448: 1, 449: 1, 45: 1, 450: 1, 451: 1, 452: 1, 453: 1, 454: 1, 455: 1, 456: 1, 457: 1, 458: 1, 459: 1, 46: 1, 460: 1, 461: 1, 462: 1, 463: 1, 464: 1, 465: 1, 466: 1, 467: 1, 468: 1, 469: 1, 47: 1, 470: 1, 471: 1, 472: 1, 473: 1, 474: 1, 475: 1, 476: 1, 477: 1, 478: 1, 479: 1, 48: 1, 480: 1, 481: 1, 482: 1, 483: 1, 484: 1, 485: 1, 486: 1, 487: 1, 488: 1, 489: 1, 49: 1, 490: 1, 491: 1, 492: 1, 493: 1, 494: 1, 495: 1, 496: 1, 497: 1, 498: 1, 499: 1, 5: 1, 50: 1, 500: 1, 501: 1, 502: 1, 503: 1, 504: 1, 505: 1, 506: 1, 507: 1, 508: 1, 509: 1, 51: 1, 510: 1, 511: 1, 512: 1, 513: 1, 514: 1, 515: 1, 516: 1, 517: 1, 518: 1, 519: 1, 52: 1, 520: 1, 521: 1, 522: 1, 523: 1, 524: 1, 525: 1, 526: 1, 527: 1, 528: 1, 529: 1, 53: 1, 530: 1, 531: 1, 532: 1, 533: 1, 534: 1, 535: 1, 536: 1, 537: 1, 538: 1, 539: 1, 54: 1, 540: 1, 541: 1, 542: 1, 543: 1, 544: 1, 545: 1, 546: 1, 547: 1, 548: 1, 549: 1, 55: 1, 550: 1, 551: 1, 552: 1, 553: 1, 554: 1, 555: 1, 556: 1, 557: 1, 558: 1, 559: 1, 56: 1, 560: 1, 561: 1, 562: 1, 563: 1, 564: 1, 565: 1, 566: 1, 567: 1, 568: 1, 569: 1, 57: 1, 570: 1, 571: 1, 572: 1, 573: 1, 574: 1, 575: 1, 576: 1, 577: 1, 578: 1, 579: 1, 58: 1, 580: 1, 581: 1, 582: 1, 583: 1, 584: 1, 585: 1, 586: 1, 587: 1, 588: 1, 589: 1, 59: 1, 590: 1, 591: 1, 592: 1, 593: 1, 594: 1, 595: 1, 596: 1, 597: 1, 598: 1, 599: 1, 6: 1, 60: 1, 600: 1, 601: 1, 602: 1, 603: 1, 604: 1, 605: 1, 606: 1, 607: 1, 608: 1, 609: 1, 61: 1, 610: 1, 611: 1, 612: 1, 613: 1, 614: 1, 615: 1, 616: 1, 617: 1, 618: 1, 619: 1, 62: 1, 620: 1, 621: 1, 622: 1, 623: 1, 624: 1, 625: 1, 626: 1, 627: 1, 628: 1, 629: 1, 63: 1, 630: 1, 631: 1, 632: 1, 633: 1, 634: 1, 635: 1, 636: 1, 637: 1, 638: 1, 639: 1, 64: 1, 640: 1, 641: 1, 642: 1, 643: 1, 644: 1, 645: 1, 646: 1, 647: 1, 648: 1, 649: 1, 65: 1, 650: 1, 651: 1, 652: 1, 653: 1, 654: 1, 655: 1, 656: 1, 657: 1, 658: 1, 659: 1, 66: 1, 660: 1, 661: 1, 662: 1, 663: 1, 664: 1, 665: 1, 666: 1, 667: 1, 668: 1, 669: 1, 67: 1, 670: 1, 671: 1, 672: 1, 673: 1, 674: 1, 675: 1, 676: 1, 677: 1, 678: 1, 679: 1, 68: 1, 680: 1, 681: 1, 682: 1, 683: 1, 684: 1, 685: 1, 686: 1, 687: 1, 688: 1, 689: 1, 69: 1, 690: 1, 691: 1, 692: 1, 693: 1, 694: 1, 695: 1, 696: 1, 697: 1, 698: 1, 699: 1, 7: 1, 70: 1, 700: 1, 701: 1, 702: 1, 703: 1, 704: 1, 705: 1, 706: 1, 707: 1, 708: 1, 709: 1, 71: 1, 710: 1, 711: 1, 712: 1, 713: 1, 714: 1, 715: 1, 716: 1, 717: 1, 718: 1, 719: 1, 72: 1, 720: 1, 721: 1, 722: 1, 723: 1, 724: 1, 725: 1, 726: 1, 727: 1, 728: 1, 729: 1, 73: 1, 730: 1, 731: 1, 732: 1, 733: 1, 734: 1, 735: 1, 736: 1, 737: 1, 738: 1, 739: 1, 74: 1, 740: 1, 741: 1, 742: 1, 743: 1, 744: 1, 745: 1, 746: 1, 747: 1, 748: 1, 749: 1, 75: 1, 750: 1, 751: 1, 752: 1, 753: 1, 754: 1, 755: 1, 756: 1, 757: 1, 758: 1, 759: 1, 76: 1, 760: 1, 761: 1, 762: 1, 763: 1, 764: 1, 765: 1, 766: 1, 767: 1, 768: 1, 769: 1, 77: 1, 770: 1, 771: 1, 772: 1, 773: 1, 774: 1, 775: 1, 776: 1, 777: 1, 778: 1, 779: 1, 78: 1, 780: 1, 781: 1, 782: 1, 783: 1, 784: 1, 785: 1, 786: 1, 787: 1, 788: 1, 789: 1, 79: 1, 790: 1, 791: 1, 792: 1, 793: 1, 794: 1, 795: 1, 796: 1, 797: 1, 798: 1, 799: 1, 8: 1, 80: 1, 800: 1, 801: 1, 802: 1, 803: 1, 804: 1, 805: 1, 806: 1, 807: 1, 808: 1, 809: 1, 81: 1, 810: 1, 811: 1, 812: 1, 813: 1, 814: 1, 815: 1, 816: 1, 817: 1, 818: 1, 819: 1, 82: 1, 820: 1, 821: 1, 822: 1, 823: 1, 824: 1, 825: 1, 826: 1, 827: 1, 828: 1, 829: 1, 83: 1, 830: 1, 831: 1, 832: 1, 833: 1, 834: 1, 835: 1, 836: 1, 837: 1, 838: 1, 839: 1, 84: 1, 840: 1, 841: 1, 842: 1, 843: 1, 844: 1, 845: 1, 846: 1, 847: 1, 848: 1, 849: 1, 85: 1, 850: 1, 851: 1, 852: 1, 853: 1, 854: 1, 855: 1, 856: 1, 857: 1, 858: 1, 859: 1, 86: 1, 860: 1, 861: 1, 862: 1, 863: 1, 864: 1, 865: 1, 866: 1, 867: 1, 868: 1, 869: 1, 87: 1, 870: 1, 871: 1, 872: 1, 873: 1, 874: 1, 875: 1, 876: 1, 877: 1, 878: 1, 879: 1, 88: 1, 880: 1, 881: 1, 882: 1, 883: 1, 884: 1, 885: 1, 886: 1, 887: 1, 888: 1, 889: 1, 89: 1, 890: 1, 891: 1, 892: 1, 893: 1, 894: 1, 895: 1, 896: 1, 897: 1, 898: 1, 899: 1, 9: 1, 90: 1, 900: 1, 901: 1, 902: 1, 903: 1, 904: 1, 905: 1, 906: 1, 907: 1, 908: 1, 909: 1, 91: 1, 910: 1, 911: 1, 912: 1, 913: 1, 914: 1, 915: 1, 916: 1, 917: 1, 918: 1, 919: 1, 92: 1, 920: 1, 921: 1, 922: 1, 923: 1, 924: 1, 925: 1, 926: 1, 927: 1, 928: 1, 929: 1, 93: 1, 930: 1, 931: 1, 932: 1, 933: 1, 934: 1, 935: 1, 936: 1, 937: 1, 938: 1, 939: 1, 94: 1, 940: 1, 941: 1, 942: 1, 943: 1, 944: 1, 945: 1, 946: 1, 947: 1, 948: 1, 949: 1, 95: 1, 950: 1, 951: 1, 952: 1, 953: 1, 954: 1, 955: 1, 956: 1, 957: 1, 958: 1, 959: 1, 96: 1, 960: 1, 961: 1, 962: 1, 963: 1, 964: 1, 965: 1, 966: 1, 967: 1, 968: 1, 969: 1, 97: 1, 970: 1, 971: 1, 972: 1, 973: 1, 974: 1, 975: 1, 976: 1, 977: 1, 978: 1, 979: 1, 98: 1, 980: 1, 981: 1, 982: 1, 983: 1, 984: 1, 985: 1, 986: 1, 987: 1, 988: 1, 989: 1, 99: 1, 990: 1, 991: 1, 992: 1, 993: 1, 994: 1, 995: 1, 996: 1, 997: 1, 998: 1, 999: 1}
Max score: 148.3031596963351
Compute cells: 4583
Game step:      [8542826it                  27086.5it/s ]
Done score:     [148.3it                    2.1s/it     ]
Compute steps:  [1010406it                  3203.7it/s  ]
Iterations:     [54% 108it/200              2.9s/it     ]
Cells:          [4589it                     14.6it/s    ]
Time (seconds): [ 1%   316it/43200          1.0it/s     ]
Game step:      [8790714it                  27005.0it/s ]
Done score:     [148.3it                    2.2s/it     ]
Compute steps:  [1037485it                  3187.1it/s  ]
Iterations:     [56% 111it/200              2.9s/it     ]
Cells:          [4605it                     14.1it/s    ]
Time (seconds): [ 1%   326it/43200          1.0it/s     ]
Game step:      [9126477it                  27103.7it/s ]
Done score:     [148.3it                    2.3s/it     ]
Compute steps:  [1072788it                  3185.9it/s  ]
Iterations:     [57% 115it/200              2.9s/it     ]
Cells:          [4620it                     13.7it/s    ]
Time (seconds): [ 1%   337it/43200          1.0it/s     ]
Game step:      [9459810it                  27121.9it/s ]
Done score:     [148.3it                    2.4s/it     ]
Compute steps:  [1108753it                  3178.8it/s  ]
Iterations:     [60% 119it/200              2.9s/it     ]
Cells:          [4632it                     13.3it/s    ]
Time (seconds): [ 1%   349it/43200          1.0it/s     ]
Game step:      [9711599it                  27052.2it/s ]
Done score:     [148.3it                    2.4s/it     ]
Compute steps:  [1135753it                  3163.7it/s  ]
Iterations:     [61% 122it/200              2.9s/it     ]
Cells:          [4636it                     12.9it/s    ]
Time (seconds): [ 1%   359it/43200          1.0it/s     ]
Game step:      [10047712it                 27105.8it/s ]
Done score:     [148.3it                    2.5s/it     ]
Compute steps:  [1170893it                  3158.7it/s  ]
Iterations:     [63% 126it/200              2.9s/it     ]
Cells:          [4657it                     12.6it/s    ]
Time (seconds): [ 1%   371it/43200          1.0it/s     ]
Game step:      [10386063it                 26907.0it/s ]
Done score:     [148.3it                    2.6s/it     ]
Compute steps:  [1206704it                  3126.2it/s  ]
Iterations:     [65% 130it/200              3.0s/it     ]
Cells:          [4670it                     12.1it/s    ]
Time (seconds): [ 1%   386it/43200          1.0s/it     ]
Game step:      [10719215it                 26934.3it/s ]
Done score:     [148.3it                    2.7s/it     ]
Compute steps:  [1242247it                  3121.4it/s  ]
Iterations:     [67% 134it/200              3.0s/it     ]
Cells:          [4683it                     11.8it/s    ]
Time (seconds): [ 1%   398it/43200          1.0it/s     ]
Game step:      [10971086it                 26860.1it/s ]
Done score:     [148.3it                    2.8s/it     ]
Compute steps:  [1269675it                  3108.5it/s  ]
Iterations:     [68% 137it/200              3.0s/it     ]
Cells:          [4691it                     11.5it/s    ]
Time (seconds): [ 1%   409it/43200          1.0it/s     ]
Game step:      [11306899it                 26919.7it/s ]
Done score:     [148.3it                    2.8s/it     ]
Compute steps:  [1304991it                  3106.9it/s  ]
Iterations:     [70% 141it/200              3.0s/it     ]
Cells:          [4699it                     11.2it/s    ]
Time (seconds): [ 1%   420it/43200          1.0s/it     ]
Game step:      [11560505it                 26868.1it/s ]
Done score:     [148.3it                    2.9s/it     ]
Compute steps:  [1331773it                  3095.2it/s  ]
Iterations:     [72% 144it/200              3.0s/it     ]
Cells:          [4705it                     10.9it/s    ]
Time (seconds): [ 1%   430it/43200          1.0s/it     ]
Game step:      [11895284it                 26847.2it/s ]
Done score:     [148.3it                    3.0s/it     ]
Compute steps:  [1367545it                  3086.5it/s  ]
Iterations:     [74% 148it/200              3.0s/it     ]
Cells:          [4717it                     10.6it/s    ]
Time (seconds): [ 1%   443it/43200          1.0s/it     ]
Game step:      [12149278it                 26757.7it/s ]
Done score:     [148.3it                    3.1s/it     ]
Compute steps:  [1394293it                  3070.8it/s  ]
Iterations:     [76% 151it/200              3.0s/it     ]
Cells:          [4724it                     10.4it/s    ]
Time (seconds): [ 1%   454it/43200          1.0s/it     ]
Game step:      [12485404it                 26756.7it/s ]
Done score:     [148.3it                    3.1s/it     ]
Compute steps:  [1430120it                  3064.8it/s  ]
Iterations:     [78% 155it/200              3.0s/it     ]
Cells:          [4728it                     10.1it/s    ]
Time (seconds): [ 1%   467it/43200          1.0it/s     ]
Game step:      [12736284it                 26677.3it/s ]
Done score:     [148.3it                    3.2s/it     ]
Compute steps:  [1457266it                  3052.4it/s  ]
Iterations:     [79% 158it/200              3.0s/it     ]
Cells:          [4732it                     9.9it/s     ]
Time (seconds): [ 1%   478it/43200          1.0it/s     ]
Game step:      [13069955it                 26673.6it/s ]
Done score:     [148.3it                    3.3s/it     ]
Compute steps:  [1493441it                  3047.8it/s  ]
Iterations:     [81% 162it/200              3.0s/it     ]
Cells:          [4738it                     9.7it/s     ]
Time (seconds): [ 1%   490it/43200          1.0it/s     ]
Game step:      [13405730it                 26685.2it/s ]
Done score:     [148.3it                    3.4s/it     ]
Compute steps:  [1528644it                  3042.9it/s  ]
Iterations:     [83% 166it/200              3.0s/it     ]
Cells:          [4745it                     9.4it/s     ]
Time (seconds): [ 1%   503it/43200          1.0it/s     ]
Game step:      [13740716it                 26675.1it/s ]
Done score:     [148.3it                    3.5s/it     ]
Compute steps:  [1564803it                  3037.8it/s  ]
Iterations:     [85% 170it/200              3.0s/it     ]
Cells:          [4753it                     9.2it/s     ]
Time (seconds): [ 1%   515it/43200          1.0s/it     ]
Game step:      [13988122it                 26598.1it/s ]
Done score:     [148.3it                    3.5s/it     ]
Compute steps:  [1592556it                  3028.2it/s  ]
Iterations:     [86% 173it/200              3.0s/it     ]
Cells:          [4757it                     9.0it/s     ]
Time (seconds): [ 1%   526it/43200          1.0it/s     ]
Game step:      [14323843it                 26600.8it/s ]
Done score:     [148.3it                    3.6s/it     ]
Compute steps:  [1627876it                  3023.1it/s  ]
Iterations:     [88% 177it/200              3.0s/it     ]
Cells:          [4761it                     8.8it/s     ]
Time (seconds): [ 1%   539it/43200          1.0it/s     ]
Game step:      [14662657it                 26602.1it/s ]
Done score:     [148.3it                    3.7s/it     ]
Compute steps:  [1662855it                  3016.9it/s  ]
Iterations:     [90% 181it/200              3.0s/it     ]
Cells:          [4765it                     8.6it/s     ]
Time (seconds): [ 1%   551it/43200          1.0s/it     ]
Game step:      [14911143it                 26525.8it/s ]
Done score:     [148.3it                    3.8s/it     ]
Compute steps:  [1690342it                  3007.0it/s  ]
Iterations:     [92% 184it/200              3.1s/it     ]
Cells:          [4771it                     8.5it/s     ]
Time (seconds): [ 1%   562it/43200          1.0s/it     ]
Game step:      [15245412it                 26508.0it/s ]
Done score:     [148.3it                    3.9s/it     ]
Compute steps:  [1725757it                  3000.7it/s  ]
Iterations:     [94% 188it/200              3.1s/it     ]
Cells:          [4777it                     8.3it/s     ]
Time (seconds): [ 1%   575it/43200          1.0s/it     ]
Game step:      [15576831it                 26477.9it/s ]
Done score:     [148.3it                    4.0s/it     ]
Compute steps:  [1762141it                  2995.3it/s  ]
Iterations:     [96% 192it/200              3.1s/it     ]
Cells:          [4783it                     8.1it/s     ]
Time (seconds): [ 1%   589it/43200          1.0it/s     ]
Game step:      [15913889it                 26464.4it/s ]
Done score:     [148.3it                    4.1s/it     ]
Compute steps:  [1797822it                  2989.7it/s  ]
Iterations:     [98% 196it/200              3.1s/it     ]
Cells:          [4788it                     8.0it/s     ]
Time (seconds): [ 1%   602it/43200          1.0it/s     ]
Game step:      [16248869it                 26448.2it/s ]
Done score:     [148.3it                    4.1s/it     ]
Compute steps:  [1833613it                  2984.6it/s  ]
Iterations:     [100% 200it/200             3.1s/it     ]
Cells:          [4794it                     7.8it/s     ]
Time (seconds): [ 1%   615it/43200          1.0it/s     ]
Cells at score: {1: 1, 10: 1, 100: 1, 1000: 1, 1001: 1, 1002: 1, 1003: 1, 1004: 1, 1005: 1, 101: 1, 102: 1, 103: 1, 104: 1, 105: 1, 106: 1, 107: 1, 108: 1, 109: 1, 11: 1, 110: 1, 111: 1, 112: 1, 113: 1, 114: 1, 115: 1, 116: 1, 117: 1, 118: 1, 119: 1, 12: 1, 120: 1, 121: 1, 122: 1, 123: 1, 124: 1, 125: 1, 126: 1, 127: 1, 128: 1, 129: 1, 13: 1, 130: 1, 131: 1, 132: 1, 133: 1, 134: 1, 135: 1, 136: 1, 137: 1, 138: 1, 139: 1, 14: 1, 140: 1, 141: 1, 142: 1, 143: 1, 144: 1, 145: 1, 146: 1, 147: 1, 148: 1, 149: 1, 15: 1, 150: 1, 151: 1, 152: 1, 153: 1, 154: 1, 155: 1, 156: 1, 157: 1, 158: 1, 159: 1, 16: 1, 160: 1, 161: 1, 162: 1, 163: 1, 164: 1, 165: 1, 166: 1, 167: 1, 168: 1, 169: 1, 17: 1, 170: 1, 171: 1, 172: 1, 173: 1, 174: 1, 175: 1, 176: 1, 177: 1, 178: 1, 179: 1, 18: 1, 180: 1, 181: 1, 182: 1, 183: 1, 184: 1, 185: 1, 186: 1, 187: 1, 188: 1, 189: 1, 19: 1, 190: 1, 191: 1, 192: 1, 193: 1, 194: 1, 195: 1, 196: 1, 197: 1, 198: 1, 199: 1, 2: 1, 20: 1, 200: 1, 201: 1, 202: 1, 203: 1, 204: 1, 205: 1, 206: 1, 207: 1, 208: 1, 209: 1, 21: 1, 210: 1, 211: 1, 212: 1, 213: 1, 214: 1, 215: 1, 216: 1, 217: 1, 218: 1, 219: 1, 22: 1, 220: 1, 221: 1, 222: 1, 223: 1, 224: 1, 225: 1, 226: 1, 227: 1, 228: 1, 229: 1, 23: 1, 230: 1, 231: 1, 232: 1, 233: 1, 234: 1, 235: 1, 236: 1, 237: 1, 238: 1, 239: 1, 24: 1, 240: 1, 241: 1, 242: 1, 243: 1, 244: 1, 245: 1, 246: 1, 247: 1, 248: 1, 249: 1, 25: 1, 250: 1, 251: 1, 252: 1, 253: 1, 254: 1, 255: 1, 256: 1, 257: 1, 258: 1, 259: 1, 26: 1, 260: 1, 261: 1, 262: 1, 263: 1, 264: 1, 265: 1, 266: 1, 267: 1, 268: 1, 269: 1, 27: 1, 270: 1, 271: 1, 272: 1, 273: 1, 274: 1, 275: 1, 276: 1, 277: 1, 278: 1, 279: 1, 28: 1, 280: 1, 281: 1, 282: 1, 283: 1, 284: 1, 285: 1, 286: 1, 287: 1, 288: 1, 289: 1, 29: 1, 290: 1, 291: 1, 292: 1, 293: 1, 294: 1, 295: 1, 296: 1, 297: 1, 298: 1, 299: 1, 3: 1, 30: 1, 300: 1, 301: 1, 302: 1, 303: 1, 304: 1, 305: 1, 306: 1, 307: 1, 308: 1, 309: 1, 31: 1, 310: 1, 311: 1, 312: 1, 313: 1, 314: 1, 315: 1, 316: 1, 317: 1, 318: 1, 319: 1, 32: 1, 320: 1, 321: 1, 322: 1, 323: 1, 324: 1, 325: 1, 326: 1, 327: 1, 328: 1, 329: 1, 33: 1, 330: 1, 331: 1, 332: 1, 333: 1, 334: 1, 335: 1, 336: 1, 337: 1, 338: 1, 339: 1, 34: 1, 340: 1, 341: 1, 342: 1, 343: 1, 344: 1, 345: 1, 346: 1, 347: 1, 348: 1, 349: 1, 35: 1, 350: 1, 351: 1, 352: 1, 353: 1, 354: 1, 355: 1, 356: 1, 357: 1, 358: 1, 359: 1, 36: 1, 360: 1, 361: 1, 362: 1, 363: 1, 364: 1, 365: 1, 366: 1, 367: 1, 368: 1, 369: 1, 37: 1, 370: 1, 371: 1, 372: 1, 373: 1, 374: 1, 375: 1, 376: 1, 377: 1, 378: 1, 379: 1, 38: 1, 380: 1, 381: 1, 382: 1, 383: 1, 384: 1, 385: 1, 386: 1, 387: 1, 388: 1, 389: 1, 39: 1, 390: 1, 391: 1, 392: 1, 393: 1, 394: 1, 395: 1, 396: 1, 397: 1, 398: 1, 399: 1, 4: 1, 40: 1, 400: 1, 401: 1, 402: 1, 403: 1, 404: 1, 405: 1, 406: 1, 407: 1, 408: 1, 409: 1, 41: 1, 410: 1, 411: 1, 412: 1, 413: 1, 414: 1, 415: 1, 416: 1, 417: 1, 418: 1, 419: 1, 42: 1, 420: 1, 421: 1, 422: 1, 423: 1, 424: 1, 425: 1, 426: 1, 427: 1, 428: 1, 429: 1, 43: 1, 430: 1, 431: 1, 432: 1, 433: 1, 434: 1, 435: 1, 436: 1, 437: 1, 438: 1, 439: 1, 44: 1, 440: 1, 441: 1, 442: 1, 443: 1, 444: 1, 445: 1, 446: 1, 447: 1, 448: 1, 449: 1, 45: 1, 450: 1, 451: 1, 452: 1, 453: 1, 454: 1, 455: 1, 456: 1, 457: 1, 458: 1, 459: 1, 46: 1, 460: 1, 461: 1, 462: 1, 463: 1, 464: 1, 465: 1, 466: 1, 467: 1, 468: 1, 469: 1, 47: 1, 470: 1, 471: 1, 472: 1, 473: 1, 474: 1, 475: 1, 476: 1, 477: 1, 478: 1, 479: 1, 48: 1, 480: 1, 481: 1, 482: 1, 483: 1, 484: 1, 485: 1, 486: 1, 487: 1, 488: 1, 489: 1, 49: 1, 490: 1, 491: 1, 492: 1, 493: 1, 494: 1, 495: 1, 496: 1, 497: 1, 498: 1, 499: 1, 5: 1, 50: 1, 500: 1, 501: 1, 502: 1, 503: 1, 504: 1, 505: 1, 506: 1, 507: 1, 508: 1, 509: 1, 51: 1, 510: 1, 511: 1, 512: 1, 513: 1, 514: 1, 515: 1, 516: 1, 517: 1, 518: 1, 519: 1, 52: 1, 520: 1, 521: 1, 522: 1, 523: 1, 524: 1, 525: 1, 526: 1, 527: 1, 528: 1, 529: 1, 53: 1, 530: 1, 531: 1, 532: 1, 533: 1, 534: 1, 535: 1, 536: 1, 537: 1, 538: 1, 539: 1, 54: 1, 540: 1, 541: 1, 542: 1, 543: 1, 544: 1, 545: 1, 546: 1, 547: 1, 548: 1, 549: 1, 55: 1, 550: 1, 551: 1, 552: 1, 553: 1, 554: 1, 555: 1, 556: 1, 557: 1, 558: 1, 559: 1, 56: 1, 560: 1, 561: 1, 562: 1, 563: 1, 564: 1, 565: 1, 566: 1, 567: 1, 568: 1, 569: 1, 57: 1, 570: 1, 571: 1, 572: 1, 573: 1, 574: 1, 575: 1, 576: 1, 577: 1, 578: 1, 579: 1, 58: 1, 580: 1, 581: 1, 582: 1, 583: 1, 584: 1, 585: 1, 586: 1, 587: 1, 588: 1, 589: 1, 59: 1, 590: 1, 591: 1, 592: 1, 593: 1, 594: 1, 595: 1, 596: 1, 597: 1, 598: 1, 599: 1, 6: 1, 60: 1, 600: 1, 601: 1, 602: 1, 603: 1, 604: 1, 605: 1, 606: 1, 607: 1, 608: 1, 609: 1, 61: 1, 610: 1, 611: 1, 612: 1, 613: 1, 614: 1, 615: 1, 616: 1, 617: 1, 618: 1, 619: 1, 62: 1, 620: 1, 621: 1, 622: 1, 623: 1, 624: 1, 625: 1, 626: 1, 627: 1, 628: 1, 629: 1, 63: 1, 630: 1, 631: 1, 632: 1, 633: 1, 634: 1, 635: 1, 636: 1, 637: 1, 638: 1, 639: 1, 64: 1, 640: 1, 641: 1, 642: 1, 643: 1, 644: 1, 645: 1, 646: 1, 647: 1, 648: 1, 649: 1, 65: 1, 650: 1, 651: 1, 652: 1, 653: 1, 654: 1, 655: 1, 656: 1, 657: 1, 658: 1, 659: 1, 66: 1, 660: 1, 661: 1, 662: 1, 663: 1, 664: 1, 665: 1, 666: 1, 667: 1, 668: 1, 669: 1, 67: 1, 670: 1, 671: 1, 672: 1, 673: 1, 674: 1, 675: 1, 676: 1, 677: 1, 678: 1, 679: 1, 68: 1, 680: 1, 681: 1, 682: 1, 683: 1, 684: 1, 685: 1, 686: 1, 687: 1, 688: 1, 689: 1, 69: 1, 690: 1, 691: 1, 692: 1, 693: 1, 694: 1, 695: 1, 696: 1, 697: 1, 698: 1, 699: 1, 7: 1, 70: 1, 700: 1, 701: 1, 702: 1, 703: 1, 704: 1, 705: 1, 706: 1, 707: 1, 708: 1, 709: 1, 71: 1, 710: 1, 711: 1, 712: 1, 713: 1, 714: 1, 715: 1, 716: 1, 717: 1, 718: 1, 719: 1, 72: 1, 720: 1, 721: 1, 722: 1, 723: 1, 724: 1, 725: 1, 726: 1, 727: 1, 728: 1, 729: 1, 73: 1, 730: 1, 731: 1, 732: 1, 733: 1, 734: 1, 735: 1, 736: 1, 737: 1, 738: 1, 739: 1, 74: 1, 740: 1, 741: 1, 742: 1, 743: 1, 744: 1, 745: 1, 746: 1, 747: 1, 748: 1, 749: 1, 75: 1, 750: 1, 751: 1, 752: 1, 753: 1, 754: 1, 755: 1, 756: 1, 757: 1, 758: 1, 759: 1, 76: 1, 760: 1, 761: 1, 762: 1, 763: 1, 764: 1, 765: 1, 766: 1, 767: 1, 768: 1, 769: 1, 77: 1, 770: 1, 771: 1, 772: 1, 773: 1, 774: 1, 775: 1, 776: 1, 777: 1, 778: 1, 779: 1, 78: 1, 780: 1, 781: 1, 782: 1, 783: 1, 784: 1, 785: 1, 786: 1, 787: 1, 788: 1, 789: 1, 79: 1, 790: 1, 791: 1, 792: 1, 793: 1, 794: 1, 795: 1, 796: 1, 797: 1, 798: 1, 799: 1, 8: 1, 80: 1, 800: 1, 801: 1, 802: 1, 803: 1, 804: 1, 805: 1, 806: 1, 807: 1, 808: 1, 809: 1, 81: 1, 810: 1, 811: 1, 812: 1, 813: 1, 814: 1, 815: 1, 816: 1, 817: 1, 818: 1, 819: 1, 82: 1, 820: 1, 821: 1, 822: 1, 823: 1, 824: 1, 825: 1, 826: 1, 827: 1, 828: 1, 829: 1, 83: 1, 830: 1, 831: 1, 832: 1, 833: 1, 834: 1, 835: 1, 836: 1, 837: 1, 838: 1, 839: 1, 84: 1, 840: 1, 841: 1, 842: 1, 843: 1, 844: 1, 845: 1, 846: 1, 847: 1, 848: 1, 849: 1, 85: 1, 850: 1, 851: 1, 852: 1, 853: 1, 854: 1, 855: 1, 856: 1, 857: 1, 858: 1, 859: 1, 86: 1, 860: 1, 861: 1, 862: 1, 863: 1, 864: 1, 865: 1, 866: 1, 867: 1, 868: 1, 869: 1, 87: 1, 870: 1, 871: 1, 872: 1, 873: 1, 874: 1, 875: 1, 876: 1, 877: 1, 878: 1, 879: 1, 88: 1, 880: 1, 881: 1, 882: 1, 883: 1, 884: 1, 885: 1, 886: 1, 887: 1, 888: 1, 889: 1, 89: 1, 890: 1, 891: 1, 892: 1, 893: 1, 894: 1, 895: 1, 896: 1, 897: 1, 898: 1, 899: 1, 9: 1, 90: 1, 900: 1, 901: 1, 902: 1, 903: 1, 904: 1, 905: 1, 906: 1, 907: 1, 908: 1, 909: 1, 91: 1, 910: 1, 911: 1, 912: 1, 913: 1, 914: 1, 915: 1, 916: 1, 917: 1, 918: 1, 919: 1, 92: 1, 920: 1, 921: 1, 922: 1, 923: 1, 924: 1, 925: 1, 926: 1, 927: 1, 928: 1, 929: 1, 93: 1, 930: 1, 931: 1, 932: 1, 933: 1, 934: 1, 935: 1, 936: 1, 937: 1, 938: 1, 939: 1, 94: 1, 940: 1, 941: 1, 942: 1, 943: 1, 944: 1, 945: 1, 946: 1, 947: 1, 948: 1, 949: 1, 95: 1, 950: 1, 951: 1, 952: 1, 953: 1, 954: 1, 955: 1, 956: 1, 957: 1, 958: 1, 959: 1, 96: 1, 960: 1, 961: 1, 962: 1, 963: 1, 964: 1, 965: 1, 966: 1, 967: 1, 968: 1, 969: 1, 97: 1, 970: 1, 971: 1, 972: 1, 973: 1, 974: 1, 975: 1, 976: 1, 977: 1, 978: 1, 979: 1, 98: 1, 980: 1, 981: 1, 982: 1, 983: 1, 984: 1, 985: 1, 986: 1, 987: 1, 988: 1, 989: 1, 99: 1, 990: 1, 991: 1, 992: 1, 993: 1, 994: 1, 995: 1, 996: 1, 997: 1, 998: 1, 999: 1}
Max score: 148.3031596963351
Compute cells: 4794
Cells:          [4794it                     7.8it/s     ] DONE
Done score:     [148.3it                    4.2s/it     ] DONE
Max score:      [148.3it                    4.2s/it     ] DONE
Game step:      [16248869it                 26320.1it/s ] DONE
Compute steps:  [1833613it                  2970.1it/s  ] DONE
Iterations:     [100% 200it/200             3.1s/it     ] DONE
Time (seconds): [ 1%   615it/43200          1.0s/it     ] DONE
