Game step:      [10000it                    813.2it/s   ]
Max score:      [1.8it                      6.8s/it     ]
Done score:     [-infit                                 ]
Compute steps:  [10000it                    813.2it/s   ]
Iterations:     [ 0%   1it/200              12.3s/it    ]
Cells:          [6it                        2.0s/it     ]
Time (seconds): [ 0%    12it/43200          1.0s/it     ]
Cells at score: {1: 1, 10: 1, 100: 1, 11: 1, 12: 1, 13: 1, 14: 1, 15: 1, 16: 1, 17: 1, 18: 1, 19: 1, 2: 1, 20: 1, 21: 1, 22: 1, 23: 1, 24: 1, 25: 1, 26: 1, 27: 1, 28: 1, 29: 1, 3: 1, 30: 1, 31: 1, 32: 1, 33: 1, 34: 1, 35: 1, 36: 1, 37: 1, 38: 1, 39: 1, 4: 1, 40: 1, 41: 1, 42: 1, 43: 1, 44: 1, 45: 1, 46: 1, 47: 1, 48: 1, 49: 1, 5: 1, 50: 1, 51: 1, 52: 1, 53: 1, 54: 1, 55: 1, 56: 1, 57: 1, 58: 1, 59: 1, 6: 1, 60: 1, 61: 1, 62: 1, 63: 1, 64: 1, 65: 1, 66: 1, 67: 1, 68: 1, 69: 1, 7: 1, 70: 1, 71: 1, 72: 1, 73: 1, 74: 1, 75: 1, 76: 1, 77: 1, 78: 1, 79: 1, 8: 1, 80: 1, 81: 1, 82: 1, 83: 1, 84: 1, 85: 1, 86: 1, 87: 1, 88: 1, 89: 1, 9: 1, 90: 1, 91: 1, 92: 1, 93: 1, 94: 1, 95: 1, 96: 1, 97: 1, 98: 1, 99: 1}
Max score: 1.8211594908714182
Compute cells: 6
Game step:      [145643it                   6293.1it/s  ]
Max score:      [43.1it                     1.9it/s     ]
Done score:     [-infit                                 ]
Compute steps:  [50000it                    2160.2it/s  ]
Iterations:     [ 2%   5it/200              4.6s/it     ]
Cells:          [490it                      21.2it/s    ]
Time (seconds): [ 0%    23it/43200          1.0s/it     ]
Game step:      [326511it                   9300.5it/s  ]
Max score:      [87.9it                     2.5it/s     ]
Done score:     [-infit                                 ]
Compute steps:  [80000it                    2278.7it/s  ]
Iterations:     [ 4%   8it/200              4.4s/it     ]
Cells:          [1492it                     42.5it/s    ]
Time (seconds): [ 0%    35it/43200          1.0s/it     ]
Game step:      [542471it                   11261.5it/s ]
Done score:     [-infit                                 ]
Compute steps:  [110000it                   2283.6it/s  ]
Iterations:     [ 6%  11it/200              4.4s/it     ]
Cells:          [2187it                     45.4it/s    ]
Time (seconds): [ 0%    48it/43200          1.0s/it     ]
Max score:      [135.1it                    2.5it/s     ]
Game step:      [697358it                   11777.0it/s ]
Done score:     [135.1it                    2.3it/s     ]
Compute steps:  [129978it                   2195.1it/s  ]
Iterations:     [ 6%  13it/200              4.6s/it     ]
Cells:          [2516it                     42.5it/s    ]
Time (seconds): [ 0%    59it/43200          1.0s/it     ]
Game step:      [935827it                   12761.6it/s ]
Max score:      [141.0it                    1.9it/s     ]
Done score:     [141.0it                    1.9it/s     ]
Compute steps:  [159664it                   2177.2it/s  ]
Iterations:     [ 8%  16it/200              4.6s/it     ]
Cells:          [2895it                     39.5it/s    ]
Time (seconds): [ 0%    73it/43200          1.0s/it     ]
Game step:      [1098733it                  13089.5it/s ]
Done score:     [141.0it                    1.7it/s     ]
Compute steps:  [178972it                   2132.1it/s  ]
Iterations:     [ 9%  18it/200              4.7s/it     ]
Cells:          [3096it                     36.9it/s    ]
Time (seconds): [ 0%    84it/43200          1.0it/s     ]
Game step:      [1341543it                  13419.2it/s ]
Done score:     [141.0it                    1.4it/s     ]
Compute steps:  [208365it                   2084.2it/s  ]
Iterations:     [10%  21it/200              4.8s/it     ]
Cells:          [3326it                     33.3it/s    ]
Time (seconds): [ 0%   100it/43200          1.0it/s     ]
Game step:      [1586176it                  13651.9it/s ]
Done score:     [141.0it                    1.2it/s     ]
Compute steps:  [237167it                   2041.2it/s  ]
Iterations:     [12%  24it/200              4.8s/it     ]
Cells:          [3515it                     30.3it/s    ]
Time (seconds): [ 0%   116it/43200          1.0s/it     ]
Game step:      [1752950it                  13700.8it/s ]
Done score:     [141.0it                    1.1it/s     ]
Compute steps:  [256165it                   2002.1it/s  ]
Iterations:     [13%  26it/200              4.9s/it     ]
Cells:          [3601it                     28.1it/s    ]
Time (seconds): [ 0%   128it/43200          1.0it/s     ]
Game step:      [1918009it                  13803.5it/s ]
Max score:      [141.5it                    1.0it/s     ]
Done score:     [141.5it                    1.0it/s     ]
Compute steps:  [275205it                   1980.6it/s  ]
Iterations:     [14%  28it/200              5.0s/it     ]
Cells:          [3691it                     26.6it/s    ]
Time (seconds): [ 0%   139it/43200          1.0it/s     ]
Game step:      [2081089it                  13849.7it/s ]
Done score:     [141.5it                    1.1s/it     ]
Compute steps:  [293999it                   1956.6it/s  ]
Iterations:     [15%  30it/200              5.0s/it     ]
Cells:          [3768it                     25.1it/s    ]
Time (seconds): [ 0%   150it/43200          1.0s/it     ]
Game step:      [2246053it                  13885.0it/s ]
Done score:     [141.5it                    1.1s/it     ]
Compute steps:  [312971it                   1934.8it/s  ]
Iterations:     [16%  32it/200              5.1s/it     ]
Cells:          [3837it                     23.7it/s    ]
Time (seconds): [ 0%   162it/43200          1.0it/s     ]
Game step:      [2410504it                  13896.9it/s ]
Done score:     [141.5it                    1.2s/it     ]
Compute steps:  [331707it                   1912.3it/s  ]
Iterations:     [17%  34it/200              5.1s/it     ]
Cells:          [3891it                     22.4it/s    ]
Time (seconds): [ 0%   173it/43200          1.0s/it     ]
Game step:      [2575135it                  13882.9it/s ]
Done score:     [141.5it                    1.3s/it     ]
Compute steps:  [350825it                   1891.3it/s  ]
Iterations:     [18%  36it/200              5.2s/it     ]
Cells:          [3955it                     21.3it/s    ]
Time (seconds): [ 0%   185it/43200          1.0s/it     ]
Game step:      [2742505it                  13867.3it/s ]
Done score:     [141.5it                    1.4s/it     ]
Compute steps:  [369135it                   1866.5it/s  ]
Iterations:     [19%  38it/200              5.2s/it     ]
Cells:          [3992it                     20.2it/s    ]
Time (seconds): [ 0%   198it/43200          1.0it/s     ]
Max score:      [142.8it                    1.4s/it     ]
Game step:      [2991081it                  13909.4it/s ]
Done score:     [142.8it                    1.5s/it     ]
Compute steps:  [397441it                   1848.2it/s  ]
Iterations:     [20%  41it/200              5.2s/it     ]
Cells:          [4055it                     18.9it/s    ]
Time (seconds): [ 0%   215it/43200          1.0s/it     ]
Game step:      [3159797it                  13844.2it/s ]
Done score:     [142.8it                    1.6s/it     ]
Compute steps:  [416191it                   1823.5it/s  ]
Iterations:     [22%  43it/200              5.3s/it     ]
Cells:          [4087it                     17.9it/s    ]
Time (seconds): [ 1%   228it/43200          1.0s/it     ]
Game step:      [3326586it                  13962.5it/s ]
Done score:     [142.8it                    1.7s/it     ]
Compute steps:  [434507it                   1823.7it/s  ]
Iterations:     [22%  45it/200              5.3s/it     ]
Cells:          [4117it                     17.3it/s    ]
Time (seconds): [ 1%   238it/43200          1.0s/it     ]
Game step:      [3490950it                  13880.8it/s ]
Done score:     [142.8it                    1.8s/it     ]
Compute steps:  [453594it                   1803.6it/s  ]
Iterations:     [24%  47it/200              5.4s/it     ]
Cells:          [4147it                     16.5it/s    ]
Time (seconds): [ 1%   251it/43200          1.0s/it     ]
Game step:      [3656835it                  13783.4it/s ]
Done score:     [142.8it                    1.9s/it     ]
Compute steps:  [472300it                   1780.2it/s  ]
Iterations:     [24%  49it/200              5.4s/it     ]
Cells:          [4181it                     15.8it/s    ]
Time (seconds): [ 1%   265it/43200          1.0s/it     ]
Game step:      [3822089it                  13699.1it/s ]
Done score:     [142.8it                    2.0s/it     ]
Compute steps:  [491361it                   1761.1it/s  ]
Iterations:     [26%  51it/200              5.5s/it     ]
Cells:          [4208it                     15.1it/s    ]
Time (seconds): [ 1%   279it/43200          1.0s/it     ]
Game step:      [3989306it                  13787.8it/s ]
Done score:     [142.8it                    2.0s/it     ]
Compute steps:  [509548it                   1761.1it/s  ]
Iterations:     [26%  53it/200              5.5s/it     ]
Cells:          [4229it                     14.6it/s    ]
Time (seconds): [ 1%   289it/43200          1.0s/it     ]
Game step:      [4152023it                  13655.4it/s ]
Done score:     [142.8it                    2.1s/it     ]
Compute steps:  [528629it                   1738.6it/s  ]
Iterations:     [28%  55it/200              5.5s/it     ]
Cells:          [4256it                     14.0it/s    ]
Time (seconds): [ 1%   304it/43200          1.0s/it     ]
Game step:      [4313779it                  13501.9it/s ]
Done score:     [142.8it                    2.2s/it     ]
Compute steps:  [547682it                   1714.2it/s  ]
Iterations:     [28%  57it/200              5.6s/it     ]
Cells:          [4273it                     13.4it/s    ]
Time (seconds): [ 1%   319it/43200          1.0s/it     ]
Game step:      [4561985it                  13392.5it/s ]
Done score:     [142.8it                    2.4s/it     ]
Compute steps:  [575475it                   1689.4it/s  ]
Iterations:     [30%  60it/200              5.7s/it     ]
Cells:          [4314it                     12.7it/s    ]
Time (seconds): [ 1%   341it/43200          1.0it/s     ]
Game step:      [4726179it                  13367.4it/s ]
Done score:     [142.8it                    2.5s/it     ]
Compute steps:  [593890it                   1679.7it/s  ]
Iterations:     [31%  62it/200              5.7s/it     ]
Cells:          [4339it                     12.3it/s    ]
Time (seconds): [ 1%   354it/43200          1.0it/s     ]
Game step:      [4889372it                  13208.8it/s ]
Done score:     [142.8it                    2.6s/it     ]
Compute steps:  [612279it                   1654.1it/s  ]
Iterations:     [32%  64it/200              5.8s/it     ]
Cells:          [4356it                     11.8it/s    ]
Time (seconds): [ 1%   370it/43200          1.0s/it     ]
Game step:      [5056874it                  13110.6it/s ]
Done score:     [142.8it                    2.7s/it     ]
Compute steps:  [630490it                   1634.6it/s  ]
Iterations:     [33%  66it/200              5.8s/it     ]
Cells:          [4369it                     11.3it/s    ]
Time (seconds): [ 1%   386it/43200          1.0it/s     ]
Game step:      [5307960it                  13033.3it/s ]
Done score:     [142.8it                    2.9s/it     ]
Compute steps:  [657319it                   1614.0it/s  ]
Iterations:     [34%  69it/200              5.9s/it     ]
Cells:          [4399it                     10.8it/s    ]
Time (seconds): [ 1%   407it/43200          1.0s/it     ]
Game step:      [5474219it                  13005.1it/s ]
Done score:     [142.8it                    2.9s/it     ]
Compute steps:  [676004it                   1606.0it/s  ]
Iterations:     [36%  71it/200              5.9s/it     ]
Cells:          [4409it                     10.5it/s    ]
Time (seconds): [ 1%   421it/43200          1.0it/s     ]
Game step:      [5559747it                  12883.4it/s ]
Max score:      [143.5it                    3.0s/it     ]
Done score:     [143.5it                    3.0s/it     ]
Compute steps:  [684796it                   1586.8it/s  ]
Iterations:     [36%  72it/200              6.0s/it     ]
Cells:          [4414it                     10.2it/s    ]
Time (seconds): [ 1%   432it/43200          1.0it/s     ]
Game step:      [5725875it                  12918.6it/s ]
Done score:     [143.5it                    3.1s/it     ]
Compute steps:  [703353it                   1586.9it/s  ]
Iterations:     [37%  74it/200              6.0s/it     ]
Cells:          [4430it                     10.0it/s    ]
Time (seconds): [ 1%   443it/43200          1.0s/it     ]
Game step:      [5891105it                  12778.1it/s ]
Done score:     [143.5it                    3.2s/it     ]
Compute steps:  [722243it                   1566.6it/s  ]
Iterations:     [38%  76it/200              6.1s/it     ]
Cells:          [4447it                     9.6it/s     ]
Time (seconds): [ 1%   461it/43200          1.0s/it     ]
Game step:      [6059482it                  12855.2it/s ]
Max score:      [144.3it                    3.3s/it     ]
Done score:     [144.3it                    3.3s/it     ]
Compute steps:  [740287it                   1570.5it/s  ]
Iterations:     [39%  78it/200              6.0s/it     ]
Cells:          [4461it                     9.5it/s     ]
Time (seconds): [ 1%   471it/43200          1.0s/it     ]
Game step:      [6141114it                  12629.8it/s ]
Done score:     [144.3it                    3.4s/it     ]
Compute steps:  [749740it                   1541.9it/s  ]
Iterations:     [40%  79it/200              6.2s/it     ]
Cells:          [4468it                     9.2it/s     ]
Time (seconds): [ 1%   486it/43200          1.0s/it     ]
Game step:      [6393678it                  12768.8it/s ]
Done score:     [144.3it                    3.5s/it     ]
Compute steps:  [776343it                   1550.4it/s  ]
Iterations:     [41%  82it/200              6.1s/it     ]
Cells:          [4476it                     8.9it/s     ]
Time (seconds): [ 1%   501it/43200          1.0it/s     ]
Game step:      [6476297it                  12672.2it/s ]
Done score:     [144.3it                    3.5s/it     ]
Compute steps:  [785477it                   1536.9it/s  ]
Iterations:     [42%  83it/200              6.2s/it     ]
Cells:          [4486it                     8.8it/s     ]
Time (seconds): [ 1%   511it/43200          1.0s/it     ]
Game step:      [6724808it                  12667.1it/s ]
Done score:     [144.3it                    3.7s/it     ]
Compute steps:  [813039it                   1531.5it/s  ]
Iterations:     [43%  86it/200              6.2s/it     ]
Cells:          [4501it                     8.5it/s     ]
Time (seconds): [ 1%   531it/43200          1.0it/s     ]
Game step:      [6975309it                  12815.2it/s ]
Done score:     [144.3it                    3.8s/it     ]
Compute steps:  [840540it                   1544.2it/s  ]
Iterations:     [44%  89it/200              6.1s/it     ]
Cells:          [4517it                     8.3it/s     ]
Time (seconds): [ 1%   544it/43200          1.0s/it     ]
Game step:      [7057849it                  12721.0it/s ]
Done score:     [144.3it                    3.8s/it     ]
Compute steps:  [849491it                   1531.1it/s  ]
Iterations:     [45%  90it/200              6.2s/it     ]
Cells:          [4525it                     8.2it/s     ]
Time (seconds): [ 1%   555it/43200          1.0it/s     ]
Max score:      [146.4it                    3.8s/it     ]
Game step:      [7309183it                  12720.9it/s ]
Done score:     [146.4it                    3.9s/it     ]
Compute steps:  [876938it                   1526.2it/s  ]
Iterations:     [46%  93it/200              6.2s/it     ]
Cells:          [4543it                     7.9it/s     ]
Time (seconds): [ 1%   575it/43200          1.0it/s     ]
Max score:      [146.8it                    3.9s/it     ]
Game step:      [7560232it                  12842.0it/s ]
Done score:     [146.8it                    4.0s/it     ]
Compute steps:  [905251it                   1537.7it/s  ]
Iterations:     [48%  96it/200              6.1s/it     ]
Cells:          [4556it                     7.7it/s     ]
Time (seconds): [ 1%   589it/43200          1.0it/s     ]
Game step:      [7641700it                  12747.0it/s ]
Done score:     [146.8it                    4.1s/it     ]
Compute steps:  [914627it                   1525.7it/s  ]
Iterations:     [48%  97it/200              6.2s/it     ]
Cells:          [4559it                     7.6it/s     ]
Time (seconds): [ 1%   599it/43200          1.0s/it     ]
Game step:      [7891426it                  12869.1it/s ]
Done score:     [146.8it                    4.2s/it     ]
Compute steps:  [941647it                   1535.6it/s  ]
Iterations:     [50% 100it/200              6.1s/it     ]
Cells:          [4568it                     7.4it/s     ]
Time (seconds): [ 1%   613it/43200          1.0s/it     ]
Game step:      [7974864it                  12782.8it/s ]
Done score:     [146.8it                    4.2s/it     ]
Compute steps:  [951017it                   1524.4it/s  ]
Iterations:     [50% 101it/200              6.2s/it     ]
Cells:          [4569it                     7.3it/s     ]
Time (seconds): [ 1%   624it/43200          1.0it/s     ]
Game step:      [8222966it                  12760.7it/s ]
Done score:     [146.8it                    4.4s/it     ]
Compute steps:  [979391it                   1519.8it/s  ]
Iterations:     [52% 104it/200              6.2s/it     ]
Cells:          [4584it                     7.1it/s     ]
Time (seconds): [ 1%   644it/43200          1.0s/it     ]
Game step:      [8473152it                  12866.1it/s ]
Done score:     [146.8it                    4.5s/it     ]
Compute steps:  [1006708it                  1528.6it/s  ]
Iterations:     [54% 107it/200              6.2s/it     ]
Cells:          [4593it                     7.0it/s     ]
Time (seconds): [ 2%   659it/43200          1.0it/s     ]
Cells at score: {1: 1, 10: 1, 100: 1, 1000: 1, 1001: 1, 1002: 1, 1003: 1, 1004: 1, 1005: 1, 101: 1, 102: 1, 103: 1, 104: 1, 105: 1, 106: 1, 107: 1, 108: 1, 109: 1, 11: 1, 110: 1, 111: 1, 112: 1, 113: 1, 114: 1, 115: 1, 116: 1, 117: 1, 118: 1, 119: 1, 12: 1, 120: 1, 121: 1, 122: 1, 123: 1, 124: 1, 125: 1, 126: 1, 127: 1, 128: 1, 129: 1, 13: 1, 130: 1, 131: 1, 132: 1, 133: 1, 134: 1, 135: 1, 136: 1, 137: 1, 138: 1, 139: 1, 14: 1, 140: 1, 141: 1, 142: 1, 143: 1, 144: 1, 145: 1, 146: 1, 147: 1, 148: 1, 149: 1, 15: 1, 150: 1, 151: 1, 152: 1, 153: 1, 154: 1, 155: 1, 156: 1, 157: 1, 158: 1, 159: 1, 16: 1, 160: 1, 161: 1, 162: 1, 163: 1, 164: 1, 165: 1, 166: 1, 167: 1, 168: 1, 169: 1, 17: 1, 170: 1, 171: 1, 172: 1, 173: 1, 174: 1, 175: 1, 176: 1, 177: 1, 178: 1, 179: 1, 18: 1, 180: 1, 181: 1, 182: 1, 183: 1, 184: 1, 185: 1, 186: 1, 187: 1, 188: 1, 189: 1, 19: 1, 190: 1, 191: 1, 192: 1, 193: 1, 194: 1, 195: 1, 196: 1, 197: 1, 198: 1, 199: 1, 2: 1, 20: 1, 200: 1, 201: 1, 202: 1, 203: 1, 204: 1, 205: 1, 206: 1, 207: 1, 208: 1, 209: 1, 21: 1, 210: 1, 211: 1, 212: 1, 213: 1, 214: 1, 215: 1, 216: 1, 217: 1, 218: 1, 219: 1, 22: 1, 220: 1, 221: 1, 222: 1, 223: 1, 224: 1, 225: 1, 226: 1, 227: 1, 228: 1, 229: 1, 23: 1, 230: 1, 231: 1, 232: 1, 233: 1, 234: 1, 235: 1, 236: 1, 237: 1, 238: 1, 239: 1, 24: 1, 240: 1, 241: 1, 242: 1, 243: 1, 244: 1, 245: 1, 246: 1, 247: 1, 248: 1, 249: 1, 25: 1, 250: 1, 251: 1, 252: 1, 253: 1, 254: 1, 255: 1, 256: 1, 257: 1, 258: 1, 259: 1, 26: 1, 260: 1, 261: 1, 262: 1, 263: 1, 264: 1, 265: 1, 266: 1, 267: 1, 268: 1, 269: 1, 27: 1, 270: 1, 271: 1, 272: 1, 273: 1, 274: 1, 275: 1, 276: 1, 277: 1, 278: 1, 279: 1, 28: 1, 280: 1, 281: 1, 282: 1, 283: 1, 284: 1, 285: 1, 286: 1, 287: 1, 288: 1, 289: 1, 29: 1, 290: 1, 291: 1, 292: 1, 293: 1, 294: 1, 295: 1, 296: 1, 297: 1, 298: 1, 299: 1, 3: 1, 30: 1, 300: 1, 301: 1, 302: 1, 303: 1, 304: 1, 305: 1, 306: 1, 307: 1, 308: 1, 309: 1, 31: 1, 310: 1, 311: 1, 312: 1, 313: 1, 314: 1, 315: 1, 316: 1, 317: 1, 318: 1, 319: 1, 32: 1, 320: 1, 321: 1, 322: 1, 323: 1, 324: 1, 325: 1, 326: 1, 327: 1, 328: 1, 329: 1, 33: 1, 330: 1, 331: 1, 332: 1, 333: 1, 334: 1, 335: 1, 336: 1, 337: 1, 338: 1, 339: 1, 34: 1, 340: 1, 341: 1, 342: 1, 343: 1, 344: 1, 345: 1, 346: 1, 347: 1, 348: 1, 349: 1, 35: 1, 350: 1, 351: 1, 352: 1, 353: 1, 354: 1, 355: 1, 356: 1, 357: 1, 358: 1, 359: 1, 36: 1, 360: 1, 361: 1, 362: 1, 363: 1, 364: 1, 365: 1, 366: 1, 367: 1, 368: 1, 369: 1, 37: 1, 370: 1, 371: 1, 372: 1, 373: 1, 374: 1, 375: 1, 376: 1, 377: 1, 378: 1, 379: 1, 38: 1, 380: 1, 381: 1, 382: 1, 383: 1, 384: 1, 385: 1, 386: 1, 387: 1, 388: 1, 389: 1, 39: 1, 390: 1, 391: 1, 392: 1, 393: 1, 394: 1, 395: 1, 396: 1, 397: 1, 398: 1, 399: 1, 4: 1, 40: 1, 400: 1, 401: 1, 402: 1, 403: 1, 404: 1, 405: 1, 406: 1, 407: 1, 408: 1, 409: 1, 41: 1, 410: 1, 411: 1, 412: 1, 413: 1, 414: 1, 415: 1, 416: 1, 417: 1, 418: 1, 419: 1, 42: 1, 420: 1, 421: 1, 422: 1, 423: 1, 424: 1, 425: 1, 426: 1, 427: 1, 428: 1, 429: 1, 43: 1, 430: 1, 431: 1, 432: 1, 433: 1, 434: 1, 435: 1, 436: 1, 437: 1, 438: 1, 439: 1, 44: 1, 440: 1, 441: 1, 442: 1, 443: 1, 444: 1, 445: 1, 446: 1, 447: 1, 448: 1, 449: 1, 45: 1, 450: 1, 451: 1, 452: 1, 453: 1, 454: 1, 455: 1, 456: 1, 457: 1, 458: 1, 459: 1, 46: 1, 460: 1, 461: 1, 462: 1, 463: 1, 464: 1, 465: 1, 466: 1, 467: 1, 468: 1, 469: 1, 47: 1, 470: 1, 471: 1, 472: 1, 473: 1, 474: 1, 475: 1, 476: 1, 477: 1, 478: 1, 479: 1, 48: 1, 480: 1, 481: 1, 482: 1, 483: 1, 484: 1, 485: 1, 486: 1, 487: 1, 488: 1, 489: 1, 49: 1, 490: 1, 491: 1, 492: 1, 493: 1, 494: 1, 495: 1, 496: 1, 497: 1, 498: 1, 499: 1, 5: 1, 50: 1, 500: 1, 501: 1, 502: 1, 503: 1, 504: 1, 505: 1, 506: 1, 507: 1, 508: 1, 509: 1, 51: 1, 510: 1, 511: 1, 512: 1, 513: 1, 514: 1, 515: 1, 516: 1, 517: 1, 518: 1, 519: 1, 52: 1, 520: 1, 521: 1, 522: 1, 523: 1, 524: 1, 525: 1, 526: 1, 527: 1, 528: 1, 529: 1, 53: 1, 530: 1, 531: 1, 532: 1, 533: 1, 534: 1, 535: 1, 536: 1, 537: 1, 538: 1, 539: 1, 54: 1, 540: 1, 541: 1, 542: 1, 543: 1, 544: 1, 545: 1, 546: 1, 547: 1, 548: 1, 549: 1, 55: 1, 550: 1, 551: 1, 552: 1, 553: 1, 554: 1, 555: 1, 556: 1, 557: 1, 558: 1, 559: 1, 56: 1, 560: 1, 561: 1, 562: 1, 563: 1, 564: 1, 565: 1, 566: 1, 567: 1, 568: 1, 569: 1, 57: 1, 570: 1, 571: 1, 572: 1, 573: 1, 574: 1, 575: 1, 576: 1, 577: 1, 578: 1, 579: 1, 58: 1, 580: 1, 581: 1, 582: 1, 583: 1, 584: 1, 585: 1, 586: 1, 587: 1, 588: 1, 589: 1, 59: 1, 590: 1, 591: 1, 592: 1, 593: 1, 594: 1, 595: 1, 596: 1, 597: 1, 598: 1, 599: 1, 6: 1, 60: 1, 600: 1, 601: 1, 602: 1, 603: 1, 604: 1, 605: 1, 606: 1, 607: 1, 608: 1, 609: 1, 61: 1, 610: 1, 611: 1, 612: 1, 613: 1, 614: 1, 615: 1, 616: 1, 617: 1, 618: 1, 619: 1, 62: 1, 620: 1, 621: 1, 622: 1, 623: 1, 624: 1, 625: 1, 626: 1, 627: 1, 628: 1, 629: 1, 63: 1, 630: 1, 631: 1, 632: 1, 633: 1, 634: 1, 635: 1, 636: 1, 637: 1, 638: 1, 639: 1, 64: 1, 640: 1, 641: 1, 642: 1, 643: 1, 644: 1, 645: 1, 646: 1, 647: 1, 648: 1, 649: 1, 65: 1, 650: 1, 651: 1, 652: 1, 653: 1, 654: 1, 655: 1, 656: 1, 657: 1, 658: 1, 659: 1, 66: 1, 660: 1, 661: 1, 662: 1, 663: 1, 664: 1, 665: 1, 666: 1, 667: 1, 668: 1, 669: 1, 67: 1, 670: 1, 671: 1, 672: 1, 673: 1, 674: 1, 675: 1, 676: 1, 677: 1, 678: 1, 679: 1, 68: 1, 680: 1, 681: 1, 682: 1, 683: 1, 684: 1, 685: 1, 686: 1, 687: 1, 688: 1, 689: 1, 69: 1, 690: 1, 691: 1, 692: 1, 693: 1, 694: 1, 695: 1, 696: 1, 697: 1, 698: 1, 699: 1, 7: 1, 70: 1, 700: 1, 701: 1, 702: 1, 703: 1, 704: 1, 705: 1, 706: 1, 707: 1, 708: 1, 709: 1, 71: 1, 710: 1, 711: 1, 712: 1, 713: 1, 714: 1, 715: 1, 716: 1, 717: 1, 718: 1, 719: 1, 72: 1, 720: 1, 721: 1, 722: 1, 723: 1, 724: 1, 725: 1, 726: 1, 727: 1, 728: 1, 729: 1, 73: 1, 730: 1, 731: 1, 732: 1, 733: 1, 734: 1, 735: 1, 736: 1, 737: 1, 738: 1, 739: 1, 74: 1, 740: 1, 741: 1, 742: 1, 743: 1, 744: 1, 745: 1, 746: 1, 747: 1, 748: 1, 749: 1, 75: 1, 750: 1, 751: 1, 752: 1, 753: 1, 754: 1, 755: 1, 756: 1, 757: 1, 758: 1, 759: 1, 76: 1, 760: 1, 761: 1, 762: 1, 763: 1, 764: 1, 765: 1, 766: 1, 767: 1, 768: 1, 769: 1, 77: 1, 770: 1, 771: 1, 772: 1, 773: 1, 774: 1, 775: 1, 776: 1, 777: 1, 778: 1, 779: 1, 78: 1, 780: 1, 781: 1, 782: 1, 783: 1, 784: 1, 785: 1, 786: 1, 787: 1, 788: 1, 789: 1, 79: 1, 790: 1, 791: 1, 792: 1, 793: 1, 794: 1, 795: 1, 796: 1, 797: 1, 798: 1, 799: 1, 8: 1, 80: 1, 800: 1, 801: 1, 802: 1, 803: 1, 804: 1, 805: 1, 806: 1, 807: 1, 808: 1, 809: 1, 81: 1, 810: 1, 811: 1, 812: 1, 813: 1, 814: 1, 815: 1, 816: 1, 817: 1, 818: 1, 819: 1, 82: 1, 820: 1, 821: 1, 822: 1, 823: 1, 824: 1, 825: 1, 826: 1, 827: 1, 828: 1, 829: 1, 83: 1, 830: 1, 831: 1, 832: 1, 833: 1, 834: 1, 835: 1, 836: 1, 837: 1, 838: 1, 839: 1, 84: 1, 840: 1, 841: 1, 842: 1, 843: 1, 844: 1, 845: 1, 846: 1, 847: 1, 848: 1, 849: 1, 85: 1, 850: 1, 851: 1, 852: 1, 853: 1, 854: 1, 855: 1, 856: 1, 857: 1, 858: 1, 859: 1, 86: 1, 860: 1, 861: 1, 862: 1, 863: 1, 864: 1, 865: 1, 866: 1, 867: 1, 868: 1, 869: 1, 87: 1, 870: 1, 871: 1, 872: 1, 873: 1, 874: 1, 875: 1, 876: 1, 877: 1, 878: 1, 879: 1, 88: 1, 880: 1, 881: 1, 882: 1, 883: 1, 884: 1, 885: 1, 886: 1, 887: 1, 888: 1, 889: 1, 89: 1, 890: 1, 891: 1, 892: 1, 893: 1, 894: 1, 895: 1, 896: 1, 897: 1, 898: 1, 899: 1, 9: 1, 90: 1, 900: 1, 901: 1, 902: 1, 903: 1, 904: 1, 905: 1, 906: 1, 907: 1, 908: 1, 909: 1, 91: 1, 910: 1, 911: 1, 912: 1, 913: 1, 914: 1, 915: 1, 916: 1, 917: 1, 918: 1, 919: 1, 92: 1, 920: 1, 921: 1, 922: 1, 923: 1, 924: 1, 925: 1, 926: 1, 927: 1, 928: 1, 929: 1, 93: 1, 930: 1, 931: 1, 932: 1, 933: 1, 934: 1, 935: 1, 936: 1, 937: 1, 938: 1, 939: 1, 94: 1, 940: 1, 941: 1, 942: 1, 943: 1, 944: 1, 945: 1, 946: 1, 947: 1, 948: 1, 949: 1, 95: 1, 950: 1, 951: 1, 952: 1, 953: 1, 954: 1, 955: 1, 956: 1, 957: 1, 958: 1, 959: 1, 96: 1, 960: 1, 961: 1, 962: 1, 963: 1, 964: 1, 965: 1, 966: 1, 967: 1, 968: 1, 969: 1, 97: 1, 970: 1, 971: 1, 972: 1, 973: 1, 974: 1, 975: 1, 976: 1, 977: 1, 978: 1, 979: 1, 98: 1, 980: 1, 981: 1, 982: 1, 983: 1, 984: 1, 985: 1, 986: 1, 987: 1, 988: 1, 989: 1, 99: 1, 990: 1, 991: 1, 992: 1, 993: 1, 994: 1, 995: 1, 996: 1, 997: 1, 998: 1, 999: 1}
Max score: 146.84578035353846
Compute cells: 4593
Game step:      [8555319it                  12714.4it/s ]
Done score:     [146.8it                    4.6s/it     ]
Compute steps:  [1015854it                  1509.7it/s  ]
Iterations:     [54% 108it/200              6.2s/it     ]
Cells:          [4594it                     6.8it/s     ]
Time (seconds): [ 2%   673it/43200          1.0it/s     ]
Game step:      [8804568it                  12827.0it/s ]
Max score:      [146.9it                    4.7s/it     ]
Done score:     [146.9it                    4.7s/it     ]
Compute steps:  [1043165it                  1519.7it/s  ]
Iterations:     [56% 111it/200              6.2s/it     ]
Cells:          [4602it                     6.7it/s     ]
Time (seconds): [ 2%   686it/43200          1.0s/it     ]
Game step:      [8890048it                  12749.5it/s ]
Max score:      [147.3it                    4.7s/it     ]
Done score:     [147.3it                    4.7s/it     ]
Compute steps:  [1052002it                  1508.7it/s  ]
Iterations:     [56% 112it/200              6.2s/it     ]
Cells:          [4604it                     6.6it/s     ]
Time (seconds): [ 2%   697it/43200          1.0s/it     ]
Game step:      [9140655it                  12864.6it/s ]
Done score:     [147.4it                    4.8s/it     ]
Compute steps:  [1078470it                  1517.8it/s  ]
Iterations:     [57% 115it/200              6.2s/it     ]
Cells:          [4617it                     6.5it/s     ]
Time (seconds): [ 2%   711it/43200          1.0it/s     ]
Game step:      [9225276it                  12785.9it/s ]
Done score:     [147.4it                    4.9s/it     ]
Compute steps:  [1087208it                  1506.8it/s  ]
Iterations:     [58% 116it/200              6.2s/it     ]
Cells:          [4620it                     6.4it/s     ]
Time (seconds): [ 2%   721it/43200          1.0s/it     ]
Game step:      [9475186it                  12753.2it/s ]
Done score:     [147.4it                    5.0s/it     ]
Compute steps:  [1113447it                  1498.7it/s  ]
Iterations:     [60% 119it/200              6.2s/it     ]
Cells:          [4627it                     6.2it/s     ]
Time (seconds): [ 2%   743it/43200          1.0it/s     ]
Game step:      [9726639it                  12838.8it/s ]
Done score:     [147.4it                    5.1s/it     ]
Compute steps:  [1140451it                  1505.3it/s  ]
Iterations:     [61% 122it/200              6.2s/it     ]
Cells:          [4636it                     6.1it/s     ]
Time (seconds): [ 2%   758it/43200          1.0it/s     ]
Game step:      [9809175it                  12735.0it/s ]
Done score:     [147.4it                    5.2s/it     ]
Compute steps:  [1149411it                  1492.3it/s  ]
Iterations:     [62% 123it/200              6.3s/it     ]
Cells:          [4639it                     6.0it/s     ]
Time (seconds): [ 2%   770it/43200          1.0s/it     ]
Game step:      [9974074it                  12781.6it/s ]
Done score:     [147.4it                    5.3s/it     ]
Compute steps:  [1167901it                  1496.6it/s  ]
Iterations:     [62% 125it/200              6.2s/it     ]
Cells:          [4645it                     6.0it/s     ]
Time (seconds): [ 2%   780it/43200          1.0s/it     ]
Game step:      [10138119it                 12726.6it/s ]
Max score:      [147.4it                    5.4s/it     ]
Done score:     [147.4it                    5.4s/it     ]
Compute steps:  [1186398it                  1489.3it/s  ]
Iterations:     [64% 127it/200              6.3s/it     ]
Cells:          [4650it                     5.8it/s     ]
Time (seconds): [ 2%   797it/43200          1.0it/s     ]
Game step:      [10385753it                 12813.2it/s ]
Done score:     [147.4it                    5.5s/it     ]
Compute steps:  [1214053it                  1497.8it/s  ]
Iterations:     [65% 130it/200              6.2s/it     ]
Cells:          [4654it                     5.7it/s     ]
Time (seconds): [ 2%   811it/43200          1.0it/s     ]
Game step:      [10553946it                 12766.2it/s ]
Max score:      [147.8it                    5.6s/it     ]
Done score:     [147.8it                    5.6s/it     ]
Compute steps:  [1231620it                  1489.8it/s  ]
Iterations:     [66% 132it/200              6.3s/it     ]
Cells:          [4660it                     5.6it/s     ]
Time (seconds): [ 2%   827it/43200          1.0it/s     ]
Game step:      [10803857it                 12842.4it/s ]
Done score:     [147.8it                    5.7s/it     ]
Compute steps:  [1259694it                  1497.4it/s  ]
Iterations:     [68% 135it/200              6.2s/it     ]
Cells:          [4665it                     5.5it/s     ]
Time (seconds): [ 2%   841it/43200          1.0s/it     ]
Game step:      [10887016it                 12768.4it/s ]
Done score:     [147.8it                    5.8s/it     ]
Compute steps:  [1268786it                  1488.0it/s  ]
Iterations:     [68% 136it/200              6.3s/it     ]
Cells:          [4669it                     5.5it/s     ]
Time (seconds): [ 2%   853it/43200          1.0it/s     ]
Max score:      [148.1it                    5.8s/it     ]
Game step:      [11135583it                 12856.6it/s ]
Done score:     [148.1it                    5.8s/it     ]
Compute steps:  [1296147it                  1496.5it/s  ]
Iterations:     [70% 139it/200              6.2s/it     ]
Cells:          [4681it                     5.4it/s     ]
Time (seconds): [ 2%   866it/43200          1.0s/it     ]
Game step:      [11218109it                 12783.9it/s ]
Done score:     [148.1it                    5.9s/it     ]
Compute steps:  [1305138it                  1487.3it/s  ]
Iterations:     [70% 140it/200              6.3s/it     ]
Cells:          [4685it                     5.3it/s     ]
Time (seconds): [ 2%   878it/43200          1.0it/s     ]
Game step:      [11468181it                 12873.1it/s ]
Done score:     [148.1it                    6.0s/it     ]
Compute steps:  [1331760it                  1494.9it/s  ]
Iterations:     [72% 143it/200              6.2s/it     ]
Cells:          [4691it                     5.3it/s     ]
Time (seconds): [ 2%   891it/43200          1.0it/s     ]
Game step:      [11550988it                 12798.9it/s ]
Done score:     [148.1it                    6.1s/it     ]
Compute steps:  [1340460it                  1485.3it/s  ]
Iterations:     [72% 144it/200              6.3s/it     ]
Cells:          [4692it                     5.2it/s     ]
Time (seconds): [ 2%   902it/43200          1.0s/it     ]
Game step:      [11800684it                 12879.7it/s ]
Done score:     [148.1it                    6.2s/it     ]
Compute steps:  [1368022it                  1493.1it/s  ]
Iterations:     [74% 147it/200              6.2s/it     ]
Cells:          [4700it                     5.1it/s     ]
Time (seconds): [ 2%   916it/43200          1.0s/it     ]
Game step:      [11883608it                 12808.2it/s ]
Done score:     [148.1it                    6.3s/it     ]
Compute steps:  [1377126it                  1484.3it/s  ]
Iterations:     [74% 148it/200              6.3s/it     ]
Cells:          [4703it                     5.1it/s     ]
Time (seconds): [ 2%   928it/43200          1.0it/s     ]
Game step:      [12132333it                 12885.6it/s ]
Done score:     [148.1it                    6.4s/it     ]
Compute steps:  [1404063it                  1491.2it/s  ]
Iterations:     [76% 151it/200              6.2s/it     ]
Cells:          [4708it                     5.0it/s     ]
Time (seconds): [ 2%   942it/43200          1.0it/s     ]
Game step:      [12217586it                 12813.8it/s ]
Done score:     [148.1it                    6.4s/it     ]
Compute steps:  [1412567it                  1481.5it/s  ]
Iterations:     [76% 152it/200              6.3s/it     ]
Cells:          [4710it                     4.9it/s     ]
Time (seconds): [ 2%   953it/43200          1.0s/it     ]
Game step:      [12465651it                 12893.6it/s ]
Done score:     [148.1it                    6.5s/it     ]
Compute steps:  [1439533it                  1488.9it/s  ]
Iterations:     [78% 155it/200              6.2s/it     ]
Cells:          [4716it                     4.9it/s     ]
Time (seconds): [ 2%   967it/43200          1.0it/s     ]
Game step:      [12550399it                 12820.9it/s ]
Done score:     [148.1it                    6.6s/it     ]
Compute steps:  [1448255it                  1479.5it/s  ]
Iterations:     [78% 156it/200              6.3s/it     ]
Cells:          [4719it                     4.8it/s     ]
Time (seconds): [ 2%   979it/43200          1.0it/s     ]
Game step:      [12797800it                 12897.2it/s ]
Done score:     [148.1it                    6.7s/it     ]
Compute steps:  [1475921it                  1487.4it/s  ]
Iterations:     [80% 159it/200              6.2s/it     ]
Cells:          [4723it                     4.8it/s     ]
Time (seconds): [ 2%   992it/43200          1.0s/it     ]
Game step:      [12965393it                 12852.9it/s ]
Done score:     [148.1it                    6.8s/it     ]
Compute steps:  [1494035it                  1481.1it/s  ]
Iterations:     [80% 161it/200              6.3s/it     ]
Cells:          [4727it                     4.7it/s     ]
Time (seconds): [ 2%  1009it/43200          1.0it/s     ]
Game step:      [13217790it                 12931.8it/s ]
Done score:     [148.1it                    6.9s/it     ]
Compute steps:  [1520993it                  1488.1it/s  ]
Iterations:     [82% 164it/200              6.2s/it     ]
Cells:          [4731it                     4.6it/s     ]
Time (seconds): [ 2%  1022it/43200          1.0s/it     ]
Game step:      [13300457it                 12856.8it/s ]
Done score:     [148.1it                    7.0s/it     ]
Compute steps:  [1530440it                  1479.4it/s  ]
Iterations:     [82% 165it/200              6.3s/it     ]
Cells:          [4735it                     4.6it/s     ]
Time (seconds): [ 2%  1034it/43200          1.0s/it     ]
Game step:      [13552700it                 12931.2it/s ]
Done score:     [148.1it                    7.1s/it     ]
Compute steps:  [1557381it                  1486.0it/s  ]
Iterations:     [84% 168it/200              6.2s/it     ]
Cells:          [4741it                     4.5it/s     ]
Time (seconds): [ 2%  1048it/43200          1.0s/it     ]
Game step:      [13635884it                 12861.9it/s ]
Done score:     [148.1it                    7.2s/it     ]
Compute steps:  [1566073it                  1477.2it/s  ]
Iterations:     [84% 169it/200              6.3s/it     ]
Cells:          [4742it                     4.5it/s     ]
Time (seconds): [ 2%  1060it/43200          1.0s/it     ]
Game step:      [13883987it                 12931.2it/s ]
Done score:     [148.1it                    7.2s/it     ]
Compute steps:  [1593124it                  1483.8it/s  ]
Iterations:     [86% 172it/200              6.2s/it     ]
Cells:          [4747it                     4.4it/s     ]
Time (seconds): [ 2%  1074it/43200          1.0it/s     ]
Game step:      [14051108it                 12881.6it/s ]
Done score:     [148.1it                    7.4s/it     ]
Compute steps:  [1611638it                  1477.5it/s  ]
Iterations:     [87% 174it/200              6.3s/it     ]
Cells:          [4750it                     4.4it/s     ]
Time (seconds): [ 3%  1091it/43200          1.0it/s     ]
Game step:      [14300798it                 12950.2it/s ]
Done score:     [148.1it                    7.5s/it     ]
Compute steps:  [1638183it                  1483.5it/s  ]
Iterations:     [88% 177it/200              6.2s/it     ]
Cells:          [4754it                     4.3it/s     ]
Time (seconds): [ 3%  1104it/43200          1.0s/it     ]
Game step:      [14382947it                 12877.3it/s ]
Done score:     [148.1it                    7.5s/it     ]
Compute steps:  [1647800it                  1475.3it/s  ]
Iterations:     [89% 178it/200              6.3s/it     ]
Cells:          [4754it                     4.3it/s     ]
Time (seconds): [ 3%  1117it/43200          1.0it/s     ]
Game step:      [14633968it                 12940.4it/s ]
Done score:     [148.1it                    7.6s/it     ]
Compute steps:  [1675072it                  1481.2it/s  ]
Iterations:     [90% 181it/200              6.2s/it     ]
Cells:          [4763it                     4.2it/s     ]
Time (seconds): [ 3%  1131it/43200          1.0it/s     ]
Game step:      [14719342it                 12873.3it/s ]
Done score:     [148.1it                    7.7s/it     ]
Compute steps:  [1683257it                  1472.1it/s  ]
Iterations:     [91% 182it/200              6.3s/it     ]
Cells:          [4768it                     4.2it/s     ]
Time (seconds): [ 3%  1143it/43200          1.0s/it     ]
Game step:      [14971636it                 12935.9it/s ]
Done score:     [148.1it                    7.8s/it     ]
Compute steps:  [1709971it                  1477.5it/s  ]
Iterations:     [92% 185it/200              6.3s/it     ]
Cells:          [4774it                     4.1it/s     ]
Time (seconds): [ 3%  1157it/43200          1.0s/it     ]
Game step:      [15139074it                 12888.8it/s ]
Done score:     [148.1it                    7.9s/it     ]
Compute steps:  [1727391it                  1470.6it/s  ]
Iterations:     [94% 187it/200              6.3s/it     ]
Cells:          [4777it                     4.1it/s     ]
Time (seconds): [ 3%  1175it/43200          1.0it/s     ]
Game step:      [15390528it                 12946.4it/s ]
Done score:     [148.1it                    8.0s/it     ]
Compute steps:  [1753815it                  1475.3it/s  ]
Iterations:     [95% 190it/200              6.3s/it     ]
Cells:          [4780it                     4.0it/s     ]
Time (seconds): [ 3%  1189it/43200          1.0it/s     ]
Game step:      [15473450it                 12876.2it/s ]
Done score:     [148.1it                    8.1s/it     ]
Compute steps:  [1763144it                  1467.2it/s  ]
Iterations:     [96% 191it/200              6.3s/it     ]
Cells:          [4784it                     4.0it/s     ]
Time (seconds): [ 3%  1202it/43200          1.0it/s     ]
Game step:      [15722652it                 12935.6it/s ]
Done score:     [148.1it                    8.2s/it     ]
Compute steps:  [1789510it                  1472.3it/s  ]
Iterations:     [97% 194it/200              6.3s/it     ]
Cells:          [4789it                     3.9it/s     ]
Time (seconds): [ 3%  1215it/43200          1.0s/it     ]
Game step:      [15888774it                 12890.4it/s ]
Done score:     [148.1it                    8.3s/it     ]
Compute steps:  [1807528it                  1466.4it/s  ]
Iterations:     [98% 196it/200              6.3s/it     ]
Cells:          [4790it                     3.9it/s     ]
Time (seconds): [ 3%  1233it/43200          1.0it/s     ]
Game step:      [16138087it                 12946.0it/s ]
Done score:     [148.1it                    8.4s/it     ]
Compute steps:  [1834435it                  1471.6it/s  ]
Iterations:     [100% 199it/200             6.3s/it     ]
Cells:          [4797it                     3.8it/s     ]
Time (seconds): [ 3%  1247it/43200          1.0it/s     ]
Game step:      [16222203it                 12880.2it/s ]
Done score:     [148.1it                    8.5s/it     ]
Compute steps:  [1842920it                  1463.3it/s  ]
Iterations:     [100% 200it/200             6.3s/it     ]
Cells:          [4800it                     3.8it/s     ]
Time (seconds): [ 3%  1259it/43200          1.0s/it     ]
Cells at score: {1: 1, 10: 1, 100: 1, 1000: 1, 1001: 1, 1002: 1, 1003: 1, 1004: 1, 1005: 1, 101: 1, 102: 1, 103: 1, 104: 1, 105: 1, 106: 1, 107: 1, 108: 1, 109: 1, 11: 1, 110: 1, 111: 1, 112: 1, 113: 1, 114: 1, 115: 1, 116: 1, 117: 1, 118: 1, 119: 1, 12: 1, 120: 1, 121: 1, 122: 1, 123: 1, 124: 1, 125: 1, 126: 1, 127: 1, 128: 1, 129: 1, 13: 1, 130: 1, 131: 1, 132: 1, 133: 1, 134: 1, 135: 1, 136: 1, 137: 1, 138: 1, 139: 1, 14: 1, 140: 1, 141: 1, 142: 1, 143: 1, 144: 1, 145: 1, 146: 1, 147: 1, 148: 1, 149: 1, 15: 1, 150: 1, 151: 1, 152: 1, 153: 1, 154: 1, 155: 1, 156: 1, 157: 1, 158: 1, 159: 1, 16: 1, 160: 1, 161: 1, 162: 1, 163: 1, 164: 1, 165: 1, 166: 1, 167: 1, 168: 1, 169: 1, 17: 1, 170: 1, 171: 1, 172: 1, 173: 1, 174: 1, 175: 1, 176: 1, 177: 1, 178: 1, 179: 1, 18: 1, 180: 1, 181: 1, 182: 1, 183: 1, 184: 1, 185: 1, 186: 1, 187: 1, 188: 1, 189: 1, 19: 1, 190: 1, 191: 1, 192: 1, 193: 1, 194: 1, 195: 1, 196: 1, 197: 1, 198: 1, 199: 1, 2: 1, 20: 1, 200: 1, 201: 1, 202: 1, 203: 1, 204: 1, 205: 1, 206: 1, 207: 1, 208: 1, 209: 1, 21: 1, 210: 1, 211: 1, 212: 1, 213: 1, 214: 1, 215: 1, 216: 1, 217: 1, 218: 1, 219: 1, 22: 1, 220: 1, 221: 1, 222: 1, 223: 1, 224: 1, 225: 1, 226: 1, 227: 1, 228: 1, 229: 1, 23: 1, 230: 1, 231: 1, 232: 1, 233: 1, 234: 1, 235: 1, 236: 1, 237: 1, 238: 1, 239: 1, 24: 1, 240: 1, 241: 1, 242: 1, 243: 1, 244: 1, 245: 1, 246: 1, 247: 1, 248: 1, 249: 1, 25: 1, 250: 1, 251: 1, 252: 1, 253: 1, 254: 1, 255: 1, 256: 1, 257: 1, 258: 1, 259: 1, 26: 1, 260: 1, 261: 1, 262: 1, 263: 1, 264: 1, 265: 1, 266: 1, 267: 1, 268: 1, 269: 1, 27: 1, 270: 1, 271: 1, 272: 1, 273: 1, 274: 1, 275: 1, 276: 1, 277: 1, 278: 1, 279: 1, 28: 1, 280: 1, 281: 1, 282: 1, 283: 1, 284: 1, 285: 1, 286: 1, 287: 1, 288: 1, 289: 1, 29: 1, 290: 1, 291: 1, 292: 1, 293: 1, 294: 1, 295: 1, 296: 1, 297: 1, 298: 1, 299: 1, 3: 1, 30: 1, 300: 1, 301: 1, 302: 1, 303: 1, 304: 1, 305: 1, 306: 1, 307: 1, 308: 1, 309: 1, 31: 1, 310: 1, 311: 1, 312: 1, 313: 1, 314: 1, 315: 1, 316: 1, 317: 1, 318: 1, 319: 1, 32: 1, 320: 1, 321: 1, 322: 1, 323: 1, 324: 1, 325: 1, 326: 1, 327: 1, 328: 1, 329: 1, 33: 1, 330: 1, 331: 1, 332: 1, 333: 1, 334: 1, 335: 1, 336: 1, 337: 1, 338: 1, 339: 1, 34: 1, 340: 1, 341: 1, 342: 1, 343: 1, 344: 1, 345: 1, 346: 1, 347: 1, 348: 1, 349: 1, 35: 1, 350: 1, 351: 1, 352: 1, 353: 1, 354: 1, 355: 1, 356: 1, 357: 1, 358: 1, 359: 1, 36: 1, 360: 1, 361: 1, 362: 1, 363: 1, 364: 1, 365: 1, 366: 1, 367: 1, 368: 1, 369: 1, 37: 1, 370: 1, 371: 1, 372: 1, 373: 1, 374: 1, 375: 1, 376: 1, 377: 1, 378: 1, 379: 1, 38: 1, 380: 1, 381: 1, 382: 1, 383: 1, 384: 1, 385: 1, 386: 1, 387: 1, 388: 1, 389: 1, 39: 1, 390: 1, 391: 1, 392: 1, 393: 1, 394: 1, 395: 1, 396: 1, 397: 1, 398: 1, 399: 1, 4: 1, 40: 1, 400: 1, 401: 1, 402: 1, 403: 1, 404: 1, 405: 1, 406: 1, 407: 1, 408: 1, 409: 1, 41: 1, 410: 1, 411: 1, 412: 1, 413: 1, 414: 1, 415: 1, 416: 1, 417: 1, 418: 1, 419: 1, 42: 1, 420: 1, 421: 1, 422: 1, 423: 1, 424: 1, 425: 1, 426: 1, 427: 1, 428: 1, 429: 1, 43: 1, 430: 1, 431: 1, 432: 1, 433: 1, 434: 1, 435: 1, 436: 1, 437: 1, 438: 1, 439: 1, 44: 1, 440: 1, 441: 1, 442: 1, 443: 1, 444: 1, 445: 1, 446: 1, 447: 1, 448: 1, 449: 1, 45: 1, 450: 1, 451: 1, 452: 1, 453: 1, 454: 1, 455: 1, 456: 1, 457: 1, 458: 1, 459: 1, 46: 1, 460: 1, 461: 1, 462: 1, 463: 1, 464: 1, 465: 1, 466: 1, 467: 1, 468: 1, 469: 1, 47: 1, 470: 1, 471: 1, 472: 1, 473: 1, 474: 1, 475: 1, 476: 1, 477: 1, 478: 1, 479: 1, 48: 1, 480: 1, 481: 1, 482: 1, 483: 1, 484: 1, 485: 1, 486: 1, 487: 1, 488: 1, 489: 1, 49: 1, 490: 1, 491: 1, 492: 1, 493: 1, 494: 1, 495: 1, 496: 1, 497: 1, 498: 1, 499: 1, 5: 1, 50: 1, 500: 1, 501: 1, 502: 1, 503: 1, 504: 1, 505: 1, 506: 1, 507: 1, 508: 1, 509: 1, 51: 1, 510: 1, 511: 1, 512: 1, 513: 1, 514: 1, 515: 1, 516: 1, 517: 1, 518: 1, 519: 1, 52: 1, 520: 1, 521: 1, 522: 1, 523: 1, 524: 1, 525: 1, 526: 1, 527: 1, 528: 1, 529: 1, 53: 1, 530: 1, 531: 1, 532: 1, 533: 1, 534: 1, 535: 1, 536: 1, 537: 1, 538: 1, 539: 1, 54: 1, 540: 1, 541: 1, 542: 1, 543: 1, 544: 1, 545: 1, 546: 1, 547: 1, 548: 1, 549: 1, 55: 1, 550: 1, 551: 1, 552: 1, 553: 1, 554: 1, 555: 1, 556: 1, 557: 1, 558: 1, 559: 1, 56: 1, 560: 1, 561: 1, 562: 1, 563: 1, 564: 1, 565: 1, 566: 1, 567: 1, 568: 1, 569: 1, 57: 1, 570: 1, 571: 1, 572: 1, 573: 1, 574: 1, 575: 1, 576: 1, 577: 1, 578: 1, 579: 1, 58: 1, 580: 1, 581: 1, 582: 1, 583: 1, 584: 1, 585: 1, 586: 1, 587: 1, 588: 1, 589: 1, 59: 1, 590: 1, 591: 1, 592: 1, 593: 1, 594: 1, 595: 1, 596: 1, 597: 1, 598: 1, 599: 1, 6: 1, 60: 1, 600: 1, 601: 1, 602: 1, 603: 1, 604: 1, 605: 1, 606: 1, 607: 1, 608: 1, 609: 1, 61: 1, 610: 1, 611: 1, 612: 1, 613: 1, 614: 1, 615: 1, 616: 1, 617: 1, 618: 1, 619: 1, 62: 1, 620: 1, 621: 1, 622: 1, 623: 1, 624: 1, 625: 1, 626: 1, 627: 1, 628: 1, 629: 1, 63: 1, 630: 1, 631: 1, 632: 1, 633: 1, 634: 1, 635: 1, 636: 1, 637: 1, 638: 1, 639: 1, 64: 1, 640: 1, 641: 1, 642: 1, 643: 1, 644: 1, 645: 1, 646: 1, 647: 1, 648: 1, 649: 1, 65: 1, 650: 1, 651: 1, 652: 1, 653: 1, 654: 1, 655: 1, 656: 1, 657: 1, 658: 1, 659: 1, 66: 1, 660: 1, 661: 1, 662: 1, 663: 1, 664: 1, 665: 1, 666: 1, 667: 1, 668: 1, 669: 1, 67: 1, 670: 1, 671: 1, 672: 1, 673: 1, 674: 1, 675: 1, 676: 1, 677: 1, 678: 1, 679: 1, 68: 1, 680: 1, 681: 1, 682: 1, 683: 1, 684: 1, 685: 1, 686: 1, 687: 1, 688: 1, 689: 1, 69: 1, 690: 1, 691: 1, 692: 1, 693: 1, 694: 1, 695: 1, 696: 1, 697: 1, 698: 1, 699: 1, 7: 1, 70: 1, 700: 1, 701: 1, 702: 1, 703: 1, 704: 1, 705: 1, 706: 1, 707: 1, 708: 1, 709: 1, 71: 1, 710: 1, 711: 1, 712: 1, 713: 1, 714: 1, 715: 1, 716: 1, 717: 1, 718: 1, 719: 1, 72: 1, 720: 1, 721: 1, 722: 1, 723: 1, 724: 1, 725: 1, 726: 1, 727: 1, 728: 1, 729: 1, 73: 1, 730: 1, 731: 1, 732: 1, 733: 1, 734: 1, 735: 1, 736: 1, 737: 1, 738: 1, 739: 1, 74: 1, 740: 1, 741: 1, 742: 1, 743: 1, 744: 1, 745: 1, 746: 1, 747: 1, 748: 1, 749: 1, 75: 1, 750: 1, 751: 1, 752: 1, 753: 1, 754: 1, 755: 1, 756: 1, 757: 1, 758: 1, 759: 1, 76: 1, 760: 1, 761: 1, 762: 1, 763: 1, 764: 1, 765: 1, 766: 1, 767: 1, 768: 1, 769: 1, 77: 1, 770: 1, 771: 1, 772: 1, 773: 1, 774: 1, 775: 1, 776: 1, 777: 1, 778: 1, 779: 1, 78: 1, 780: 1, 781: 1, 782: 1, 783: 1, 784: 1, 785: 1, 786: 1, 787: 1, 788: 1, 789: 1, 79: 1, 790: 1, 791: 1, 792: 1, 793: 1, 794: 1, 795: 1, 796: 1, 797: 1, 798: 1, 799: 1, 8: 1, 80: 1, 800: 1, 801: 1, 802: 1, 803: 1, 804: 1, 805: 1, 806: 1, 807: 1, 808: 1, 809: 1, 81: 1, 810: 1, 811: 1, 812: 1, 813: 1, 814: 1, 815: 1, 816: 1, 817: 1, 818: 1, 819: 1, 82: 1, 820: 1, 821: 1, 822: 1, 823: 1, 824: 1, 825: 1, 826: 1, 827: 1, 828: 1, 829: 1, 83: 1, 830: 1, 831: 1, 832: 1, 833: 1, 834: 1, 835: 1, 836: 1, 837: 1, 838: 1, 839: 1, 84: 1, 840: 1, 841: 1, 842: 1, 843: 1, 844: 1, 845: 1, 846: 1, 847: 1, 848: 1, 849: 1, 85: 1, 850: 1, 851: 1, 852: 1, 853: 1, 854: 1, 855: 1, 856: 1, 857: 1, 858: 1, 859: 1, 86: 1, 860: 1, 861: 1, 862: 1, 863: 1, 864: 1, 865: 1, 866: 1, 867: 1, 868: 1, 869: 1, 87: 1, 870: 1, 871: 1, 872: 1, 873: 1, 874: 1, 875: 1, 876: 1, 877: 1, 878: 1, 879: 1, 88: 1, 880: 1, 881: 1, 882: 1, 883: 1, 884: 1, 885: 1, 886: 1, 887: 1, 888: 1, 889: 1, 89: 1, 890: 1, 891: 1, 892: 1, 893: 1, 894: 1, 895: 1, 896: 1, 897: 1, 898: 1, 899: 1, 9: 1, 90: 1, 900: 1, 901: 1, 902: 1, 903: 1, 904: 1, 905: 1, 906: 1, 907: 1, 908: 1, 909: 1, 91: 1, 910: 1, 911: 1, 912: 1, 913: 1, 914: 1, 915: 1, 916: 1, 917: 1, 918: 1, 919: 1, 92: 1, 920: 1, 921: 1, 922: 1, 923: 1, 924: 1, 925: 1, 926: 1, 927: 1, 928: 1, 929: 1, 93: 1, 930: 1, 931: 1, 932: 1, 933: 1, 934: 1, 935: 1, 936: 1, 937: 1, 938: 1, 939: 1, 94: 1, 940: 1, 941: 1, 942: 1, 943: 1, 944: 1, 945: 1, 946: 1, 947: 1, 948: 1, 949: 1, 95: 1, 950: 1, 951: 1, 952: 1, 953: 1, 954: 1, 955: 1, 956: 1, 957: 1, 958: 1, 959: 1, 96: 1, 960: 1, 961: 1, 962: 1, 963: 1, 964: 1, 965: 1, 966: 1, 967: 1, 968: 1, 969: 1, 97: 1, 970: 1, 971: 1, 972: 1, 973: 1, 974: 1, 975: 1, 976: 1, 977: 1, 978: 1, 979: 1, 98: 1, 980: 1, 981: 1, 982: 1, 983: 1, 984: 1, 985: 1, 986: 1, 987: 1, 988: 1, 989: 1, 99: 1, 990: 1, 991: 1, 992: 1, 993: 1, 994: 1, 995: 1, 996: 1, 997: 1, 998: 1, 999: 1}
Max score: 148.13552344385607
Compute cells: 4800
Cells:          [4800it                     3.8it/s     ] DONE
Done score:     [148.1it                    8.5s/it     ] DONE
Max score:      [148.1it                    8.5s/it     ] DONE
Game step:      [16222203it                 12849.2it/s ] DONE
Compute steps:  [1842920it                  1459.7it/s  ] DONE
Iterations:     [100% 200it/200             6.3s/it     ] DONE
Time (seconds): [ 3%  1259it/43200          1.0s/it     ] DONE
