Game step:      [10000it                    462.3it/s   ]
Max score:      [13.1it                     1.6s/it     ]
Done score:     [-infit                                 ]
Compute steps:  [10000it                    462.3it/s   ]
Iterations:     [ 0%   1it/200              21.6s/it    ]
Cells:          [4405it                     203.6it/s   ]
Time (seconds): [ 0%    22it/43200          1.0it/s     ]
Cells at score: {1: 1, 10: 1, 100: 1, 11: 1, 12: 1, 13: 1, 14: 1, 15: 1, 16: 1, 17: 1, 18: 1, 19: 1, 2: 1, 20: 1, 21: 1, 22: 1, 23: 1, 24: 1, 25: 1, 26: 1, 27: 1, 28: 1, 29: 1, 3: 1, 30: 1, 31: 1, 32: 1, 33: 1, 34: 1, 35: 1, 36: 1, 37: 1, 38: 1, 39: 1, 4: 1, 40: 1, 41: 1, 42: 1, 43: 1, 44: 1, 45: 1, 46: 1, 47: 1, 48: 1, 49: 1, 5: 1, 50: 1, 51: 1, 52: 1, 53: 1, 54: 1, 55: 1, 56: 1, 57: 1, 58: 1, 59: 1, 6: 1, 60: 1, 61: 1, 62: 1, 63: 1, 64: 1, 65: 1, 66: 1, 67: 1, 68: 1, 69: 1, 7: 1, 70: 1, 71: 1, 72: 1, 73: 1, 74: 1, 75: 1, 76: 1, 77: 1, 78: 1, 79: 1, 8: 1, 80: 1, 81: 1, 82: 1, 83: 1, 84: 1, 85: 1, 86: 1, 87: 1, 88: 1, 89: 1, 9: 1, 90: 1, 91: 1, 92: 1, 93: 1, 94: 1, 95: 1, 96: 1, 97: 1, 98: 1, 99: 1}
Max score: 13.117529515803884
Compute cells: 4405
Game step:      [44943it                    1375.7it/s  ]
Max score:      [19.9it                     1.6s/it     ]
Done score:     [-infit                                 ]
Compute steps:  [30000it                    918.3it/s   ]
Iterations:     [ 2%   3it/200              10.9s/it    ]
Cells:          [14660it                    448.7it/s   ]
Time (seconds): [ 0%    33it/43200          1.0it/s     ]
Game step:      [114074it                   2472.3it/s  ]
Max score:      [32.1it                     1.4s/it     ]
Done score:     [-infit                                 ]
Compute steps:  [60000it                    1300.4it/s  ]
Iterations:     [ 3%   6it/200              7.7s/it     ]
Cells:          [28764it                    623.4it/s   ]
Time (seconds): [ 0%    46it/43200          1.0s/it     ]
Game step:      [163506it                   2764.0it/s  ]
Max score:      [32.2it                     1.8s/it     ]
Done score:     [-infit                                 ]
Compute steps:  [80000it                    1352.3it/s  ]
Iterations:     [ 4%   8it/200              7.4s/it     ]
Cells:          [37954it                    641.6it/s   ]
Time (seconds): [ 0%    59it/43200          1.0s/it     ]
Game step:      [214175it                   2948.6it/s  ]
Max score:      [34.5it                     2.1s/it     ]
Done score:     [-infit                                 ]
Compute steps:  [100000it                   1376.7it/s  ]
Iterations:     [ 5%  10it/200              7.3s/it     ]
Cells:          [47225it                    650.1it/s   ]
Time (seconds): [ 0%    73it/43200          1.0it/s     ]
Game step:      [271404it                   3109.1it/s  ]
Max score:      [43.6it                     2.0s/it     ]
Done score:     [-infit                                 ]
Compute steps:  [120000it                   1374.7it/s  ]
Iterations:     [ 6%  12it/200              7.3s/it     ]
Cells:          [56605it                    648.5it/s   ]
Time (seconds): [ 0%    88it/43200          1.0it/s     ]
Game step:      [299131it                   3030.4it/s  ]
Done score:     [-infit                                 ]
Compute steps:  [130000it                   1317.0it/s  ]
Iterations:     [ 6%  13it/200              7.6s/it     ]
Cells:          [61476it                    622.8it/s   ]
Time (seconds): [ 0%    99it/43200          1.0it/s     ]
Game step:      [358855it                   3064.0it/s  ]
Max score:      [46.5it                     2.5s/it     ]
Done score:     [-infit                                 ]
Compute steps:  [150000it                   1280.7it/s  ]
Iterations:     [ 8%  15it/200              7.8s/it     ]
Cells:          [70321it                    600.4it/s   ]
Time (seconds): [ 0%   117it/43200          1.0s/it     ]
Game step:      [417601it                   3054.2it/s  ]
Max score:      [52.1it                     2.6s/it     ]
Done score:     [-infit                                 ]
Compute steps:  [170000it                   1243.3it/s  ]
Iterations:     [ 8%  17it/200              8.0s/it     ]
Cells:          [79077it                    578.3it/s   ]
Time (seconds): [ 0%   137it/43200          1.0it/s     ]
Game step:      [478460it                   3144.4it/s  ]
Done score:     [-infit                                 ]
Compute steps:  [190000it                   1248.7it/s  ]
Iterations:     [10%  19it/200              8.0s/it     ]
Cells:          [88069it                    578.8it/s   ]
Time (seconds): [ 0%   152it/43200          1.0s/it     ]
Game step:      [507359it                   3014.4it/s  ]
Done score:     [-infit                                 ]
Compute steps:  [200000it                   1188.3it/s  ]
Iterations:     [10%  20it/200              8.4s/it     ]
Cells:          [92954it                    552.3it/s   ]
Time (seconds): [ 0%   169it/43200          1.0it/s     ]
Game step:      [566723it                   3136.7it/s  ]
Done score:     [-infit                                 ]
Compute steps:  [220000it                   1217.7it/s  ]
Iterations:     [11%  22it/200              8.2s/it     ]
Cells:          [102114it                   565.2it/s   ]
Time (seconds): [ 0%   181it/43200          1.0it/s     ]
Game step:      [597178it                   2985.4it/s  ]
Done score:     [-infit                                 ]
Compute steps:  [230000it                   1149.8it/s  ]
Iterations:     [12%  23it/200              8.7s/it     ]
Cells:          [106760it                   533.7it/s   ]
Time (seconds): [ 0%   200it/43200          1.0s/it     ]
Game step:      [659173it                   3074.7it/s  ]
Done score:     [-infit                                 ]
Compute steps:  [250000it                   1166.1it/s  ]
Iterations:     [12%  25it/200              8.6s/it     ]
Cells:          [115812it                   540.2it/s   ]
Time (seconds): [ 0%   215it/43200          1.0it/s     ]
Game step:      [691191it                   2810.5it/s  ]
Done score:     [-infit                                 ]
Compute steps:  [260000it                   1057.2it/s  ]
Iterations:     [13%  26it/200              9.5s/it     ]
Cells:          [119810it                   487.2it/s   ]
Time (seconds): [ 1%   246it/43200          1.0it/s     ]
Game step:      [755683it                   2885.9it/s  ]
Done score:     [-infit                                 ]
Compute steps:  [280000it                   1069.3it/s  ]
Iterations:     [14%  28it/200              9.4s/it     ]
Cells:          [128461it                   490.6it/s   ]
Time (seconds): [ 1%   262it/43200          1.0it/s     ]
Game step:      [821878it                   2471.7it/s  ]
Done score:     [-infit                                 ]
Compute steps:  [300000it                   902.2it/s   ]
Iterations:     [15%  30it/200              11.1s/it    ]
Cells:          [137375it                   413.1it/s   ]
Time (seconds): [ 1%   333it/43200          1.0it/s     ]
Game step:      [889859it                   2542.7it/s  ]
Done score:     [-infit                                 ]
Compute steps:  [320000it                   914.4it/s   ]
Iterations:     [16%  32it/200              10.9s/it    ]
Cells:          [145959it                   417.1it/s   ]
Time (seconds): [ 1%   350it/43200          1.0it/s     ]
Game step:      [923416it                   2554.6it/s  ]
Done score:     [-infit                                 ]
Compute steps:  [330000it                   912.9it/s   ]
Iterations:     [16%  33it/200              11.0s/it    ]
Cells:          [150722it                   417.0it/s   ]
Time (seconds): [ 1%   362it/43200          1.0it/s     ]
/opt/homebrew/anaconda3/envs/goexplore/lib/python3.10/site-packages/loky/process_executor.py:782: UserWarning: A worker stopped while some jobs were given to the executor. This can be caused by a too short worker timeout or by a memory leak.
  warnings.warn(
Game step:      [956586it                   1835.5it/s  ]
Max score:      [53.7it                     9.7s/it     ]
Done score:     [-infit                                 ]
Compute steps:  [340000it                   652.4it/s   ]
Iterations:     [17%  34it/200              15.3s/it    ]
Cells:          [154841it                   297.1it/s   ]
Time (seconds): [ 1%   521it/43200          1.0s/it     ]
Game step:      [991390it                   1860.8it/s  ]
Max score:      [57.6it                     9.2s/it     ]
Done score:     [-infit                                 ]
Compute steps:  [350000it                   656.9it/s   ]
Iterations:     [18%  35it/200              15.2s/it    ]
Cells:          [159332it                   299.1it/s   ]
Time (seconds): [ 1%   533it/43200          1.0it/s     ]
Game step:      [1026639it                  1883.4it/s  ]
Done score:     [-infit                                 ]
Compute steps:  [360000it                   660.4it/s   ]
Iterations:     [18%  36it/200              15.1s/it    ]
Cells:          [163736it                   300.4it/s   ]
Time (seconds): [ 1%   545it/43200          1.0s/it     ]
Game step:      [1060883it                  1904.6it/s  ]
Done score:     [-infit                                 ]
Compute steps:  [370000it                   664.2it/s   ]
Iterations:     [18%  37it/200              15.1s/it    ]
Cells:          [168287it                   302.1it/s   ]
Time (seconds): [ 1%   557it/43200          1.0s/it     ]
Game step:      [1094393it                  1443.6it/s  ]
Done score:     [-infit                                 ]
Compute steps:  [380000it                   501.2it/s   ]
Iterations:     [19%  38it/200              20.0s/it    ]
Cells:          [172492it                   227.5it/s   ]
Time (seconds): [ 2%   758it/43200          1.0s/it     ]
Game step:      [1127156it                  1461.7it/s  ]
Done score:     [-infit                                 ]
Compute steps:  [390000it                   505.8it/s   ]
Iterations:     [20%  39it/200              19.8s/it    ]
Cells:          [177240it                   229.9it/s   ]
Time (seconds): [ 2%   771it/43200          1.0s/it     ]
Game step:      [1161620it                  1480.8it/s  ]
Done score:     [-infit                                 ]
Compute steps:  [400000it                   509.9it/s   ]
Iterations:     [20%  40it/200              19.6s/it    ]
Cells:          [181673it                   231.6it/s   ]
Time (seconds): [ 2%   785it/43200          1.0it/s     ]
Game step:      [1195979it                  1487.0it/s  ]
Done score:     [-infit                                 ]
Compute steps:  [410000it                   509.8it/s   ]
Iterations:     [20%  41it/200              19.6s/it    ]
Cells:          [185604it                   230.8it/s   ]
Time (seconds): [ 2%   805it/43200          1.0it/s     ]
Game step:      [1232190it                  1508.6it/s  ]
Done score:     [-infit                                 ]
Compute steps:  [420000it                   514.2it/s   ]
Iterations:     [21%  42it/200              19.4s/it    ]
Cells:          [189550it                   232.1it/s   ]
Time (seconds): [ 2%   817it/43200          1.0it/s     ]
Game step:      [1268081it                  1191.7it/s  ]
Done score:     [-infit                                 ]
Compute steps:  [430000it                   404.1it/s   ]
Iterations:     [22%  43it/200              24.7s/it    ]
Cells:          [193992it                   182.3it/s   ]
Time (seconds): [ 2%  1064it/43200          1.0s/it     ]
Game step:      [1302828it                  1201.6it/s  ]
Done score:     [-infit                                 ]
Compute steps:  [440000it                   405.8it/s   ]
Iterations:     [22%  44it/200              24.6s/it    ]
Cells:          [198727it                   183.3it/s   ]
Time (seconds): [ 3%  1084it/43200          1.0s/it     ]
Game step:      [1339194it                  1216.4it/s  ]
Done score:     [-infit                                 ]
Compute steps:  [450000it                   408.7it/s   ]
Iterations:     [22%  45it/200              24.5s/it    ]
Cells:          [202859it                   184.3it/s   ]
Time (seconds): [ 3%  1101it/43200          1.0it/s     ]
Game step:      [1376460it                  1230.2it/s  ]
Done score:     [-infit                                 ]
Compute steps:  [460000it                   411.1it/s   ]
Iterations:     [23%  46it/200              24.3s/it    ]
Cells:          [207487it                   185.4it/s   ]
Time (seconds): [ 3%  1119it/43200          1.0it/s     ]
Game step:      [1411968it                  1240.6it/s  ]
Done score:     [-infit                                 ]
Compute steps:  [470000it                   413.0it/s   ]
Iterations:     [24%  47it/200              24.2s/it    ]
Cells:          [211899it                   186.2it/s   ]
Time (seconds): [ 3%  1138it/43200          1.0s/it     ]
Game step:      [1449561it                  1249.4it/s  ]
Done score:     [-infit                                 ]
Compute steps:  [480000it                   413.7it/s   ]
Iterations:     [24%  48it/200              24.2s/it    ]
Cells:          [216153it                   186.3it/s   ]
Time (seconds): [ 3%  1160it/43200          1.0s/it     ]
Game step:      [1486434it                  913.0it/s   ]
Done score:     [-infit                                 ]
Compute steps:  [490000it                   301.0it/s   ]
Iterations:     [24%  49it/200              33.2s/it    ]
Cells:          [220558it                   135.5it/s   ]
Time (seconds): [ 4%  1628it/43200          1.0s/it     ]
Game step:      [1522185it                  924.3it/s   ]
Done score:     [-infit                                 ]
Compute steps:  [500000it                   303.6it/s   ]
Iterations:     [25%  50it/200              32.9s/it    ]
Cells:          [224868it                   136.6it/s   ]
Time (seconds): [ 4%  1647it/43200          1.0it/s     ]
Game step:      [1558547it                  936.8it/s   ]
Done score:     [-infit                                 ]
Compute steps:  [510000it                   306.5it/s   ]
Iterations:     [26%  51it/200              32.6s/it    ]
Cells:          [228954it                   137.6it/s   ]
Time (seconds): [ 4%  1664it/43200          1.0it/s     ]
Game step:      [1593783it                  947.6it/s   ]
Done score:     [-infit                                 ]
Compute steps:  [520000it                   309.2it/s   ]
Iterations:     [26%  52it/200              32.3s/it    ]
Cells:          [233209it                   138.7it/s   ]
Time (seconds): [ 4%  1682it/43200          1.0it/s     ]
Game step:      [1628895it                  957.4it/s   ]
Done score:     [-infit                                 ]
Compute steps:  [530000it                   311.5it/s   ]
Iterations:     [26%  53it/200              32.1s/it    ]
Cells:          [237362it                   139.5it/s   ]
Time (seconds): [ 4%  1702it/43200          1.0it/s     ]
Game step:      [1666367it                  968.5it/s   ]
Done score:     [-infit                                 ]
Compute steps:  [540000it                   313.9it/s   ]
Iterations:     [27%  54it/200              31.9s/it    ]
Cells:          [241738it                   140.5it/s   ]
Time (seconds): [ 4%  1721it/43200          1.0it/s     ]
Game step:      [1703081it                  755.5it/s   ]
Done score:     [-infit                                 ]
Compute steps:  [550000it                   244.0it/s   ]
Iterations:     [28%  55it/200              41.0s/it    ]
Cells:          [246017it                   109.1it/s   ]
Time (seconds): [ 5%  2255it/43200          1.0it/s     ]
Game step:      [1740158it                  761.8it/s   ]
Done score:     [-infit                                 ]
Compute steps:  [560000it                   245.2it/s   ]
Iterations:     [28%  56it/200              40.8s/it    ]
Cells:          [250030it                   109.5it/s   ]
Time (seconds): [ 5%  2285it/43200          1.0it/s     ]
Game step:      [1776478it                  769.7it/s   ]
Done score:     [-infit                                 ]
Compute steps:  [570000it                   247.0it/s   ]
Iterations:     [28%  57it/200              40.5s/it    ]
Cells:          [254581it                   110.3it/s   ]
Time (seconds): [ 5%  2308it/43200          1.0s/it     ]
Game step:      [1811510it                  777.4it/s   ]
Done score:     [-infit                                 ]
Compute steps:  [580000it                   248.9it/s   ]
Iterations:     [29%  58it/200              40.2s/it    ]
Cells:          [259007it                   111.1it/s   ]
Time (seconds): [ 5%  2331it/43200          1.0it/s     ]
Game step:      [1849583it                  783.9it/s   ]
Max score:      [57.7it                     40.9s/it    ]
Done score:     [-infit                                 ]
Compute steps:  [590000it                   250.0it/s   ]
Iterations:     [30%  59it/200              40.0s/it    ]
Cells:          [263106it                   111.5it/s   ]
Time (seconds): [ 5%  2360it/43200          1.0it/s     ]
Game step:      [1888020it                  791.4it/s   ]
Done score:     [-infit                                 ]
Compute steps:  [600000it                   251.5it/s   ]
Iterations:     [30%  60it/200              39.8s/it    ]
Cells:          [267292it                   112.0it/s   ]
Time (seconds): [ 6%  2386it/43200          1.0it/s     ]
Game step:      [1923430it                  796.4it/s   ]
Max score:      [57.8it                     41.8s/it    ]
Done score:     [-infit                                 ]
Compute steps:  [610000it                   252.6it/s   ]
Iterations:     [30%  61it/200              39.6s/it    ]
Cells:          [271754it                   112.5it/s   ]
Time (seconds): [ 6%  2415it/43200          1.0s/it     ]
Game step:      [1960015it                  803.4it/s   ]
Done score:     [-infit                                 ]
Compute steps:  [620000it                   254.1it/s   ]
Iterations:     [31%  62it/200              39.3s/it    ]
Cells:          [275856it                   113.1it/s   ]
Time (seconds): [ 6%  2440it/43200          1.0it/s     ]
Game step:      [1999105it                  622.3it/s   ]
Max score:      [60.3it                     53.3s/it    ]
Done score:     [-infit                                 ]
Compute steps:  [630000it                   196.1it/s   ]
Iterations:     [32%  63it/200              51.0s/it    ]
Cells:          [280510it                   87.3it/s    ]
Time (seconds): [ 7%  3213it/43200          1.0it/s     ]
Game step:      [2036324it                  626.0it/s   ]
Done score:     [-infit                                 ]
Compute steps:  [640000it                   196.7it/s   ]
Iterations:     [32%  64it/200              50.8s/it    ]
Cells:          [285250it                   87.7it/s    ]
Time (seconds): [ 8%  3253it/43200          1.0s/it     ]
Game step:      [2075243it                  563.7it/s   ]
Done score:     [-infit                                 ]
Compute steps:  [650000it                   176.6it/s   ]
Iterations:     [32%  65it/200              56.6s/it    ]
Cells:          [289690it                   78.7it/s    ]
Time (seconds): [ 9%  3682it/43200          1.0it/s     ]
