Game step:      [10000it                    838.7it/s   ]
Max score:      [1.9it                      6.2s/it     ]
Done score:     [-infit                                 ]
Compute steps:  [10000it                    838.7it/s   ]
Iterations:     [ 0%   1it/500              11.9s/it    ]
Cells:          [7it                        1.7s/it     ]
Time (seconds): [ 0%    12it/43200          1.0it/s     ]
Cells at score: {1: 1, 10: 1, 100: 1, 11: 1, 12: 1, 13: 1, 14: 1, 15: 1, 16: 1, 17: 1, 18: 1, 19: 1, 2: 1, 20: 1, 21: 1, 22: 1, 23: 1, 24: 1, 25: 1, 26: 1, 27: 1, 28: 1, 29: 1, 3: 1, 30: 1, 31: 1, 32: 1, 33: 1, 34: 1, 35: 1, 36: 1, 37: 1, 38: 1, 39: 1, 4: 1, 40: 1, 41: 1, 42: 1, 43: 1, 44: 1, 45: 1, 46: 1, 47: 1, 48: 1, 49: 1, 5: 1, 50: 1, 51: 1, 52: 1, 53: 1, 54: 1, 55: 1, 56: 1, 57: 1, 58: 1, 59: 1, 6: 1, 60: 1, 61: 1, 62: 1, 63: 1, 64: 1, 65: 1, 66: 1, 67: 1, 68: 1, 69: 1, 7: 1, 70: 1, 71: 1, 72: 1, 73: 1, 74: 1, 75: 1, 76: 1, 77: 1, 78: 1, 79: 1, 8: 1, 80: 1, 81: 1, 82: 1, 83: 1, 84: 1, 85: 1, 86: 1, 87: 1, 88: 1, 89: 1, 9: 1, 90: 1, 91: 1, 92: 1, 93: 1, 94: 1, 95: 1, 96: 1, 97: 1, 98: 1, 99: 1}
Max score: 1.9259759188651808
Compute cells: 7
Game step:      [310391it                   13700.5it/s ]
Max score:      [97.0it                     4.3it/s     ]
Done score:     [-infit                                 ]
Compute steps:  [80000it                    3530.7it/s  ]
Iterations:     [ 2%   8it/500              2.8s/it     ]
Cells:          [1869it                     82.5it/s    ]
Time (seconds): [ 0%    22it/43200          1.0s/it     ]
Game step:      [631626it                   19273.9it/s ]
Done score:     [-infit                                 ]
Compute steps:  [130000it                   3966.9it/s  ]
Iterations:     [ 3%  13it/500              2.5s/it     ]
Cells:          [3018it                     92.1it/s    ]
Time (seconds): [ 0%    32it/43200          1.0s/it     ]
Max score:      [121.8it                    3.5it/s     ]
Game step:      [986287it                   22573.7it/s ]
Done score:     [146.6it                    3.4it/s     ]
Compute steps:  [179993it                   4119.6it/s  ]
Iterations:     [ 4%  18it/500              2.4s/it     ]
Cells:          [3594it                     82.3it/s    ]
Time (seconds): [ 0%    43it/43200          1.0s/it     ]
Max score:      [150.5it                    3.3it/s     ]
Game step:      [1353378it                  24440.3it/s ]
Done score:     [154.8it                    2.8it/s     ]
Compute steps:  [229592it                   4146.1it/s  ]
Iterations:     [ 5%  23it/500              2.4s/it     ]
Cells:          [4046it                     73.1it/s    ]
Time (seconds): [ 0%    55it/43200          1.0s/it     ]
Max score:      [154.9it                    2.7it/s     ]
Game step:      [1720133it                  25852.2it/s ]
Done score:     [154.9it                    2.3it/s     ]
Compute steps:  [278280it                   4182.2it/s  ]
Iterations:     [ 6%  28it/500              2.4s/it     ]
Cells:          [4396it                     66.1it/s    ]
Time (seconds): [ 0%    66it/43200          1.0s/it     ]
Max score:      [154.9it                    2.2it/s     ]
Game step:      [2018974it                  26347.8it/s ]
Done score:     [154.9it                    2.0it/s     ]
Compute steps:  [317194it                   4139.3it/s  ]
Iterations:     [ 6%  32it/500              2.4s/it     ]
Cells:          [4595it                     60.0it/s    ]
Time (seconds): [ 0%    76it/43200          1.0s/it     ]
Game step:      [2397810it                  27237.1it/s ]
Done score:     [155.4it                    1.8it/s     ]
Compute steps:  [365256it                   4149.0it/s  ]
Iterations:     [ 7%  37it/500              2.4s/it     ]
Cells:          [4819it                     54.7it/s    ]
Time (seconds): [ 0%    88it/43200          1.0s/it     ]
Max score:      [155.7it                    1.6it/s     ]
Game step:      [2708576it                  27461.7it/s ]
Done score:     [155.7it                    1.6it/s     ]
Compute steps:  [403802it                   4094.1it/s  ]
Iterations:     [ 8%  41it/500              2.4s/it     ]
Cells:          [4942it                     50.1it/s    ]
Time (seconds): [ 0%    98it/43200          1.0s/it     ]
Game step:      [3089575it                  27999.6it/s ]
Done score:     [155.7it                    1.4it/s     ]
Compute steps:  [451641it                   4093.0it/s  ]
Iterations:     [ 9%  46it/500              2.4s/it     ]
Cells:          [5074it                     46.0it/s    ]
Time (seconds): [ 0%   110it/43200          1.0s/it     ]
Game step:      [3396164it                  28171.4it/s ]
Done score:     [155.7it                    1.3it/s     ]
Compute steps:  [489948it                   4064.1it/s  ]
Iterations:     [10%  50it/500              2.4s/it     ]
Cells:          [5153it                     42.7it/s    ]
Time (seconds): [ 0%   120it/43200          1.0s/it     ]
Game step:      [3778110it                  28435.5it/s ]
Max score:      [155.8it                    1.2it/s     ]
Done score:     [155.8it                    1.2it/s     ]
Compute steps:  [538431it                   4052.4it/s  ]
Iterations:     [11%  55it/500              2.4s/it     ]
Cells:          [5272it                     39.7it/s    ]
Time (seconds): [ 0%   133it/43200          1.0it/s     ]
Game step:      [4158473it                  28932.1it/s ]
Done score:     [155.9it                    1.1it/s     ]
Compute steps:  [586130it                   4077.9it/s  ]
Iterations:     [12%  60it/500              2.4s/it     ]
Cells:          [5356it                     37.3it/s    ]
Time (seconds): [ 0%   143it/43200          1.0s/it     ]
Game step:      [4458218it                  28878.4it/s ]
Done score:     [155.9it                    1.0it/s     ]
Compute steps:  [624207it                   4043.3it/s  ]
Iterations:     [13%  64it/500              2.4s/it     ]
Cells:          [5420it                     35.1it/s    ]
Time (seconds): [ 0%   154it/43200          1.0s/it     ]
Max score:      [156.4it                    1.0s/it     ]
Game step:      [4846146it                  28953.1it/s ]
Done score:     [161.4it                    1.0s/it     ]
Compute steps:  [671069it                   4009.3it/s  ]
Iterations:     [14%  69it/500              2.4s/it     ]
Cells:          [5514it                     32.9it/s    ]
Time (seconds): [ 0%   167it/43200          1.0s/it     ]
Game step:      [5218884it                  29275.5it/s ]
Done score:     [161.4it                    1.1s/it     ]
Compute steps:  [719215it                   4034.5it/s  ]
Iterations:     [15%  74it/500              2.4s/it     ]
Cells:          [5583it                     31.3it/s    ]
Time (seconds): [ 0%   178it/43200          1.0s/it     ]
Game step:      [5596733it                  29264.1it/s ]
Done score:     [161.4it                    1.2s/it     ]
Compute steps:  [766965it                   4010.2it/s  ]
Iterations:     [16%  79it/500              2.4s/it     ]
Cells:          [5645it                     29.5it/s    ]
Time (seconds): [ 0%   191it/43200          1.0s/it     ]
Game step:      [5970815it                  29484.5it/s ]
Done score:     [161.4it                    1.3s/it     ]
Compute steps:  [814463it                   4021.8it/s  ]
Iterations:     [17%  84it/500              2.4s/it     ]
Cells:          [5696it                     28.1it/s    ]
Time (seconds): [ 0%   202it/43200          1.0s/it     ]
Game step:      [6348893it                  29390.4it/s ]
Done score:     [161.4it                    1.3s/it     ]
Compute steps:  [862190it                   3991.2it/s  ]
Iterations:     [18%  89it/500              2.4s/it     ]
Cells:          [5743it                     26.6it/s    ]
Time (seconds): [ 0%   216it/43200          1.0s/it     ]
Game step:      [6731647it                  29561.4it/s ]
Done score:     [161.4it                    1.4s/it     ]
Compute steps:  [910563it                   3998.6it/s  ]
Iterations:     [19%  94it/500              2.4s/it     ]
Cells:          [5800it                     25.5it/s    ]
Time (seconds): [ 1%   227it/43200          1.0s/it     ]
Game step:      [7112250it                  29437.9it/s ]
Done score:     [161.4it                    1.5s/it     ]
Compute steps:  [957868it                   3964.7it/s  ]
Iterations:     [20%  99it/500              2.4s/it     ]
Cells:          [5852it                     24.2it/s    ]
Time (seconds): [ 1%   241it/43200          1.0s/it     ]
Max score:      [161.7it                    1.5s/it     ]
Game step:      [7494075it                  29579.5it/s ]
Done score:     [161.7it                    1.6s/it     ]
Compute steps:  [1005359it                  3968.2it/s  ]
Iterations:     [21% 104it/500              2.4s/it     ]
Cells:          [5915it                     23.3it/s    ]
Time (seconds): [ 1%   253it/43200          1.0s/it     ]
Cells at score: {1: 1, 10: 1, 100: 1, 1000: 1, 1001: 1, 1002: 1, 1003: 1, 1004: 1, 1005: 1, 101: 1, 102: 1, 103: 1, 104: 1, 105: 1, 106: 1, 107: 1, 108: 1, 109: 1, 11: 1, 110: 1, 111: 1, 112: 1, 113: 1, 114: 1, 115: 1, 116: 1, 117: 1, 118: 1, 119: 1, 12: 1, 120: 1, 121: 1, 122: 1, 123: 1, 124: 1, 125: 1, 126: 1, 127: 1, 128: 1, 129: 1, 13: 1, 130: 1, 131: 1, 132: 1, 133: 1, 134: 1, 135: 1, 136: 1, 137: 1, 138: 1, 139: 1, 14: 1, 140: 1, 141: 1, 142: 1, 143: 1, 144: 1, 145: 1, 146: 1, 147: 1, 148: 1, 149: 1, 15: 1, 150: 1, 151: 1, 152: 1, 153: 1, 154: 1, 155: 1, 156: 1, 157: 1, 158: 1, 159: 1, 16: 1, 160: 1, 161: 1, 162: 1, 163: 1, 164: 1, 165: 1, 166: 1, 167: 1, 168: 1, 169: 1, 17: 1, 170: 1, 171: 1, 172: 1, 173: 1, 174: 1, 175: 1, 176: 1, 177: 1, 178: 1, 179: 1, 18: 1, 180: 1, 181: 1, 182: 1, 183: 1, 184: 1, 185: 1, 186: 1, 187: 1, 188: 1, 189: 1, 19: 1, 190: 1, 191: 1, 192: 1, 193: 1, 194: 1, 195: 1, 196: 1, 197: 1, 198: 1, 199: 1, 2: 1, 20: 1, 200: 1, 201: 1, 202: 1, 203: 1, 204: 1, 205: 1, 206: 1, 207: 1, 208: 1, 209: 1, 21: 1, 210: 1, 211: 1, 212: 1, 213: 1, 214: 1, 215: 1, 216: 1, 217: 1, 218: 1, 219: 1, 22: 1, 220: 1, 221: 1, 222: 1, 223: 1, 224: 1, 225: 1, 226: 1, 227: 1, 228: 1, 229: 1, 23: 1, 230: 1, 231: 1, 232: 1, 233: 1, 234: 1, 235: 1, 236: 1, 237: 1, 238: 1, 239: 1, 24: 1, 240: 1, 241: 1, 242: 1, 243: 1, 244: 1, 245: 1, 246: 1, 247: 1, 248: 1, 249: 1, 25: 1, 250: 1, 251: 1, 252: 1, 253: 1, 254: 1, 255: 1, 256: 1, 257: 1, 258: 1, 259: 1, 26: 1, 260: 1, 261: 1, 262: 1, 263: 1, 264: 1, 265: 1, 266: 1, 267: 1, 268: 1, 269: 1, 27: 1, 270: 1, 271: 1, 272: 1, 273: 1, 274: 1, 275: 1, 276: 1, 277: 1, 278: 1, 279: 1, 28: 1, 280: 1, 281: 1, 282: 1, 283: 1, 284: 1, 285: 1, 286: 1, 287: 1, 288: 1, 289: 1, 29: 1, 290: 1, 291: 1, 292: 1, 293: 1, 294: 1, 295: 1, 296: 1, 297: 1, 298: 1, 299: 1, 3: 1, 30: 1, 300: 1, 301: 1, 302: 1, 303: 1, 304: 1, 305: 1, 306: 1, 307: 1, 308: 1, 309: 1, 31: 1, 310: 1, 311: 1, 312: 1, 313: 1, 314: 1, 315: 1, 316: 1, 317: 1, 318: 1, 319: 1, 32: 1, 320: 1, 321: 1, 322: 1, 323: 1, 324: 1, 325: 1, 326: 1, 327: 1, 328: 1, 329: 1, 33: 1, 330: 1, 331: 1, 332: 1, 333: 1, 334: 1, 335: 1, 336: 1, 337: 1, 338: 1, 339: 1, 34: 1, 340: 1, 341: 1, 342: 1, 343: 1, 344: 1, 345: 1, 346: 1, 347: 1, 348: 1, 349: 1, 35: 1, 350: 1, 351: 1, 352: 1, 353: 1, 354: 1, 355: 1, 356: 1, 357: 1, 358: 1, 359: 1, 36: 1, 360: 1, 361: 1, 362: 1, 363: 1, 364: 1, 365: 1, 366: 1, 367: 1, 368: 1, 369: 1, 37: 1, 370: 1, 371: 1, 372: 1, 373: 1, 374: 1, 375: 1, 376: 1, 377: 1, 378: 1, 379: 1, 38: 1, 380: 1, 381: 1, 382: 1, 383: 1, 384: 1, 385: 1, 386: 1, 387: 1, 388: 1, 389: 1, 39: 1, 390: 1, 391: 1, 392: 1, 393: 1, 394: 1, 395: 1, 396: 1, 397: 1, 398: 1, 399: 1, 4: 1, 40: 1, 400: 1, 401: 1, 402: 1, 403: 1, 404: 1, 405: 1, 406: 1, 407: 1, 408: 1, 409: 1, 41: 1, 410: 1, 411: 1, 412: 1, 413: 1, 414: 1, 415: 1, 416: 1, 417: 1, 418: 1, 419: 1, 42: 1, 420: 1, 421: 1, 422: 1, 423: 1, 424: 1, 425: 1, 426: 1, 427: 1, 428: 1, 429: 1, 43: 1, 430: 1, 431: 1, 432: 1, 433: 1, 434: 1, 435: 1, 436: 1, 437: 1, 438: 1, 439: 1, 44: 1, 440: 1, 441: 1, 442: 1, 443: 1, 444: 1, 445: 1, 446: 1, 447: 1, 448: 1, 449: 1, 45: 1, 450: 1, 451: 1, 452: 1, 453: 1, 454: 1, 455: 1, 456: 1, 457: 1, 458: 1, 459: 1, 46: 1, 460: 1, 461: 1, 462: 1, 463: 1, 464: 1, 465: 1, 466: 1, 467: 1, 468: 1, 469: 1, 47: 1, 470: 1, 471: 1, 472: 1, 473: 1, 474: 1, 475: 1, 476: 1, 477: 1, 478: 1, 479: 1, 48: 1, 480: 1, 481: 1, 482: 1, 483: 1, 484: 1, 485: 1, 486: 1, 487: 1, 488: 1, 489: 1, 49: 1, 490: 1, 491: 1, 492: 1, 493: 1, 494: 1, 495: 1, 496: 1, 497: 1, 498: 1, 499: 1, 5: 1, 50: 1, 500: 1, 501: 1, 502: 1, 503: 1, 504: 1, 505: 1, 506: 1, 507: 1, 508: 1, 509: 1, 51: 1, 510: 1, 511: 1, 512: 1, 513: 1, 514: 1, 515: 1, 516: 1, 517: 1, 518: 1, 519: 1, 52: 1, 520: 1, 521: 1, 522: 1, 523: 1, 524: 1, 525: 1, 526: 1, 527: 1, 528: 1, 529: 1, 53: 1, 530: 1, 531: 1, 532: 1, 533: 1, 534: 1, 535: 1, 536: 1, 537: 1, 538: 1, 539: 1, 54: 1, 540: 1, 541: 1, 542: 1, 543: 1, 544: 1, 545: 1, 546: 1, 547: 1, 548: 1, 549: 1, 55: 1, 550: 1, 551: 1, 552: 1, 553: 1, 554: 1, 555: 1, 556: 1, 557: 1, 558: 1, 559: 1, 56: 1, 560: 1, 561: 1, 562: 1, 563: 1, 564: 1, 565: 1, 566: 1, 567: 1, 568: 1, 569: 1, 57: 1, 570: 1, 571: 1, 572: 1, 573: 1, 574: 1, 575: 1, 576: 1, 577: 1, 578: 1, 579: 1, 58: 1, 580: 1, 581: 1, 582: 1, 583: 1, 584: 1, 585: 1, 586: 1, 587: 1, 588: 1, 589: 1, 59: 1, 590: 1, 591: 1, 592: 1, 593: 1, 594: 1, 595: 1, 596: 1, 597: 1, 598: 1, 599: 1, 6: 1, 60: 1, 600: 1, 601: 1, 602: 1, 603: 1, 604: 1, 605: 1, 606: 1, 607: 1, 608: 1, 609: 1, 61: 1, 610: 1, 611: 1, 612: 1, 613: 1, 614: 1, 615: 1, 616: 1, 617: 1, 618: 1, 619: 1, 62: 1, 620: 1, 621: 1, 622: 1, 623: 1, 624: 1, 625: 1, 626: 1, 627: 1, 628: 1, 629: 1, 63: 1, 630: 1, 631: 1, 632: 1, 633: 1, 634: 1, 635: 1, 636: 1, 637: 1, 638: 1, 639: 1, 64: 1, 640: 1, 641: 1, 642: 1, 643: 1, 644: 1, 645: 1, 646: 1, 647: 1, 648: 1, 649: 1, 65: 1, 650: 1, 651: 1, 652: 1, 653: 1, 654: 1, 655: 1, 656: 1, 657: 1, 658: 1, 659: 1, 66: 1, 660: 1, 661: 1, 662: 1, 663: 1, 664: 1, 665: 1, 666: 1, 667: 1, 668: 1, 669: 1, 67: 1, 670: 1, 671: 1, 672: 1, 673: 1, 674: 1, 675: 1, 676: 1, 677: 1, 678: 1, 679: 1, 68: 1, 680: 1, 681: 1, 682: 1, 683: 1, 684: 1, 685: 1, 686: 1, 687: 1, 688: 1, 689: 1, 69: 1, 690: 1, 691: 1, 692: 1, 693: 1, 694: 1, 695: 1, 696: 1, 697: 1, 698: 1, 699: 1, 7: 1, 70: 1, 700: 1, 701: 1, 702: 1, 703: 1, 704: 1, 705: 1, 706: 1, 707: 1, 708: 1, 709: 1, 71: 1, 710: 1, 711: 1, 712: 1, 713: 1, 714: 1, 715: 1, 716: 1, 717: 1, 718: 1, 719: 1, 72: 1, 720: 1, 721: 1, 722: 1, 723: 1, 724: 1, 725: 1, 726: 1, 727: 1, 728: 1, 729: 1, 73: 1, 730: 1, 731: 1, 732: 1, 733: 1, 734: 1, 735: 1, 736: 1, 737: 1, 738: 1, 739: 1, 74: 1, 740: 1, 741: 1, 742: 1, 743: 1, 744: 1, 745: 1, 746: 1, 747: 1, 748: 1, 749: 1, 75: 1, 750: 1, 751: 1, 752: 1, 753: 1, 754: 1, 755: 1, 756: 1, 757: 1, 758: 1, 759: 1, 76: 1, 760: 1, 761: 1, 762: 1, 763: 1, 764: 1, 765: 1, 766: 1, 767: 1, 768: 1, 769: 1, 77: 1, 770: 1, 771: 1, 772: 1, 773: 1, 774: 1, 775: 1, 776: 1, 777: 1, 778: 1, 779: 1, 78: 1, 780: 1, 781: 1, 782: 1, 783: 1, 784: 1, 785: 1, 786: 1, 787: 1, 788: 1, 789: 1, 79: 1, 790: 1, 791: 1, 792: 1, 793: 1, 794: 1, 795: 1, 796: 1, 797: 1, 798: 1, 799: 1, 8: 1, 80: 1, 800: 1, 801: 1, 802: 1, 803: 1, 804: 1, 805: 1, 806: 1, 807: 1, 808: 1, 809: 1, 81: 1, 810: 1, 811: 1, 812: 1, 813: 1, 814: 1, 815: 1, 816: 1, 817: 1, 818: 1, 819: 1, 82: 1, 820: 1, 821: 1, 822: 1, 823: 1, 824: 1, 825: 1, 826: 1, 827: 1, 828: 1, 829: 1, 83: 1, 830: 1, 831: 1, 832: 1, 833: 1, 834: 1, 835: 1, 836: 1, 837: 1, 838: 1, 839: 1, 84: 1, 840: 1, 841: 1, 842: 1, 843: 1, 844: 1, 845: 1, 846: 1, 847: 1, 848: 1, 849: 1, 85: 1, 850: 1, 851: 1, 852: 1, 853: 1, 854: 1, 855: 1, 856: 1, 857: 1, 858: 1, 859: 1, 86: 1, 860: 1, 861: 1, 862: 1, 863: 1, 864: 1, 865: 1, 866: 1, 867: 1, 868: 1, 869: 1, 87: 1, 870: 1, 871: 1, 872: 1, 873: 1, 874: 1, 875: 1, 876: 1, 877: 1, 878: 1, 879: 1, 88: 1, 880: 1, 881: 1, 882: 1, 883: 1, 884: 1, 885: 1, 886: 1, 887: 1, 888: 1, 889: 1, 89: 1, 890: 1, 891: 1, 892: 1, 893: 1, 894: 1, 895: 1, 896: 1, 897: 1, 898: 1, 899: 1, 9: 1, 90: 1, 900: 1, 901: 1, 902: 1, 903: 1, 904: 1, 905: 1, 906: 1, 907: 1, 908: 1, 909: 1, 91: 1, 910: 1, 911: 1, 912: 1, 913: 1, 914: 1, 915: 1, 916: 1, 917: 1, 918: 1, 919: 1, 92: 1, 920: 1, 921: 1, 922: 1, 923: 1, 924: 1, 925: 1, 926: 1, 927: 1, 928: 1, 929: 1, 93: 1, 930: 1, 931: 1, 932: 1, 933: 1, 934: 1, 935: 1, 936: 1, 937: 1, 938: 1, 939: 1, 94: 1, 940: 1, 941: 1, 942: 1, 943: 1, 944: 1, 945: 1, 946: 1, 947: 1, 948: 1, 949: 1, 95: 1, 950: 1, 951: 1, 952: 1, 953: 1, 954: 1, 955: 1, 956: 1, 957: 1, 958: 1, 959: 1, 96: 1, 960: 1, 961: 1, 962: 1, 963: 1, 964: 1, 965: 1, 966: 1, 967: 1, 968: 1, 969: 1, 97: 1, 970: 1, 971: 1, 972: 1, 973: 1, 974: 1, 975: 1, 976: 1, 977: 1, 978: 1, 979: 1, 98: 1, 980: 1, 981: 1, 982: 1, 983: 1, 984: 1, 985: 1, 986: 1, 987: 1, 988: 1, 989: 1, 99: 1, 990: 1, 991: 1, 992: 1, 993: 1, 994: 1, 995: 1, 996: 1, 997: 1, 998: 1, 999: 1}
Max score: 161.69303764739007
Compute cells: 5915
Game step:      [7648332it                  28965.0it/s ]
Done score:     [161.7it                    1.6s/it     ]
Compute steps:  [1024204it                  3878.7it/s  ]
Iterations:     [21% 106it/500              2.5s/it     ]
Cells:          [5928it                     22.4it/s    ]
Time (seconds): [ 1%   264it/43200          1.0s/it     ]
Game step:      [7949549it                  28941.9it/s ]
Done score:     [161.7it                    1.7s/it     ]
Compute steps:  [1062237it                  3867.3it/s  ]
Iterations:     [22% 110it/500              2.5s/it     ]
Cells:          [5971it                     21.7it/s    ]
Time (seconds): [ 1%   274it/43200          1.0s/it     ]
Game step:      [8257056it                  28999.3it/s ]
Done score:     [161.7it                    1.8s/it     ]
Compute steps:  [1099794it                  3862.5it/s  ]
Iterations:     [23% 114it/500              2.5s/it     ]
Cells:          [6007it                     21.1it/s    ]
Time (seconds): [ 1%   284it/43200          1.0s/it     ]
Game step:      [8568355it                  29064.9it/s ]
Done score:     [161.7it                    1.8s/it     ]
Compute steps:  [1137002it                  3856.8it/s  ]
Iterations:     [24% 118it/500              2.5s/it     ]
Cells:          [6038it                     20.5it/s    ]
Time (seconds): [ 1%   294it/43200          1.0s/it     ]
Game step:      [8872909it                  29098.2it/s ]
Done score:     [161.7it                    1.9s/it     ]
Compute steps:  [1174588it                  3852.0it/s  ]
Iterations:     [24% 122it/500              2.5s/it     ]
Cells:          [6067it                     19.9it/s    ]
Time (seconds): [ 1%   305it/43200          1.0it/s     ]
Game step:      [9251538it                  29202.5it/s ]
Done score:     [161.7it                    2.0s/it     ]
Compute steps:  [1222399it                  3858.5it/s  ]
Iterations:     [25% 127it/500              2.5s/it     ]
Cells:          [6102it                     19.3it/s    ]
Time (seconds): [ 1%   316it/43200          1.0s/it     ]
Game step:      [9560805it                  29240.0it/s ]
Done score:     [161.7it                    2.0s/it     ]
Compute steps:  [1260220it                  3854.1it/s  ]
Iterations:     [26% 131it/500              2.5s/it     ]
Cells:          [6126it                     18.7it/s    ]
Time (seconds): [ 1%   327it/43200          1.0it/s     ]
Game step:      [9860347it                  29259.4it/s ]
Done score:     [161.7it                    2.1s/it     ]
Compute steps:  [1298342it                  3852.7it/s  ]
Iterations:     [27% 135it/500              2.5s/it     ]
Cells:          [6154it                     18.3it/s    ]
Time (seconds): [ 1%   337it/43200          1.0it/s     ]
Game step:      [10165894it                 29274.4it/s ]
Done score:     [161.7it                    2.1s/it     ]
Compute steps:  [1336411it                  3848.4it/s  ]
Iterations:     [28% 139it/500              2.5s/it     ]
Cells:          [6174it                     17.8it/s    ]
Time (seconds): [ 1%   347it/43200          1.0s/it     ]
Game step:      [10465990it                 29270.6it/s ]
Done score:     [161.7it                    2.2s/it     ]
Compute steps:  [1374255it                  3843.4it/s  ]
Iterations:     [29% 143it/500              2.5s/it     ]
Cells:          [6199it                     17.3it/s    ]
Time (seconds): [ 1%   357it/43200          1.0s/it     ]
Game step:      [10770751it                 29268.1it/s ]
Done score:     [161.7it                    2.3s/it     ]
Compute steps:  [1412391it                  3838.0it/s  ]
Iterations:     [29% 147it/500              2.5s/it     ]
Cells:          [6228it                     16.9it/s    ]
Time (seconds): [ 1%   368it/43200          1.0s/it     ]
Game step:      [11076307it                 29275.1it/s ]
Done score:     [161.7it                    2.3s/it     ]
Compute steps:  [1450188it                  3832.9it/s  ]
Iterations:     [30% 151it/500              2.5s/it     ]
Cells:          [6256it                     16.5it/s    ]
Time (seconds): [ 1%   378it/43200          1.0s/it     ]
Game step:      [11381856it                 29276.1it/s ]
Done score:     [161.7it                    2.4s/it     ]
Compute steps:  [1487263it                  3825.5it/s  ]
Iterations:     [31% 155it/500              2.5s/it     ]
Cells:          [6273it                     16.1it/s    ]
Time (seconds): [ 1%   388it/43200          1.0s/it     ]
Game step:      [11686089it                 29279.1it/s ]
Done score:     [161.7it                    2.5s/it     ]
Compute steps:  [1525274it                  3821.5it/s  ]
Iterations:     [32% 159it/500              2.5s/it     ]
Cells:          [6288it                     15.8it/s    ]
Time (seconds): [ 1%   399it/43200          1.0s/it     ]
Game step:      [11993552it                 29276.8it/s ]
Done score:     [161.7it                    2.5s/it     ]
Compute steps:  [1563513it                  3816.6it/s  ]
Iterations:     [33% 163it/500              2.5s/it     ]
Cells:          [6306it                     15.4it/s    ]
Time (seconds): [ 1%   409it/43200          1.0s/it     ]
Game step:      [12298242it                 29265.3it/s ]
Max score:      [161.8it                    2.6s/it     ]
Done score:     [161.8it                    2.6s/it     ]
Compute steps:  [1601460it                  3810.9it/s  ]
Iterations:     [33% 167it/500              2.5s/it     ]
Cells:          [6319it                     15.0it/s    ]
Time (seconds): [ 1%   420it/43200          1.0s/it     ]
Game step:      [12602013it                 29257.6it/s ]
Done score:     [161.8it                    2.7s/it     ]
Compute steps:  [1639614it                  3806.6it/s  ]
Iterations:     [34% 171it/500              2.5s/it     ]
Cells:          [6333it                     14.7it/s    ]
Time (seconds): [ 1%   430it/43200          1.0s/it     ]
Game step:      [12909375it                 29238.8it/s ]
Done score:     [161.8it                    2.7s/it     ]
Compute steps:  [1677978it                  3800.5it/s  ]
Iterations:     [35% 175it/500              2.5s/it     ]
Cells:          [6355it                     14.4it/s    ]
Time (seconds): [ 1%   441it/43200          1.0s/it     ]
Game step:      [13213470it                 29211.9it/s ]
Done score:     [161.8it                    2.8s/it     ]
Compute steps:  [1716106it                  3793.9it/s  ]
Iterations:     [36% 179it/500              2.5s/it     ]
Cells:          [6375it                     14.1it/s    ]
Time (seconds): [ 1%   452it/43200          1.0s/it     ]
Game step:      [13597674it                 29239.6it/s ]
Done score:     [161.8it                    2.9s/it     ]
Compute steps:  [1763797it                  3792.7it/s  ]
Iterations:     [37% 184it/500              2.5s/it     ]
Cells:          [6398it                     13.8it/s    ]
Time (seconds): [ 1%   465it/43200          1.0s/it     ]
Game step:      [13900311it                 29207.0it/s ]
Done score:     [161.8it                    2.9s/it     ]
Compute steps:  [1802097it                  3786.5it/s  ]
Iterations:     [38% 188it/500              2.5s/it     ]
Cells:          [6414it                     13.5it/s    ]
Time (seconds): [ 1%   476it/43200          1.0it/s     ]
Game step:      [14280165it                 29224.2it/s ]
Done score:     [161.8it                    3.0s/it     ]
Compute steps:  [1849591it                  3785.1it/s  ]
Iterations:     [39% 193it/500              2.5s/it     ]
Cells:          [6440it                     13.2it/s    ]
Time (seconds): [ 1%   488it/43200          1.0s/it     ]
Game step:      [14582780it                 29187.5it/s ]
Done score:     [161.8it                    3.1s/it     ]
Compute steps:  [1887155it                  3777.1it/s  ]
Iterations:     [39% 197it/500              2.5s/it     ]
Cells:          [6458it                     12.9it/s    ]
Time (seconds): [ 1%   499it/43200          1.0s/it     ]
Game step:      [14958782it                 29187.9it/s ]
Done score:     [161.8it                    3.2s/it     ]
Compute steps:  [1934745it                  3775.1it/s  ]
Iterations:     [40% 202it/500              2.5s/it     ]
Cells:          [6472it                     12.6it/s    ]
Time (seconds): [ 1%   512it/43200          1.0s/it     ]
Game step:      [15263420it                 29144.4it/s ]
Done score:     [161.8it                    3.2s/it     ]
Compute steps:  [1972985it                  3767.2it/s  ]
Iterations:     [41% 206it/500              2.5s/it     ]
Cells:          [6482it                     12.4it/s    ]
Time (seconds): [ 1%   523it/43200          1.0s/it     ]
Cells at score: {1: 1, 10: 1, 100: 1, 1000: 1, 1001: 1, 1002: 1, 1003: 1, 1004: 1, 1005: 1, 101: 1, 102: 1, 103: 1, 104: 1, 105: 1, 106: 1, 107: 1, 108: 1, 109: 1, 11: 1, 110: 1, 111: 1, 112: 1, 113: 1, 114: 1, 115: 1, 116: 1, 117: 1, 118: 1, 119: 1, 12: 1, 120: 1, 121: 1, 122: 1, 123: 1, 124: 1, 125: 1, 126: 1, 127: 1, 128: 1, 129: 1, 13: 1, 130: 1, 131: 1, 132: 1, 133: 1, 134: 1, 135: 1, 136: 1, 137: 1, 138: 1, 139: 1, 14: 1, 140: 1, 141: 1, 142: 1, 143: 1, 144: 1, 145: 1, 146: 1, 147: 1, 148: 1, 149: 1, 15: 1, 150: 1, 151: 1, 152: 1, 153: 1, 154: 1, 155: 1, 156: 1, 157: 1, 158: 1, 159: 1, 16: 1, 160: 1, 161: 1, 162: 1, 163: 1, 164: 1, 165: 1, 166: 1, 167: 1, 168: 1, 169: 1, 17: 1, 170: 1, 171: 1, 172: 1, 173: 1, 174: 1, 175: 1, 176: 1, 177: 1, 178: 1, 179: 1, 18: 1, 180: 1, 181: 1, 182: 1, 183: 1, 184: 1, 185: 1, 186: 1, 187: 1, 188: 1, 189: 1, 19: 1, 190: 1, 191: 1, 192: 1, 193: 1, 194: 1, 195: 1, 196: 1, 197: 1, 198: 1, 199: 1, 2: 1, 20: 1, 200: 1, 201: 1, 202: 1, 203: 1, 204: 1, 205: 1, 206: 1, 207: 1, 208: 1, 209: 1, 21: 1, 210: 1, 211: 1, 212: 1, 213: 1, 214: 1, 215: 1, 216: 1, 217: 1, 218: 1, 219: 1, 22: 1, 220: 1, 221: 1, 222: 1, 223: 1, 224: 1, 225: 1, 226: 1, 227: 1, 228: 1, 229: 1, 23: 1, 230: 1, 231: 1, 232: 1, 233: 1, 234: 1, 235: 1, 236: 1, 237: 1, 238: 1, 239: 1, 24: 1, 240: 1, 241: 1, 242: 1, 243: 1, 244: 1, 245: 1, 246: 1, 247: 1, 248: 1, 249: 1, 25: 1, 250: 1, 251: 1, 252: 1, 253: 1, 254: 1, 255: 1, 256: 1, 257: 1, 258: 1, 259: 1, 26: 1, 260: 1, 261: 1, 262: 1, 263: 1, 264: 1, 265: 1, 266: 1, 267: 1, 268: 1, 269: 1, 27: 1, 270: 1, 271: 1, 272: 1, 273: 1, 274: 1, 275: 1, 276: 1, 277: 1, 278: 1, 279: 1, 28: 1, 280: 1, 281: 1, 282: 1, 283: 1, 284: 1, 285: 1, 286: 1, 287: 1, 288: 1, 289: 1, 29: 1, 290: 1, 291: 1, 292: 1, 293: 1, 294: 1, 295: 1, 296: 1, 297: 1, 298: 1, 299: 1, 3: 1, 30: 1, 300: 1, 301: 1, 302: 1, 303: 1, 304: 1, 305: 1, 306: 1, 307: 1, 308: 1, 309: 1, 31: 1, 310: 1, 311: 1, 312: 1, 313: 1, 314: 1, 315: 1, 316: 1, 317: 1, 318: 1, 319: 1, 32: 1, 320: 1, 321: 1, 322: 1, 323: 1, 324: 1, 325: 1, 326: 1, 327: 1, 328: 1, 329: 1, 33: 1, 330: 1, 331: 1, 332: 1, 333: 1, 334: 1, 335: 1, 336: 1, 337: 1, 338: 1, 339: 1, 34: 1, 340: 1, 341: 1, 342: 1, 343: 1, 344: 1, 345: 1, 346: 1, 347: 1, 348: 1, 349: 1, 35: 1, 350: 1, 351: 1, 352: 1, 353: 1, 354: 1, 355: 1, 356: 1, 357: 1, 358: 1, 359: 1, 36: 1, 360: 1, 361: 1, 362: 1, 363: 1, 364: 1, 365: 1, 366: 1, 367: 1, 368: 1, 369: 1, 37: 1, 370: 1, 371: 1, 372: 1, 373: 1, 374: 1, 375: 1, 376: 1, 377: 1, 378: 1, 379: 1, 38: 1, 380: 1, 381: 1, 382: 1, 383: 1, 384: 1, 385: 1, 386: 1, 387: 1, 388: 1, 389: 1, 39: 1, 390: 1, 391: 1, 392: 1, 393: 1, 394: 1, 395: 1, 396: 1, 397: 1, 398: 1, 399: 1, 4: 1, 40: 1, 400: 1, 401: 1, 402: 1, 403: 1, 404: 1, 405: 1, 406: 1, 407: 1, 408: 1, 409: 1, 41: 1, 410: 1, 411: 1, 412: 1, 413: 1, 414: 1, 415: 1, 416: 1, 417: 1, 418: 1, 419: 1, 42: 1, 420: 1, 421: 1, 422: 1, 423: 1, 424: 1, 425: 1, 426: 1, 427: 1, 428: 1, 429: 1, 43: 1, 430: 1, 431: 1, 432: 1, 433: 1, 434: 1, 435: 1, 436: 1, 437: 1, 438: 1, 439: 1, 44: 1, 440: 1, 441: 1, 442: 1, 443: 1, 444: 1, 445: 1, 446: 1, 447: 1, 448: 1, 449: 1, 45: 1, 450: 1, 451: 1, 452: 1, 453: 1, 454: 1, 455: 1, 456: 1, 457: 1, 458: 1, 459: 1, 46: 1, 460: 1, 461: 1, 462: 1, 463: 1, 464: 1, 465: 1, 466: 1, 467: 1, 468: 1, 469: 1, 47: 1, 470: 1, 471: 1, 472: 1, 473: 1, 474: 1, 475: 1, 476: 1, 477: 1, 478: 1, 479: 1, 48: 1, 480: 1, 481: 1, 482: 1, 483: 1, 484: 1, 485: 1, 486: 1, 487: 1, 488: 1, 489: 1, 49: 1, 490: 1, 491: 1, 492: 1, 493: 1, 494: 1, 495: 1, 496: 1, 497: 1, 498: 1, 499: 1, 5: 1, 50: 1, 500: 1, 501: 1, 502: 1, 503: 1, 504: 1, 505: 1, 506: 1, 507: 1, 508: 1, 509: 1, 51: 1, 510: 1, 511: 1, 512: 1, 513: 1, 514: 1, 515: 1, 516: 1, 517: 1, 518: 1, 519: 1, 52: 1, 520: 1, 521: 1, 522: 1, 523: 1, 524: 1, 525: 1, 526: 1, 527: 1, 528: 1, 529: 1, 53: 1, 530: 1, 531: 1, 532: 1, 533: 1, 534: 1, 535: 1, 536: 1, 537: 1, 538: 1, 539: 1, 54: 1, 540: 1, 541: 1, 542: 1, 543: 1, 544: 1, 545: 1, 546: 1, 547: 1, 548: 1, 549: 1, 55: 1, 550: 1, 551: 1, 552: 1, 553: 1, 554: 1, 555: 1, 556: 1, 557: 1, 558: 1, 559: 1, 56: 1, 560: 1, 561: 1, 562: 1, 563: 1, 564: 1, 565: 1, 566: 1, 567: 1, 568: 1, 569: 1, 57: 1, 570: 1, 571: 1, 572: 1, 573: 1, 574: 1, 575: 1, 576: 1, 577: 1, 578: 1, 579: 1, 58: 1, 580: 1, 581: 1, 582: 1, 583: 1, 584: 1, 585: 1, 586: 1, 587: 1, 588: 1, 589: 1, 59: 1, 590: 1, 591: 1, 592: 1, 593: 1, 594: 1, 595: 1, 596: 1, 597: 1, 598: 1, 599: 1, 6: 1, 60: 1, 600: 1, 601: 1, 602: 1, 603: 1, 604: 1, 605: 1, 606: 1, 607: 1, 608: 1, 609: 1, 61: 1, 610: 1, 611: 1, 612: 1, 613: 1, 614: 1, 615: 1, 616: 1, 617: 1, 618: 1, 619: 1, 62: 1, 620: 1, 621: 1, 622: 1, 623: 1, 624: 1, 625: 1, 626: 1, 627: 1, 628: 1, 629: 1, 63: 1, 630: 1, 631: 1, 632: 1, 633: 1, 634: 1, 635: 1, 636: 1, 637: 1, 638: 1, 639: 1, 64: 1, 640: 1, 641: 1, 642: 1, 643: 1, 644: 1, 645: 1, 646: 1, 647: 1, 648: 1, 649: 1, 65: 1, 650: 1, 651: 1, 652: 1, 653: 1, 654: 1, 655: 1, 656: 1, 657: 1, 658: 1, 659: 1, 66: 1, 660: 1, 661: 1, 662: 1, 663: 1, 664: 1, 665: 1, 666: 1, 667: 1, 668: 1, 669: 1, 67: 1, 670: 1, 671: 1, 672: 1, 673: 1, 674: 1, 675: 1, 676: 1, 677: 1, 678: 1, 679: 1, 68: 1, 680: 1, 681: 1, 682: 1, 683: 1, 684: 1, 685: 1, 686: 1, 687: 1, 688: 1, 689: 1, 69: 1, 690: 1, 691: 1, 692: 1, 693: 1, 694: 1, 695: 1, 696: 1, 697: 1, 698: 1, 699: 1, 7: 1, 70: 1, 700: 1, 701: 1, 702: 1, 703: 1, 704: 1, 705: 1, 706: 1, 707: 1, 708: 1, 709: 1, 71: 1, 710: 1, 711: 1, 712: 1, 713: 1, 714: 1, 715: 1, 716: 1, 717: 1, 718: 1, 719: 1, 72: 1, 720: 1, 721: 1, 722: 1, 723: 1, 724: 1, 725: 1, 726: 1, 727: 1, 728: 1, 729: 1, 73: 1, 730: 1, 731: 1, 732: 1, 733: 1, 734: 1, 735: 1, 736: 1, 737: 1, 738: 1, 739: 1, 74: 1, 740: 1, 741: 1, 742: 1, 743: 1, 744: 1, 745: 1, 746: 1, 747: 1, 748: 1, 749: 1, 75: 1, 750: 1, 751: 1, 752: 1, 753: 1, 754: 1, 755: 1, 756: 1, 757: 1, 758: 1, 759: 1, 76: 1, 760: 1, 761: 1, 762: 1, 763: 1, 764: 1, 765: 1, 766: 1, 767: 1, 768: 1, 769: 1, 77: 1, 770: 1, 771: 1, 772: 1, 773: 1, 774: 1, 775: 1, 776: 1, 777: 1, 778: 1, 779: 1, 78: 1, 780: 1, 781: 1, 782: 1, 783: 1, 784: 1, 785: 1, 786: 1, 787: 1, 788: 1, 789: 1, 79: 1, 790: 1, 791: 1, 792: 1, 793: 1, 794: 1, 795: 1, 796: 1, 797: 1, 798: 1, 799: 1, 8: 1, 80: 1, 800: 1, 801: 1, 802: 1, 803: 1, 804: 1, 805: 1, 806: 1, 807: 1, 808: 1, 809: 1, 81: 1, 810: 1, 811: 1, 812: 1, 813: 1, 814: 1, 815: 1, 816: 1, 817: 1, 818: 1, 819: 1, 82: 1, 820: 1, 821: 1, 822: 1, 823: 1, 824: 1, 825: 1, 826: 1, 827: 1, 828: 1, 829: 1, 83: 1, 830: 1, 831: 1, 832: 1, 833: 1, 834: 1, 835: 1, 836: 1, 837: 1, 838: 1, 839: 1, 84: 1, 840: 1, 841: 1, 842: 1, 843: 1, 844: 1, 845: 1, 846: 1, 847: 1, 848: 1, 849: 1, 85: 1, 850: 1, 851: 1, 852: 1, 853: 1, 854: 1, 855: 1, 856: 1, 857: 1, 858: 1, 859: 1, 86: 1, 860: 1, 861: 1, 862: 1, 863: 1, 864: 1, 865: 1, 866: 1, 867: 1, 868: 1, 869: 1, 87: 1, 870: 1, 871: 1, 872: 1, 873: 1, 874: 1, 875: 1, 876: 1, 877: 1, 878: 1, 879: 1, 88: 1, 880: 1, 881: 1, 882: 1, 883: 1, 884: 1, 885: 1, 886: 1, 887: 1, 888: 1, 889: 1, 89: 1, 890: 1, 891: 1, 892: 1, 893: 1, 894: 1, 895: 1, 896: 1, 897: 1, 898: 1, 899: 1, 9: 1, 90: 1, 900: 1, 901: 1, 902: 1, 903: 1, 904: 1, 905: 1, 906: 1, 907: 1, 908: 1, 909: 1, 91: 1, 910: 1, 911: 1, 912: 1, 913: 1, 914: 1, 915: 1, 916: 1, 917: 1, 918: 1, 919: 1, 92: 1, 920: 1, 921: 1, 922: 1, 923: 1, 924: 1, 925: 1, 926: 1, 927: 1, 928: 1, 929: 1, 93: 1, 930: 1, 931: 1, 932: 1, 933: 1, 934: 1, 935: 1, 936: 1, 937: 1, 938: 1, 939: 1, 94: 1, 940: 1, 941: 1, 942: 1, 943: 1, 944: 1, 945: 1, 946: 1, 947: 1, 948: 1, 949: 1, 95: 1, 950: 1, 951: 1, 952: 1, 953: 1, 954: 1, 955: 1, 956: 1, 957: 1, 958: 1, 959: 1, 96: 1, 960: 1, 961: 1, 962: 1, 963: 1, 964: 1, 965: 1, 966: 1, 967: 1, 968: 1, 969: 1, 97: 1, 970: 1, 971: 1, 972: 1, 973: 1, 974: 1, 975: 1, 976: 1, 977: 1, 978: 1, 979: 1, 98: 1, 980: 1, 981: 1, 982: 1, 983: 1, 984: 1, 985: 1, 986: 1, 987: 1, 988: 1, 989: 1, 99: 1, 990: 1, 991: 1, 992: 1, 993: 1, 994: 1, 995: 1, 996: 1, 997: 1, 998: 1, 999: 1}
Max score: 161.81201279187712
Compute cells: 6491
Game step:      [15571070it                 29054.7it/s ]
Done score:     [161.8it                    3.3s/it     ]
Compute steps:  [2010506it                  3751.5it/s  ]
Iterations:     [42% 210it/500              2.6s/it     ]
Cells:          [6492it                     12.1it/s    ]
Time (seconds): [ 1%   536it/43200          1.0it/s     ]
Game step:      [15800136it                 28914.4it/s ]
Done score:     [161.8it                    3.4s/it     ]
Compute steps:  [2038672it                  3730.8it/s  ]
Iterations:     [43% 213it/500              2.6s/it     ]
Cells:          [6500it                     11.9it/s    ]
Time (seconds): [ 1%   546it/43200          1.0s/it     ]
Game step:      [16105020it                 28860.4it/s ]
Done score:     [161.8it                    3.4s/it     ]
Compute steps:  [2076632it                  3721.4it/s  ]
Iterations:     [43% 217it/500              2.6s/it     ]
Cells:          [6512it                     11.7it/s    ]
Time (seconds): [ 1%   558it/43200          1.0s/it     ]
Game step:      [16407252it                 28817.5it/s ]
Done score:     [161.8it                    3.5s/it     ]
Compute steps:  [2115243it                  3715.2it/s  ]
Iterations:     [44% 221it/500              2.6s/it     ]
Cells:          [6524it                     11.5it/s    ]
Time (seconds): [ 1%   569it/43200          1.0s/it     ]
Game step:      [16713014it                 28778.0it/s ]
Done score:     [161.8it                    3.6s/it     ]
Compute steps:  [2152981it                  3707.2it/s  ]
Iterations:     [45% 225it/500              2.6s/it     ]
Cells:          [6538it                     11.3it/s    ]
Time (seconds): [ 1%   580it/43200          1.0s/it     ]
Game step:      [17101112it                 28777.8it/s ]
Done score:     [161.8it                    3.7s/it     ]
Compute steps:  [2200694it                  3703.3it/s  ]
Iterations:     [46% 230it/500              2.6s/it     ]
Cells:          [6557it                     11.0it/s    ]
Time (seconds): [ 1%   594it/43200          1.0s/it     ]
Game step:      [17480595it                 28765.4it/s ]
Done score:     [161.8it                    3.8s/it     ]
Compute steps:  [2248021it                  3699.2it/s  ]
Iterations:     [47% 235it/500              2.6s/it     ]
Cells:          [6566it                     10.8it/s    ]
Time (seconds): [ 1%   607it/43200          1.0s/it     ]
Game step:      [17863249it                 28779.5it/s ]
Max score:      [161.8it                    3.8s/it     ]
Done score:     [161.8it                    3.8s/it     ]
Compute steps:  [2294876it                  3697.3it/s  ]
Iterations:     [48% 240it/500              2.6s/it     ]
Cells:          [6579it                     10.6it/s    ]
Time (seconds): [ 1%   620it/43200          1.0s/it     ]
Game step:      [18170267it                 28741.1it/s ]
Done score:     [161.8it                    3.9s/it     ]
Compute steps:  [2332583it                  3689.6it/s  ]
Iterations:     [49% 244it/500              2.6s/it     ]
Cells:          [6592it                     10.4it/s    ]
Time (seconds): [ 1%   632it/43200          1.0s/it     ]
Game step:      [18552108it                 28726.5it/s ]
Done score:     [161.8it                    4.0s/it     ]
Compute steps:  [2380275it                  3685.7it/s  ]
Iterations:     [50% 249it/500              2.6s/it     ]
Cells:          [6605it                     10.2it/s    ]
Time (seconds): [ 1%   645it/43200          1.0s/it     ]
Game step:      [18940709it                 28718.1it/s ]
Done score:     [161.8it                    4.1s/it     ]
Compute steps:  [2427790it                  3681.0it/s  ]
Iterations:     [51% 254it/500              2.6s/it     ]
Cells:          [6614it                     10.0it/s    ]
Time (seconds): [ 2%   659it/43200          1.0s/it     ]
Game step:      [19325065it                 28697.0it/s ]
Done score:     [161.8it                    4.2s/it     ]
Compute steps:  [2474908it                  3675.1it/s  ]
Iterations:     [52% 259it/500              2.6s/it     ]
Cells:          [6631it                     9.8it/s     ]
Time (seconds): [ 2%   673it/43200          1.0s/it     ]
Game step:      [19707181it                 28692.8it/s ]
Done score:     [161.8it                    4.2s/it     ]
Compute steps:  [2522441it                  3672.6it/s  ]
Iterations:     [53% 264it/500              2.6s/it     ]
Cells:          [6645it                     9.7it/s     ]
Time (seconds): [ 2%   687it/43200          1.0it/s     ]
Game step:      [20093803it                 28674.6it/s ]
Done score:     [161.8it                    4.3s/it     ]
Compute steps:  [2569427it                  3666.7it/s  ]
Iterations:     [54% 269it/500              2.6s/it     ]
Cells:          [6656it                     9.5it/s     ]
Time (seconds): [ 2%   700it/43200          1.0s/it     ]
Game step:      [20475504it                 28658.6it/s ]
Done score:     [161.8it                    4.4s/it     ]
Compute steps:  [2616617it                  3662.3it/s  ]
Iterations:     [55% 274it/500              2.6s/it     ]
Cells:          [6673it                     9.3it/s     ]
Time (seconds): [ 2%   714it/43200          1.0s/it     ]
Game step:      [20855328it                 28640.4it/s ]
Done score:     [161.8it                    4.5s/it     ]
Compute steps:  [2663977it                  3658.4it/s  ]
Iterations:     [56% 279it/500              2.6s/it     ]
Cells:          [6681it                     9.2it/s     ]
Time (seconds): [ 2%   728it/43200          1.0s/it     ]
Game step:      [21236752it                 28630.5it/s ]
Done score:     [161.8it                    4.6s/it     ]
Compute steps:  [2711095it                  3655.0it/s  ]
Iterations:     [57% 284it/500              2.6s/it     ]
Cells:          [6690it                     9.0it/s     ]
Time (seconds): [ 2%   741it/43200          1.0s/it     ]
Game step:      [21618704it                 28599.5it/s ]
Done score:     [161.8it                    4.7s/it     ]
Compute steps:  [2758620it                  3649.4it/s  ]
Iterations:     [58% 289it/500              2.6s/it     ]
Cells:          [6697it                     8.9it/s     ]
Time (seconds): [ 2%   756it/43200          1.0it/s     ]
Game step:      [22001268it                 28578.3it/s ]
Done score:     [161.8it                    4.8s/it     ]
Compute steps:  [2806340it                  3645.3it/s  ]
Iterations:     [59% 294it/500              2.6s/it     ]
Cells:          [6706it                     8.7it/s     ]
Time (seconds): [ 2%   770it/43200          1.0it/s     ]
Game step:      [22390270it                 28561.0it/s ]
Done score:     [161.8it                    4.8s/it     ]
Compute steps:  [2852769it                  3639.0it/s  ]
Iterations:     [60% 299it/500              2.6s/it     ]
Cells:          [6717it                     8.6it/s     ]
Time (seconds): [ 2%   784it/43200          1.0it/s     ]
Game step:      [22770406it                 28678.1it/s ]
Done score:     [161.8it                    4.9s/it     ]
Compute steps:  [2899988it                  3652.4it/s  ]
Iterations:     [61% 304it/500              2.6s/it     ]
Cells:          [6730it                     8.5it/s     ]
Time (seconds): [ 2%   794it/43200          1.0it/s     ]
Game step:      [23077948it                 28636.8it/s ]
Done score:     [161.8it                    5.0s/it     ]
Compute steps:  [2937918it                  3645.6it/s  ]
Iterations:     [62% 308it/500              2.6s/it     ]
Cells:          [6736it                     8.4it/s     ]
Time (seconds): [ 2%   806it/43200          1.0it/s     ]
Game step:      [23384334it                 28595.4it/s ]
Done score:     [161.8it                    5.1s/it     ]
Compute steps:  [2975286it                  3638.3it/s  ]
Iterations:     [62% 312it/500              2.6s/it     ]
Cells:          [6741it                     8.2it/s     ]
Time (seconds): [ 2%   817it/43200          1.0s/it     ]
Cells at score: {1: 1, 10: 1, 100: 1, 1000: 1, 1001: 1, 1002: 1, 1003: 1, 1004: 1, 1005: 1, 101: 1, 102: 1, 103: 1, 104: 1, 105: 1, 106: 1, 107: 1, 108: 1, 109: 1, 11: 1, 110: 1, 111: 1, 112: 1, 113: 1, 114: 1, 115: 1, 116: 1, 117: 1, 118: 1, 119: 1, 12: 1, 120: 1, 121: 1, 122: 1, 123: 1, 124: 1, 125: 1, 126: 1, 127: 1, 128: 1, 129: 1, 13: 1, 130: 1, 131: 1, 132: 1, 133: 1, 134: 1, 135: 1, 136: 1, 137: 1, 138: 1, 139: 1, 14: 1, 140: 1, 141: 1, 142: 1, 143: 1, 144: 1, 145: 1, 146: 1, 147: 1, 148: 1, 149: 1, 15: 1, 150: 1, 151: 1, 152: 1, 153: 1, 154: 1, 155: 1, 156: 1, 157: 1, 158: 1, 159: 1, 16: 1, 160: 1, 161: 1, 162: 1, 163: 1, 164: 1, 165: 1, 166: 1, 167: 1, 168: 1, 169: 1, 17: 1, 170: 1, 171: 1, 172: 1, 173: 1, 174: 1, 175: 1, 176: 1, 177: 1, 178: 1, 179: 1, 18: 1, 180: 1, 181: 1, 182: 1, 183: 1, 184: 1, 185: 1, 186: 1, 187: 1, 188: 1, 189: 1, 19: 1, 190: 1, 191: 1, 192: 1, 193: 1, 194: 1, 195: 1, 196: 1, 197: 1, 198: 1, 199: 1, 2: 1, 20: 1, 200: 1, 201: 1, 202: 1, 203: 1, 204: 1, 205: 1, 206: 1, 207: 1, 208: 1, 209: 1, 21: 1, 210: 1, 211: 1, 212: 1, 213: 1, 214: 1, 215: 1, 216: 1, 217: 1, 218: 1, 219: 1, 22: 1, 220: 1, 221: 1, 222: 1, 223: 1, 224: 1, 225: 1, 226: 1, 227: 1, 228: 1, 229: 1, 23: 1, 230: 1, 231: 1, 232: 1, 233: 1, 234: 1, 235: 1, 236: 1, 237: 1, 238: 1, 239: 1, 24: 1, 240: 1, 241: 1, 242: 1, 243: 1, 244: 1, 245: 1, 246: 1, 247: 1, 248: 1, 249: 1, 25: 1, 250: 1, 251: 1, 252: 1, 253: 1, 254: 1, 255: 1, 256: 1, 257: 1, 258: 1, 259: 1, 26: 1, 260: 1, 261: 1, 262: 1, 263: 1, 264: 1, 265: 1, 266: 1, 267: 1, 268: 1, 269: 1, 27: 1, 270: 1, 271: 1, 272: 1, 273: 1, 274: 1, 275: 1, 276: 1, 277: 1, 278: 1, 279: 1, 28: 1, 280: 1, 281: 1, 282: 1, 283: 1, 284: 1, 285: 1, 286: 1, 287: 1, 288: 1, 289: 1, 29: 1, 290: 1, 291: 1, 292: 1, 293: 1, 294: 1, 295: 1, 296: 1, 297: 1, 298: 1, 299: 1, 3: 1, 30: 1, 300: 1, 301: 1, 302: 1, 303: 1, 304: 1, 305: 1, 306: 1, 307: 1, 308: 1, 309: 1, 31: 1, 310: 1, 311: 1, 312: 1, 313: 1, 314: 1, 315: 1, 316: 1, 317: 1, 318: 1, 319: 1, 32: 1, 320: 1, 321: 1, 322: 1, 323: 1, 324: 1, 325: 1, 326: 1, 327: 1, 328: 1, 329: 1, 33: 1, 330: 1, 331: 1, 332: 1, 333: 1, 334: 1, 335: 1, 336: 1, 337: 1, 338: 1, 339: 1, 34: 1, 340: 1, 341: 1, 342: 1, 343: 1, 344: 1, 345: 1, 346: 1, 347: 1, 348: 1, 349: 1, 35: 1, 350: 1, 351: 1, 352: 1, 353: 1, 354: 1, 355: 1, 356: 1, 357: 1, 358: 1, 359: 1, 36: 1, 360: 1, 361: 1, 362: 1, 363: 1, 364: 1, 365: 1, 366: 1, 367: 1, 368: 1, 369: 1, 37: 1, 370: 1, 371: 1, 372: 1, 373: 1, 374: 1, 375: 1, 376: 1, 377: 1, 378: 1, 379: 1, 38: 1, 380: 1, 381: 1, 382: 1, 383: 1, 384: 1, 385: 1, 386: 1, 387: 1, 388: 1, 389: 1, 39: 1, 390: 1, 391: 1, 392: 1, 393: 1, 394: 1, 395: 1, 396: 1, 397: 1, 398: 1, 399: 1, 4: 1, 40: 1, 400: 1, 401: 1, 402: 1, 403: 1, 404: 1, 405: 1, 406: 1, 407: 1, 408: 1, 409: 1, 41: 1, 410: 1, 411: 1, 412: 1, 413: 1, 414: 1, 415: 1, 416: 1, 417: 1, 418: 1, 419: 1, 42: 1, 420: 1, 421: 1, 422: 1, 423: 1, 424: 1, 425: 1, 426: 1, 427: 1, 428: 1, 429: 1, 43: 1, 430: 1, 431: 1, 432: 1, 433: 1, 434: 1, 435: 1, 436: 1, 437: 1, 438: 1, 439: 1, 44: 1, 440: 1, 441: 1, 442: 1, 443: 1, 444: 1, 445: 1, 446: 1, 447: 1, 448: 1, 449: 1, 45: 1, 450: 1, 451: 1, 452: 1, 453: 1, 454: 1, 455: 1, 456: 1, 457: 1, 458: 1, 459: 1, 46: 1, 460: 1, 461: 1, 462: 1, 463: 1, 464: 1, 465: 1, 466: 1, 467: 1, 468: 1, 469: 1, 47: 1, 470: 1, 471: 1, 472: 1, 473: 1, 474: 1, 475: 1, 476: 1, 477: 1, 478: 1, 479: 1, 48: 1, 480: 1, 481: 1, 482: 1, 483: 1, 484: 1, 485: 1, 486: 1, 487: 1, 488: 1, 489: 1, 49: 1, 490: 1, 491: 1, 492: 1, 493: 1, 494: 1, 495: 1, 496: 1, 497: 1, 498: 1, 499: 1, 5: 1, 50: 1, 500: 1, 501: 1, 502: 1, 503: 1, 504: 1, 505: 1, 506: 1, 507: 1, 508: 1, 509: 1, 51: 1, 510: 1, 511: 1, 512: 1, 513: 1, 514: 1, 515: 1, 516: 1, 517: 1, 518: 1, 519: 1, 52: 1, 520: 1, 521: 1, 522: 1, 523: 1, 524: 1, 525: 1, 526: 1, 527: 1, 528: 1, 529: 1, 53: 1, 530: 1, 531: 1, 532: 1, 533: 1, 534: 1, 535: 1, 536: 1, 537: 1, 538: 1, 539: 1, 54: 1, 540: 1, 541: 1, 542: 1, 543: 1, 544: 1, 545: 1, 546: 1, 547: 1, 548: 1, 549: 1, 55: 1, 550: 1, 551: 1, 552: 1, 553: 1, 554: 1, 555: 1, 556: 1, 557: 1, 558: 1, 559: 1, 56: 1, 560: 1, 561: 1, 562: 1, 563: 1, 564: 1, 565: 1, 566: 1, 567: 1, 568: 1, 569: 1, 57: 1, 570: 1, 571: 1, 572: 1, 573: 1, 574: 1, 575: 1, 576: 1, 577: 1, 578: 1, 579: 1, 58: 1, 580: 1, 581: 1, 582: 1, 583: 1, 584: 1, 585: 1, 586: 1, 587: 1, 588: 1, 589: 1, 59: 1, 590: 1, 591: 1, 592: 1, 593: 1, 594: 1, 595: 1, 596: 1, 597: 1, 598: 1, 599: 1, 6: 1, 60: 1, 600: 1, 601: 1, 602: 1, 603: 1, 604: 1, 605: 1, 606: 1, 607: 1, 608: 1, 609: 1, 61: 1, 610: 1, 611: 1, 612: 1, 613: 1, 614: 1, 615: 1, 616: 1, 617: 1, 618: 1, 619: 1, 62: 1, 620: 1, 621: 1, 622: 1, 623: 1, 624: 1, 625: 1, 626: 1, 627: 1, 628: 1, 629: 1, 63: 1, 630: 1, 631: 1, 632: 1, 633: 1, 634: 1, 635: 1, 636: 1, 637: 1, 638: 1, 639: 1, 64: 1, 640: 1, 641: 1, 642: 1, 643: 1, 644: 1, 645: 1, 646: 1, 647: 1, 648: 1, 649: 1, 65: 1, 650: 1, 651: 1, 652: 1, 653: 1, 654: 1, 655: 1, 656: 1, 657: 1, 658: 1, 659: 1, 66: 1, 660: 1, 661: 1, 662: 1, 663: 1, 664: 1, 665: 1, 666: 1, 667: 1, 668: 1, 669: 1, 67: 1, 670: 1, 671: 1, 672: 1, 673: 1, 674: 1, 675: 1, 676: 1, 677: 1, 678: 1, 679: 1, 68: 1, 680: 1, 681: 1, 682: 1, 683: 1, 684: 1, 685: 1, 686: 1, 687: 1, 688: 1, 689: 1, 69: 1, 690: 1, 691: 1, 692: 1, 693: 1, 694: 1, 695: 1, 696: 1, 697: 1, 698: 1, 699: 1, 7: 1, 70: 1, 700: 1, 701: 1, 702: 1, 703: 1, 704: 1, 705: 1, 706: 1, 707: 1, 708: 1, 709: 1, 71: 1, 710: 1, 711: 1, 712: 1, 713: 1, 714: 1, 715: 1, 716: 1, 717: 1, 718: 1, 719: 1, 72: 1, 720: 1, 721: 1, 722: 1, 723: 1, 724: 1, 725: 1, 726: 1, 727: 1, 728: 1, 729: 1, 73: 1, 730: 1, 731: 1, 732: 1, 733: 1, 734: 1, 735: 1, 736: 1, 737: 1, 738: 1, 739: 1, 74: 1, 740: 1, 741: 1, 742: 1, 743: 1, 744: 1, 745: 1, 746: 1, 747: 1, 748: 1, 749: 1, 75: 1, 750: 1, 751: 1, 752: 1, 753: 1, 754: 1, 755: 1, 756: 1, 757: 1, 758: 1, 759: 1, 76: 1, 760: 1, 761: 1, 762: 1, 763: 1, 764: 1, 765: 1, 766: 1, 767: 1, 768: 1, 769: 1, 77: 1, 770: 1, 771: 1, 772: 1, 773: 1, 774: 1, 775: 1, 776: 1, 777: 1, 778: 1, 779: 1, 78: 1, 780: 1, 781: 1, 782: 1, 783: 1, 784: 1, 785: 1, 786: 1, 787: 1, 788: 1, 789: 1, 79: 1, 790: 1, 791: 1, 792: 1, 793: 1, 794: 1, 795: 1, 796: 1, 797: 1, 798: 1, 799: 1, 8: 1, 80: 1, 800: 1, 801: 1, 802: 1, 803: 1, 804: 1, 805: 1, 806: 1, 807: 1, 808: 1, 809: 1, 81: 1, 810: 1, 811: 1, 812: 1, 813: 1, 814: 1, 815: 1, 816: 1, 817: 1, 818: 1, 819: 1, 82: 1, 820: 1, 821: 1, 822: 1, 823: 1, 824: 1, 825: 1, 826: 1, 827: 1, 828: 1, 829: 1, 83: 1, 830: 1, 831: 1, 832: 1, 833: 1, 834: 1, 835: 1, 836: 1, 837: 1, 838: 1, 839: 1, 84: 1, 840: 1, 841: 1, 842: 1, 843: 1, 844: 1, 845: 1, 846: 1, 847: 1, 848: 1, 849: 1, 85: 1, 850: 1, 851: 1, 852: 1, 853: 1, 854: 1, 855: 1, 856: 1, 857: 1, 858: 1, 859: 1, 86: 1, 860: 1, 861: 1, 862: 1, 863: 1, 864: 1, 865: 1, 866: 1, 867: 1, 868: 1, 869: 1, 87: 1, 870: 1, 871: 1, 872: 1, 873: 1, 874: 1, 875: 1, 876: 1, 877: 1, 878: 1, 879: 1, 88: 1, 880: 1, 881: 1, 882: 1, 883: 1, 884: 1, 885: 1, 886: 1, 887: 1, 888: 1, 889: 1, 89: 1, 890: 1, 891: 1, 892: 1, 893: 1, 894: 1, 895: 1, 896: 1, 897: 1, 898: 1, 899: 1, 9: 1, 90: 1, 900: 1, 901: 1, 902: 1, 903: 1, 904: 1, 905: 1, 906: 1, 907: 1, 908: 1, 909: 1, 91: 1, 910: 1, 911: 1, 912: 1, 913: 1, 914: 1, 915: 1, 916: 1, 917: 1, 918: 1, 919: 1, 92: 1, 920: 1, 921: 1, 922: 1, 923: 1, 924: 1, 925: 1, 926: 1, 927: 1, 928: 1, 929: 1, 93: 1, 930: 1, 931: 1, 932: 1, 933: 1, 934: 1, 935: 1, 936: 1, 937: 1, 938: 1, 939: 1, 94: 1, 940: 1, 941: 1, 942: 1, 943: 1, 944: 1, 945: 1, 946: 1, 947: 1, 948: 1, 949: 1, 95: 1, 950: 1, 951: 1, 952: 1, 953: 1, 954: 1, 955: 1, 956: 1, 957: 1, 958: 1, 959: 1, 96: 1, 960: 1, 961: 1, 962: 1, 963: 1, 964: 1, 965: 1, 966: 1, 967: 1, 968: 1, 969: 1, 97: 1, 970: 1, 971: 1, 972: 1, 973: 1, 974: 1, 975: 1, 976: 1, 977: 1, 978: 1, 979: 1, 98: 1, 980: 1, 981: 1, 982: 1, 983: 1, 984: 1, 985: 1, 986: 1, 987: 1, 988: 1, 989: 1, 99: 1, 990: 1, 991: 1, 992: 1, 993: 1, 994: 1, 995: 1, 996: 1, 997: 1, 998: 1, 999: 1}
Max score: 161.8437538880521
Compute cells: 6748
Game step:      [23684466it                 28386.7it/s ]
Done score:     [161.8it                    5.2s/it     ]
Compute steps:  [3013342it                  3611.6it/s  ]
Iterations:     [63% 316it/500              2.6s/it     ]
Cells:          [6748it                     8.1it/s     ]
Time (seconds): [ 2%   834it/43200          1.0s/it     ]
Game step:      [23987574it                 28263.4it/s ]
Done score:     [161.8it                    5.2s/it     ]
Compute steps:  [3051123it                  3595.0it/s  ]
Iterations:     [64% 320it/500              2.7s/it     ]
Cells:          [6759it                     8.0it/s     ]
Time (seconds): [ 2%   848it/43200          1.0s/it     ]
Max score:      [161.9it                    5.3s/it     ]
Game step:      [24370058it                 28222.2it/s ]
Done score:     [161.9it                    5.3s/it     ]
Compute steps:  [3098290it                  3588.0it/s  ]
Iterations:     [65% 325it/500              2.7s/it     ]
Cells:          [6770it                     7.8it/s     ]
Time (seconds): [ 2%   863it/43200          1.0s/it     ]
Game step:      [24751215it                 28323.0it/s ]
Done score:     [161.9it                    5.4s/it     ]
Compute steps:  [3145916it                  3599.9it/s  ]
Iterations:     [66% 330it/500              2.6s/it     ]
Cells:          [6775it                     7.8it/s     ]
Time (seconds): [ 2%   874it/43200          1.0it/s     ]
Max score:      [161.9it                    5.4s/it     ]
Game step:      [24980122it                 28242.4it/s ]
Done score:     [161.9it                    5.5s/it     ]
Compute steps:  [3174072it                  3588.6it/s  ]
Iterations:     [67% 333it/500              2.7s/it     ]
Cells:          [6779it                     7.7it/s     ]
Time (seconds): [ 2%   884it/43200          1.0s/it     ]
Game step:      [25211155it                 28169.4it/s ]
Done score:     [161.9it                    5.5s/it     ]
Compute steps:  [3201863it                  3577.6it/s  ]
Iterations:     [67% 336it/500              2.7s/it     ]
Cells:          [6783it                     7.6it/s     ]
Time (seconds): [ 2%   895it/43200          1.0it/s     ]
Game step:      [25587668it                 28115.6it/s ]
Done score:     [161.9it                    5.6s/it     ]
Compute steps:  [3249304it                  3570.3it/s  ]
Iterations:     [68% 341it/500              2.7s/it     ]
Cells:          [6787it                     7.5it/s     ]
Time (seconds): [ 2%   910it/43200          1.0s/it     ]
Game step:      [25971639it                 28215.5it/s ]
Done score:     [161.9it                    5.7s/it     ]
Compute steps:  [3296257it                  3581.0it/s  ]
Iterations:     [69% 346it/500              2.7s/it     ]
Cells:          [6793it                     7.4it/s     ]
Time (seconds): [ 2%   920it/43200          1.0s/it     ]
Game step:      [26200862it                 28140.2it/s ]
Done score:     [161.9it                    5.7s/it     ]
Compute steps:  [3324588it                  3570.7it/s  ]
Iterations:     [70% 349it/500              2.7s/it     ]
Cells:          [6797it                     7.3it/s     ]
Time (seconds): [ 2%   931it/43200          1.0s/it     ]
Game step:      [26428478it                 28055.4it/s ]
Done score:     [161.9it                    5.8s/it     ]
Compute steps:  [3352759it                  3559.1it/s  ]
Iterations:     [70% 352it/500              2.7s/it     ]
Cells:          [6799it                     7.2it/s     ]
Time (seconds): [ 2%   942it/43200          1.0s/it     ]
Game step:      [26807151it                 28005.3it/s ]
Done score:     [161.9it                    5.9s/it     ]
Compute steps:  [3399054it                  3551.0it/s  ]
Iterations:     [71% 357it/500              2.7s/it     ]
Cells:          [6801it                     7.1it/s     ]
Time (seconds): [ 2%   957it/43200          1.0s/it     ]
Game step:      [27189726it                 28096.1it/s ]
Done score:     [161.9it                    6.0s/it     ]
Compute steps:  [3445665it                  3560.5it/s  ]
Iterations:     [72% 362it/500              2.7s/it     ]
Cells:          [6806it                     7.0it/s     ]
Time (seconds): [ 2%   967it/43200          1.0s/it     ]
Game step:      [27418634it                 28021.0it/s ]
Done score:     [161.9it                    6.0s/it     ]
Compute steps:  [3472760it                  3549.0it/s  ]
Iterations:     [73% 365it/500              2.7s/it     ]
Cells:          [6806it                     7.0it/s     ]
Time (seconds): [ 2%   978it/43200          1.0s/it     ]
Game step:      [27642950it                 27932.9it/s ]
Done score:     [161.9it                    6.1s/it     ]
Compute steps:  [3501108it                  3537.8it/s  ]
Iterations:     [74% 368it/500              2.7s/it     ]
Cells:          [6811it                     6.9it/s     ]
Time (seconds): [ 2%   989it/43200          1.0s/it     ]
Max score:      [162.0it                    6.2s/it     ]
Game step:      [28026086it                 28022.8it/s ]
Done score:     [162.0it                    6.2s/it     ]
Compute steps:  [3548160it                  3547.7it/s  ]
Iterations:     [75% 373it/500              2.7s/it     ]
Cells:          [6817it                     6.8it/s     ]
Time (seconds): [ 2%  1000it/43200          1.0s/it     ]
Game step:      [28252332it                 27939.3it/s ]
Done score:     [162.0it                    6.2s/it     ]
Compute steps:  [3576652it                  3537.0it/s  ]
Iterations:     [75% 376it/500              2.7s/it     ]
Cells:          [6821it                     6.7it/s     ]
Time (seconds): [ 2%  1011it/43200          1.0s/it     ]
Game step:      [28556070it                 27883.8it/s ]
Done score:     [162.0it                    6.3s/it     ]
Compute steps:  [3614140it                  3529.0it/s  ]
Iterations:     [76% 380it/500              2.7s/it     ]
Cells:          [6828it                     6.7it/s     ]
Time (seconds): [ 2%  1024it/43200          1.0s/it     ]
Game step:      [28939731it                 27837.4it/s ]
Done score:     [162.0it                    6.4s/it     ]
Compute steps:  [3661718it                  3522.2it/s  ]
Iterations:     [77% 385it/500              2.7s/it     ]
Cells:          [6832it                     6.6it/s     ]
Time (seconds): [ 2%  1039it/43200          1.0s/it     ]
Game step:      [29318062it                 27788.6it/s ]
Done score:     [162.0it                    6.5s/it     ]
Compute steps:  [3709465it                  3515.9it/s  ]
Iterations:     [78% 390it/500              2.7s/it     ]
Cells:          [6835it                     6.5it/s     ]
Time (seconds): [ 2%  1055it/43200          1.0s/it     ]
Game step:      [29702064it                 27870.4it/s ]
Done score:     [162.0it                    6.6s/it     ]
Compute steps:  [3757105it                  3525.4it/s  ]
Iterations:     [79% 395it/500              2.7s/it     ]
Cells:          [6839it                     6.4it/s     ]
Time (seconds): [ 2%  1065it/43200          1.0s/it     ]
Game step:      [29935078it                 27788.2it/s ]
Done score:     [162.0it                    6.7s/it     ]
Compute steps:  [3785130it                  3513.7it/s  ]
Iterations:     [80% 398it/500              2.7s/it     ]
Cells:          [6841it                     6.4it/s     ]
Time (seconds): [ 2%  1077it/43200          1.0s/it     ]
Game step:      [30237837it                 27733.2it/s ]
Done score:     [162.0it                    6.7s/it     ]
Compute steps:  [3822715it                  3506.1it/s  ]
Iterations:     [80% 402it/500              2.7s/it     ]
Cells:          [6845it                     6.3it/s     ]
Time (seconds): [ 3%  1090it/43200          1.0s/it     ]
Game step:      [30621503it                 27689.3it/s ]
Done score:     [162.0it                    6.8s/it     ]
Compute steps:  [3869437it                  3498.9it/s  ]
Iterations:     [81% 407it/500              2.7s/it     ]
Cells:          [6851it                     6.2it/s     ]
Time (seconds): [ 3%  1106it/43200          1.0it/s     ]
Game step:      [31003930it                 27768.4it/s ]
Done score:     [162.0it                    6.9s/it     ]
Compute steps:  [3916427it                  3507.7it/s  ]
Iterations:     [82% 412it/500              2.7s/it     ]
Cells:          [6852it                     6.1it/s     ]
Time (seconds): [ 3%  1116it/43200          1.0s/it     ]
Game step:      [31230746it                 27689.5it/s ]
Done score:     [162.0it                    7.0s/it     ]
Compute steps:  [3944543it                  3497.3it/s  ]
Iterations:     [83% 415it/500              2.7s/it     ]
Cells:          [6856it                     6.1it/s     ]
Time (seconds): [ 3%  1128it/43200          1.0it/s     ]
Game step:      [31461323it                 27617.0it/s ]
Done score:     [162.0it                    7.0s/it     ]
Compute steps:  [3972897it                  3487.4it/s  ]
Iterations:     [84% 418it/500              2.7s/it     ]
Cells:          [6861it                     6.0it/s     ]
Time (seconds): [ 3%  1139it/43200          1.0s/it     ]
Cells at score: {1: 1, 10: 1, 100: 1, 1000: 1, 1001: 1, 1002: 1, 1003: 1, 1004: 1, 1005: 1, 101: 1, 102: 1, 103: 1, 104: 1, 105: 1, 106: 1, 107: 1, 108: 1, 109: 1, 11: 1, 110: 1, 111: 1, 112: 1, 113: 1, 114: 1, 115: 1, 116: 1, 117: 1, 118: 1, 119: 1, 12: 1, 120: 1, 121: 1, 122: 1, 123: 1, 124: 1, 125: 1, 126: 1, 127: 1, 128: 1, 129: 1, 13: 1, 130: 1, 131: 1, 132: 1, 133: 1, 134: 1, 135: 1, 136: 1, 137: 1, 138: 1, 139: 1, 14: 1, 140: 1, 141: 1, 142: 1, 143: 1, 144: 1, 145: 1, 146: 1, 147: 1, 148: 1, 149: 1, 15: 1, 150: 1, 151: 1, 152: 1, 153: 1, 154: 1, 155: 1, 156: 1, 157: 1, 158: 1, 159: 1, 16: 1, 160: 1, 161: 1, 162: 1, 163: 1, 164: 1, 165: 1, 166: 1, 167: 1, 168: 1, 169: 1, 17: 1, 170: 1, 171: 1, 172: 1, 173: 1, 174: 1, 175: 1, 176: 1, 177: 1, 178: 1, 179: 1, 18: 1, 180: 1, 181: 1, 182: 1, 183: 1, 184: 1, 185: 1, 186: 1, 187: 1, 188: 1, 189: 1, 19: 1, 190: 1, 191: 1, 192: 1, 193: 1, 194: 1, 195: 1, 196: 1, 197: 1, 198: 1, 199: 1, 2: 1, 20: 1, 200: 1, 201: 1, 202: 1, 203: 1, 204: 1, 205: 1, 206: 1, 207: 1, 208: 1, 209: 1, 21: 1, 210: 1, 211: 1, 212: 1, 213: 1, 214: 1, 215: 1, 216: 1, 217: 1, 218: 1, 219: 1, 22: 1, 220: 1, 221: 1, 222: 1, 223: 1, 224: 1, 225: 1, 226: 1, 227: 1, 228: 1, 229: 1, 23: 1, 230: 1, 231: 1, 232: 1, 233: 1, 234: 1, 235: 1, 236: 1, 237: 1, 238: 1, 239: 1, 24: 1, 240: 1, 241: 1, 242: 1, 243: 1, 244: 1, 245: 1, 246: 1, 247: 1, 248: 1, 249: 1, 25: 1, 250: 1, 251: 1, 252: 1, 253: 1, 254: 1, 255: 1, 256: 1, 257: 1, 258: 1, 259: 1, 26: 1, 260: 1, 261: 1, 262: 1, 263: 1, 264: 1, 265: 1, 266: 1, 267: 1, 268: 1, 269: 1, 27: 1, 270: 1, 271: 1, 272: 1, 273: 1, 274: 1, 275: 1, 276: 1, 277: 1, 278: 1, 279: 1, 28: 1, 280: 1, 281: 1, 282: 1, 283: 1, 284: 1, 285: 1, 286: 1, 287: 1, 288: 1, 289: 1, 29: 1, 290: 1, 291: 1, 292: 1, 293: 1, 294: 1, 295: 1, 296: 1, 297: 1, 298: 1, 299: 1, 3: 1, 30: 1, 300: 1, 301: 1, 302: 1, 303: 1, 304: 1, 305: 1, 306: 1, 307: 1, 308: 1, 309: 1, 31: 1, 310: 1, 311: 1, 312: 1, 313: 1, 314: 1, 315: 1, 316: 1, 317: 1, 318: 1, 319: 1, 32: 1, 320: 1, 321: 1, 322: 1, 323: 1, 324: 1, 325: 1, 326: 1, 327: 1, 328: 1, 329: 1, 33: 1, 330: 1, 331: 1, 332: 1, 333: 1, 334: 1, 335: 1, 336: 1, 337: 1, 338: 1, 339: 1, 34: 1, 340: 1, 341: 1, 342: 1, 343: 1, 344: 1, 345: 1, 346: 1, 347: 1, 348: 1, 349: 1, 35: 1, 350: 1, 351: 1, 352: 1, 353: 1, 354: 1, 355: 1, 356: 1, 357: 1, 358: 1, 359: 1, 36: 1, 360: 1, 361: 1, 362: 1, 363: 1, 364: 1, 365: 1, 366: 1, 367: 1, 368: 1, 369: 1, 37: 1, 370: 1, 371: 1, 372: 1, 373: 1, 374: 1, 375: 1, 376: 1, 377: 1, 378: 1, 379: 1, 38: 1, 380: 1, 381: 1, 382: 1, 383: 1, 384: 1, 385: 1, 386: 1, 387: 1, 388: 1, 389: 1, 39: 1, 390: 1, 391: 1, 392: 1, 393: 1, 394: 1, 395: 1, 396: 1, 397: 1, 398: 1, 399: 1, 4: 1, 40: 1, 400: 1, 401: 1, 402: 1, 403: 1, 404: 1, 405: 1, 406: 1, 407: 1, 408: 1, 409: 1, 41: 1, 410: 1, 411: 1, 412: 1, 413: 1, 414: 1, 415: 1, 416: 1, 417: 1, 418: 1, 419: 1, 42: 1, 420: 1, 421: 1, 422: 1, 423: 1, 424: 1, 425: 1, 426: 1, 427: 1, 428: 1, 429: 1, 43: 1, 430: 1, 431: 1, 432: 1, 433: 1, 434: 1, 435: 1, 436: 1, 437: 1, 438: 1, 439: 1, 44: 1, 440: 1, 441: 1, 442: 1, 443: 1, 444: 1, 445: 1, 446: 1, 447: 1, 448: 1, 449: 1, 45: 1, 450: 1, 451: 1, 452: 1, 453: 1, 454: 1, 455: 1, 456: 1, 457: 1, 458: 1, 459: 1, 46: 1, 460: 1, 461: 1, 462: 1, 463: 1, 464: 1, 465: 1, 466: 1, 467: 1, 468: 1, 469: 1, 47: 1, 470: 1, 471: 1, 472: 1, 473: 1, 474: 1, 475: 1, 476: 1, 477: 1, 478: 1, 479: 1, 48: 1, 480: 1, 481: 1, 482: 1, 483: 1, 484: 1, 485: 1, 486: 1, 487: 1, 488: 1, 489: 1, 49: 1, 490: 1, 491: 1, 492: 1, 493: 1, 494: 1, 495: 1, 496: 1, 497: 1, 498: 1, 499: 1, 5: 1, 50: 1, 500: 1, 501: 1, 502: 1, 503: 1, 504: 1, 505: 1, 506: 1, 507: 1, 508: 1, 509: 1, 51: 1, 510: 1, 511: 1, 512: 1, 513: 1, 514: 1, 515: 1, 516: 1, 517: 1, 518: 1, 519: 1, 52: 1, 520: 1, 521: 1, 522: 1, 523: 1, 524: 1, 525: 1, 526: 1, 527: 1, 528: 1, 529: 1, 53: 1, 530: 1, 531: 1, 532: 1, 533: 1, 534: 1, 535: 1, 536: 1, 537: 1, 538: 1, 539: 1, 54: 1, 540: 1, 541: 1, 542: 1, 543: 1, 544: 1, 545: 1, 546: 1, 547: 1, 548: 1, 549: 1, 55: 1, 550: 1, 551: 1, 552: 1, 553: 1, 554: 1, 555: 1, 556: 1, 557: 1, 558: 1, 559: 1, 56: 1, 560: 1, 561: 1, 562: 1, 563: 1, 564: 1, 565: 1, 566: 1, 567: 1, 568: 1, 569: 1, 57: 1, 570: 1, 571: 1, 572: 1, 573: 1, 574: 1, 575: 1, 576: 1, 577: 1, 578: 1, 579: 1, 58: 1, 580: 1, 581: 1, 582: 1, 583: 1, 584: 1, 585: 1, 586: 1, 587: 1, 588: 1, 589: 1, 59: 1, 590: 1, 591: 1, 592: 1, 593: 1, 594: 1, 595: 1, 596: 1, 597: 1, 598: 1, 599: 1, 6: 1, 60: 1, 600: 1, 601: 1, 602: 1, 603: 1, 604: 1, 605: 1, 606: 1, 607: 1, 608: 1, 609: 1, 61: 1, 610: 1, 611: 1, 612: 1, 613: 1, 614: 1, 615: 1, 616: 1, 617: 1, 618: 1, 619: 1, 62: 1, 620: 1, 621: 1, 622: 1, 623: 1, 624: 1, 625: 1, 626: 1, 627: 1, 628: 1, 629: 1, 63: 1, 630: 1, 631: 1, 632: 1, 633: 1, 634: 1, 635: 1, 636: 1, 637: 1, 638: 1, 639: 1, 64: 1, 640: 1, 641: 1, 642: 1, 643: 1, 644: 1, 645: 1, 646: 1, 647: 1, 648: 1, 649: 1, 65: 1, 650: 1, 651: 1, 652: 1, 653: 1, 654: 1, 655: 1, 656: 1, 657: 1, 658: 1, 659: 1, 66: 1, 660: 1, 661: 1, 662: 1, 663: 1, 664: 1, 665: 1, 666: 1, 667: 1, 668: 1, 669: 1, 67: 1, 670: 1, 671: 1, 672: 1, 673: 1, 674: 1, 675: 1, 676: 1, 677: 1, 678: 1, 679: 1, 68: 1, 680: 1, 681: 1, 682: 1, 683: 1, 684: 1, 685: 1, 686: 1, 687: 1, 688: 1, 689: 1, 69: 1, 690: 1, 691: 1, 692: 1, 693: 1, 694: 1, 695: 1, 696: 1, 697: 1, 698: 1, 699: 1, 7: 1, 70: 1, 700: 1, 701: 1, 702: 1, 703: 1, 704: 1, 705: 1, 706: 1, 707: 1, 708: 1, 709: 1, 71: 1, 710: 1, 711: 1, 712: 1, 713: 1, 714: 1, 715: 1, 716: 1, 717: 1, 718: 1, 719: 1, 72: 1, 720: 1, 721: 1, 722: 1, 723: 1, 724: 1, 725: 1, 726: 1, 727: 1, 728: 1, 729: 1, 73: 1, 730: 1, 731: 1, 732: 1, 733: 1, 734: 1, 735: 1, 736: 1, 737: 1, 738: 1, 739: 1, 74: 1, 740: 1, 741: 1, 742: 1, 743: 1, 744: 1, 745: 1, 746: 1, 747: 1, 748: 1, 749: 1, 75: 1, 750: 1, 751: 1, 752: 1, 753: 1, 754: 1, 755: 1, 756: 1, 757: 1, 758: 1, 759: 1, 76: 1, 760: 1, 761: 1, 762: 1, 763: 1, 764: 1, 765: 1, 766: 1, 767: 1, 768: 1, 769: 1, 77: 1, 770: 1, 771: 1, 772: 1, 773: 1, 774: 1, 775: 1, 776: 1, 777: 1, 778: 1, 779: 1, 78: 1, 780: 1, 781: 1, 782: 1, 783: 1, 784: 1, 785: 1, 786: 1, 787: 1, 788: 1, 789: 1, 79: 1, 790: 1, 791: 1, 792: 1, 793: 1, 794: 1, 795: 1, 796: 1, 797: 1, 798: 1, 799: 1, 8: 1, 80: 1, 800: 1, 801: 1, 802: 1, 803: 1, 804: 1, 805: 1, 806: 1, 807: 1, 808: 1, 809: 1, 81: 1, 810: 1, 811: 1, 812: 1, 813: 1, 814: 1, 815: 1, 816: 1, 817: 1, 818: 1, 819: 1, 82: 1, 820: 1, 821: 1, 822: 1, 823: 1, 824: 1, 825: 1, 826: 1, 827: 1, 828: 1, 829: 1, 83: 1, 830: 1, 831: 1, 832: 1, 833: 1, 834: 1, 835: 1, 836: 1, 837: 1, 838: 1, 839: 1, 84: 1, 840: 1, 841: 1, 842: 1, 843: 1, 844: 1, 845: 1, 846: 1, 847: 1, 848: 1, 849: 1, 85: 1, 850: 1, 851: 1, 852: 1, 853: 1, 854: 1, 855: 1, 856: 1, 857: 1, 858: 1, 859: 1, 86: 1, 860: 1, 861: 1, 862: 1, 863: 1, 864: 1, 865: 1, 866: 1, 867: 1, 868: 1, 869: 1, 87: 1, 870: 1, 871: 1, 872: 1, 873: 1, 874: 1, 875: 1, 876: 1, 877: 1, 878: 1, 879: 1, 88: 1, 880: 1, 881: 1, 882: 1, 883: 1, 884: 1, 885: 1, 886: 1, 887: 1, 888: 1, 889: 1, 89: 1, 890: 1, 891: 1, 892: 1, 893: 1, 894: 1, 895: 1, 896: 1, 897: 1, 898: 1, 899: 1, 9: 1, 90: 1, 900: 1, 901: 1, 902: 1, 903: 1, 904: 1, 905: 1, 906: 1, 907: 1, 908: 1, 909: 1, 91: 1, 910: 1, 911: 1, 912: 1, 913: 1, 914: 1, 915: 1, 916: 1, 917: 1, 918: 1, 919: 1, 92: 1, 920: 1, 921: 1, 922: 1, 923: 1, 924: 1, 925: 1, 926: 1, 927: 1, 928: 1, 929: 1, 93: 1, 930: 1, 931: 1, 932: 1, 933: 1, 934: 1, 935: 1, 936: 1, 937: 1, 938: 1, 939: 1, 94: 1, 940: 1, 941: 1, 942: 1, 943: 1, 944: 1, 945: 1, 946: 1, 947: 1, 948: 1, 949: 1, 95: 1, 950: 1, 951: 1, 952: 1, 953: 1, 954: 1, 955: 1, 956: 1, 957: 1, 958: 1, 959: 1, 96: 1, 960: 1, 961: 1, 962: 1, 963: 1, 964: 1, 965: 1, 966: 1, 967: 1, 968: 1, 969: 1, 97: 1, 970: 1, 971: 1, 972: 1, 973: 1, 974: 1, 975: 1, 976: 1, 977: 1, 978: 1, 979: 1, 98: 1, 980: 1, 981: 1, 982: 1, 983: 1, 984: 1, 985: 1, 986: 1, 987: 1, 988: 1, 989: 1, 99: 1, 990: 1, 991: 1, 992: 1, 993: 1, 994: 1, 995: 1, 996: 1, 997: 1, 998: 1, 999: 1}
Max score: 161.9825316193754
Compute cells: 6861
Game step:      [31771069it                 27573.6it/s ]
Done score:     [162.0it                    7.1s/it     ]
Compute steps:  [4010206it                  3480.4it/s  ]
Iterations:     [84% 422it/500              2.7s/it     ]
Cells:          [6861it                     6.0it/s     ]
Time (seconds): [ 3%  1152it/43200          1.0s/it     ]
Game step:      [31995445it                 27482.1it/s ]
Done score:     [162.0it                    7.2s/it     ]
Compute steps:  [4039052it                  3469.3it/s  ]
Iterations:     [85% 425it/500              2.7s/it     ]
Cells:          [6864it                     5.9it/s     ]
Time (seconds): [ 3%  1164it/43200          1.0s/it     ]
Game step:      [32301113it                 27425.7it/s ]
Done score:     [162.0it                    7.3s/it     ]
Compute steps:  [4076501it                  3461.2it/s  ]
Iterations:     [86% 429it/500              2.7s/it     ]
Cells:          [6866it                     5.8it/s     ]
Time (seconds): [ 3%  1177it/43200          1.0s/it     ]
Game step:      [32683859it                 27501.4it/s ]
Done score:     [162.0it                    7.3s/it     ]
Compute steps:  [4123762it                  3469.9it/s  ]
Iterations:     [87% 434it/500              2.7s/it     ]
Cells:          [6873it                     5.8it/s     ]
Time (seconds): [ 3%  1188it/43200          1.0s/it     ]
Game step:      [32914558it                 27430.6it/s ]
Done score:     [162.0it                    7.4s/it     ]
Compute steps:  [4151958it                  3460.2it/s  ]
Iterations:     [87% 437it/500              2.7s/it     ]
Cells:          [6876it                     5.7it/s     ]
Time (seconds): [ 3%  1200it/43200          1.0it/s     ]
Game step:      [33226633it                 27384.0it/s ]
Done score:     [162.0it                    7.5s/it     ]
Compute steps:  [4189065it                  3452.5it/s  ]
Iterations:     [88% 441it/500              2.8s/it     ]
Cells:          [6881it                     5.7it/s     ]
Time (seconds): [ 3%  1213it/43200          1.0s/it     ]
Game step:      [33603440it                 27457.4it/s ]
Done score:     [162.0it                    7.6s/it     ]
Compute steps:  [4236555it                  3461.7it/s  ]
Iterations:     [89% 446it/500              2.7s/it     ]
Cells:          [6884it                     5.6it/s     ]
Time (seconds): [ 3%  1224it/43200          1.0it/s     ]
Game step:      [33828401it                 27387.6it/s ]
Done score:     [162.0it                    7.6s/it     ]
Compute steps:  [4264926it                  3452.9it/s  ]
Iterations:     [90% 449it/500              2.8s/it     ]
Cells:          [6886it                     5.6it/s     ]
Time (seconds): [ 3%  1235it/43200          1.0s/it     ]
Game step:      [34055776it                 27319.3it/s ]
Done score:     [162.0it                    7.7s/it     ]
Compute steps:  [4293802it                  3444.5it/s  ]
Iterations:     [90% 452it/500              2.8s/it     ]
Cells:          [6890it                     5.5it/s     ]
Time (seconds): [ 3%  1246it/43200          1.0s/it     ]
Game step:      [34432446it                 27394.1it/s ]
Done score:     [162.0it                    7.8s/it     ]
Compute steps:  [4340395it                  3453.2it/s  ]
Iterations:     [91% 457it/500              2.8s/it     ]
Cells:          [6892it                     5.5it/s     ]
Time (seconds): [ 3%  1257it/43200          1.0it/s     ]
Game step:      [34659027it                 27328.0it/s ]
Done score:     [162.0it                    7.8s/it     ]
Compute steps:  [4368934it                  3444.8it/s  ]
Iterations:     [92% 460it/500              2.8s/it     ]
Cells:          [6895it                     5.4it/s     ]
Time (seconds): [ 3%  1268it/43200          1.0s/it     ]
Game step:      [34968033it                 27279.7it/s ]
Done score:     [162.0it                    7.9s/it     ]
Compute steps:  [4406345it                  3437.5it/s  ]
Iterations:     [93% 464it/500              2.8s/it     ]
Cells:          [6898it                     5.4it/s     ]
Time (seconds): [ 3%  1282it/43200          1.0it/s     ]
Game step:      [35350594it                 27241.2it/s ]
Done score:     [162.0it                    8.0s/it     ]
Compute steps:  [4453575it                  3431.9it/s  ]
Iterations:     [94% 469it/500              2.8s/it     ]
Cells:          [6905it                     5.3it/s     ]
Time (seconds): [ 3%  1297it/43200          1.0s/it     ]
Game step:      [35729431it                 27314.0it/s ]
Done score:     [162.0it                    8.1s/it     ]
Compute steps:  [4500708it                  3440.6it/s  ]
Iterations:     [95% 474it/500              2.8s/it     ]
Cells:          [6908it                     5.3it/s     ]
Time (seconds): [ 3%  1308it/43200          1.0s/it     ]
Game step:      [35953020it                 27244.6it/s ]
Done score:     [162.0it                    8.1s/it     ]
Compute steps:  [4529780it                  3432.6it/s  ]
Iterations:     [95% 477it/500              2.8s/it     ]
Cells:          [6910it                     5.2it/s     ]
Time (seconds): [ 3%  1319it/43200          1.0s/it     ]
Game step:      [36259494it                 27193.6it/s ]
Done score:     [162.0it                    8.2s/it     ]
Compute steps:  [4567765it                  3425.7it/s  ]
Iterations:     [96% 481it/500              2.8s/it     ]
Cells:          [6913it                     5.2it/s     ]
Time (seconds): [ 3%  1333it/43200          1.0s/it     ]
Game step:      [36640747it                 27262.6it/s ]
Done score:     [162.0it                    8.3s/it     ]
Compute steps:  [4615396it                  3434.1it/s  ]
Iterations:     [97% 486it/500              2.8s/it     ]
Cells:          [6920it                     5.1it/s     ]
Time (seconds): [ 3%  1344it/43200          1.0it/s     ]
Game step:      [36876413it                 27202.4it/s ]
Done score:     [162.0it                    8.4s/it     ]
Compute steps:  [4643651it                  3425.5it/s  ]
Iterations:     [98% 489it/500              2.8s/it     ]
Cells:          [6920it                     5.1it/s     ]
Time (seconds): [ 3%  1355it/43200          1.0s/it     ]
Game step:      [37105222it                 27139.2it/s ]
Done score:     [162.0it                    8.4s/it     ]
Compute steps:  [4672356it                  3417.4it/s  ]
Iterations:     [98% 492it/500              2.8s/it     ]
Cells:          [6922it                     5.1it/s     ]
Time (seconds): [ 3%  1367it/43200          1.0s/it     ]
Game step:      [37491230it                 27208.7it/s ]
Done score:     [162.0it                    8.5s/it     ]
Compute steps:  [4719001it                  3424.7it/s  ]
Iterations:     [99% 497it/500              2.8s/it     ]
Cells:          [6926it                     5.0it/s     ]
Time (seconds): [ 3%  1378it/43200          1.0it/s     ]
Max score:      [162.0it                    8.5s/it     ]
Game step:      [37721262it                 27146.6it/s ]
Done score:     [162.0it                    8.6s/it     ]
Compute steps:  [4747166it                  3416.4it/s  ]
Iterations:     [100% 500it/500             2.8s/it     ]
Cells:          [6926it                     5.0it/s     ]
Time (seconds): [ 3%  1389it/43200          1.0s/it     ]
Cells at score: {1: 1, 10: 1, 100: 1, 1000: 1, 1001: 1, 1002: 1, 1003: 1, 1004: 1, 1005: 1, 101: 1, 102: 1, 103: 1, 104: 1, 105: 1, 106: 1, 107: 1, 108: 1, 109: 1, 11: 1, 110: 1, 111: 1, 112: 1, 113: 1, 114: 1, 115: 1, 116: 1, 117: 1, 118: 1, 119: 1, 12: 1, 120: 1, 121: 1, 122: 1, 123: 1, 124: 1, 125: 1, 126: 1, 127: 1, 128: 1, 129: 1, 13: 1, 130: 1, 131: 1, 132: 1, 133: 1, 134: 1, 135: 1, 136: 1, 137: 1, 138: 1, 139: 1, 14: 1, 140: 1, 141: 1, 142: 1, 143: 1, 144: 1, 145: 1, 146: 1, 147: 1, 148: 1, 149: 1, 15: 1, 150: 1, 151: 1, 152: 1, 153: 1, 154: 1, 155: 1, 156: 1, 157: 1, 158: 1, 159: 1, 16: 1, 160: 1, 161: 1, 162: 1, 163: 1, 164: 1, 165: 1, 166: 1, 167: 1, 168: 1, 169: 1, 17: 1, 170: 1, 171: 1, 172: 1, 173: 1, 174: 1, 175: 1, 176: 1, 177: 1, 178: 1, 179: 1, 18: 1, 180: 1, 181: 1, 182: 1, 183: 1, 184: 1, 185: 1, 186: 1, 187: 1, 188: 1, 189: 1, 19: 1, 190: 1, 191: 1, 192: 1, 193: 1, 194: 1, 195: 1, 196: 1, 197: 1, 198: 1, 199: 1, 2: 1, 20: 1, 200: 1, 201: 1, 202: 1, 203: 1, 204: 1, 205: 1, 206: 1, 207: 1, 208: 1, 209: 1, 21: 1, 210: 1, 211: 1, 212: 1, 213: 1, 214: 1, 215: 1, 216: 1, 217: 1, 218: 1, 219: 1, 22: 1, 220: 1, 221: 1, 222: 1, 223: 1, 224: 1, 225: 1, 226: 1, 227: 1, 228: 1, 229: 1, 23: 1, 230: 1, 231: 1, 232: 1, 233: 1, 234: 1, 235: 1, 236: 1, 237: 1, 238: 1, 239: 1, 24: 1, 240: 1, 241: 1, 242: 1, 243: 1, 244: 1, 245: 1, 246: 1, 247: 1, 248: 1, 249: 1, 25: 1, 250: 1, 251: 1, 252: 1, 253: 1, 254: 1, 255: 1, 256: 1, 257: 1, 258: 1, 259: 1, 26: 1, 260: 1, 261: 1, 262: 1, 263: 1, 264: 1, 265: 1, 266: 1, 267: 1, 268: 1, 269: 1, 27: 1, 270: 1, 271: 1, 272: 1, 273: 1, 274: 1, 275: 1, 276: 1, 277: 1, 278: 1, 279: 1, 28: 1, 280: 1, 281: 1, 282: 1, 283: 1, 284: 1, 285: 1, 286: 1, 287: 1, 288: 1, 289: 1, 29: 1, 290: 1, 291: 1, 292: 1, 293: 1, 294: 1, 295: 1, 296: 1, 297: 1, 298: 1, 299: 1, 3: 1, 30: 1, 300: 1, 301: 1, 302: 1, 303: 1, 304: 1, 305: 1, 306: 1, 307: 1, 308: 1, 309: 1, 31: 1, 310: 1, 311: 1, 312: 1, 313: 1, 314: 1, 315: 1, 316: 1, 317: 1, 318: 1, 319: 1, 32: 1, 320: 1, 321: 1, 322: 1, 323: 1, 324: 1, 325: 1, 326: 1, 327: 1, 328: 1, 329: 1, 33: 1, 330: 1, 331: 1, 332: 1, 333: 1, 334: 1, 335: 1, 336: 1, 337: 1, 338: 1, 339: 1, 34: 1, 340: 1, 341: 1, 342: 1, 343: 1, 344: 1, 345: 1, 346: 1, 347: 1, 348: 1, 349: 1, 35: 1, 350: 1, 351: 1, 352: 1, 353: 1, 354: 1, 355: 1, 356: 1, 357: 1, 358: 1, 359: 1, 36: 1, 360: 1, 361: 1, 362: 1, 363: 1, 364: 1, 365: 1, 366: 1, 367: 1, 368: 1, 369: 1, 37: 1, 370: 1, 371: 1, 372: 1, 373: 1, 374: 1, 375: 1, 376: 1, 377: 1, 378: 1, 379: 1, 38: 1, 380: 1, 381: 1, 382: 1, 383: 1, 384: 1, 385: 1, 386: 1, 387: 1, 388: 1, 389: 1, 39: 1, 390: 1, 391: 1, 392: 1, 393: 1, 394: 1, 395: 1, 396: 1, 397: 1, 398: 1, 399: 1, 4: 1, 40: 1, 400: 1, 401: 1, 402: 1, 403: 1, 404: 1, 405: 1, 406: 1, 407: 1, 408: 1, 409: 1, 41: 1, 410: 1, 411: 1, 412: 1, 413: 1, 414: 1, 415: 1, 416: 1, 417: 1, 418: 1, 419: 1, 42: 1, 420: 1, 421: 1, 422: 1, 423: 1, 424: 1, 425: 1, 426: 1, 427: 1, 428: 1, 429: 1, 43: 1, 430: 1, 431: 1, 432: 1, 433: 1, 434: 1, 435: 1, 436: 1, 437: 1, 438: 1, 439: 1, 44: 1, 440: 1, 441: 1, 442: 1, 443: 1, 444: 1, 445: 1, 446: 1, 447: 1, 448: 1, 449: 1, 45: 1, 450: 1, 451: 1, 452: 1, 453: 1, 454: 1, 455: 1, 456: 1, 457: 1, 458: 1, 459: 1, 46: 1, 460: 1, 461: 1, 462: 1, 463: 1, 464: 1, 465: 1, 466: 1, 467: 1, 468: 1, 469: 1, 47: 1, 470: 1, 471: 1, 472: 1, 473: 1, 474: 1, 475: 1, 476: 1, 477: 1, 478: 1, 479: 1, 48: 1, 480: 1, 481: 1, 482: 1, 483: 1, 484: 1, 485: 1, 486: 1, 487: 1, 488: 1, 489: 1, 49: 1, 490: 1, 491: 1, 492: 1, 493: 1, 494: 1, 495: 1, 496: 1, 497: 1, 498: 1, 499: 1, 5: 1, 50: 1, 500: 1, 501: 1, 502: 1, 503: 1, 504: 1, 505: 1, 506: 1, 507: 1, 508: 1, 509: 1, 51: 1, 510: 1, 511: 1, 512: 1, 513: 1, 514: 1, 515: 1, 516: 1, 517: 1, 518: 1, 519: 1, 52: 1, 520: 1, 521: 1, 522: 1, 523: 1, 524: 1, 525: 1, 526: 1, 527: 1, 528: 1, 529: 1, 53: 1, 530: 1, 531: 1, 532: 1, 533: 1, 534: 1, 535: 1, 536: 1, 537: 1, 538: 1, 539: 1, 54: 1, 540: 1, 541: 1, 542: 1, 543: 1, 544: 1, 545: 1, 546: 1, 547: 1, 548: 1, 549: 1, 55: 1, 550: 1, 551: 1, 552: 1, 553: 1, 554: 1, 555: 1, 556: 1, 557: 1, 558: 1, 559: 1, 56: 1, 560: 1, 561: 1, 562: 1, 563: 1, 564: 1, 565: 1, 566: 1, 567: 1, 568: 1, 569: 1, 57: 1, 570: 1, 571: 1, 572: 1, 573: 1, 574: 1, 575: 1, 576: 1, 577: 1, 578: 1, 579: 1, 58: 1, 580: 1, 581: 1, 582: 1, 583: 1, 584: 1, 585: 1, 586: 1, 587: 1, 588: 1, 589: 1, 59: 1, 590: 1, 591: 1, 592: 1, 593: 1, 594: 1, 595: 1, 596: 1, 597: 1, 598: 1, 599: 1, 6: 1, 60: 1, 600: 1, 601: 1, 602: 1, 603: 1, 604: 1, 605: 1, 606: 1, 607: 1, 608: 1, 609: 1, 61: 1, 610: 1, 611: 1, 612: 1, 613: 1, 614: 1, 615: 1, 616: 1, 617: 1, 618: 1, 619: 1, 62: 1, 620: 1, 621: 1, 622: 1, 623: 1, 624: 1, 625: 1, 626: 1, 627: 1, 628: 1, 629: 1, 63: 1, 630: 1, 631: 1, 632: 1, 633: 1, 634: 1, 635: 1, 636: 1, 637: 1, 638: 1, 639: 1, 64: 1, 640: 1, 641: 1, 642: 1, 643: 1, 644: 1, 645: 1, 646: 1, 647: 1, 648: 1, 649: 1, 65: 1, 650: 1, 651: 1, 652: 1, 653: 1, 654: 1, 655: 1, 656: 1, 657: 1, 658: 1, 659: 1, 66: 1, 660: 1, 661: 1, 662: 1, 663: 1, 664: 1, 665: 1, 666: 1, 667: 1, 668: 1, 669: 1, 67: 1, 670: 1, 671: 1, 672: 1, 673: 1, 674: 1, 675: 1, 676: 1, 677: 1, 678: 1, 679: 1, 68: 1, 680: 1, 681: 1, 682: 1, 683: 1, 684: 1, 685: 1, 686: 1, 687: 1, 688: 1, 689: 1, 69: 1, 690: 1, 691: 1, 692: 1, 693: 1, 694: 1, 695: 1, 696: 1, 697: 1, 698: 1, 699: 1, 7: 1, 70: 1, 700: 1, 701: 1, 702: 1, 703: 1, 704: 1, 705: 1, 706: 1, 707: 1, 708: 1, 709: 1, 71: 1, 710: 1, 711: 1, 712: 1, 713: 1, 714: 1, 715: 1, 716: 1, 717: 1, 718: 1, 719: 1, 72: 1, 720: 1, 721: 1, 722: 1, 723: 1, 724: 1, 725: 1, 726: 1, 727: 1, 728: 1, 729: 1, 73: 1, 730: 1, 731: 1, 732: 1, 733: 1, 734: 1, 735: 1, 736: 1, 737: 1, 738: 1, 739: 1, 74: 1, 740: 1, 741: 1, 742: 1, 743: 1, 744: 1, 745: 1, 746: 1, 747: 1, 748: 1, 749: 1, 75: 1, 750: 1, 751: 1, 752: 1, 753: 1, 754: 1, 755: 1, 756: 1, 757: 1, 758: 1, 759: 1, 76: 1, 760: 1, 761: 1, 762: 1, 763: 1, 764: 1, 765: 1, 766: 1, 767: 1, 768: 1, 769: 1, 77: 1, 770: 1, 771: 1, 772: 1, 773: 1, 774: 1, 775: 1, 776: 1, 777: 1, 778: 1, 779: 1, 78: 1, 780: 1, 781: 1, 782: 1, 783: 1, 784: 1, 785: 1, 786: 1, 787: 1, 788: 1, 789: 1, 79: 1, 790: 1, 791: 1, 792: 1, 793: 1, 794: 1, 795: 1, 796: 1, 797: 1, 798: 1, 799: 1, 8: 1, 80: 1, 800: 1, 801: 1, 802: 1, 803: 1, 804: 1, 805: 1, 806: 1, 807: 1, 808: 1, 809: 1, 81: 1, 810: 1, 811: 1, 812: 1, 813: 1, 814: 1, 815: 1, 816: 1, 817: 1, 818: 1, 819: 1, 82: 1, 820: 1, 821: 1, 822: 1, 823: 1, 824: 1, 825: 1, 826: 1, 827: 1, 828: 1, 829: 1, 83: 1, 830: 1, 831: 1, 832: 1, 833: 1, 834: 1, 835: 1, 836: 1, 837: 1, 838: 1, 839: 1, 84: 1, 840: 1, 841: 1, 842: 1, 843: 1, 844: 1, 845: 1, 846: 1, 847: 1, 848: 1, 849: 1, 85: 1, 850: 1, 851: 1, 852: 1, 853: 1, 854: 1, 855: 1, 856: 1, 857: 1, 858: 1, 859: 1, 86: 1, 860: 1, 861: 1, 862: 1, 863: 1, 864: 1, 865: 1, 866: 1, 867: 1, 868: 1, 869: 1, 87: 1, 870: 1, 871: 1, 872: 1, 873: 1, 874: 1, 875: 1, 876: 1, 877: 1, 878: 1, 879: 1, 88: 1, 880: 1, 881: 1, 882: 1, 883: 1, 884: 1, 885: 1, 886: 1, 887: 1, 888: 1, 889: 1, 89: 1, 890: 1, 891: 1, 892: 1, 893: 1, 894: 1, 895: 1, 896: 1, 897: 1, 898: 1, 899: 1, 9: 1, 90: 1, 900: 1, 901: 1, 902: 1, 903: 1, 904: 1, 905: 1, 906: 1, 907: 1, 908: 1, 909: 1, 91: 1, 910: 1, 911: 1, 912: 1, 913: 1, 914: 1, 915: 1, 916: 1, 917: 1, 918: 1, 919: 1, 92: 1, 920: 1, 921: 1, 922: 1, 923: 1, 924: 1, 925: 1, 926: 1, 927: 1, 928: 1, 929: 1, 93: 1, 930: 1, 931: 1, 932: 1, 933: 1, 934: 1, 935: 1, 936: 1, 937: 1, 938: 1, 939: 1, 94: 1, 940: 1, 941: 1, 942: 1, 943: 1, 944: 1, 945: 1, 946: 1, 947: 1, 948: 1, 949: 1, 95: 1, 950: 1, 951: 1, 952: 1, 953: 1, 954: 1, 955: 1, 956: 1, 957: 1, 958: 1, 959: 1, 96: 1, 960: 1, 961: 1, 962: 1, 963: 1, 964: 1, 965: 1, 966: 1, 967: 1, 968: 1, 969: 1, 97: 1, 970: 1, 971: 1, 972: 1, 973: 1, 974: 1, 975: 1, 976: 1, 977: 1, 978: 1, 979: 1, 98: 1, 980: 1, 981: 1, 982: 1, 983: 1, 984: 1, 985: 1, 986: 1, 987: 1, 988: 1, 989: 1, 99: 1, 990: 1, 991: 1, 992: 1, 993: 1, 994: 1, 995: 1, 996: 1, 997: 1, 998: 1, 999: 1}
Max score: 162.02156802922337
Compute cells: 6926
Cells:          [6926it                     5.0it/s     ] DONE
Done score:     [162.0it                    8.6s/it     ] DONE
Max score:      [162.0it                    8.6s/it     ] DONE
Game step:      [37721262it                 27075.8it/s ] DONE
Compute steps:  [4747166it                  3407.5it/s  ] DONE
Iterations:     [100% 500it/500             2.8s/it     ] DONE
Time (seconds): [ 3%  1389it/43200          1.0s/it     ] DONE
